2026-10-05 21:02:21 before p3_landscape pop (3 share vectors): free 38%; swap 616.56M free; disk 27Gi avail -> OK
0 0.4 None None False 9.7e-02
25 12.5 22:+- True True 0.0e+00
50 23.6 31:+- False True 0.0e+00
75 35.5 31:+- True True 0.0e+00
100 47.7 31:+- False True 0.0e+00
125 59.4 31:+- False True 0.0e+00
150 72.1 4:+ False True 0.0e+00
175 83.2 31:+- False True 5.8e-07
sample pop s0 0.2225397 shares [0.1, 0.2, 0.3, 0.4] N 200 W 8000: accepted 170/200; release within 1e-3 of Newton 169; time 94.0 s
class 2: n 47 (near 47) type 31:+- unplaced lam 0.00971 windings {'(0, 0, 0, 0)': 47} perms 1 z [-1.7072, 1.6709, 1.6709, 1.6709, -1.4503, -1.692, -1.692, -1.692, 0.296]
class 0: n 26 (near 26) type 31:+- PLACED lam 0.0251 windings {'(0, 0, 0, 0)': 26} perms 1 z [1.754, 1.754, 1.754, -1.5884, -1.6627, -1.6627, -1.6627, -1.5053, 0.3199]
class 3: n 26 (near 25) type 31:+- unplaced lam 0.0196 windings {'(0, 0, 0, 0)': 26} perms 1 z [1.6994, -1.6681, 1.6994, 1.6994, -1.6791, -1.4637, -1.6791, -1.6791, 0.2997]
class 5: n 26 (near 26) type 31:+- unplaced lam 0.0292 windings {'(0, 0, 0, 0)': 26} perms 1 z [1.727, 1.727, -1.6285, 1.727, -1.6693, -1.6693, -1.482, -1.6693, 0.3077]
class 1: n 20 (near 20) type 4:+ unplaced lam 0.0335 windings {'(0, 0, 0, 0)': 20} perms 1 z [1.6417, 1.6417, 1.6417, 1.6417, -1.7081, -1.7081, -1.7081, -1.7081, 0.2964]
class 6: n 8 (near 8) type 22:+- unplaced lam 0.0176 windings {'(0, 0, 0, 0)': 8} perms 1 z [-1.6285, -1.6285, 1.727, 1.727, -1.482, -1.482, -1.6693, -1.6693, 0.3077]
class 7: n 5 (near 5) type 22:+- PLACED lam 0.027 windings {'(0, 0, 0, 0)': 5} perms 1 z [-1.5884, 1.754, -1.5884, 1.754, -1.5053, -1.6627, -1.5053, -1.6627, 0.3199]
class 11: n 5 (near 5) type 22:-+ PLACED lam 0.0257 windings {'(0, 0, 0, 0)': 5} perms 1 z [-1.5478, 1.7802, 1.7802, -1.5478, -1.5331, -1.6591, -1.6591, -1.5331, 0.3366]
class 8: n 2 (near 2) type 22:-+ PLACED lam 0.026 windings {'(0, 0, 0, 0)': 2} perms 1 z [1.8058, -1.5066, 1.8058, -1.5066, -1.6585, -1.5652, -1.6585, -1.5652, 0.3577]
class 9: n 2 (near 2) type 22:-+ unplaced lam 0.0162 windings {'(0, 0, 0, 0)': 2} perms 1 z [1.8306, 1.8306, -1.4651, -1.4651, -1.6605, -1.6605, -1.601, -1.601, 0.3832]
class 10: n 2 (near 2) type 22:+- PLACED lam 0.0257 windings {'(0, 0, 0, 0)': 2} perms 1 z [1.7802, -1.5478, -1.5478, 1.7802, -1.6591, -1.5331, -1.5331, -1.6591, 0.3366]
class 4: n 1 (near 1) type 31:-+ unplaced lam 0.027 windings {'(0, 0, 0, 0)': 1} perms 1 z [-1.4651, -1.4651, 1.8306, -1.4651, -1.601, -1.601, -1.6605, -1.601, 0.3832]
peak RSS GB 0.241
0 0.4 31:+- False True 0.0e+00
25 11.5 22:-+ True True 0.0e+00
50 22.8 None None False 2.6e-01
75 33.9 31:+- False True 0.0e+00
100 44.5 4:+ False True 0.0e+00
125 55.7 31:+- False True 0.0e+00
150 67.5 None None False 4.3e-01
175 78.3 None None False 4.5e-01
sample pop s0 0.2225397 shares [0.25, 0.25, 0.25, 0.25] N 200 W 8000: accepted 145/200; release within 1e-3 of Newton 145; time 88.4 s
class 0: n 114 (near 114) type 31:+- unplaced lam 0.024 windings {'(0, 0, 0, 0)': 114} perms 4 z [-1.6483, 1.7133, 1.7133, 1.7133, -1.4722, -1.6738, -1.6738, -1.6738, 0.3032]
class 3: n 21 (near 21) type 22:-+ PLACED lam 0.0233 windings {'(0, 0, 0, 0)': 21} perms 6 z [-1.5478, -1.5478, 1.7802, 1.7802, -1.5331, -1.5331, -1.6591, -1.6591, 0.3366]
class 2: n 9 (near 9) type 4:+ unplaced lam 0.0254 windings {'(0, 0, 0, 0)': 9} perms 1 z [1.6417, 1.6417, 1.6417, 1.6417, -1.7081, -1.7081, -1.7081, -1.7081, 0.2964]
class 1: n 1 (near 1) type 31:-+ unplaced lam 0.0221 windings {'(0, 0, 0, 0)': 1} perms 1 z [-1.4443, -1.4443, -1.4443, 1.8427, -1.62, -1.62, -1.62, -1.6625, 0.3975]
peak RSS GB 0.241
0 0.5 None None False 1.3e-02
25 14.3 22:-+ True True 0.0e+00
50 26.4 31:+- False True 0.0e+00
75 39.6 31:+- True True 0.0e+00
100 53.3 31:+- False True 0.0e+00
125 66.3 31:+- False True 0.0e+00
150 80.2 4:+ False True 0.0e+00
175 93.1 None None False 7.9e-03
sample pop s0 0.2225397 shares [0.1, 0.1, 0.4, 0.4] N 200 W 8000: accepted 157/200; release within 1e-3 of Newton 156; time 104.8 s
class 2: n 62 (near 61) type 31:+- unplaced lam 0.00971 windings {'(0, 0, 0, 0)': 62} perms 2 z [-1.7072, 1.6709, 1.6709, 1.6709, -1.4503, -1.692, -1.692, -1.692, 0.296]
class 0: n 48 (near 48) type 31:+- PLACED lam 0.0353 windings {'(0, 0, 0, 0)': 48} perms 2 z [1.754, 1.754, -1.5884, 1.754, -1.6627, -1.6627, -1.5053, -1.6627, 0.3199]
class 1: n 21 (near 21) type 4:+ unplaced lam 0.0383 windings {'(0, 0, 0, 0)': 21} perms 1 z [1.6417, 1.6417, 1.6417, 1.6417, -1.7081, -1.7081, -1.7081, -1.7081, 0.2964]
class 5: n 14 (near 14) type 22:-+ PLACED lam 0.0354 windings {'(0, 0, 0, 0)': 14} perms 4 z [-1.5478, 1.7802, -1.5478, 1.7802, -1.5331, -1.6591, -1.5331, -1.6591, 0.3366]
class 4: n 9 (near 9) type 22:+- unplaced lam 0.00981 windings {'(0, 0, 0, 0)': 9} perms 1 z [-1.6681, -1.6681, 1.6994, 1.6994, -1.4637, -1.4637, -1.6791, -1.6791, 0.2997]
class 6: n 2 (near 2) type 22:-+ unplaced lam 0.00871 windings {'(0, 0, 0, 0)': 2} perms 1 z [1.8546, 1.8546, -1.4234, -1.4234, -1.6649, -1.6649, -1.6397, -1.6397, 0.4129]
class 3: n 1 (near 1) type 31:-+ PLACED lam 0.0338 windings {'(0, 0, 0, 0)': 1} perms 1 z [-1.5066, -1.5066, -1.5066, 1.8058, -1.5652, -1.5652, -1.5652, -1.6585, 0.3577]
peak RSS GB 0.241
