2026-10-05 21:09:14 before p3_landscape pop (wide box; s0 0.35): free 35%; swap 920.56M free; disk 27Gi avail -> OK
0 0.8 211:-++ True True 0.0e+00
25 12.5 31:-+ False True 0.0e+00
50 23.6 31:++ False True 0.0e+00
75 35.9 31:+- False True 0.0e+00
100 48.9 22:+- True True 0.0e+00
125 61.2 22:-+ True True 0.0e+00
sample pop s0 0.2225397 shares [0.1, 0.2, 0.3, 0.4] N 150 W 8000: accepted 127/150; release within 1e-3 of Newton 125; time 73.1 s
class 12: n 10 (near 10) type 31:+- unplaced lam 0.0292 windings {'(0, 0, 0, 0)': 7, '(0, 1, 0, 0)': 1, '(0, 0, 0, 1)': 1, '(0, 0, 1, 1)': 1} perms 1 z [1.727, 1.727, -1.6285, 1.727, -1.6693, -1.6693, -1.482, -1.6693, 0.3077]
class 7: n 9 (near 9) type 22:-+ PLACED lam 0.026 windings {'(0, 0, 0, 0)': 7, '(0, 0, 1, 0)': 1, '(1, 0, 1, 1)': 1} perms 1 z [1.8058, -1.5066, 1.8058, -1.5066, -1.6585, -1.5652, -1.6585, -1.5652, 0.3577]
class 2: n 6 (near 6) type 31:+- unplaced lam 0.0196 windings {'(0, 0, 0, 0)': 5, '(0, 0, 1, 1)': 1} perms 1 z [1.6994, -1.6681, 1.6994, 1.6994, -1.6791, -1.4637, -1.6791, -1.6791, 0.2997]
class 6: n 6 (near 6) type 22:+- unplaced lam 0.0176 windings {'(0, 0, 0, 0)': 1, '(1, 0, 0, 0)': 3, '(0, 1, 0, 0)': 1, '(0, 0, 0, 1)': 1} perms 1 z [-1.6285, -1.6285, 1.727, 1.727, -1.482, -1.482, -1.6693, -1.6693, 0.3077]
class 23: n 6 (near 6) type 31:+- unplaced lam 0.00971 windings {'(0, 0, 0, 0)': 3, '(1, 1, 1, 0)': 1, '(0, 1, 0, 0)': 1, '(0, 0, 1, 0)': 1} perms 1 z [-1.7072, 1.6709, 1.6709, 1.6709, -1.4503, -1.692, -1.692, -1.692, 0.296]
class 3: n 5 (near 5) type 31:+- PLACED lam 0.0251 windings {'(0, 0, 0, 0)': 4, '(0, 1, 0, 0)': 1} perms 1 z [1.754, 1.754, 1.754, -1.5884, -1.6627, -1.6627, -1.6627, -1.5053, 0.3199]
class 4: n 5 (near 5) type 31:-+ unplaced lam 0.027 windings {'(0, 0, 1, 0)': 1, '(0, 1, 0, 0)': 2, '(0, 0, 0, 0)': 2} perms 1 z [-1.4651, -1.4651, 1.8306, -1.4651, -1.601, -1.601, -1.6605, -1.601, 0.3832]
class 19: n 5 (near 5) type 22:-+ unplaced lam 0.0162 windings {'(1, 0, 0, 0)': 2, '(0, 0, 0, 0)': 2, '(0, 0, 1, 1)': 1} perms 1 z [1.8306, 1.8306, -1.4651, -1.4651, -1.6605, -1.6605, -1.601, -1.601, 0.3832]
class 31: n 5 (near 5) type 31:-+ unplaced lam 0.00838 windings {'(0, 0, 0, 0)': 2, '(0, 0, 1, 0)': 1, '(0, 0, 0, 1)': 2} perms 1 z [1.8777, -1.3817, -1.3817, -1.3817, -1.6713, -1.6807, -1.6807, -1.6807, 0.4466]
class 9: n 4 (near 4) type 4:- unplaced lam 0.0287 windings {'(1, 0, 0, 0)': 1, '(0, 0, 0, 0)': 2, '(0, 1, 0, 0)': 1} perms 1 z [-1.3404, -1.3404, -1.3404, -1.3404, -1.7232, -1.7232, -1.7232, -1.7232, 0.4838]
class 10: n 4 (near 4) type 211:+-+ unplaced lam 0.00448 windings {'(0, 0, 1, 1)': 1, '(0, 0, 0, 0)': 3} perms 1 z [1.6946, 3.8254, -1.6742, 1.6946, -1.6849, 1.3908, -1.4573, -1.6849, 0.1449]
class 14: n 4 (near 4) type 22:+- PLACED lam 0.027 windings {'(1, 0, 0, 0)': 1, '(0, 0, 0, 0)': 3} perms 1 z [-1.5884, 1.754, -1.5884, 1.754, -1.5053, -1.6627, -1.5053, -1.6627, 0.3199]
class 18: n 4 (near 4) type 22:+- PLACED lam 0.0257 windings {'(0, 0, 1, 0)': 1, '(0, 0, 0, 1)': 1, '(0, 0, 0, 0)': 2} perms 1 z [1.7802, -1.5478, -1.5478, 1.7802, -1.6591, -1.5331, -1.5331, -1.6591, 0.3366]
class 20: n 4 (near 4) type 22:-+ PLACED lam 0.0257 windings {'(0, 0, 0, 1)': 1, '(0, 0, 0, 0)': 2, '(0, 1, 0, 0)': 1} perms 1 z [-1.5478, 1.7802, 1.7802, -1.5478, -1.5331, -1.6591, -1.6591, -1.5331, 0.3366]
class 0: n 3 (near 3) type 211:-++ PLACED lam 0.0048 windings {'(0, 0, 0, 0)': 2, '(1, 0, 0, 1)': 1} perms 1 z [1.7557, -1.5844, 3.9909, -1.5844, -1.6683, -1.502, 1.3874, -1.502, 0.1031]
class 13: n 3 (near 3) type 31:-+ PLACED lam 0.0241 windings {'(1, 0, 0, 0)': 1, '(0, 0, 0, 1)': 1, '(0, 0, 0, 0)': 1} perms 1 z [-1.5066, -1.5066, -1.5066, 1.8058, -1.5652, -1.5652, -1.5652, -1.6585, 0.3577]
class 17: n 3 (near 3) type 121:+-- unplaced lam 0.00734 windings {'(0, 0, 0, 0)': 3} perms 1 z [-1.4283, -1.4283, -3.4003, 1.8566, -1.6338, -1.6338, 2.0704, -1.6692, 0.1237]
class 5: n 2 (near 2) type 211:++- unplaced lam 0.00162 windings {'(0, 0, 0, 0)': 1, '(0, 0, 0, 1)': 1} perms 1 z [-3.9428, 3.7516, 1.6591, 1.6591, 1.5892, 1.3817, -1.7038, -1.7038, 0.0698]
class 29: n 2 (near 2) type 211:-++ unplaced lam 0.00613 windings {'(0, 0, 0, 0)': 2} perms 1 z [-1.6212, 1.7314, 3.907, -1.6212, -1.4801, -1.6739, 1.38, -1.4801, 0.0861]
class 36: n 2 (near 2) type 31:-+ unplaced lam 0.0174 windings {'(0, 0, 1, 0)': 1, '(0, 0, 0, 0)': 1} perms 1 z [-1.4234, 1.8546, -1.4234, -1.4234, -1.6397, -1.6649, -1.6397, -1.6397, 0.4129]
class 39: n 2 (near 2) type 121:+-+ unplaced lam 0.00939 windings {'(1, 0, 0, 0)': 1, '(1, 0, 1, 0)': 1} perms 1 z [-1.6797, 1.6906, -1.6797, 3.8054, -1.4514, -1.6905, -1.4514, 1.3804, -0.0111]
class 44: n 2 (near 2) type 211:+-+ unplaced lam 0.00222 windings {'(0, 0, 0, 0)': 2} perms 1 z [3.8086, -1.6905, 1.683, 1.683, 1.3986, -1.4534, -1.6882, -1.6882, 0.2193]
class 1: n 1 (near 1) type 211:-++ PLACED lam 0.00111 windings {'(0, 0, 1, 0)': 1} perms 1 z [4.0514, -1.5741, -1.5741, 1.7628, 1.4202, -1.5125, -1.5125, -1.6631, 0.2529]
class 8: n 1 (near 1) type 121:+-- unplaced lam 0.00437 windings {'(0, 0, 0, 0)': 1} perms 1 z [-3.4003, -3.4003, -1.4283, 1.8566, 2.0704, 2.0704, -1.6338, -1.6692, 0.1237]
class 11: n 1 (near 1) type 1111:++-- unplaced lam 0.00436 windings {'(0, 0, 0, 0)': 1} perms 1 z [-1.6683, -3.7318, 1.6994, 3.8151, -1.4523, 1.8367, -1.6906, 1.3763, -0.1613]
class 15: n 1 (near 1) type 31:++ unplaced lam 0.0022 windings {'(0, 0, 0, 0)': 1} perms 1 z [3.7158, 1.625, 1.625, 1.625, 1.4035, -1.7203, -1.7203, -1.7203, 0.2169]
class 16: n 1 (near 1) type 31:+- unplaced lam 0.00539 windings {'(0, 0, 0, 0)': 1} perms 1 z [1.7353, -3.6468, 1.7353, 1.7353, -1.6709, 1.9206, -1.6709, -1.6709, 0.1481]
class 21: n 1 (near 1) type 121:-++ unplaced lam 0.00418 windings {'(0, 0, 0, 0)': 1} perms 1 z [1.7212, 3.8865, 1.7212, -1.6363, -1.675, 1.3869, -1.675, -1.4741, 0.1554]
class 22: n 1 (near 1) type 211:+-- PLACED lam 0.00264 windings {'(0, 0, 0, 0)': 1} perms 1 z [-3.56, 1.7712, -1.5636, 1.7712, 2.0002, -1.6619, -1.5206, -1.6619, 0.2439]
class 24: n 1 (near 0) type 211:-++ unplaced lam 0.00103 windings {'(0, 0, 0, 0)': 1} perms 1 z [14.1623, 1.7361, -1.619, -1.619, 1.6366, -1.6669, -1.4882, -1.4882, 0.2281]
class 25: n 1 (near 1) type 22:-- unplaced lam 0.00371 windings {'(0, 1, 0, 1)': 1} perms 1 z [-3.2313, -1.2226, -3.2313, -1.2226, 1.9308, -1.8529, 1.9308, -1.8529, 0.1782]
class 26: n 1 (near 1) type 121:-+- unplaced lam 0.00954 windings {'(0, 1, 0, 0)': 1} perms 1 z [1.8739, -1.4005, 1.8739, -3.3732, -1.6745, -1.6609, -1.6745, 2.0649, 0.0431]
class 27: n 1 (near 1) type 22:-+ unplaced lam 0.00633 windings {'(0, 0, 0, 0)': 1} perms 1 z [-1.6642, 3.8222, 3.8222, -1.6642, -1.4557, 1.373, 1.373, -1.4557, -0.0828]
class 28: n 1 (near 1) type 121:--+ unplaced lam 0.00542 windings {'(0, 1, 0, 0)': 1} perms 1 z [-3.3013, 1.9226, -3.3013, -1.3101, 2.0274, -1.6911, 2.0274, -1.7555, 0.1015]
class 30: n 1 (near 1) type 31:++ unplaced lam 0.00862 windings {'(0, 0, 0, 0)': 1} perms 1 z [1.5754, 1.5754, 1.5754, 3.6379, -1.7607, -1.7607, -1.7607, 1.3786, -0.0268]
class 32: n 1 (near 1) type 121:+-+ unplaced lam 0.00418 windings {'(1, 0, 0, 0)': 1} perms 1 z [-1.6363, 3.8865, -1.6363, 1.7212, -1.4741, 1.3869, -1.4741, -1.675, 0.1554]
class 33: n 1 (near 1) type 211:++- unplaced lam 0.00454 windings {'(0, 0, 0, 0)': 1} perms 1 z [-1.7499, 3.7287, 1.6382, 1.6382, -1.4371, 1.3974, -1.714, -1.714, 0.1355]
class 34: n 1 (near 1) type 211:-++ unplaced lam 0.00139 windings {'(0, 0, 0, 1)': 1} perms 1 z [1.7595, 6.7272, -1.5901, -1.5901, -1.6603, 0.2173, -1.5085, -1.5085, 0.2335]
class 35: n 1 (near 1) type 121:++- unplaced lam 0.00953 windings {'(0, 0, 0, 0)': 1} perms 1 z [1.6635, 1.6635, -1.7165, 3.7569, -1.7036, -1.7036, -1.4398, 1.3844, -0.0206]
class 37: n 1 (near 1) type 211:++- unplaced lam 0.00684 windings {'(0, 0, 0, 1)': 1} perms 1 z [-1.7704, 1.6221, 3.7006, 1.6221, -1.4326, -1.726, 1.3914, -1.726, 0.054]
class 38: n 1 (near 1) type 121:-+- unplaced lam 0.00497 windings {'(0, 0, 0, 1)': 1} perms 1 z [1.8395, -3.4282, 1.8395, -1.4551, -1.6648, 2.0702, -1.6648, -1.609, 0.2031]
class 40: n 1 (near 1) type 121:-++ unplaced lam 0.00673 windings {'(0, 0, 0, 0)': 1} perms 1 z [1.7057, 1.7057, 3.8429, -1.6584, -1.6824, -1.6824, 1.3831, -1.4618, 0.0725]
class 41: n 1 (near 1) type 211:+-+ unplaced lam 0.00211 windings {'(0, 0, 0, 0)': 1} perms 1 z [3.867, 1.7105, -1.6519, 1.7105, 1.3943, -1.6767, -1.4686, -1.6767, 0.2266]
class 42: n 1 (near 1) type 211:+-- PLACED lam 0.00263 windings {'(0, 1, 0, 1)': 1} perms 1 z [-3.6243, -1.6035, 1.7447, 1.7447, 1.9437, -1.4945, -1.6666, -1.6666, 0.2324]
class 43: n 1 (near 1) type 211:-+- unplaced lam 0.00225 windings {'(0, 0, 0, 0)': 1} perms 1 z [-3.378, 1.8712, -1.3965, -1.3965, 2.0764, -1.6705, -1.6656, -1.6656, 0.3366]
class 45: n 1 (near 1) type 31:++ unplaced lam 0.00439 windings {'(0, 0, 0, 0)': 1} perms 1 z [1.6085, 3.6883, 1.6085, 1.6085, -1.7331, 1.3965, -1.7331, -1.7331, 0.1365]
class 46: n 1 (near 1) type 211:++- unplaced lam 0.00911 windings {'(0, 0, 0, 0)': 1} perms 1 z [-1.7906, 1.6059, 1.6059, 3.6743, -1.4293, -1.7387, -1.7387, 1.3844, -0.0284]
class 47: n 1 (near 1) type 121:--+ unplaced lam 0.00879 windings {'(0, 0, 1, 0)': 1} perms 1 z [-1.3553, -1.3553, 1.8987, -3.3363, -1.7072, -1.7072, -1.682, 2.0522, 0.0699]
class 48: n 1 (near 1) type 121:-++ unplaced lam 0.004 windings {'(0, 0, 0, 0)': 1} perms 1 z [3.8429, 3.8429, 1.7057, -1.6584, 1.3831, 1.3831, -1.6824, -1.4618, 0.0725]
class 49: n 1 (near 1) type 1111:++-- unplaced lam 0.0046 windings {'(0, 0, 0, 0)': 1} perms 1 z [-1.6481, -3.6873, 3.8563, 1.714, -1.4632, 1.8879, 1.3862, -1.6833, -0.0826]
class 50: n 1 (near 1) type 31:-+ unplaced lam 0.00366 windings {'(0, 0, 0, 1)': 1} perms 1 z [-1.5977, -1.5977, 5.2028, -1.5977, -1.5111, -1.5111, 2.4051, -1.5111, 0.0512]
class 51: n 1 (near 0) type 1111:-+-+ unplaced lam 0.000725 windings {'(0, 0, 0, 0)': 1} perms 1 z [14.2836, -3.6327, 1.7432, -1.6107, 1.6037, 1.9337, -1.669, -1.49, 0.0681]
class 52: n 1 (near 1) type 211:+-- PLACED lam 0.00806 windings {'(0, 0, 0, 0)': 1} perms 1 z [-1.514, 1.8054, -3.4883, 1.8054, -1.5568, -1.6635, 2.0438, -1.6635, 0.0858]
peak RSS GB 0.241
0 0.4 None None False 9.3e-01
25 12.6 31:+- False True 0.0e+00
50 25.9 22:+- False True 0.0e+00
75 39.6 31:+- False True 0.0e+00
100 51.5 31:+- False True 4.4e-08
125 63.9 31:+- False True 0.0e+00
sample pop s0 0.35 shares [0.1, 0.2, 0.3, 0.4] N 150 W 8000: accepted 135/150; release within 1e-3 of Newton 133; time 76.5 s
class 1: n 34 (near 33) type 22:+- unplaced lam 0.0258 windings {'(0, 0, 0, 0)': 34} perms 1 z [-1.6791, -1.6791, 1.6915, 1.6915, -1.4623, -1.4623, -1.6795, -1.6795, 0.4913]
class 2: n 28 (near 28) type 31:+- PLACED lam 0.037 windings {'(0, 0, 0, 0)': 28} perms 1 z [1.7346, 1.7346, 1.7346, -1.6177, -1.6647, -1.6647, -1.6647, -1.4901, 0.5033]
class 0: n 27 (near 27) type 31:+- unplaced lam 0.0421 windings {'(0, 0, 0, 0)': 27} perms 1 z [1.6915, 1.6915, -1.6791, 1.6915, -1.6795, -1.6795, -1.4623, -1.6795, 0.4913]
class 4: n 17 (near 16) type 31:+- unplaced lam 0.0281 windings {'(0, 0, 0, 0)': 17} perms 1 z [1.6464, -1.7395, 1.6464, 1.6464, -1.7021, -1.4465, -1.7021, -1.7021, 0.4923]
class 3: n 16 (near 16) type 22:+- PLACED lam 0.0396 windings {'(0, 0, 0, 0)': 16} perms 1 z [-1.6177, 1.7346, -1.6177, 1.7346, -1.4901, -1.6647, -1.4901, -1.6647, 0.5033]
class 9: n 5 (near 5) type 22:+- PLACED lam 0.0379 windings {'(0, 0, 0, 0)': 5} perms 1 z [1.7757, -1.5553, -1.5553, 1.7757, -1.6576, -1.5293, -1.5293, -1.6576, 0.5283]
class 7: n 3 (near 3) type 31:+- unplaced lam 0.0134 windings {'(0, 0, 0, 0)': 3} perms 1 z [-1.799, 1.5993, 1.5993, 1.5993, -1.4425, -1.7319, -1.7319, -1.7319, 0.5053]
class 8: n 2 (near 2) type 22:-+ PLACED lam 0.0378 windings {'(0, 0, 0, 0)': 2} perms 1 z [-1.5553, 1.7757, 1.7757, -1.5553, -1.5293, -1.6576, -1.6576, -1.5293, 0.5283]
class 5: n 1 (near 1) type 31:-+ PLACED lam 0.0356 windings {'(0, 0, 0, 0)': 1} perms 1 z [-1.4922, -1.4922, -1.4922, 1.8148, -1.5784, -1.5784, -1.5784, -1.6575, 0.5661]
class 6: n 1 (near 1) type 22:-+ PLACED lam 0.0378 windings {'(0, 0, 0, 0)': 1} perms 1 z [1.8148, -1.4922, 1.8148, -1.4922, -1.6575, -1.5784, -1.6575, -1.5784, 0.5661]
class 10: n 1 (near 1) type 22:-+ unplaced lam 0.0233 windings {'(0, 0, 0, 0)': 1} perms 1 z [1.8516, 1.8516, -1.429, -1.429, -1.6633, -1.6633, -1.6349, -1.6349, 0.6159]
peak RSS GB 0.242
0 0.4 4:+ False True 0.0e+00
25 10.9 4:+ False True 0.0e+00
50 22.8 31:+- False True 0.0e+00
75 33.3 4:+ False True 0.0e+00
100 44.2 31:+- False True 0.0e+00
125 55.3 4:+ False True 0.0e+00
sample pop s0 0.11127 shares [0.1, 0.2, 0.3, 0.4] N 150 W 8000: accepted 150/150; release within 1e-3 of Newton 150; time 65.9 s
class 0: n 66 (near 66) type 4:+ unplaced lam 0.0176 windings {'(0, 0, 0, 0)': 66} perms 1 z [1.7172, 1.7172, 1.7172, 1.7172, -1.6747, -1.6747, -1.6747, -1.6747, 0.1358]
class 4: n 20 (near 20) type 31:+- unplaced lam 0.00513 windings {'(0, 0, 0, 0)': 20} perms 1 z [-1.6227, 1.7309, 1.7309, 1.7309, -1.4832, -1.6703, -1.6703, -1.6703, 0.1407]
class 2: n 16 (near 16) type 31:+- unplaced lam 0.0102 windings {'(0, 0, 0, 0)': 16} perms 1 z [1.7444, -1.6025, 1.7444, 1.7444, -1.6667, -1.4948, -1.6667, -1.6667, 0.1463]
class 5: n 16 (near 16) type 31:+- PLACED lam 0.0131 windings {'(0, 0, 0, 0)': 16} perms 1 z [1.7712, 1.7712, 1.7712, -1.5616, -1.6617, -1.6617, -1.6617, -1.5217, 0.1603]
class 8: n 10 (near 10) type 31:+- unplaced lam 0.0152 windings {'(0, 0, 0, 0)': 10} perms 1 z [1.7579, 1.7579, -1.5821, 1.7579, -1.6638, -1.6638, -1.5077, -1.6638, 0.1529]
class 6: n 7 (near 7) type 22:+- unplaced lam 0.00911 windings {'(0, 0, 0, 0)': 7} perms 1 z [-1.5821, -1.5821, 1.7579, 1.7579, -1.5077, -1.5077, -1.6638, -1.6638, 0.1529]
class 1: n 5 (near 5) type 22:-+ PLACED lam 0.0135 windings {'(0, 0, 0, 0)': 5} perms 1 z [-1.5409, 1.7843, 1.7843, -1.5409, -1.537, -1.6604, -1.6604, -1.537, 0.1686]
class 9: n 4 (near 4) type 22:-+ unplaced lam 0.00876 windings {'(0, 0, 0, 0)': 4} perms 1 z [1.8102, 1.8102, -1.4989, -1.4989, -1.6599, -1.6599, -1.5707, -1.5707, 0.188]
class 3: n 2 (near 2) type 22:+- PLACED lam 0.0134 windings {'(0, 0, 0, 0)': 2} perms 1 z [1.7843, -1.5409, -1.5409, 1.7843, -1.6604, -1.537, -1.537, -1.6604, 0.1686]
class 11: n 2 (near 2) type 22:-+ PLACED lam 0.0138 windings {'(0, 0, 0, 0)': 2} perms 1 z [1.7973, -1.52, 1.7973, -1.52, -1.6598, -1.5533, -1.6598, -1.5533, 0.1779]
class 7: n 1 (near 1) type 4:- unplaced lam 0.0154 windings {'(0, 0, 0, 0)': 1} perms 1 z [-1.4348, -1.4348, -1.4348, -1.4348, -1.6284, -1.6284, -1.6284, -1.6284, 0.2241]
class 10: n 1 (near 1) type 22:+- PLACED lam 0.014 windings {'(0, 0, 0, 0)': 1} perms 1 z [-1.5616, 1.7712, -1.5616, 1.7712, -1.5217, -1.6617, -1.5217, -1.6617, 0.1603]
peak RSS GB 0.241
