2026-10-05 20:59:11 before p3_spop4 (K=4 bisect): free 32%; swap 687.31M free; disk 27Gi avail -> OK
s=0.367423 [5.0 s] status unplaced loss 0.5140420196 gmax 4.9e-10 type 31:+- shares [0.491, 0.299, 0.153, 0.056] G [-0.09073,-0.09073] hits 130/200 | next: 1.86e-09 211:+-+ G -0.0907; 5.11e-09 1111:+--+ G -0.0907; 2.11e-08 1111:+--- G -0.0907 
s=0.406621 [11.2 s] status unplaced loss 0.4986300582 gmax 1.5e-09 type 31:+- shares [0.144, 0.306, 0.23, 0.32] G [-0.03843,-0.03843] hits 131/200 | next: 1.22e-09 1111:+-++ G -0.0384; 9.13e-08 1111:+-++ G -0.0384; 1.05e-07 1111:+-+- G -0.0384 
s=0.427761 [15.6 s] status unplaced loss 0.4904787695 gmax 1.0e-09 type 31:+- shares [0.185, 0.33, 0.091, 0.393] G [-0.0126,-0.0126] hits 133/200 | next: 1.53e-09 1111:+-+- G -0.0126; 3.85e-09 1111:+--+ G -0.0126; 1.37e-07 1111:+--- G -0.0126 
s=0.43874 [20.0 s] status placed loss 0.4862897371 gmax 2.0e-09 type 13:+- shares [0.092, 0.665, 0.092, 0.151] G [0.0007522,0.0007522] hits 142/200 | next: 1.17e-09 1111:+-+- G 0.000752; 3.31e-09 1111:+-++ G 0.000753; 2.05e-08 1111:+--- G 0.000782 
s=0.433215 [26.3 s] status unplaced loss 0.4883937559 gmax 9.5e-10 type 22:+- shares [0.055, 0.654, 0.278, 0.014] G [-0.005964,-0.005964] hits 146/200 | next: 1.01e-09 1111:+-++ G -0.00596; 2.87e-09 1111:+-++ G -0.00596; 5.50e-09 1111:+--+ G -0.00596 
s=0.435969 [31.2 s] status unplaced loss 0.4873441259 gmax 1.7e-09 type 22:+- shares [0.074, 0.26, 0.379, 0.287] G [-0.002615,-0.002615] hits 140/200 | next: 1.13e-09 1111:+-+- G -0.00262; 5.51e-09 1111:+-++ G -0.00262; 5.89e-03 1111:+-++ G -0.104 
s=0.437352 [37.6 s] status unplaced loss 0.4868175268 gmax 1.0e-09 type 31:+- shares [0.334, 0.005, 0.656, 0.004] G [-0.0009339,-0.0009339] hits 131/200 | next: 1.01e-09 1111:+--- G -0.000946; 3.69e-09 1111:+-+- G -0.000934; 8.13e-09 1111:+-+- G -0.000934 
s=0.438045 [41.5 s] status unplaced loss 0.4865537808 gmax 7.6e-10 type 13:+- shares [0.665, 0.057, 0.27, 0.007] G [-9.143e-05,-9.143e-05] hits 129/200 | next: 1.58e-09 1111:+--- G -9.14e-05; 1.28e-08 1111:+-++ G -9.13e-05; 1.46e-08 1111:+--- G -9.43e-05 
s=0.438392 [45.8 s] status placed loss 0.4864217962 gmax 8.4e-10 type 22:+- shares [0.613, 0.117, 0.217, 0.052] G [0.0003303,0.0003303] hits 135/200 | next: 8.17e-09 1111:+--- G 0.000332; 4.90e-03 1111:+--- G 0.00504; 5.45e-03 1111:+-+- G -0.0938 
bracket [0.438045, 0.438392]  geometric mean 0.438219
peak RSS GB 0.234
K=2 reference at the same scales:
s=0.2 [0.8 s] status unplaced loss 0.5842951897 gmax 2.8e-09 type 11:+- shares [0.112, 0.888] G [-0.403,-0.403] hits 24/100 | next: 9.66e-04 11:+- G -0.585; 9.66e-04 11:+- G -0.585; 9.66e-04 11:+- G -0.585 
s=0.3 [1.9 s] status unplaced loss 0.5414661524 gmax 1.5e-09 type 11:+- shares [0.751, 0.249] G [-0.2153,-0.2153] hits 34/100 | next: 8.16e-03 11:+- G -0.56; 8.56e-03 11:+- G -0.594; 9.92e-03 11:+- G -0.773 
s=0.437 [2.8 s] status unplaced loss 0.4869514834 gmax 6.4e-10 type 11:+- shares [0.334, 0.666] G [-0.001362,-0.001362] hits 35/100 | next: 9.94e-03 11:-+ G 0.034; 1.15e-02 11:+- G -0.234; 1.22e-02 11:-+ G -0.0108 
s=0.4532 [3.8 s] status placed loss 0.4808181037 gmax 4.9e-10 type 11:+- shares [0.341, 0.659] G [0.01829,0.01829] hits 41/100 | next: 8.50e-03 11:+- G -0.0835; 1.02e-02 11:+- G -0.171; 1.97e-02 11:+- G -0.363 
s=0.7 [4.5 s] status placed loss 0.3952662038 gmax 9.9e-10 type 11:+- shares [0.402, 0.598] G [0.3085,0.3085] hits 46/100 | next: 8.61e-03 11:-+ G 0.309; 1.35e-02 11:+- G 0.226; 1.64e-02 11:+- G 0.0812 
s=1.5 [5.0 s] status placed loss 0.2053582916 gmax 6.7e-10 type 11:+- shares [0.543, 0.457] G [1.158,1.158] hits 58/100 | next: 1.13e-02 11:+- G 0.946; 1.33e-02 11:+- G 0.937; 2.84e-02 11:+- G 0.687 
peak RSS GB 0.24
