{"branch": "M", "dir": 1, "h": 0.05, "n": 69, "s_end": 4.767639811605795, "folds": [{"s_fold": 4.767689442106793, "ts": -2.6576662312407536e-14, "eig_min": -3.1199995863710587e-17}]}
{"branch": "M", "dir": 1, "h": 0.025, "n": 137, "s_end": 4.767641347382252, "folds": [{"s_fold": 4.76768944210679, "ts": 8.108572615509469e-15, "eig_min": 3.516537610569918e-17}]}
{"branch": "M", "dir": 1, "h": 0.0125, "n": 273, "s_end": 4.767641731327672, "folds": [{"s_fold": 4.767689442106234, "ts": 3.5936049160864995e-15, "eig_min": 6.6154278966538886e-18}]}
{"branch": "M", "dir": -1, "h": 0.05, "n": 157, "s_end": 1.1539746188205415, "folds": [{"s_fold": 1.1539745873206455, "ts": 2.5747423800889106e-16, "eig_min": -5.673993096442653e-18}]}
{"branch": "M", "dir": -1, "h": 0.025, "n": 313, "s_end": 1.1539746024341893, "folds": [{"s_fold": 1.153974587320653, "ts": -6.9197189527943754e-15, "eig_min": 2.0395210670994716e-17}]}
{"branch": "M", "dir": -1, "h": 0.0125, "n": 625, "s_end": 1.1539745992565447, "folds": [{"s_fold": 1.153974587312307, "ts": -5.072675259825246e-15, "eig_min": 1.0996550236506735e-17}]}
{"branch": "S", "dir": 1, "h": 0.05, "n": 165, "s_end": 9.397168973889842, "folds": [{"s_fold": 9.39776578243291, "ts": -1.8292418511616212e-13, "eig_min": -3.850592006832465e-17}]}
{"branch": "S", "dir": 1, "h": 0.025, "n": 329, "s_end": 9.397205348742263, "folds": [{"s_fold": 9.397765782689785, "ts": -4.92277966012308e-15, "eig_min": -7.956766052369824e-18}]}
{"branch": "S", "dir": 1, "h": 0.0125, "n": 656, "s_end": 9.397698083789729, "folds": [{"s_fold": 9.397765782716728, "ts": 1.4696337492369445e-13, "eig_min": 2.7755813910459777e-17}]}
{"branch": "S", "dir": -1, "h": 0.05, "n": 134, "s_end": 1.9164007122350788, "folds": [{"s_fold": 1.916377665342134, "ts": -4.126400616769846e-15, "eig_min": 1.5878434120833543e-17}]}
{"branch": "S", "dir": -1, "h": 0.025, "n": 266, "s_end": 1.916381098994933, "folds": [{"s_fold": 1.91637766534186, "ts": -3.857368080465791e-15, "eig_min": 1.2815783608213351e-17}]}
{"branch": "S", "dir": -1, "h": 0.0125, "n": 530, "s_end": 1.9163778098344362, "folds": [{"s_fold": 1.916377665341787, "ts": -2.5778052328745153e-15, "eig_min": 3.1831410653149647e-18}]}
{"branch": "L0", "dir": 1, "h": 0.05, "n": 800, "s_end": 37.50200742659148, "folds": []}
{"branch": "L0", "dir": 1, "h": 0.025, "n": 1600, "s_end": 37.52413571806182, "folds": []}
{"branch": "L0", "dir": 1, "h": 0.0125, "n": 3200, "s_end": 37.535936768303756, "folds": []}
{"branch": "L0", "dir": -1, "h": 0.05, "n": 65, "s_end": 0.0486001732937929, "folds": []}
{"branch": "L0", "dir": -1, "h": 0.025, "n": 128, "s_end": 0.04948834162355353, "folds": []}
{"branch": "L0", "dir": -1, "h": 0.0125, "n": 254, "s_end": 0.0499341348502707, "folds": []}
{"branch": "S2", "dir": 1, "h": 0.05, "n": 800, "s_end": 44.56913490711276, "folds": []}
{"branch": "S2", "dir": 1, "h": 0.025, "n": 1600, "s_end": 44.5917270731438, "folds": []}
{"branch": "S2", "dir": 1, "h": 0.0125, "n": 3200, "s_end": 44.60302376276846, "folds": []}
{"branch": "S2", "dir": -1, "h": 0.05, "n": 270, "s_end": 0.3160165579489973, "folds": [{"s_fold": 0.31593026176950106, "ts": 4.513391221525965e-15, "eig_min": -3.5629917712152606e-06}]}
{"branch": "S2", "dir": -1, "h": 0.025, "n": 539, "s_end": 0.31600887294654256, "folds": [{"s_fold": 0.31593026091063087, "ts": 4.1055228795285166e-14, "eig_min": -3.562991769270123e-06}]}
{"branch": "S2", "dir": -1, "h": 0.0125, "n": 1076, "s_end": 0.3159330498719733, "folds": [{"s_fold": 0.31593026084954684, "ts": 2.3714041120721674e-14, "eig_min": -3.5629917691531344e-06}]}
