{"seed": 2720000, "steps": 644, "seconds": 14.434659957885742, "basins": {"S2": 275, "S": 246, "L0": 54, "other": 36, "M": 33}}
{"seed": 2720001, "steps": 1039, "seconds": 33.09677696228027, "basins": {"S2": 492, "S": 270, "L0": 192, "M": 65, "other": 20}}
{"seed": 2720002, "steps": 505, "seconds": 10.815002202987671, "basins": {"S2": 277, "S": 129, "L0": 48, "other": 41, "M": 10}}
{"seed": 2720003, "steps": 1003, "seconds": 25.436748027801514, "basins": {"L0": 518, "S2": 256, "S": 207, "M": 14, "other": 8}}
{"seed": 2720004, "steps": 567, "seconds": 12.805156230926514, "basins": {"S2": 257, "S": 179, "L0": 56, "other": 43, "M": 32}}
{"seed": 2720005, "steps": 558, "seconds": 12.859199285507202, "basins": {"S2": 321, "S": 141, "L0": 67, "other": 18, "M": 11}}
{"seed": 2720006, "steps": 594, "seconds": 13.569746017456055, "basins": {"S": 249, "S2": 245, "L0": 40, "M": 38, "other": 22}}
{"seed": 2720007, "steps": 466, "seconds": 10.98703908920288, "basins": {"S2": 198, "S": 188, "other": 35, "L0": 24, "M": 21}}
{"seed": 2720008, "steps": 936, "seconds": 26.738816022872925, "basins": {"L0": 437, "S2": 373, "S": 106, "M": 18, "other": 2}}
{"seed": 2720009, "steps": 1084, "seconds": 34.89863395690918, "basins": {"S2": 575, "S": 385, "other": 66, "L0": 34, "M": 24}}
{"seed": 2720010, "steps": 625, "seconds": 15.073763132095337, "basins": {"S": 249, "S2": 216, "other": 89, "L0": 51, "M": 20}}
{"seed": 2720011, "steps": 939, "seconds": 26.4792799949646, "basins": {"S2": 492, "S": 238, "other": 132, "L0": 74, "M": 3}}
{"seed": 2720012, "steps": 656, "seconds": 15.595442056655884, "basins": {"S": 327, "S2": 236, "L0": 59, "other": 20, "M": 14}}
{"seed": 2720013, "steps": 709, "seconds": 15.071247100830078, "basins": {"S2": 351, "L0": 157, "S": 150, "other": 49, "M": 2}}
{"seed": 2720014, "steps": 522, "seconds": 12.14827823638916, "basins": {"S": 204, "S2": 198, "M": 67, "other": 53}}
{"seed": 2720015, "steps": 539, "seconds": 12.83381986618042, "basins": {"S": 218, "S2": 206, "L0": 85, "other": 30}}
{"seed": 2720016, "steps": 973, "seconds": 30.21444606781006, "basins": {"S2": 390, "S": 371, "L0": 141, "M": 40, "other": 31}}
{"seed": 2720017, "steps": 499, "seconds": 10.71540379524231, "basins": {"S2": 258, "S": 140, "L0": 74, "other": 24, "M": 3}}
{"seed": 2720018, "steps": 680, "seconds": 15.124314785003662, "basins": {"S": 299, "S2": 273, "other": 45, "L0": 33, "M": 30}}
{"seed": 2720019, "steps": 474, "seconds": 10.658783912658691, "basins": {"S": 190, "S2": 161, "other": 55, "L0": 35, "M": 33}}
{"seed": 2720020, "steps": 562, "seconds": 12.579619884490967, "basins": {"S2": 293, "S": 157, "other": 57, "L0": 54, "M": 1}}
{"seed": 2720021, "steps": 573, "seconds": 12.727429866790771, "basins": {"S2": 294, "S": 180, "other": 45, "L0": 40, "M": 14}}
{"seed": 2720022, "steps": 597, "seconds": 13.207897186279297, "basins": {"S2": 244, "S": 237, "L0": 51, "other": 37, "M": 28}}
{"seed": 2720023, "steps": 517, "seconds": 11.911054134368896, "basins": {"S": 223, "S2": 220, "L0": 43, "other": 16, "M": 15}}
{"seed": 2720024, "steps": 610, "seconds": 13.987560033798218, "basins": {"S2": 284, "S": 256, "other": 31, "M": 23, "L0": 16}}
{"seed": 2720025, "steps": 472, "seconds": 10.914047002792358, "basins": {"S": 227, "S2": 178, "other": 31, "M": 26, "L0": 10}}
{"seed": 2720026, "steps": 1045, "seconds": 25.1025128364563, "basins": {"L0": 483, "S2": 261, "S": 187, "other": 112, "M": 2}}
{"seed": 2720027, "steps": 565, "seconds": 13.702888011932373, "basins": {"S2": 272, "S": 178, "M": 48, "other": 45, "L0": 22}}
{"seed": 2720028, "steps": 952, "seconds": 29.68300175666809, "basins": {"S": 504, "S2": 295, "L0": 75, "other": 45, "M": 33}}
{"seed": 2720029, "steps": 558, "seconds": 12.65474271774292, "basins": {"S2": 237, "S": 208, "M": 55, "L0": 48, "other": 10}}
{"seed": 2720030, "steps": 609, "seconds": 12.847089767456055, "basins": {"S2": 282, "S": 212, "other": 59, "L0": 37, "M": 19}}
{"seed": 2720031, "steps": 729, "seconds": 15.166590929031372, "basins": {"S2": 370, "S": 203, "L0": 89, "other": 36, "M": 31}}
{"seed": 2720032, "steps": 579, "seconds": 12.059850931167603, "basins": {"S": 236, "S2": 207, "other": 73, "L0": 63}}
{"seed": 2720033, "steps": 850, "seconds": 24.492719173431396, "basins": {"S2": 396, "S": 257, "L0": 103, "other": 60, "M": 34}}
{"seed": 2720034, "steps": 621, "seconds": 14.508394956588745, "basins": {"S2": 278, "S": 240, "M": 49, "other": 33, "L0": 21}}
{"seed": 2720035, "steps": 413, "seconds": 8.640618085861206, "basins": {"S2": 189, "S": 125, "L0": 63, "other": 31, "M": 5}}
{"seed": 2720036, "steps": 486, "seconds": 10.304762125015259, "basins": {"S2": 212, "S": 190, "other": 42, "M": 26, "L0": 16}}
{"seed": 2720037, "steps": 469, "seconds": 9.995773077011108, "basins": {"S2": 230, "S": 124, "L0": 70, "other": 34, "M": 11}}
{"seed": 2720038, "steps": 671, "seconds": 14.748210191726685, "basins": {"S": 296, "S2": 259, "other": 58, "L0": 40, "M": 18}}
{"seed": 2720039, "steps": 520, "seconds": 11.31687879562378, "basins": {"S2": 272, "S": 126, "other": 51, "L0": 41, "M": 30}}
