{"seed": 876900, "1": [true, 6.394491666971074, 0.05808308766817075, 4000], "-1": [true, 6.440590652551859, 0.11943973769685007, 4000]}
{"seed": 876901, "1": [true, 5.7945347458088134, 0.08855926294192373, 4000], "-1": [true, 7.011216718080568, 0.15082224871106822, 4000]}
{"seed": 876902, "1": [true, 6.725555186099259, 0.11089310798560616, 4000], "-1": [true, 6.961491862330963, 0.13109248418224603, 4000]}
{"seed": 876903, "1": [true, 7.295474539456538, 0.20010817050583474, 4000], "-1": [true, 6.940928277998371, 0.20287090858275092, 4000]}
{"seed": 876904, "1": [true, 7.8978521893784706, 0.22399725995611697, 4000], "-1": [true, 6.623133447697938, 0.11600624316565185, 4000]}
{"seed": 876905, "1": [true, 7.696817870966651, 0.17411805931100163, 4000], "-1": [true, 6.214725330889944, 0.09536911879074537, 4000]}
{"seed": 876906, "1": [true, 7.669017903389178, 0.18975455610719513, 4000], "-1": [true, 6.1421545731704565, 0.11053307129020751, 4000]}
{"seed": 876907, "1": [true, 6.66463984186474, 0.10716258857481913, 4000], "-1": [true, 6.493853689152955, 0.12553989310055097, 4000]}
{"seed": 876908, "1": [true, 6.348510694666574, 0.15347523672951008, 4000], "-1": [true, 7.164406175101376, 0.15573539092263955, 4000]}
{"seed": 876909, "1": [true, 7.578016186782823, 0.19333336734890685, 4000], "-1": [true, 6.538101853519707, 0.130184659031636, 4000]}
{"seed": 876000, "1": [true, 5.761385415932005, 0.0841399513912451, 4000], "-1": [true, 7.327581355116983, 0.11691522505432163, 4000]}
{"seed": 876001, "1": [true, 7.712906807961995, 0.19179865017780276, 4000], "-1": [true, 5.89049882097605, 0.03468487741323851, 4000]}
{"seed": 876002, "1": [true, 7.798301874135947, 0.16903199758906595, 4000], "-1": [true, 5.677059640222906, 0.07950335839807429, 4000]}
{"seed": 876003, "1": [true, 6.302778622128748, 0.17751444163094612, 4000], "-1": [true, 8.098502322106441, 0.15285490528214085, 5571]}
{"seed": 876004, "1": [true, 7.048718458478659, 0.03586843184034911, 12230], "-1": [true, 5.941416289529308, 0.17718344839482092, 4000]}
{"seed": 876005, "1": [true, 6.369852731884516, 0.11482076604645505, 4000], "-1": [true, 6.505725323945225, 0.07755041757815503, 4000]}
{"seed": 876006, "1": [true, 7.281790626471233, 0.15924601752676854, 4000], "-1": [true, 7.001722997093945, 0.2013417450162892, 4000]}
{"seed": 876007, "1": [true, 6.653783487209717, 0.17545140835106685, 4000], "-1": [true, 6.269192962997209, 0.10213208979294312, 4000]}
{"seed": 876008, "1": [true, 7.5648368794716125, 0.14685925534110073, 4000], "-1": [true, 5.567723098856173, 0.039878760647923325, 4000]}
{"seed": 876009, "1": [true, 7.21230291206679, 0.16428380928293862, 4000], "-1": [true, 5.872628364883488, 0.019658135051722845, 4804]}
{"seed": 876010, "1": [true, 6.35610587637276, 0.03461003594829661, 5412], "-1": [true, 6.042682440742013, 0.11459767964986844, 4000]}
{"seed": 876011, "1": [true, 8.913271274178035, 0.22216660307856237, 4000], "-1": [true, 6.040851504323091, 0.0907676339211691, 4000]}
{"seed": 876012, "1": [true, 6.383888185490414, 0.06829137517265908, 4000], "-1": [true, 5.6600860801556845, 0.03243198873492217, 4000]}
{"seed": 876013, "1": [true, 7.33424326913006, 0.17211153129549228, 4000], "-1": [true, 7.215096166137431, 0.1819887577645546, 4000]}
{"seed": 876014, "1": [true, 6.001981624505838, 0.024892738888032926, 4000], "-1": [true, 7.049396778858792, 0.16335194632291206, 4000]}
{"seed": 876015, "1": [true, 6.394592520929027, 0.18162256760190665, 4000], "-1": [true, 7.38314802503702, 0.19294089819614385, 4000]}
{"seed": 876016, "1": [true, 6.590678154292513, 0.10248623750212361, 4050], "-1": [true, 6.003415550239282, 0.12467376340045318, 4000]}
{"seed": 876017, "1": [true, 5.557440947018971, 0.035981630725146686, 4000], "-1": [true, 8.296740255575704, 0.15929583645674444, 4000]}
{"seed": 876018, "1": [true, 6.378629182372085, 0.13413167558462777, 4000], "-1": [true, 6.337556629218394, 0.06604863759876699, 4000]}
{"seed": 876019, "1": [true, 7.81950325768196, 0.18202451486288682, 4000], "-1": [true, 6.16113791146858, 0.1314489924424952, 4000]}
{"seed": 876020, "1": [true, 6.208542714467561, 0.15316400640181901, 4000], "-1": [true, 7.671043585750763, 0.16575673015362374, 4000]}
{"seed": 876021, "1": [true, 6.0905649862658215, 0.014004844490488152, 6560], "-1": [true, 6.496687605779062, 0.12490010017629584, 4000]}
{"seed": 876022, "1": [true, 7.326782157867661, 0.18465571800722808, 4000], "-1": [true, 6.712367978625012, 0.2020129427593057, 4000]}
{"seed": 876023, "1": [true, 5.220444371162129, -0.05259968110176051, 4527], "-1": [true, 9.37924730876061, 0.20754504923285838, 4000]}
{"seed": 876024, "1": [true, 7.189305424753103, 0.09068884560314681, 6746], "-1": [true, 4.560546048437263, -0.16770348823508718, 4000]}
{"seed": 876025, "1": [true, 7.360599791655599, 0.15033611430853228, 4000], "-1": [true, 6.72574296810728, 0.2024315758707597, 4000]}
{"seed": 876026, "1": [true, 6.732347895830811, 0.16568141786360382, 4000], "-1": [true, 5.577201030444136, -0.03540279891968546, 4000]}
{"seed": 876027, "1": [true, 6.4669891072397325, 0.13773299012829504, 4000], "-1": [true, 6.953775945057868, 0.19707970000169475, 4000]}
{"seed": 876028, "1": [true, 6.899600483508649, 0.13914849780238542, 4000], "-1": [true, 8.036570877135825, 0.2336903592240293, 4000]}
{"seed": 876029, "1": [true, 6.247346234484849, 0.21269548986772716, 4000], "-1": [true, 8.387963930280979, 0.19752204954908725, 4000]}
{"seed": 876030, "1": [true, 8.470179142355782, 0.15707213360676314, 4000], "-1": [true, 4.811133319003294, -0.09596612238761451, 4000]}
{"seed": 876031, "1": [true, 6.489846930656213, 0.12086290088227898, 4000], "-1": [true, 6.860232850781696, 0.1825853062026034, 4000]}
{"seed": 876032, "1": [true, 7.8103485319234585, 0.18374550341974702, 4000], "-1": [true, 5.7799363627138325, 0.07764095564439602, 4000]}
{"seed": 876033, "1": [true, 7.088128714090353, 0.14335155593975324, 4000], "-1": [true, 6.87510615443167, 0.18770854406734713, 4000]}
{"seed": 876034, "1": [true, 5.378486022545057, 0.022859834486333584, 4000], "-1": [true, 7.27604885888514, 0.12830474474130188, 4000]}
{"seed": 876035, "1": [true, 6.522394226772559, 0.10715786049047482, 4000], "-1": [true, 5.496651907359426, -0.008220500860847902, 4000]}
{"seed": 876036, "1": [true, 6.034472053909495, 0.14892463924150054, 4000], "-1": [true, 7.440211021283495, 0.15036447103431047, 4000]}
{"seed": 876037, "1": [true, 5.994280363747336, 0.18629156771452376, 4000], "-1": [true, 8.546587863469343, 0.17822676652348296, 4000]}
{"seed": 876038, "1": [true, 8.688401671754626, 0.15555485097650293, 4000], "-1": [true, 4.897127209479803, -0.09744986813769847, 4000]}
{"seed": 876039, "1": [true, 5.981256771148012, 0.022375723952241907, 4000], "-1": [true, 7.126902431947348, 0.19103632859976455, 4000]}
{"seed": 876040, "1": [true, 6.176093373226212, 0.10956387695784674, 4000], "-1": [true, 5.948903384061321, -0.05057152301210807, 7636]}
{"seed": 876041, "1": [true, 6.6593660148519485, 0.11605162476058013, 4000], "-1": [true, 7.048235026047047, 0.21130519235244039, 4000]}
{"seed": 876042, "1": [true, 7.414801718870689, 0.1797168990451769, 4000], "-1": [true, 5.70424590766049, 0.045415728840846145, 4000]}
{"seed": 876043, "1": [true, 6.300430941602536, 0.11571098966775653, 4000], "-1": [true, 6.968709355801844, 0.1476017433751104, 4000]}
{"seed": 876044, "1": [true, 7.186371359528587, 0.19013887380125807, 4000], "-1": [true, 6.67151620484334, 0.1481417879940164, 4000]}
{"seed": 876045, "1": [true, 5.837047723394818, 0.07495678027075474, 4000], "-1": [true, 7.3822927825469655, 0.14961559717497264, 4000]}
{"seed": 876046, "1": [true, 6.406028739393842, 0.17285028241862574, 4000], "-1": [true, 7.014609887541913, 0.13527774775887694, 4000]}
{"seed": 876047, "1": [true, 6.2405240230323, 0.04123985464945746, 4000], "-1": [true, 6.576605784765548, 0.1643857519263629, 4000]}
{"seed": 876048, "1": [true, 7.072554754129442, 0.16364120558817802, 4000], "-1": [true, 6.0017571580133895, -0.004264515202096271, 5624]}
{"seed": 876049, "1": [true, 6.179917470870737, 0.16044564289214927, 4000], "-1": [true, 6.876385072873857, 0.11135074433639151, 4000]}
{"seed": 876050, "1": [true, 7.667445942209536, 0.15655969397833008, 4000], "-1": [true, 5.271508699672006, -0.04212328501845269, 4000]}
{"seed": 876051, "1": [true, 6.555441813893242, 0.066536881792587, 4000], "-1": [true, 5.721114329338171, 0.0173848745017744, 4000]}
{"seed": 876052, "1": [true, 7.078556185042521, 0.19169565176373918, 4000], "-1": [true, 6.892971843303992, 0.15929785504248456, 4000]}
{"seed": 876053, "1": [true, 6.397950706529203, 0.1902821708146007, 4000], "-1": [true, 6.949817884013942, 0.11923307798092349, 4000]}
{"seed": 876054, "1": [true, 7.100121560971205, 0.17713030874359423, 4000], "-1": [true, 6.221913579281125, 0.1157756435385272, 4000]}
{"seed": 876055, "1": [true, 6.7474250123821715, 0.14159960988916426, 4283], "-1": [true, 7.845764313908082, 0.21874606712317118, 4000]}
{"seed": 876056, "1": [true, 5.944015187804244, 0.051096973521948266, 4000], "-1": [true, 7.335552500981321, 0.19134571092420483, 4000]}
{"seed": 876057, "1": [true, 7.824343304634746, 0.20042095151074052, 4000], "-1": [true, 6.208159084168871, 0.11297326806002873, 4000]}
{"seed": 876058, "1": [true, 6.859046669431847, 0.1937192606623084, 4000], "-1": [true, 7.205200911582977, 0.1369979998612294, 4000]}
{"seed": 876059, "1": [true, 6.838686800972791, 0.12716776601301505, 4000], "-1": [true, 7.424108187609895, 0.17370168972586608, 4000]}
{"seed": 876060, "1": [true, 6.168408607683583, 0.15741504633083514, 4000], "-1": [true, 8.295727650224288, 0.17961003826344707, 4000]}
{"seed": 876061, "1": [true, 8.139000496824037, 0.19995409928362828, 4000], "-1": [true, 5.788443013550928, 0.04246047336901315, 4000]}
{"seed": 876062, "1": [true, 7.583224948960625, 0.23320660590822528, 4000], "-1": [true, 6.2701694891852835, 0.08627336442680975, 4000]}
{"seed": 876063, "1": [true, 7.873968240598338, 0.23376771526917248, 4000], "-1": [true, 7.555934335064353, 0.18777119493158775, 4000]}
{"seed": 876064, "1": [true, 5.958478145430936, 0.07688472325445457, 4000], "-1": [true, 8.312457345413037, 0.21168432580173774, 4000]}
{"seed": 876065, "1": [true, 6.0154246515684555, 0.06876832992603826, 4000], "-1": [true, 7.497491772985291, 0.17928370306825162, 4000]}
{"seed": 876066, "1": [true, 7.042777004101773, 0.16112225874305455, 4000], "-1": [true, 6.844240708593004, 0.16123329602525827, 4000]}
{"seed": 876067, "1": [true, 5.517813730705406, -0.05148844586113166, 4446], "-1": [true, 6.229111696896602, 0.030940002484264907, 4000]}
{"seed": 876068, "1": [true, 4.943757091558151, -0.02011215036225115, 4000], "-1": [true, 8.291512818352507, 0.15194357827153243, 4000]}
{"seed": 876069, "1": [true, 7.202083310067416, 0.19063508630351486, 4000], "-1": [true, 7.112979300101553, 0.1695198984865552, 4000]}
{"seed": 876070, "1": [true, 5.496643557639241, 0.06890916859269748, 4000], "-1": [true, 8.306972407751323, 0.16767890541901864, 4000]}
{"seed": 876071, "1": [true, 5.828784614761081, 0.013770185752119104, 4024], "-1": [true, 7.643018181934074, 0.1730479350828986, 4000]}
{"seed": 876072, "1": [true, 6.5589220074725985, 0.09027830495078387, 4013], "-1": [true, 7.342212949519751, 0.1746259225546373, 4000]}
{"seed": 876073, "1": [true, 7.01270278511218, 0.13742307273431908, 4000], "-1": [true, 6.244188059213469, 0.12237051779836715, 4000]}
{"seed": 876074, "1": [true, 7.323118704070391, 0.17056795763377888, 4000], "-1": [true, 6.019097766339418, 0.1158557246348188, 4000]}
{"seed": 876075, "1": [true, 6.783426643221749, 0.14821358490385603, 4000], "-1": [true, 6.475236587053724, 0.14902884529873664, 4000]}
{"seed": 876076, "1": [true, 7.391588000207795, 0.1912192225795107, 4000], "-1": [true, 6.99293994059369, 0.1415348934762575, 4164]}
{"seed": 876077, "1": [true, 5.265735275530588, -0.10045448861627687, 4696], "-1": [true, 6.661144422080984, 0.11571711352964151, 4000]}
{"seed": 876078, "1": [true, 8.589122940412551, 0.22240628759644807, 4000], "-1": [true, 5.54309762431902, -0.11385042477205169, 11687]}
{"seed": 876079, "1": [true, 7.548968345790377, 0.22007344341839577, 4000], "-1": [true, 6.960725319568718, 0.1540232002175952, 4000]}
frozen 90 valid copies {'1': 90, '-1': 90}
