{
 "predictions_sha256": "218309c59fae3d921deb0e5ef42736705029051eef9edb6dd8f63ae70ff74044",
 "registration_sha256_file_sha256": "eb80066918dda23de3f5b87bda1db3aac33e855ce9a60ae624c0c4fc713be7d1",
 "rho": 1.0,
 "arms": {
  "random": {
   "arm": "random",
   "role": "primary",
   "gate": {
    "n_runs": 80,
    "n_on_branch": 80,
    "frac_on_branch": 1.0,
    "min_frac": 0.8,
    "n_hold_G_positive": 6,
    "frac_ok": true,
    "hold_ok": false,
    "pass": true,
    "hold_condition_applies": false
   },
   "n_runs": 80,
   "n_on_branch": 80,
   "n_neither_or_off_target": 0,
   "n_crossed": 80,
   "n_on_branch_not_following": 0,
   "n_on_branch_hold_G_positive": 6,
   "n_excluded_sensitivity": 0,
   "n_kappa_nonpos_scored": 8,
   "n_on_branch_crossed": 80,
   "n_scored": 80,
   "n_on_branch_crossed_no_prediction": 0,
   "n_kappa_pos_crossing": 72,
   "frac_tsw_before_crossing_kappa_pos": 0.9305555555555556,
   "regime_frac": 1.0,
   "median_predicted_lag_steps": 40.64534383217253,
   "q90_kappa_chi_tsw": 0.0039175418940066015,
   "median_chi_tsw": 0.0222119638327039,
   "pilot_median_chi_tsw": 0.02240823925619795,
   "chi_rel_to_pilot": 0.008759073894650693,
   "q90_max_chi_window": 0.05973216935795255,
   "validity": {
    "V1_min_crossing_with_prediction": true,
    "V2_tsw_before_crossing_90pct_kappa_pos": true,
    "V3_regime_eta_lam_le_0p5_in_80pct": true,
    "V4_median_predicted_lag_ge_10_steps": true,
    "V5_q90_kappa_chi_le_0p1": true,
    "V6_median_chi_within_30pct_of_pilot": true,
    "V7_q90_max_chi_window_le_0p25": true
   },
   "valid": true,
   "scored_index": [
    0,
    1,
    2,
    3,
    4,
    5,
    6,
    7,
    8,
    9,
    10,
    11,
    12,
    13,
    14,
    15,
    16,
    17,
    18,
    19,
    20,
    21,
    22,
    23,
    24,
    25,
    26,
    27,
    28,
    29,
    30,
    31,
    32,
    33,
    34,
    35,
    36,
    37,
    38,
    39,
    40,
    41,
    42,
    43,
    44,
    45,
    46,
    47,
    48,
    49,
    50,
    51,
    52,
    53,
    54,
    55,
    56,
    57,
    58,
    59,
    60,
    61,
    62,
    63,
    64,
    65,
    66,
    67,
    68,
    69,
    70,
    71,
    72,
    73,
    74,
    75,
    76,
    77,
    78,
    79
   ],
   "L1": {
    "n": 80,
    "median_ratio": 1.0000000000000087,
    "verdict": "PASS"
   },
   "L2": {
    "n": 80,
    "median_ratio": 0.9767926950175866,
    "verdict": "PASS"
   },
   "L3": {
    "n": 80,
    "spearman": 0.9985935302391,
    "verdict": "PASS"
   },
   "L4": {
    "n": 80,
    "mean_D": -0.10392272944913838,
    "ci95": [
     -0.12074759641108386,
     -0.08779772658254702
    ],
    "verdict": "PASS",
    "comparator": "s_glob"
   },
   "L5": {
    "n": 80,
    "mean_D": -0.003087191954903969,
    "ci95": [
     -0.0036295132140841506,
     -0.0026196465568317988
    ],
    "verdict": "PASS",
    "comparator": "s_switch_branch"
   },
   "outcome": "PASS",
   "sensitivity_excluding_hold_G_positive_DESCRIPTIVE": {
    "arm": "random",
    "role": "primary",
    "gate": {
     "n_runs": 80,
     "n_on_branch": 80,
     "frac_on_branch": 1.0,
     "min_frac": 0.8,
     "n_hold_G_positive": 6,
     "frac_ok": true,
     "hold_ok": false,
     "pass": true,
     "hold_condition_applies": false
    },
    "n_runs": 80,
    "n_on_branch": 80,
    "n_neither_or_off_target": 0,
    "n_crossed": 80,
    "n_on_branch_not_following": 0,
    "n_on_branch_hold_G_positive": 6,
    "n_excluded_sensitivity": 6,
    "n_kappa_nonpos_scored": 7,
    "n_on_branch_crossed": 80,
    "n_scored": 74,
    "n_on_branch_crossed_no_prediction": 6,
    "n_kappa_pos_crossing": 72,
    "frac_tsw_before_crossing_kappa_pos": 0.9305555555555556,
    "regime_frac": 1.0,
    "median_predicted_lag_steps": 41.15875442917719,
    "q90_kappa_chi_tsw": 0.003977200924335,
    "median_chi_tsw": 0.0219421404095136,
    "pilot_median_chi_tsw": 0.02240823925619795,
    "chi_rel_to_pilot": 0.02080033336646181,
    "q90_max_chi_window": 0.0578317255903049,
    "validity": {
     "V1_min_crossing_with_prediction": true,
     "V2_tsw_before_crossing_90pct_kappa_pos": true,
     "V3_regime_eta_lam_le_0p5_in_80pct": true,
     "V4_median_predicted_lag_ge_10_steps": true,
     "V5_q90_kappa_chi_le_0p1": true,
     "V6_median_chi_within_30pct_of_pilot": true,
     "V7_q90_max_chi_window_le_0p25": true
    },
    "valid": true,
    "L1": {
     "n": 74,
     "median_ratio": 1.0000000000000087,
     "verdict": "PASS"
    },
    "L2": {
     "n": 74,
     "median_ratio": 0.9767926950175866,
     "verdict": "PASS"
    },
    "L3": {
     "n": 74,
     "spearman": 0.9986079229914844,
     "verdict": "PASS"
    },
    "L4": {
     "n": 74,
     "mean_D": -0.09999533186794744,
     "ci95": [
      -0.11797671598266472,
      -0.08339433972049115
     ],
     "verdict": "PASS",
     "comparator": "s_glob"
    },
    "L5": {
     "n": 74,
     "mean_D": -0.0031613649219783806,
     "ci95": [
      -0.003726146990259561,
      -0.002657245172074962
     ],
     "verdict": "PASS",
     "comparator": "s_switch_branch"
    },
    "outcome": "PASS"
   },
   "descriptive": {
    "n_copy_plus": 38,
    "n_copy_minus": 42,
    "n_neither": 0,
    "n_init_placed": 2,
    "median_r_obs_scored": 0.002745416454033145,
    "median_r_traj_scored": 0.00274694044369925,
    "median_r_cf_scored": 0.0028050660509909503,
    "median_steps_tsw_to_crossing_scored": 39.0,
    "median_s_obs_over_s_switch_scored": 1.002745416454033,
    "n_kappa_negative_scored": 8,
    "n_on_branch_not_following": 0,
    "n_follow_check_at_or_after_crossing": 0,
    "n_hold_G_positive": 6,
    "n_hold_G_positive_scored": 6,
    "median_chi_path_max_all_scored_descriptive": 0.1815597278148027,
    "n_signed_r_traj_negative_scored": 10,
    "n_r_obs_negative_scored": 13
   }
  },
  "branch": {
   "arm": "branch",
   "role": "mechanism control",
   "gate": {
    "n_runs": 80,
    "n_on_branch": 80,
    "frac_on_branch": 1.0,
    "min_frac": 0.9,
    "n_hold_G_positive": 0,
    "frac_ok": true,
    "hold_ok": true,
    "pass": true,
    "hold_condition_applies": true
   },
   "n_runs": 80,
   "n_on_branch": 80,
   "n_neither_or_off_target": 0,
   "n_crossed": 80,
   "n_on_branch_not_following": 0,
   "n_on_branch_hold_G_positive": 0,
   "n_excluded_sensitivity": 0,
   "n_kappa_nonpos_scored": 2,
   "n_on_branch_crossed": 80,
   "n_scored": 80,
   "n_on_branch_crossed_no_prediction": 0,
   "n_kappa_pos_crossing": 78,
   "frac_tsw_before_crossing_kappa_pos": 0.9358974358974359,
   "regime_frac": 1.0,
   "median_predicted_lag_steps": 42.586191394794355,
   "q90_kappa_chi_tsw": 0.00379086572104862,
   "median_chi_tsw": 0.02079007008881515,
   "pilot_median_chi_tsw": 0.022998963954963272,
   "chi_rel_to_pilot": 0.09604319005297768,
   "q90_max_chi_window": 0.05296226458043858,
   "validity": {
    "V1_min_crossing_with_prediction": true,
    "V2_tsw_before_crossing_90pct_kappa_pos": true,
    "V3_regime_eta_lam_le_0p5_in_80pct": true,
    "V4_median_predicted_lag_ge_10_steps": true,
    "V5_q90_kappa_chi_le_0p1": true,
    "V6_median_chi_within_30pct_of_pilot": true,
    "V7_q90_max_chi_window_le_0p25": true
   },
   "valid": true,
   "scored_index": [
    0,
    1,
    2,
    3,
    4,
    5,
    6,
    7,
    8,
    9,
    10,
    11,
    12,
    13,
    14,
    15,
    16,
    17,
    18,
    19,
    20,
    21,
    22,
    23,
    24,
    25,
    26,
    27,
    28,
    29,
    30,
    31,
    32,
    33,
    34,
    35,
    36,
    37,
    38,
    39,
    40,
    41,
    42,
    43,
    44,
    45,
    46,
    47,
    48,
    49,
    50,
    51,
    52,
    53,
    54,
    55,
    56,
    57,
    58,
    59,
    60,
    61,
    62,
    63,
    64,
    65,
    66,
    67,
    68,
    69,
    70,
    71,
    72,
    73,
    74,
    75,
    76,
    77,
    78,
    79
   ],
   "L1": {
    "n": 80,
    "median_ratio": 1.000000000000006,
    "verdict": "PASS"
   },
   "L2": {
    "n": 80,
    "median_ratio": 0.9845260812124985,
    "verdict": "PASS"
   },
   "L3": {
    "n": 80,
    "spearman": 0.9987576183778716,
    "verdict": "PASS"
   },
   "L4": {
    "n": 80,
    "mean_D": -0.10299180984614349,
    "ci95": [
     -0.11943593900886508,
     -0.08713292809692869
    ],
    "verdict": "PASS",
    "comparator": "s_glob"
   },
   "L5": {
    "n": 80,
    "mean_D": -0.002611804875908421,
    "ci95": [
     -0.0028670100700221653,
     -0.0023449938850628148
    ],
    "verdict": "PASS",
    "comparator": "s_switch_branch"
   },
   "outcome": "PASS",
   "descriptive": {
    "n_copy_plus": 40,
    "n_copy_minus": 40,
    "n_neither": 0,
    "n_init_placed": 0,
    "median_r_obs_scored": 0.0029022420343098876,
    "median_r_traj_scored": 0.0029154518119771,
    "median_r_cf_scored": 0.00303187737771565,
    "median_steps_tsw_to_crossing_scored": 41.5,
    "median_s_obs_over_s_switch_scored": 1.0029022420343099,
    "n_kappa_negative_scored": 2,
    "n_on_branch_not_following": 0,
    "n_follow_check_at_or_after_crossing": 0,
    "n_hold_G_positive": 0,
    "n_hold_G_positive_scored": 0,
    "median_chi_path_max_all_scored_descriptive": 0.1762078372246191,
    "n_signed_r_traj_negative_scored": 5,
    "n_r_obs_negative_scored": 7
   }
  }
 },
 "headline": {
  "arm": "random",
  "outcome": "PASS"
 }
}
