{"arm": "random", "seed": 876900, "copy_at_release": -1, "on_branch": true, "hold_n_G_pos": 0, "t_sw": 5338, "chi_tsw": 0.02272143494063051, "kc_tsw": 0.0027138422294049522, "chi_window_max": 0.03510147445143012, "copy_at_follow": -1, "follows_branch": true}
{"arm": "random", "seed": 876901, "copy_at_release": 1, "on_branch": true, "hold_n_G_pos": 0, "t_sw": 3979, "chi_tsw": 0.028211636088237544, "kc_tsw": 0.002498401698360093, "chi_window_max": 0.0484224886814789, "copy_at_follow": 1, "follows_branch": true}
{"arm": "random", "seed": 876902, "copy_at_release": 1, "on_branch": true, "hold_n_G_pos": 0, "t_sw": 5821, "chi_tsw": 0.02261079711138971, "kc_tsw": 0.002507381565713971, "chi_window_max": 0.03687167737960751, "copy_at_follow": 1, "follows_branch": true}
{"arm": "random", "seed": 876903, "copy_at_release": -1, "on_branch": true, "hold_n_G_pos": 0, "t_sw": 5913, "chi_tsw": 0.020350960626050362, "kc_tsw": 0.004128617872738626, "chi_window_max": 0.02992419415696026, "copy_at_follow": -1, "follows_branch": true}
{"arm": "random", "seed": 876904, "copy_at_release": -1, "on_branch": true, "hold_n_G_pos": 1, "t_sw": 5792, "chi_tsw": 0.023194002040081922, "kc_tsw": 0.0026906490406463685, "chi_window_max": 0.037596259409874606, "copy_at_follow": -1, "follows_branch": true}
{"arm": "random", "seed": 876905, "copy_at_release": -1, "on_branch": true, "hold_n_G_pos": 0, "t_sw": 4751, "chi_tsw": 0.026335927251763095, "kc_tsw": 0.002511634174537823, "chi_window_max": 0.045896990155686206, "copy_at_follow": -1, "follows_branch": true}
{"arm": "random", "seed": 876906, "copy_at_release": 1, "on_branch": true, "hold_n_G_pos": 0, "t_sw": 7792, "chi_tsw": 0.017179012956481617, "kc_tsw": 0.003259795977916923, "chi_window_max": 0.023935645119124164, "copy_at_follow": 1, "follows_branch": true}
{"arm": "random", "seed": 876907, "copy_at_release": 1, "on_branch": true, "hold_n_G_pos": 0, "t_sw": 6156, "chi_tsw": 0.022205681401006195, "kc_tsw": 0.00237961829999954, "chi_window_max": 0.03517726750839491, "copy_at_follow": 1, "follows_branch": true}
{"arm": "random", "seed": 876908, "copy_at_release": -1, "on_branch": true, "hold_n_G_pos": 0, "t_sw": 6918, "chi_tsw": 0.019820990957424598, "kc_tsw": 0.003086829775228623, "chi_window_max": 0.02926925955926088, "copy_at_follow": -1, "follows_branch": true}
{"arm": "random", "seed": 876909, "copy_at_release": 1, "on_branch": true, "hold_n_G_pos": 0, "t_sw": 7611, "chi_tsw": 0.017506758170164834, "kc_tsw": 0.003384640508400954, "chi_window_max": 0.024662257772873324, "copy_at_follow": 1, "follows_branch": true}
{"arm": "branch", "seed": 876900, "copy_at_release": 1, "on_branch": true, "hold_n_G_pos": 0, "t_sw": 5291, "chi_tsw": 0.02515375233827828, "kc_tsw": 0.0014610076022476724, "chi_window_max": 0.0435247270564553, "copy_at_follow": 1, "follows_branch": true}
{"arm": "branch", "seed": 876901, "copy_at_release": -1, "on_branch": true, "hold_n_G_pos": 0, "t_sw": 6605, "chi_tsw": 0.020225468450063216, "kc_tsw": 0.0030504506328732977, "chi_window_max": 0.030195486791312766, "copy_at_follow": -1, "follows_branch": true}
{"arm": "branch", "seed": 876902, "copy_at_release": 1, "on_branch": true, "hold_n_G_pos": 0, "t_sw": 5821, "chi_tsw": 0.02261079711138971, "kc_tsw": 0.002507381565713971, "chi_window_max": 0.03687167737960777, "copy_at_follow": 1, "follows_branch": true}
{"arm": "branch", "seed": 876903, "copy_at_release": -1, "on_branch": true, "hold_n_G_pos": 0, "t_sw": 5913, "chi_tsw": 0.020350960626050362, "kc_tsw": 0.004128617872738626, "chi_window_max": 0.029924194156960297, "copy_at_follow": -1, "follows_branch": true}
{"arm": "branch", "seed": 876904, "copy_at_release": 1, "on_branch": true, "hold_n_G_pos": 0, "t_sw": 7898, "chi_tsw": 0.016503696834401706, "kc_tsw": 0.0036967828700524234, "chi_window_max": 0.02286565615179951, "copy_at_follow": 1, "follows_branch": true}
{"arm": "branch", "seed": 876905, "copy_at_release": -1, "on_branch": true, "hold_n_G_pos": 0, "t_sw": 4751, "chi_tsw": 0.026335927251763095, "kc_tsw": 0.002511634174537823, "chi_window_max": 0.045896990155686206, "copy_at_follow": -1, "follows_branch": true}
{"arm": "branch", "seed": 876906, "copy_at_release": 1, "on_branch": true, "hold_n_G_pos": 0, "t_sw": 7792, "chi_tsw": 0.017179012956481617, "kc_tsw": 0.003259795977916923, "chi_window_max": 0.023935645119124167, "copy_at_follow": 1, "follows_branch": true}
{"arm": "branch", "seed": 876907, "copy_at_release": -1, "on_branch": true, "hold_n_G_pos": 0, "t_sw": 5130, "chi_tsw": 0.02338713079853684, "kc_tsw": 0.002936017900376918, "chi_window_max": 0.03744515515721598, "copy_at_follow": -1, "follows_branch": true}
{"arm": "branch", "seed": 876908, "copy_at_release": 1, "on_branch": true, "hold_n_G_pos": 0, "t_sw": 4929, "chi_tsw": 0.02354069251659899, "kc_tsw": 0.0036129133567616364, "chi_window_max": 0.037138097697547855, "copy_at_follow": 1, "follows_branch": true}
{"arm": "branch", "seed": 876909, "copy_at_release": -1, "on_branch": true, "hold_n_G_pos": 0, "t_sw": 5373, "chi_tsw": 0.02362755411162546, "kc_tsw": 0.00307594507577349, "chi_window_max": 0.03826497939388494, "copy_at_follow": -1, "follows_branch": true}
{
 "rule": {
  "status": "ok",
  "rho": 1.0,
  "history": [
   {
    "rho": 1.0,
    "n": 20,
    "q90_kc": 0.003739966370321044
   }
  ]
 },
 "rho": 1.0,
 "pilot_median_chi_tsw": {
  "random": 0.02240823925619795,
  "branch": 0.022998963954963272
 },
 "pilot_seeds": [
  876900,
  876901,
  876902,
  876903,
  876904,
  876905,
  876906,
  876907,
  876908,
  876909
 ]
}
