{"arm": "random", "seed": 876000, "copy_at_release": 1, "on_branch": true, "hold_n_G_pos": 0, "status": "ok", "t_sw": 3836, "r_traj": 0.002020761189819531, "r_cf": 0.0023545989588871674}
{"arm": "random", "seed": 876001, "copy_at_release": 1, "on_branch": true, "hold_n_G_pos": 0, "status": "ok", "t_sw": 7855, "r_traj": 0.0032800070486231903, "r_cf": 0.0032723279692264753}
{"arm": "random", "seed": 876002, "copy_at_release": 1, "on_branch": true, "hold_n_G_pos": 0, "status": "ok", "t_sw": 8382, "r_traj": 0.002876000691633296, "r_cf": 0.0028281377324489826}
{"arm": "random", "seed": 876003, "copy_at_release": -1, "on_branch": true, "hold_n_G_pos": 0, "status": "ok", "t_sw": 9350, "r_traj": 0.00263179261746882, "r_cf": 0.0026435466477056657}
{"arm": "random", "seed": 876004, "copy_at_release": -1, "on_branch": true, "hold_n_G_pos": 0, "status": "ok", "t_sw": 4184, "r_traj": 0.0041683741312423805, "r_cf": 0.004271027401323505}
{"arm": "random", "seed": 876005, "copy_at_release": 1, "on_branch": true, "hold_n_G_pos": 0, "status": "ok", "t_sw": 5226, "r_traj": 0.002541842715388265, "r_cf": 0.0026838232813899982}
{"arm": "random", "seed": 876006, "copy_at_release": -1, "on_branch": true, "hold_n_G_pos": 0, "status": "ok", "t_sw": 6212, "r_traj": 0.003944574909985343, "r_cf": 0.003907598722285265}
{"arm": "random", "seed": 876007, "copy_at_release": 1, "on_branch": true, "hold_n_G_pos": 0, "status": "ok", "t_sw": 5529, "r_traj": 0.003718515964751923, "r_cf": 0.0037650514923181703}
{"arm": "random", "seed": 876008, "copy_at_release": -1, "on_branch": true, "hold_n_G_pos": 2, "status": "ok", "t_sw": 3584, "r_traj": 0.000393143103536886, "r_cf": 0.0012825753813602919}
{"arm": "random", "seed": 876009, "copy_at_release": -1, "on_branch": true, "hold_n_G_pos": 3, "status": "ok", "t_sw": 4576, "r_traj": -0.00040601978062893007, "r_cf": 0.000600487028838352}
{"arm": "random", "seed": 876010, "copy_at_release": 1, "on_branch": true, "hold_n_G_pos": 0, "status": "ok", "t_sw": 5461, "r_traj": 0.0003664433540355727, "r_cf": 0.0008990510729345746}
{"arm": "random", "seed": 876011, "copy_at_release": -1, "on_branch": true, "hold_n_G_pos": 0, "status": "ok", "t_sw": 4587, "r_traj": 0.002191178284217443, "r_cf": 0.0025090114982745408}
{"arm": "random", "seed": 876012, "copy_at_release": -1, "on_branch": true, "hold_n_G_pos": 0, "status": "ok", "t_sw": 3843, "r_traj": 0.00014602296572374662, "r_cf": 0.0009869201361270687}
{"arm": "random", "seed": 876013, "copy_at_release": 1, "on_branch": true, "hold_n_G_pos": 0, "status": "ok", "t_sw": 7250, "r_traj": 0.003304728027356374, "r_cf": 0.0032874025683248768}
{"arm": "random", "seed": 876014, "copy_at_release": 1, "on_branch": true, "hold_n_G_pos": 0, "status": "ok", "t_sw": 4584, "r_traj": 1.334340215874974e-06, "r_cf": 0.0006986391502665152}
{"arm": "random", "seed": 876015, "copy_at_release": 1, "on_branch": true, "hold_n_G_pos": 0, "status": "ok", "t_sw": 4813, "r_traj": 0.004078561722365981, "r_cf": 0.00410790453984064}
{"arm": "random", "seed": 876016, "copy_at_release": 1, "on_branch": true, "hold_n_G_pos": 0, "status": "ok", "t_sw": 5907, "r_traj": 0.0021339233096377974, "r_cf": 0.0023450468224371123}
{"arm": "random", "seed": 876017, "copy_at_release": -1, "on_branch": true, "hold_n_G_pos": 0, "status": "ok", "t_sw": 9260, "r_traj": 0.002533064008692243, "r_cf": 0.002505640108673384}
{"arm": "random", "seed": 876018, "copy_at_release": 1, "on_branch": true, "hold_n_G_pos": 0, "status": "ok", "t_sw": 5012, "r_traj": 0.0029549029323221454, "r_cf": 0.0030978984970721725}
{"arm": "random", "seed": 876019, "copy_at_release": -1, "on_branch": true, "hold_n_G_pos": 0, "status": "ok", "t_sw": 4759, "r_traj": 0.00312461417538068, "r_cf": 0.0033260376325701868}
{"arm": "random", "seed": 876020, "copy_at_release": 1, "on_branch": true, "hold_n_G_pos": 0, "status": "ok", "t_sw": 4686, "r_traj": 0.00358407958081286, "r_cf": 0.00374238039293214}
{"arm": "random", "seed": 876021, "copy_at_release": -1, "on_branch": true, "hold_n_G_pos": 0, "status": "ok", "t_sw": 5446, "r_traj": 0.002619616412963044, "r_cf": 0.002722142547447143}
{"arm": "random", "seed": 876022, "copy_at_release": -1, "on_branch": true, "hold_n_G_pos": 0, "status": "ok", "t_sw": 5545, "r_traj": 0.00419493028849649, "r_cf": 0.004166293123016576}
{"arm": "random", "seed": 876023, "copy_at_release": -1, "on_branch": true, "hold_n_G_pos": 0, "status": "ok", "t_sw": 12013, "r_traj": 0.0027938340208746304, "r_cf": 0.0027446605463785226}
{"arm": "random", "seed": 876024, "copy_at_release": 1, "on_branch": true, "hold_n_G_pos": 0, "status": "ok", "t_sw": 7333, "r_traj": 0.001728276479899371, "r_cf": 0.001799097911171705}
{"arm": "random", "seed": 876025, "copy_at_release": 1, "on_branch": true, "hold_n_G_pos": 0, "status": "ok", "t_sw": 7241, "r_traj": 0.0028693981818228576, "r_cf": 0.00288770234701167}
{"arm": "random", "seed": 876026, "copy_at_release": -1, "on_branch": true, "hold_n_G_pos": 1, "status": "ok", "t_sw": 3828, "r_traj": -0.002906971396715252, "r_cf": -0.0011655310808021515}
{"arm": "random", "seed": 876027, "copy_at_release": 1, "on_branch": true, "hold_n_G_pos": 0, "status": "ok", "t_sw": 5319, "r_traj": 0.002976134398836816, "r_cf": 0.003079350327992078}
{"arm": "random", "seed": 876028, "copy_at_release": 1, "on_branch": true, "hold_n_G_pos": 0, "status": "ok", "t_sw": 6481, "r_traj": 0.0028701405294619953, "r_cf": 0.0029488912027515}
{"arm": "random", "seed": 876029, "copy_at_release": -1, "on_branch": true, "hold_n_G_pos": 2, "status": "ok", "t_sw": 9561, "r_traj": 0.00312573575248809, "r_cf": 0.0031262328019291226}
{"arm": "random", "seed": 876030, "copy_at_release": -1, "on_branch": true, "hold_n_G_pos": 0, "status": "ok", "t_sw": 2304, "r_traj": -0.012878124784238332, "r_cf": -0.005016992498609924}
{"arm": "random", "seed": 876031, "copy_at_release": 1, "on_branch": true, "hold_n_G_pos": 0, "status": "ok", "t_sw": 5326, "r_traj": 0.0026913759137181525, "r_cf": 0.002876922783295197}
{"arm": "random", "seed": 876032, "copy_at_release": -1, "on_branch": true, "hold_n_G_pos": 0, "status": "ok", "t_sw": 3986, "r_traj": 0.0017048401243306976, "r_cf": 0.00224394339260059}
{"arm": "random", "seed": 876033, "copy_at_release": -1, "on_branch": true, "hold_n_G_pos": 0, "status": "ok", "t_sw": 6031, "r_traj": 0.003756702617580432, "r_cf": 0.003781106275215218}
{"arm": "random", "seed": 876034, "copy_at_release": -1, "on_branch": true, "hold_n_G_pos": 0, "status": "ok", "t_sw": 7044, "r_traj": 0.002415440937081348, "r_cf": 0.002442425657446747}
{"arm": "random", "seed": 876035, "copy_at_release": 1, "on_branch": true, "hold_n_G_pos": 0, "status": "ok", "t_sw": 5509, "r_traj": 0.0022747022280849016, "r_cf": 0.002364602846533929}
{"arm": "random", "seed": 876036, "copy_at_release": -1, "on_branch": true, "hold_n_G_pos": 0, "status": "ok", "t_sw": 7641, "r_traj": 0.0027381583570147416, "r_cf": 0.002778103267654073}
{"arm": "random", "seed": 876037, "copy_at_release": 1, "on_branch": true, "hold_n_G_pos": 0, "status": "ok", "t_sw": 4106, "r_traj": 0.004723997945140113, "r_cf": 0.004818981822727867}
{"arm": "random", "seed": 876038, "copy_at_release": -1, "on_branch": true, "hold_n_G_pos": 0, "status": "ok", "t_sw": 2464, "r_traj": -0.013685258402098888, "r_cf": -0.005097234217654101}
{"arm": "random", "seed": 876039, "copy_at_release": -1, "on_branch": true, "hold_n_G_pos": 0, "status": "ok", "t_sw": 6668, "r_traj": 0.0036382476127541086, "r_cf": 0.003654296724725852}
{"arm": "random", "seed": 876040, "copy_at_release": -1, "on_branch": true, "hold_n_G_pos": 0, "status": "ok", "t_sw": 4827, "r_traj": -0.003125288630051015, "r_cf": -0.0015597089215660738}
{"arm": "random", "seed": 876041, "copy_at_release": -1, "on_branch": true, "hold_n_G_pos": 0, "status": "ok", "t_sw": 6154, "r_traj": 0.004054271263171039, "r_cf": 0.0040070304394992295}
{"arm": "random", "seed": 876042, "copy_at_release": -1, "on_branch": true, "hold_n_G_pos": 0, "status": "ok", "t_sw": 3821, "r_traj": 0.0005712109275894939, "r_cf": 0.001423992638197488}
{"arm": "random", "seed": 876043, "copy_at_release": -1, "on_branch": true, "hold_n_G_pos": 0, "status": "ok", "t_sw": 6182, "r_traj": 0.003010121337108762, "r_cf": 0.003017299680072}
{"arm": "random", "seed": 876044, "copy_at_release": -1, "on_branch": true, "hold_n_G_pos": 0, "status": "ok", "t_sw": 5943, "r_traj": 0.003208703096815091, "r_cf": 0.0033270644048648316}
{"arm": "random", "seed": 876045, "copy_at_release": -1, "on_branch": true, "hold_n_G_pos": 0, "status": "ok", "t_sw": 7265, "r_traj": 0.0027557225303838084, "r_cf": 0.002785039756944741}
{"arm": "random", "seed": 876046, "copy_at_release": -1, "on_branch": true, "hold_n_G_pos": 0, "status": "ok", "t_sw": 6774, "r_traj": 0.0027284495668882247, "r_cf": 0.0028250923450372526}
{"arm": "random", "seed": 876047, "copy_at_release": -1, "on_branch": true, "hold_n_G_pos": 0, "status": "ok", "t_sw": 5548, "r_traj": 0.0034704277676127493, "r_cf": 0.0035498732729043994}
{"arm": "random", "seed": 876048, "copy_at_release": -1, "on_branch": true, "hold_n_G_pos": 0, "status": "ok", "t_sw": 4990, "r_traj": -0.0011122004633307148, "r_cf": -0.00012609421753593744}
{"arm": "random", "seed": 876049, "copy_at_release": 1, "on_branch": true, "hold_n_G_pos": 3, "status": "ok", "t_sw": 4394, "r_traj": 0.003799938242067036, "r_cf": 0.0038759722599141524}
{"arm": "random", "seed": 876050, "copy_at_release": 1, "on_branch": true, "hold_n_G_pos": 0, "status": "ok", "t_sw": 7747, "r_traj": 0.00273491729158315, "r_cf": 0.002748499166241539}
{"arm": "random", "seed": 876051, "copy_at_release": 1, "on_branch": true, "hold_n_G_pos": 0, "status": "ok", "t_sw": 5767, "r_traj": 0.001340680505005576, "r_cf": 0.0015208770806316987}
{"arm": "random", "seed": 876052, "copy_at_release": 1, "on_branch": true, "hold_n_G_pos": 0, "status": "ok", "t_sw": 6446, "r_traj": 0.003795492909590248, "r_cf": 0.003821933156168394}
{"arm": "random", "seed": 876053, "copy_at_release": 1, "on_branch": true, "hold_n_G_pos": 0, "status": "ok", "t_sw": 4931, "r_traj": 0.004128118480007936, "r_cf": 0.004151527739300427}
{"arm": "random", "seed": 876054, "copy_at_release": -1, "on_branch": true, "hold_n_G_pos": 0, "status": "ok", "t_sw": 4788, "r_traj": 0.0026291139459604373, "r_cf": 0.0027702636967337326}
{"arm": "random", "seed": 876055, "copy_at_release": 1, "on_branch": true, "hold_n_G_pos": 0, "status": "ok", "t_sw": 6084, "r_traj": 0.0031527942998523795, "r_cf": 0.003269940889946239}
{"arm": "random", "seed": 876056, "copy_at_release": -1, "on_branch": true, "hold_n_G_pos": 0, "status": "ok", "t_sw": 7275, "r_traj": 0.00351953390520765, "r_cf": 0.003477170842425344}
{"arm": "random", "seed": 876057, "copy_at_release": 1, "on_branch": true, "hold_n_G_pos": 0, "status": "ok", "t_sw": 7954, "r_traj": 0.0034710497821590636, "r_cf": 0.003423651840473903}
{"arm": "random", "seed": 876058, "copy_at_release": -1, "on_branch": true, "hold_n_G_pos": 0, "status": "ok", "t_sw": 6741, "r_traj": 0.0027061819659341957, "r_cf": 0.0027099735927711443}
{"arm": "random", "seed": 876059, "copy_at_release": -1, "on_branch": true, "hold_n_G_pos": 0, "status": "ok", "t_sw": 7079, "r_traj": 0.003166319308880894, "r_cf": 0.003178346280035302}
{"arm": "random", "seed": 876060, "copy_at_release": 1, "on_branch": true, "hold_n_G_pos": 0, "status": "ok", "t_sw": 4408, "r_traj": 0.003911498449663764, "r_cf": 0.004028003066905768}
{"arm": "random", "seed": 876061, "copy_at_release": -1, "on_branch": true, "hold_n_G_pos": 0, "status": "ok", "t_sw": 4065, "r_traj": 0.0005108237956743533, "r_cf": 0.0013176204161512127}
{"arm": "random", "seed": 876062, "copy_at_release": 1, "on_branch": true, "hold_n_G_pos": 0, "status": "ok", "t_sw": 7177, "r_traj": 0.00405895981452975, "r_cf": 0.0040539382825357274}
{"arm": "random", "seed": 876063, "copy_at_release": -1, "on_branch": true, "hold_n_G_pos": 3, "status": "ok", "t_sw": 7319, "r_traj": 0.0035282267924234834, "r_cf": 0.0034926579467336413}
{"arm": "random", "seed": 876064, "copy_at_release": 1, "on_branch": true, "hold_n_G_pos": 0, "status": "ok", "t_sw": 4408, "r_traj": 0.001670737344600326, "r_cf": 0.002138718640334699}
{"arm": "random", "seed": 876065, "copy_at_release": 1, "on_branch": true, "hold_n_G_pos": 0, "status": "ok", "t_sw": 4651, "r_traj": 0.0013735934275365125, "r_cf": 0.0019223656687558008}
{"arm": "random", "seed": 876066, "copy_at_release": 1, "on_branch": true, "hold_n_G_pos": 0, "status": "ok", "t_sw": 6653, "r_traj": 0.003263248394302476, "r_cf": 0.0032634103103530623}
{"arm": "random", "seed": 876067, "copy_at_release": 1, "on_branch": true, "hold_n_G_pos": 0, "status": "ok", "t_sw": 3607, "r_traj": -0.0041492314848150524, "r_cf": -0.001837470471658322}
{"arm": "random", "seed": 876068, "copy_at_release": -1, "on_branch": true, "hold_n_G_pos": 0, "status": "ok", "t_sw": 9667, "r_traj": 0.002381468802287179, "r_cf": 0.002365794220964986}
{"arm": "random", "seed": 876069, "copy_at_release": 1, "on_branch": true, "hold_n_G_pos": 0, "status": "ok", "t_sw": 6570, "r_traj": 0.0036779883056954343, "r_cf": 0.003680320967271424}
{"arm": "random", "seed": 876070, "copy_at_release": -1, "on_branch": true, "hold_n_G_pos": 0, "status": "ok", "t_sw": 9412, "r_traj": 0.00267299976130686, "r_cf": 0.00266305399271581}
{"arm": "random", "seed": 876071, "copy_at_release": 1, "on_branch": true, "hold_n_G_pos": 0, "status": "ok", "t_sw": 4197, "r_traj": -0.0006231048002742767, "r_cf": 0.0004350755914452278}
{"arm": "random", "seed": 876072, "copy_at_release": 1, "on_branch": true, "hold_n_G_pos": 0, "status": "ok", "t_sw": 5826, "r_traj": 0.0019563020686073074, "r_cf": 0.0021977711601723683}
{"arm": "random", "seed": 876073, "copy_at_release": 1, "on_branch": true, "hold_n_G_pos": 0, "status": "ok", "t_sw": 6762, "r_traj": 0.0027153288829480093, "r_cf": 0.002764852775155917}
{"arm": "random", "seed": 876074, "copy_at_release": -1, "on_branch": true, "hold_n_G_pos": 0, "status": "ok", "t_sw": 4372, "r_traj": 0.0028468380396404758, "r_cf": 0.0030509623079974066}
{"arm": "random", "seed": 876075, "copy_at_release": -1, "on_branch": true, "hold_n_G_pos": 0, "status": "ok", "t_sw": 5444, "r_traj": 0.003277768523514357, "r_cf": 0.003376419172850037}
{"arm": "random", "seed": 876076, "copy_at_release": 1, "on_branch": true, "hold_n_G_pos": 0, "status": "ok", "t_sw": 7090, "r_traj": 0.0034304316826578862, "r_cf": 0.003436513880158023}
{"arm": "random", "seed": 876077, "copy_at_release": 1, "on_branch": true, "hold_n_G_pos": 0, "status": "ok", "t_sw": 3265, "r_traj": -0.008698323045651213, "r_cf": -0.0040336186458778}
{"arm": "random", "seed": 876078, "copy_at_release": -1, "on_branch": true, "hold_n_G_pos": 0, "status": "ok", "t_sw": 4184, "r_traj": -0.011643316923049207, "r_cf": -0.0048268206885505515}
{"arm": "random", "seed": 876079, "copy_at_release": -1, "on_branch": true, "hold_n_G_pos": 0, "status": "ok", "t_sw": 6420, "r_traj": 0.003237993317482424, "r_cf": 0.0032712672132822183}
{"arm": "branch", "seed": 876000, "copy_at_release": 1, "on_branch": true, "hold_n_G_pos": 0, "status": "ok", "t_sw": 3836, "r_traj": 0.002020761189818643, "r_cf": 0.0023545989588871674}
{"arm": "branch", "seed": 876001, "copy_at_release": -1, "on_branch": true, "hold_n_G_pos": 0, "status": "ok", "t_sw": 4262, "r_traj": 0.0002810299270976646, "r_cf": 0.0010278050324346926}
{"arm": "branch", "seed": 876002, "copy_at_release": 1, "on_branch": true, "hold_n_G_pos": 0, "status": "ok", "t_sw": 8382, "r_traj": 0.0028760006916328518, "r_cf": 0.0028281377324489826}
{"arm": "branch", "seed": 876003, "copy_at_release": -1, "on_branch": true, "hold_n_G_pos": 0, "status": "ok", "t_sw": 9350, "r_traj": 0.002631792617408646, "r_cf": 0.0026435466477058725}
{"arm": "branch", "seed": 876004, "copy_at_release": 1, "on_branch": true, "hold_n_G_pos": 0, "status": "ok", "t_sw": 7454, "r_traj": 0.0004819473269570551, "r_cf": 0.0008036332828729818}
STOP (memory): free 37%, swap free 473.81 MB (need >= 25% and >= 500 MB)
{"arm": "branch", "seed": 876005, "copy_at_release": -1, "on_branch": true, "hold_n_G_pos": 0, "status": "ok", "t_sw": 5398, "r_traj": 0.0016022863211921923, "r_cf": 0.0018382933989665574}
{"arm": "branch", "seed": 876006, "copy_at_release": 1, "on_branch": true, "hold_n_G_pos": 0, "status": "ok", "t_sw": 7080, "r_traj": 0.0031237962819086196, "r_cf": 0.003195702639219225}
{"arm": "branch", "seed": 876007, "copy_at_release": -1, "on_branch": true, "hold_n_G_pos": 0, "status": "ok", "t_sw": 5100, "r_traj": 0.0023088982027854588, "r_cf": 0.0024917312141233615}
{"arm": "branch", "seed": 876008, "copy_at_release": 1, "on_branch": true, "hold_n_G_pos": 0, "status": "ok", "t_sw": 7924, "r_traj": 0.002630450159999187, "r_cf": 0.0026590747432150563}
{"arm": "branch", "seed": 876009, "copy_at_release": -1, "on_branch": true, "hold_n_G_pos": 0, "status": "ok", "t_sw": 4576, "r_traj": -0.0004060197807300714, "r_cf": 0.0006004870288383621}
{"arm": "branch", "seed": 876010, "copy_at_release": 1, "on_branch": true, "hold_n_G_pos": 0, "status": "ok", "t_sw": 5461, "r_traj": 0.0003664433539305456, "r_cf": 0.0008990510729346051}
{"arm": "branch", "seed": 876011, "copy_at_release": -1, "on_branch": true, "hold_n_G_pos": 0, "status": "ok", "t_sw": 4587, "r_traj": 0.002191178284217443, "r_cf": 0.0025090114982745408}
{"arm": "branch", "seed": 876012, "copy_at_release": 1, "on_branch": true, "hold_n_G_pos": 0, "status": "ok", "t_sw": 5407, "r_traj": 0.0013659887400694348, "r_cf": 0.0016556212738158555}
{"arm": "branch", "seed": 876013, "copy_at_release": -1, "on_branch": true, "hold_n_G_pos": 0, "status": "ok", "t_sw": 6488, "r_traj": 0.003498476887112023, "r_cf": 0.0035313970464358733}
{"arm": "branch", "seed": 876014, "copy_at_release": 1, "on_branch": true, "hold_n_G_pos": 0, "status": "ok", "t_sw": 4584, "r_traj": 1.3343402127663495e-06, "r_cf": 0.0006986391502665152}
{"arm": "branch", "seed": 876015, "copy_at_release": -1, "on_branch": true, "hold_n_G_pos": 0, "status": "ok", "t_sw": 7596, "r_traj": 0.003655285455523405, "r_cf": 0.0036333300006309677}
{"arm": "branch", "seed": 876016, "copy_at_release": 1, "on_branch": true, "hold_n_G_pos": 0, "status": "ok", "t_sw": 5907, "r_traj": 0.0021339233094377352, "r_cf": 0.0023450468224372753}
{"arm": "branch", "seed": 876017, "copy_at_release": -1, "on_branch": true, "hold_n_G_pos": 0, "status": "ok", "t_sw": 9260, "r_traj": 0.002533064008692021, "r_cf": 0.002505640108673384}
{"arm": "branch", "seed": 876018, "copy_at_release": 1, "on_branch": true, "hold_n_G_pos": 0, "status": "ok", "t_sw": 5012, "r_traj": 0.0029549029323214793, "r_cf": 0.0030978984970721725}
{"arm": "branch", "seed": 876019, "copy_at_release": -1, "on_branch": true, "hold_n_G_pos": 0, "status": "ok", "t_sw": 4759, "r_traj": 0.003124614175380458, "r_cf": 0.0033260376325701868}
{"arm": "branch", "seed": 876020, "copy_at_release": 1, "on_branch": true, "hold_n_G_pos": 0, "status": "ok", "t_sw": 4686, "r_traj": 0.003584079580811972, "r_cf": 0.00374238039293214}
{"arm": "branch", "seed": 876021, "copy_at_release": -1, "on_branch": true, "hold_n_G_pos": 0, "status": "ok", "t_sw": 5446, "r_traj": 0.0026196164129619337, "r_cf": 0.002722142547447143}
{"arm": "branch", "seed": 876022, "copy_at_release": 1, "on_branch": true, "hold_n_G_pos": 0, "status": "ok", "t_sw": 7130, "r_traj": 0.0035346171010781635, "r_cf": 0.003527904634690705}
{"arm": "branch", "seed": 876023, "copy_at_release": -1, "on_branch": true, "hold_n_G_pos": 0, "status": "ok", "t_sw": 12013, "r_traj": 0.0027938340208744084, "r_cf": 0.0027446605463785226}
{"arm": "branch", "seed": 876024, "copy_at_release": 1, "on_branch": true, "hold_n_G_pos": 0, "status": "ok", "t_sw": 7333, "r_traj": 0.0017282764798183248, "r_cf": 0.001799097911171705}
{"arm": "branch", "seed": 876025, "copy_at_release": -1, "on_branch": true, "hold_n_G_pos": 0, "status": "ok", "t_sw": 5619, "r_traj": 0.004208963858652659, "r_cf": 0.004234918066040445}
{"arm": "branch", "seed": 876026, "copy_at_release": 1, "on_branch": true, "hold_n_G_pos": 0, "status": "ok", "t_sw": 5780, "r_traj": 0.0033898659260396258, "r_cf": 0.003422960805261433}
{"arm": "branch", "seed": 876027, "copy_at_release": -1, "on_branch": true, "hold_n_G_pos": 0, "status": "ok", "t_sw": 6156, "r_traj": 0.003986194325112713, "r_cf": 0.0040366600095471435}
{"arm": "branch", "seed": 876028, "copy_at_release": 1, "on_branch": true, "hold_n_G_pos": 0, "status": "ok", "t_sw": 6481, "r_traj": 0.0028701405294619953, "r_cf": 0.0029488912027515}
{"arm": "branch", "seed": 876029, "copy_at_release": -1, "on_branch": true, "hold_n_G_pos": 0, "status": "ok", "t_sw": 9561, "r_traj": 0.00312573575248809, "r_cf": 0.0031262328019291226}
{"arm": "branch", "seed": 876030, "copy_at_release": 1, "on_branch": true, "hold_n_G_pos": 0, "status": "ok", "t_sw": 9957, "r_traj": 0.002385530783740153, "r_cf": 0.002387820933637841}
{"arm": "branch", "seed": 876031, "copy_at_release": -1, "on_branch": true, "hold_n_G_pos": 0, "status": "ok", "t_sw": 6163, "r_traj": 0.0037218275236516885, "r_cf": 0.0037266245596664347}
{"arm": "branch", "seed": 876032, "copy_at_release": 1, "on_branch": true, "hold_n_G_pos": 0, "status": "ok", "t_sw": 8054, "r_traj": 0.0031411029774379706, "r_cf": 0.0031002089727016854}
{"arm": "branch", "seed": 876033, "copy_at_release": -1, "on_branch": true, "hold_n_G_pos": 0, "status": "ok", "t_sw": 6031, "r_traj": 0.00375670261758021, "r_cf": 0.003781106275215218}
{"arm": "branch", "seed": 876034, "copy_at_release": 1, "on_branch": true, "hold_n_G_pos": 0, "status": "ok", "t_sw": 3363, "r_traj": -0.0007354149968255008, "r_cf": 0.0007983471580825603}
{"arm": "branch", "seed": 876035, "copy_at_release": -1, "on_branch": true, "hold_n_G_pos": 0, "status": "ok", "t_sw": 3590, "r_traj": -0.0018847265379158262, "r_cf": -0.0002774212987450244}
{"arm": "branch", "seed": 876036, "copy_at_release": 1, "on_branch": true, "hold_n_G_pos": 0, "status": "ok", "t_sw": 4255, "r_traj": 0.0035922497043046064, "r_cf": 0.0037874137838131974}
{"arm": "branch", "seed": 876037, "copy_at_release": -1, "on_branch": true, "hold_n_G_pos": 0, "status": "ok", "t_sw": 10334, "r_traj": 0.002776927452315059, "r_cf": 0.0027596964208442725}
{"arm": "branch", "seed": 876038, "copy_at_release": 1, "on_branch": true, "hold_n_G_pos": 0, "status": "ok", "t_sw": 10560, "r_traj": 0.0023325648348730965, "r_cf": 0.0022925275313607986}
{"arm": "branch", "seed": 876039, "copy_at_release": -1, "on_branch": true, "hold_n_G_pos": 0, "status": "ok", "t_sw": 6668, "r_traj": 0.0036382476127534424, "r_cf": 0.003654296724725852}
{"arm": "branch", "seed": 876040, "copy_at_release": 1, "on_branch": true, "hold_n_G_pos": 0, "status": "ok", "t_sw": 4716, "r_traj": 0.0024819184007600636, "r_cf": 0.002664050168308404}
{"arm": "branch", "seed": 876041, "copy_at_release": -1, "on_branch": true, "hold_n_G_pos": 0, "status": "ok", "t_sw": 6154, "r_traj": 0.004054271263170817, "r_cf": 0.0040070304394992295}
{"arm": "branch", "seed": 876042, "copy_at_release": 1, "on_branch": true, "hold_n_G_pos": 0, "status": "ok", "t_sw": 7434, "r_traj": 0.003265297178857818, "r_cf": 0.0032264751123385637}
{"arm": "branch", "seed": 876043, "copy_at_release": -1, "on_branch": true, "hold_n_G_pos": 0, "status": "ok", "t_sw": 6182, "r_traj": 0.003010121337108096, "r_cf": 0.003017299680072}
{"arm": "branch", "seed": 876044, "copy_at_release": 1, "on_branch": true, "hold_n_G_pos": 0, "status": "ok", "t_sw": 6434, "r_traj": 0.0035869959163661314, "r_cf": 0.0036156328021351774}
{"arm": "branch", "seed": 876045, "copy_at_release": -1, "on_branch": true, "hold_n_G_pos": 0, "status": "ok", "t_sw": 7265, "r_traj": 0.0027557225303831423, "r_cf": 0.002785039756944741}
{"arm": "branch", "seed": 876046, "copy_at_release": 1, "on_branch": true, "hold_n_G_pos": 0, "status": "ok", "t_sw": 5009, "r_traj": 0.00386177398244536, "r_cf": 0.003919169537848284}
{"arm": "branch", "seed": 876047, "copy_at_release": -1, "on_branch": true, "hold_n_G_pos": 0, "status": "ok", "t_sw": 5548, "r_traj": 0.0034704277676127493, "r_cf": 0.0035498732729043994}
{"arm": "branch", "seed": 876048, "copy_at_release": 1, "on_branch": true, "hold_n_G_pos": 0, "status": "ok", "t_sw": 6146, "r_traj": 0.003108054489785239, "r_cf": 0.003143498129043172}
{"arm": "branch", "seed": 876049, "copy_at_release": -1, "on_branch": true, "hold_n_G_pos": 0, "status": "ok", "t_sw": 6834, "r_traj": 0.002280418915074911, "r_cf": 0.002370435042297715}
{"arm": "branch", "seed": 876050, "copy_at_release": 1, "on_branch": true, "hold_n_G_pos": 0, "status": "ok", "t_sw": 7747, "r_traj": 0.0027349172915822617, "r_cf": 0.002748499166241539}
{"arm": "branch", "seed": 876051, "copy_at_release": -1, "on_branch": true, "hold_n_G_pos": 0, "status": "ok", "t_sw": 3949, "r_traj": -0.0005299822745536975, "r_cf": 0.0005472290791669444}
{"arm": "branch", "seed": 876052, "copy_at_release": 1, "on_branch": true, "hold_n_G_pos": 0, "status": "ok", "t_sw": 6446, "r_traj": 0.0037954929095895817, "r_cf": 0.003821933156168394}
{"arm": "branch", "seed": 876053, "copy_at_release": -1, "on_branch": true, "hold_n_G_pos": 0, "status": "ok", "t_sw": 6590, "r_traj": 0.0024759707910197992, "r_cf": 0.0025516233271121696}
{"arm": "branch", "seed": 876054, "copy_at_release": 1, "on_branch": true, "hold_n_G_pos": 0, "status": "ok", "t_sw": 6542, "r_traj": 0.0035395605648886885, "r_cf": 0.003524540786220611}
{"arm": "branch", "seed": 876055, "copy_at_release": -1, "on_branch": true, "hold_n_G_pos": 0, "status": "ok", "t_sw": 7875, "r_traj": 0.0037253989819221456, "r_cf": 0.0036745526894085556}
{"arm": "branch", "seed": 876056, "copy_at_release": 1, "on_branch": true, "hold_n_G_pos": 0, "status": "ok", "t_sw": 4239, "r_traj": 0.0007811171003067052, "r_cf": 0.0014756403394061413}
{"arm": "branch", "seed": 876057, "copy_at_release": -1, "on_branch": true, "hold_n_G_pos": 0, "status": "ok", "t_sw": 4810, "r_traj": 0.0026415900124048264, "r_cf": 0.002790056293106692}
{"arm": "branch", "seed": 876058, "copy_at_release": 1, "on_branch": true, "hold_n_G_pos": 0, "status": "ok", "t_sw": 6086, "r_traj": 0.00401775536275939, "r_cf": 0.004069311080173956}
{"arm": "branch", "seed": 876059, "copy_at_release": -1, "on_branch": true, "hold_n_G_pos": 0, "status": "ok", "t_sw": 7079, "r_traj": 0.0031663193088804498, "r_cf": 0.003178346280035302}
{"arm": "branch", "seed": 876060, "copy_at_release": 1, "on_branch": true, "hold_n_G_pos": 0, "status": "ok", "t_sw": 4408, "r_traj": 0.003911498449663542, "r_cf": 0.004028003066905768}
{"arm": "branch", "seed": 876061, "copy_at_release": -1, "on_branch": true, "hold_n_G_pos": 0, "status": "ok", "t_sw": 4065, "r_traj": 0.0005108237956743533, "r_cf": 0.0013176204161512127}
{"arm": "branch", "seed": 876062, "copy_at_release": 1, "on_branch": true, "hold_n_G_pos": 0, "status": "ok", "t_sw": 7177, "r_traj": 0.00405895981452975, "r_cf": 0.0040539382825357274}
{"arm": "branch", "seed": 876063, "copy_at_release": -1, "on_branch": true, "hold_n_G_pos": 0, "status": "ok", "t_sw": 7319, "r_traj": 0.0035282267924234834, "r_cf": 0.0034926579467336413}
{"arm": "branch", "seed": 876064, "copy_at_release": 1, "on_branch": true, "hold_n_G_pos": 0, "status": "ok", "t_sw": 4408, "r_traj": 0.001670737344600326, "r_cf": 0.002138718640334699}
{"arm": "branch", "seed": 876065, "copy_at_release": -1, "on_branch": true, "hold_n_G_pos": 0, "status": "ok", "t_sw": 7255, "r_traj": 0.003270241101649196, "r_cf": 0.0032456682318170796}
{"arm": "branch", "seed": 876066, "copy_at_release": 1, "on_branch": true, "hold_n_G_pos": 0, "status": "ok", "t_sw": 6653, "r_traj": 0.003263248394302476, "r_cf": 0.0032634103103530623}
{"arm": "branch", "seed": 876067, "copy_at_release": -1, "on_branch": true, "hold_n_G_pos": 0, "status": "ok", "t_sw": 5250, "r_traj": 0.0004150917035927737, "r_cf": 0.0007737677164987604}
{"arm": "branch", "seed": 876068, "copy_at_release": 1, "on_branch": true, "hold_n_G_pos": 0, "status": "ok", "t_sw": 2478, "r_traj": -0.005203877528241585, "r_cf": -0.0009366680157917935}
{"arm": "branch", "seed": 876069, "copy_at_release": -1, "on_branch": true, "hold_n_G_pos": 0, "status": "ok", "t_sw": 6658, "r_traj": 0.003360694078628157, "r_cf": 0.0033935876873999586}
{"arm": "branch", "seed": 876070, "copy_at_release": 1, "on_branch": true, "hold_n_G_pos": 0, "status": "ok", "t_sw": 3412, "r_traj": 0.0014623587703888052, "r_cf": 0.0022183011452122435}
{"arm": "branch", "seed": 876071, "copy_at_release": -1, "on_branch": true, "hold_n_G_pos": 0, "status": "ok", "t_sw": 7841, "r_traj": 0.003043776064691306, "r_cf": 0.0030464550753593}
{"arm": "branch", "seed": 876072, "copy_at_release": 1, "on_branch": true, "hold_n_G_pos": 0, "status": "ok", "t_sw": 5826, "r_traj": 0.001956302068496063, "r_cf": 0.0021977711601724056}
{"arm": "branch", "seed": 876073, "copy_at_release": -1, "on_branch": true, "hold_n_G_pos": 0, "status": "ok", "t_sw": 4698, "r_traj": 0.002841700816669679, "r_cf": 0.0030916080538765274}
{"arm": "branch", "seed": 876074, "copy_at_release": 1, "on_branch": true, "hold_n_G_pos": 0, "status": "ok", "t_sw": 7168, "r_traj": 0.003257447787764267, "r_cf": 0.0032562636603685295}
{"arm": "branch", "seed": 876075, "copy_at_release": -1, "on_branch": true, "hold_n_G_pos": 0, "status": "ok", "t_sw": 5444, "r_traj": 0.003277768523513469, "r_cf": 0.003376419172850037}
{"arm": "branch", "seed": 876076, "copy_at_release": 1, "on_branch": true, "hold_n_G_pos": 0, "status": "ok", "t_sw": 7090, "r_traj": 0.003430431682657664, "r_cf": 0.003436513880158023}
{"arm": "branch", "seed": 876077, "copy_at_release": -1, "on_branch": true, "hold_n_G_pos": 0, "status": "ok", "t_sw": 5835, "r_traj": 0.002408234337280213, "r_cf": 0.0024713185533467145}
{"arm": "branch", "seed": 876078, "copy_at_release": 1, "on_branch": true, "hold_n_G_pos": 0, "status": "ok", "t_sw": 9514, "r_traj": 0.0032487538448742193, "r_cf": 0.003192645639818074}
{"arm": "branch", "seed": 876079, "copy_at_release": -1, "on_branch": true, "hold_n_G_pos": 0, "status": "ok", "t_sw": 6420, "r_traj": 0.003237993317482424, "r_cf": 0.0032712672132822183}
