Traceback (most recent call last):
  File "<frozen runpy>", line 198, in _run_module_as_main
  File "<frozen runpy>", line 88, in _run_code
  File "/Users/Evan/precision-topology/census/src/act_posthoc2.py", line 129, in <module>
    main(int(sys.argv[1]) if len(sys.argv) > 1 else 1)
  File "/Users/Evan/precision-topology/census/src/act_posthoc2.py", line 119, in main
    "frac_branch_placed_at_cross": float(pd.read_csv(OUT / "posthoc2_branch_switch.csv").query("act == @n").placed_at_cross_on_branch.mean())})
                                         ^^^^^^^^^^^^^^^^^^^^^^^^^^^^^^^^^^^^^^^^^^^^^^^^^^^^^^^^^^^^^^^^^^^^^^^^^^^^^^^^^^^^^^^^^^^^^^^^^^^
  File "/Users/Evan/precision-topology/census/.venv/lib/python3.11/site-packages/pandas/util/_decorators.py", line 336, in wrapper
    return func(*args, **kwargs)
           ^^^^^^^^^^^^^^^^^^^^^
  File "/Users/Evan/precision-topology/census/.venv/lib/python3.11/site-packages/pandas/core/series.py", line 8113, in mean
    return NDFrame.mean(
           ^^^^^^^^^^^^^
  File "/Users/Evan/precision-topology/census/.venv/lib/python3.11/site-packages/pandas/core/generic.py", line 11819, in mean
    return self._stat_function(
           ^^^^^^^^^^^^^^^^^^^^
  File "/Users/Evan/precision-topology/census/.venv/lib/python3.11/site-packages/pandas/core/generic.py", line 11773, in _stat_function
    return self._reduce(
           ^^^^^^^^^^^^^
  File "/Users/Evan/precision-topology/census/.venv/lib/python3.11/site-packages/pandas/core/series.py", line 7480, in _reduce
    result = delegate._reduce(name, skipna=skipna, **kwds)
             ^^^^^^^^^^^^^^^^^^^^^^^^^^^^^^^^^^^^^^^^^^^^^
  File "/Users/Evan/precision-topology/census/.venv/lib/python3.11/site-packages/pandas/core/arrays/string_arrow.py", line 564, in _reduce
    raise TypeError(f"Cannot perform reduction '{name}' with string dtype")
TypeError: Cannot perform reduction 'mean' with string dtype
