{"s": 0.4869675251658631, "status": "placed"}
{"s": 0.4531583637600818, "status": "placed"}
{"s": 0.43714448126110894, "status": "unplaced"}
{"bracket": [0.43714448126110894, 0.4531583637600818]}
{"validated": true, "s_lo": 0.43714448126110894, "s_hi": 0.4531583637600818}
{
 "budget": 32000,
 "k": 0.04209000187726526,
 "r1": 0.09261,
 "s_hi": 0.4531583637600818,
 "s_lo": 0.43714448126110894,
 "seeds": [
  600000,
  600079
 ],
 "seeds_ext": [
  600080,
  600159
 ],
 "w2_std_median": 0.97946
} 93cbfb81048a9c9aba848b90cfd2ecb8a44c4f4324149c6ff0bcb793bf309d42
FROZEN
