width=2 gelu: mean test errors 1088.8/10000
width=2 tanh: mean test errors 868.8/10000
width=2 relu: mean test errors 958.0/10000
width=2 leaky_relu: mean test errors 986.8/10000
width=4 gelu: mean test errors 610.2/10000
width=4 tanh: mean test errors 520.2/10000
width=4 relu: mean test errors 564.0/10000
width=4 leaky_relu: mean test errors 568.6/10000
width=6 gelu: mean test errors 483.2/10000
width=6 tanh: mean test errors 422.0/10000
width=6 relu: mean test errors 490.8/10000
width=6 leaky_relu: mean test errors 525.8/10000
width=8 gelu: mean test errors 469.0/10000
width=8 tanh: mean test errors 421.8/10000
width=8 relu: mean test errors 458.8/10000
width=8 leaky_relu: mean test errors 459.4/10000
width=10 gelu: mean test errors 459.3/10000
width=10 tanh: mean test errors 383.3/10000
width=10 relu: mean test errors 463.2/10000
width=10 leaky_relu: mean test errors 449.8/10000
width=12 gelu: mean test errors 459.3/10000
width=12 tanh: mean test errors 392.3/10000
width=12 relu: mean test errors 449.4/10000
width=12 leaky_relu: mean test errors 451.6/10000
width=16 gelu: mean test errors 455.6/10000
width=16 tanh: mean test errors 377.9/10000
width=16 relu: mean test errors 434.0/10000
width=16 leaky_relu: mean test errors 412.2/10000
width=24 gelu: mean test errors 436.5/10000
width=24 tanh: mean test errors 375.7/10000
width=24 relu: mean test errors 432.0/10000
width=24 leaky_relu: mean test errors 420.4/10000
width=32 gelu: mean test errors 441.0/10000
width=32 tanh: mean test errors 371.6/10000
width=32 relu: mean test errors 429.8/10000
width=32 leaky_relu: mean test errors 423.8/10000
width=48 gelu: mean test errors 405.2/10000
width=48 tanh: mean test errors 365.8/10000
width=48 relu: mean test errors 412.6/10000
width=48 leaky_relu: mean test errors 393.6/10000
done
