family B onsets over 64x budget range (matching family A)
  B=2000 alpha=-0.2: rate=0.550
  B=2000 alpha=-0.1: rate=0.550
  B=2000 alpha=-0.05: rate=0.575
  B=2000 alpha=-0.03: rate=0.475
B=2000: onset=-0.05 bracketed=True
  B=8000 alpha=-0.2: rate=0.550
  B=8000 alpha=-0.1: rate=0.550
  B=8000 alpha=-0.05: rate=0.500
  B=8000 alpha=-0.03: rate=0.425
B=8000: onset=-0.05 bracketed=True
  B=32000 alpha=-0.2: rate=0.575
  B=32000 alpha=-0.1: rate=0.475
B=32000: onset=-0.2 bracketed=True
  B=128000 alpha=-0.2: rate=0.625
  B=128000 alpha=-0.1: rate=0.525
  B=128000 alpha=-0.05: rate=0.475
B=128000: onset=-0.1 bracketed=True

family B onset exponent over 64x range = +0.2500 (n=4)
law predicts (beta=1): -1.1172
