  q=4.000 B=2000 eps=0.60000: rate=0.850
  q=4.000 B=2000 eps=0.40000: rate=0.850
  q=4.000 B=2000 eps=0.25000: rate=0.850
  q=4.000 B=2000 eps=0.15000: rate=0.150
q=4.000 B=2000: onset_eps=0.25 bracketed=True
  q=4.000 B=8000 eps=0.60000: rate=0.900
  q=4.000 B=8000 eps=0.40000: rate=0.900
  q=4.000 B=8000 eps=0.25000: rate=0.875
  q=4.000 B=8000 eps=0.15000: rate=0.875
  q=4.000 B=8000 eps=0.10000: rate=0.900
  q=4.000 B=8000 eps=0.06000: rate=0.775
  q=4.000 B=8000 eps=0.04000: rate=0.025
q=4.000 B=8000: onset_eps=0.06 bracketed=True
  q=4.000 B=32000 eps=0.60000: rate=0.950
  q=4.000 B=32000 eps=0.40000: rate=0.950
  q=4.000 B=32000 eps=0.25000: rate=0.925
  q=4.000 B=32000 eps=0.15000: rate=0.925
  q=4.000 B=32000 eps=0.10000: rate=0.950
  q=4.000 B=32000 eps=0.06000: rate=0.900
  q=4.000 B=32000 eps=0.04000: rate=0.900
  q=4.000 B=32000 eps=0.02500: rate=0.900
  q=4.000 B=32000 eps=0.01500: rate=0.450
q=4.000 B=32000: onset_eps=0.025 bracketed=True
  q=4.000 B=128000 eps=0.60000: rate=0.950
  q=4.000 B=128000 eps=0.40000: rate=0.950
  q=4.000 B=128000 eps=0.25000: rate=0.950
  q=4.000 B=128000 eps=0.15000: rate=0.925
  q=4.000 B=128000 eps=0.10000: rate=0.950
  q=4.000 B=128000 eps=0.06000: rate=0.900
  q=4.000 B=128000 eps=0.04000: rate=0.900
  q=4.000 B=128000 eps=0.02500: rate=0.900
  q=4.000 B=128000 eps=0.01500: rate=0.875
  q=4.000 B=128000 eps=0.01000: rate=0.900
  q=4.000 B=128000 eps=0.00600: rate=0.850
q=4.000 B=128000: onset_eps=0.006 bracketed=False
*** q4_beta1.25: beta=1.250 measured exponent=-0.8305 predicted=-0.8938 n=3
  q=0.667 B=2000 eps=0.60000: rate=0.425
  q=0.667 B=2000 eps=0.40000: rate=0.000
  q=0.667 B=2000 eps=0.25000: rate=0.000
  q=0.667 B=2000 eps=0.15000: rate=0.000
  q=0.667 B=2000 eps=0.10000: rate=0.000
  q=0.667 B=2000 eps=0.06000: rate=0.000
  q=0.667 B=2000 eps=0.04000: rate=0.000
  q=0.667 B=2000 eps=0.02500: rate=0.000
  q=0.667 B=2000 eps=0.01500: rate=0.000
  q=0.667 B=2000 eps=0.01000: rate=0.000
  q=0.667 B=2000 eps=0.00600: rate=0.000
q=0.667 B=2000: onset_eps=None bracketed=False
  q=0.667 B=8000 eps=0.60000: rate=0.725
  q=0.667 B=8000 eps=0.40000: rate=0.725
  q=0.667 B=8000 eps=0.25000: rate=0.000
q=0.667 B=8000: onset_eps=0.4 bracketed=True
  q=0.667 B=32000 eps=0.60000: rate=0.725
  q=0.667 B=32000 eps=0.40000: rate=0.725
  q=0.667 B=32000 eps=0.25000: rate=0.700
  q=0.667 B=32000 eps=0.15000: rate=0.325
q=0.667 B=32000: onset_eps=0.25 bracketed=True
  q=0.667 B=128000 eps=0.60000: rate=0.725
  q=0.667 B=128000 eps=0.40000: rate=0.725
  q=0.667 B=128000 eps=0.25000: rate=0.700
  q=0.667 B=128000 eps=0.15000: rate=0.750
  q=0.667 B=128000 eps=0.10000: rate=0.750
  q=0.667 B=128000 eps=0.06000: rate=0.000
q=0.667 B=128000: onset_eps=0.1 bracketed=True
*** q0.667_beta2.5: beta=2.500 measured exponent=-0.5000 predicted=-0.4469 n=3
done
