  cached B=2000 a=1.7: rate=0.650
  cached B=2000 a=1.6: rate=0.550
  cached B=2000 a=1.55: rate=0.450
  cached B=2000 a=1.5: rate=0.375
  cached B=2000 a=1.45: rate=0.175
  cached B=8000 a=1.3: rate=0.900
  cached B=8000 a=1.25: rate=0.875
  cached B=8000 a=1.2: rate=0.775
  cached B=8000 a=1.18: rate=0.600
  cached B=8000 a=1.16: rate=0.200
  cached B=8000 a=1.14: rate=0.000
  cached B=32000 a=1.12: rate=0.925
  cached B=32000 a=1.1: rate=0.925
  cached B=32000 a=1.08: rate=0.925
  cached B=32000 a=1.06: rate=0.650
  cached B=32000 a=1.05: rate=0.000
  cached B=32000 a=1.04: rate=0.000
  cached B=128000 a=1.06: rate=1.000
  cached B=128000 a=1.05: rate=1.000
  cached B=128000 a=1.04: rate=1.000
  cached B=128000 a=1.035: rate=1.000
  cached B=128000 a=1.03: rate=0.700
  cached B=128000 a=1.025: rate=0.000

point estimate (no resampling): -0.7275
bootstrap n=600: mean -0.7285  sd 0.0191
95% interval: [-0.7609, -0.7065]   half-width 0.0272
grid-resolution term previously propagated: +-0.1140
ratio: 0.24x
done
