B=4000 a=1.45: rate=0.775
B=4000 a=1.4: rate=0.750
B=4000 a=1.35: rate=0.650
B=4000 a=1.32: rate=0.525
B=4000 a=1.3: rate=0.450
B=4000: onset=1.32 bracketed=True
B=64000 a=1.1: rate=1.000
B=64000 a=1.07: rate=0.975
B=64000 a=1.06: rate=0.975
B=64000 a=1.05: rate=0.950
B=64000 a=1.045: rate=0.925
B=64000 a=1.04: rate=0.675
B=64000 a=1.035: rate=0.000
B=64000: onset=1.04 bracketed=True

BRACKETED CELLS: 6
 budget  onset  bracketed
   2000   1.60       True
   4000   1.32       True
   8000   1.18       True
  32000   1.06       True
  64000   1.04       True
 128000   1.03       True
SIX-POINT EXPONENT = -0.7340 (R^2 = 0.9900, n = 6)
REGISTERED band [-0.895, -0.595]; point -0.7448
VERDICT: WITHIN BAND
done
