{'a': 1.3, 'gamma': np.float64(0.0001), 'n_crossed': 8, 'median_eta_lambda': 11.257957697529204, 'median_pred_r': 6.667572109690676e-05}
{'a': 1.3, 'gamma': np.float64(0.00017689360204744251), 'n_crossed': 6, 'median_eta_lambda': 9.85528986709739, 'median_pred_r': 0.00013478586642208876}
{'a': 1.3, 'gamma': np.float64(0.0003129134644531899), 'n_crossed': 3, 'median_eta_lambda': 11.281007368573764, 'median_pred_r': 0.00016086165192983386}
{'a': 1.3, 'gamma': np.float64(0.0005535238985626913), 'n_crossed': 3, 'median_eta_lambda': 2.09563351412548, 'median_pred_r': 0.0019750071457114017}
{'a': 1.3, 'gamma': np.float64(0.0009791483623609774), 'n_crossed': 3, 'median_eta_lambda': 0.42291946338870245, 'median_pred_r': 0.017603697763116034}
{'a': 1.3, 'gamma': np.float64(0.0017320508075688776), 'n_crossed': 0, 'median_eta_lambda': nan, 'median_pred_r': nan}
{'a': 1.3, 'gamma': np.float64(0.0030638870628004046), 'n_crossed': 0, 'median_eta_lambda': nan, 'median_pred_r': nan}
{'a': 1.3, 'gamma': np.float64(0.005419820188053223), 'n_crossed': 0, 'median_eta_lambda': nan, 'median_pred_r': nan}
{'a': 1.3, 'gamma': np.float64(0.009587315155141827), 'n_crossed': 0, 'median_eta_lambda': nan, 'median_pred_r': nan}
{'a': 1.3, 'gamma': np.float64(0.01695934711757073), 'n_crossed': 0, 'median_eta_lambda': nan, 'median_pred_r': nan}
{'a': 1.3, 'gamma': np.float64(0.03), 'n_crossed': 0, 'median_eta_lambda': nan, 'median_pred_r': nan}
{'a': 1.5, 'gamma': np.float64(0.0001), 'n_crossed': 8, 'median_eta_lambda': 11.53420184960022, 'median_pred_r': 3.55722435969005e-05}
{'a': 1.5, 'gamma': np.float64(0.00017689360204744251), 'n_crossed': 6, 'median_eta_lambda': 4.3702553897472125, 'median_pred_r': 0.00018060049900058575}
{'a': 1.5, 'gamma': np.float64(0.0003129134644531899), 'n_crossed': 3, 'median_eta_lambda': 2.1698218197650134, 'median_pred_r': 0.0003349889810389793}
{'a': 1.5, 'gamma': np.float64(0.0005535238985626913), 'n_crossed': 3, 'median_eta_lambda': 0.781979579241863, 'median_pred_r': 0.0017795895468431231}
{'a': 1.5, 'gamma': np.float64(0.0009791483623609774), 'n_crossed': 3, 'median_eta_lambda': 0.3559134601125256, 'median_pred_r': 0.007296909372362776}
{'a': 1.5, 'gamma': np.float64(0.0017320508075688776), 'n_crossed': 2, 'median_eta_lambda': 0.10153386325107001, 'median_pred_r': 0.20529741793905015}
{'a': 1.5, 'gamma': np.float64(0.0030638870628004046), 'n_crossed': 0, 'median_eta_lambda': nan, 'median_pred_r': nan}
{'a': 1.5, 'gamma': np.float64(0.005419820188053223), 'n_crossed': 0, 'median_eta_lambda': nan, 'median_pred_r': nan}
{'a': 1.5, 'gamma': np.float64(0.009587315155141827), 'n_crossed': 0, 'median_eta_lambda': nan, 'median_pred_r': nan}
{'a': 1.5, 'gamma': np.float64(0.01695934711757073), 'n_crossed': 0, 'median_eta_lambda': nan, 'median_pred_r': nan}
{'a': 1.5, 'gamma': np.float64(0.03), 'n_crossed': 0, 'median_eta_lambda': nan, 'median_pred_r': nan}
  a  cell  gamma                note
1.3    -1    NaN no admissible range
1.5    -1    NaN no admissible range
