1.3 -1 sgd 0 40
1.3 -1 sgd 1 40
1.3 -1 sgd 2 40
1.3 -1 sgd 3 40
1.3 -1 sgd 4 40
1.3 -1 sgd 5 40
1.3 -1 adam 0 40
1.3 -1 adam 1 40
1.3 -1 adam 2 40
1.3 -1 adam 3 40
1.3 -1 adam 4 40
1.3 -1 adam 5 40
1.5 0 sgd 0 40
1.5 0 sgd 1 40
1.5 0 sgd 2 40
1.5 0 sgd 3 40
1.5 0 sgd 4 40
1.5 0 sgd 5 40
1.5 0 adam 0 40
1.5 0 adam 1 40
1.5 0 adam 2 40
1.5 0 adam 3 40
1.5 0 adam 4 40
1.5 0 adam 5 40
1.3 0 sgd 0 40
1.3 0 sgd 1 40
1.3 0 sgd 2 40
1.3 0 sgd 3 40
1.3 0 sgd 4 40
1.3 0 sgd 5 40
1.3 0 adam 0 40
1.3 0 adam 1 40
1.3 0 adam 2 40
1.3 0 adam 3 40
1.3 0 adam 4 40
1.3 0 adam 5 40
