depth=3 width=3 gelu(None): 2/100 dense-verified
depth=3 width=3 sin_family(1.5): 9/100 dense-verified
depth=3 width=3 tanh(None): 0/100 dense-verified
depth=3 width=3 relu(None): 0/100 dense-verified
depth=3 width=3 leaky_relu(None): 0/100 dense-verified
depth=3 width=4 gelu(None): 72/100 dense-verified
depth=3 width=4 sin_family(1.5): 93/100 dense-verified
depth=3 width=4 tanh(None): 64/100 dense-verified
depth=3 width=4 relu(None): 8/100 dense-verified
depth=3 width=4 leaky_relu(None): 18/100 dense-verified
depth=3 width=5 gelu(None): 94/100 dense-verified
depth=3 width=5 sin_family(1.5): 99/100 dense-verified
depth=3 width=5 tanh(None): 91/100 dense-verified
depth=3 width=5 relu(None): 33/100 dense-verified
depth=3 width=5 leaky_relu(None): 52/100 dense-verified
depth=3 width=6 gelu(None): 97/100 dense-verified
depth=3 width=6 sin_family(1.5): 100/100 dense-verified
depth=3 width=6 tanh(None): 95/100 dense-verified
depth=3 width=6 relu(None): 56/100 dense-verified
depth=3 width=6 leaky_relu(None): 76/100 dense-verified
depth=3 width=8 gelu(None): 99/100 dense-verified
depth=3 width=8 sin_family(1.5): 100/100 dense-verified
depth=3 width=8 tanh(None): 98/100 dense-verified
depth=3 width=8 relu(None): 84/100 dense-verified
depth=3 width=8 leaky_relu(None): 93/100 dense-verified
depth=3 width=12 gelu(None): 100/100 dense-verified
depth=3 width=12 sin_family(1.5): 100/100 dense-verified
depth=3 width=12 tanh(None): 100/100 dense-verified
depth=3 width=12 relu(None): 99/100 dense-verified
depth=3 width=12 leaky_relu(None): 99/100 dense-verified
depth=3 width=16 gelu(None): 100/100 dense-verified
depth=3 width=16 sin_family(1.5): 100/100 dense-verified
depth=3 width=16 tanh(None): 100/100 dense-verified
depth=3 width=16 relu(None): 100/100 dense-verified
depth=3 width=16 leaky_relu(None): 100/100 dense-verified
depth=3 width=24 gelu(None): 100/100 dense-verified
depth=3 width=24 sin_family(1.5): 100/100 dense-verified
depth=3 width=24 tanh(None): 100/100 dense-verified
depth=3 width=24 relu(None): 100/100 dense-verified
depth=3 width=24 leaky_relu(None): 100/100 dense-verified
depth=3 width=32 gelu(None): 100/100 dense-verified
depth=3 width=32 sin_family(1.5): 100/100 dense-verified
depth=3 width=32 tanh(None): 100/100 dense-verified
depth=3 width=32 relu(None): 100/100 dense-verified
depth=3 width=32 leaky_relu(None): 100/100 dense-verified
depth=6 width=3 gelu(None): 3/40 dense-verified
depth=6 width=3 sin_family(1.5): 5/40 dense-verified
depth=6 width=3 tanh(None): 0/40 dense-verified
depth=6 width=3 relu(None): 0/40 dense-verified
depth=6 width=3 leaky_relu(None): 0/40 dense-verified
depth=6 width=6 gelu(None): 38/40 dense-verified
depth=6 width=6 sin_family(1.5): 40/40 dense-verified
depth=6 width=6 tanh(None): 37/40 dense-verified
depth=6 width=6 relu(None): 16/40 dense-verified
depth=6 width=6 leaky_relu(None): 28/40 dense-verified
depth=6 width=16 gelu(None): 37/40 dense-verified
depth=6 width=16 sin_family(1.5): 40/40 dense-verified
depth=6 width=16 tanh(None): 40/40 dense-verified
depth=6 width=16 relu(None): 39/40 dense-verified
depth=6 width=16 leaky_relu(None): 40/40 dense-verified
depth=6 width=32 gelu(None): 36/40 dense-verified
depth=6 width=32 sin_family(1.5): 40/40 dense-verified
depth=6 width=32 tanh(None): 40/40 dense-verified
depth=6 width=32 relu(None): 40/40 dense-verified
depth=6 width=32 leaky_relu(None): 39/40 dense-verified
done
