  act   variant    R2  n  placed_frac    cp_lo  sign_correct_frac  pair_frac_placed  pair_frac_unplaced  pair_strict_frac  max_abs_alpha_median  frac_placed_pair  frac_single_unit_min  frac_other  n_extended  escaped_by_4H  escaped_by_16H                                        outcome
f1.30 preserved 0.003 80       0.4625 0.350276             0.4625          0.972973                 0.0            0.0000              1.812521            0.4500                   0.0      0.5500           0            NaN             NaN              gating at small scale (competing)
f1.30 preserved 0.010 80       0.5000 0.386048             0.5000          0.975000                 0.0            0.0000              1.808467            0.4875                   0.0      0.5125           0            NaN             NaN              gating at small scale (competing)
f1.30 preserved 0.030 80       0.6750 0.561063             0.6750          0.981481                 0.0            0.0125              1.807658            0.6625                   0.0      0.3375           0            NaN             NaN              gating at small scale (competing)
f1.30 preserved 0.100 80       0.9875 0.932312             0.9875          1.000000                 0.0            0.0250              1.818565            0.9875                   0.0      0.0125           0            NaN             NaN              gating at small scale (competing)
f1.30     reset 0.003 80       0.4375 0.326764             0.4250          0.971429                 0.0            0.0000              1.809625            0.4250                   0.0      0.5750           0            NaN             NaN descriptive: gating at small scale (competing)
f1.30     reset 0.010 80       0.4500 0.338486             0.4500          0.972222                 0.0            0.0000              1.806995            0.4375                   0.0      0.5625           0            NaN             NaN descriptive: gating at small scale (competing)
f1.30     reset 0.030 80       0.6375 0.522387             0.6375          0.980392                 0.0            0.0125              1.807658            0.6250                   0.0      0.3750           0            NaN             NaN descriptive: gating at small scale (competing)
f1.30     reset 0.100 80       1.0000 0.954936             1.0000          1.000000                 NaN            0.0250              1.818503            1.0000                   0.0      0.0000           0            NaN             NaN descriptive: gating at small scale (competing)
f1.50 preserved 0.003 80       0.4625 0.350276             0.4625          1.000000                 0.0            0.0000              1.809781            0.4625                   0.0      0.5375           0            NaN             NaN              gating at small scale (competing)
f1.50 preserved 0.010 80       0.4875 0.374057             0.4875          1.000000                 0.0            0.0000              1.807002            0.4875                   0.0      0.5125           0            NaN             NaN              gating at small scale (competing)
f1.50 preserved 0.030 80       0.6375 0.522387             0.6375          1.000000                 0.0            0.0125              1.807001            0.6375                   0.0      0.3625           0            NaN             NaN              gating at small scale (competing)
f1.50 preserved 0.100 80       0.9750 0.912593             0.9750          1.000000                 0.0            0.0250              1.813572            0.9750                   0.0      0.0250           0            NaN             NaN              gating at small scale (competing)
f1.50     reset 0.003 80       0.4250 0.315110             0.4250          1.000000                 0.0            0.0000              1.808027            0.4250                   0.0      0.5750           0            NaN             NaN descriptive: gating at small scale (competing)
f1.50     reset 0.010 80       0.4625 0.350276             0.4625          1.000000                 0.0            0.0000              1.803557            0.4625                   0.0      0.5375           0            NaN             NaN descriptive: gating at small scale (competing)
f1.50     reset 0.030 80       0.6250 0.509645             0.6250          1.000000                 0.0            0.0125              1.807001            0.6250                   0.0      0.3750           0            NaN             NaN descriptive: gating at small scale (competing)
f1.50     reset 0.100 80       0.9750 0.912593             0.9750          1.000000                 0.0            0.0250              1.813553            0.9750                   0.0      0.0250           0            NaN             NaN descriptive: gating at small scale (competing)
 tanh preserved 0.003 80       0.5875 0.471848             0.5875          0.638298                 0.0            0.0000             12.013044            0.3750                   0.0      0.6250           0            NaN             NaN                           descriptive: neither
 tanh preserved 0.010 80       0.6125 0.496976             0.6125          0.693878                 0.0            0.0000             14.309369            0.4250                   0.0      0.5750           0            NaN             NaN                           descriptive: neither
 tanh preserved 0.030 80       0.6750 0.561063             0.6750          0.722222                 0.0            0.0000             16.472152            0.4875                   0.0      0.5125           0            NaN             NaN                           descriptive: neither
 tanh preserved 0.100 80       0.7500 0.640637             0.7500          0.850000                 0.0            0.0000             18.582549            0.6375                   0.0      0.3625           0            NaN             NaN                           descriptive: neither
 tanh     reset 0.003 80       0.6000 0.484377             0.6000          0.791667                 0.0            0.0000             21.586822            0.4750                   0.0      0.5250           0            NaN             NaN                           descriptive: neither
 tanh     reset 0.010 80       0.5875 0.471848             0.5875          0.702128                 0.0            0.0000             22.070984            0.4125                   0.0      0.5875           0            NaN             NaN                           descriptive: neither
 tanh     reset 0.030 80       0.6000 0.484377             0.6000          0.729167                 0.0            0.0000             22.131935            0.4375                   0.0      0.5625           0            NaN             NaN                           descriptive: neither
 tanh     reset 0.100 80       0.7000 0.587241             0.7000          0.678571                 0.0            0.0000             21.998601            0.4750                   0.0      0.5250           0            NaN             NaN                           descriptive: neither
CHAIN_DONE
