{"kind": "P5", "arm": "T2-3b", "seed": 600160, "note": "not placed at 4x s_cross"}
{"kind": "P5", "arm": "T2-3b", "seed": 600161, "note": "ok"}
{"kind": "P5", "arm": "T2-3b", "seed": 600162, "note": "ok"}
{"kind": "P5", "arm": "T2-3b", "seed": 600163, "note": "ok"}
{"kind": "P5", "arm": "T2-3b", "seed": 600164, "note": "ok"}
{"kind": "P5", "arm": "T2-3b", "seed": 600165, "note": "ok"}
{"kind": "P5", "arm": "T2-3b", "seed": 600166, "note": "ok"}
{"kind": "P5", "arm": "T2-3b", "seed": 600167, "note": "ok"}
{"kind": "P5", "arm": "T2-3b", "seed": 600168, "note": "ok"}
{"kind": "P5", "arm": "T2-3b", "seed": 600169, "note": "ok"}
{"kind": "P5", "arm": "T2-3b", "seed": 600170, "note": "not placed at 4x s_cross"}
{"kind": "P5", "arm": "T2-3b", "seed": 600171, "note": "ok"}
{"kind": "P5", "arm": "T2-3b", "seed": 600172, "note": "not placed at 4x s_cross"}
{"kind": "P5", "arm": "T2-3b", "seed": 600173, "note": "ok"}
{"kind": "P5", "arm": "T2-3b", "seed": 600174, "note": "not placed at 4x s_cross"}
{"kind": "P5", "arm": "T2-3b", "seed": 600175, "note": "ok"}
{"kind": "P5", "arm": "T2-3b", "seed": 600177, "note": "ok"}
{"kind": "P5", "arm": "T2-3b", "seed": 600178, "note": "ok"}
{"kind": "P5", "arm": "T2-3b", "seed": 600180, "note": "ok"}
{"kind": "P5", "arm": "T2-3b", "seed": 600182, "note": "not placed at 4x s_cross"}
{"kind": "P5", "arm": "T2-3b", "seed": 600183, "note": "ok"}
{"kind": "P5", "arm": "T2-3b", "seed": 600184, "note": "ok"}
{"kind": "P5", "arm": "T2-3b", "seed": 600185, "note": "ok"}
{"kind": "P5", "arm": "T2-3b", "seed": 600186, "note": "not placed at 4x s_cross"}
{"kind": "P5", "arm": "T2-3b", "seed": 600187, "note": "ok"}
{"kind": "P5", "arm": "T2-3b", "seed": 600188, "note": "not placed at 4x s_cross"}
{"kind": "P5", "arm": "T2-3b", "seed": 600189, "note": "ok"}
{"kind": "P5", "arm": "T2-3b", "seed": 600191, "note": "ok"}
{"kind": "P5", "arm": "T2-3b", "seed": 600194, "note": "not placed at 4x s_cross"}
{"kind": "P5", "arm": "T2-3b", "seed": 600195, "note": "ok"}
{"kind": "P5", "arm": "T2-3b", "seed": 600196, "note": "ok"}
{"kind": "P5", "arm": "T2-3b", "seed": 600197, "note": "not placed at 4x s_cross"}
{"kind": "P5", "arm": "T2-3b", "seed": 600198, "note": "ok"}
{"kind": "P5", "arm": "T2-3b", "seed": 600199, "note": "ok"}
{"kind": "P5", "arm": "T2-3b", "seed": 600200, "note": "not placed at 4x s_cross"}
{"kind": "P5", "arm": "T2-3b", "seed": 600201, "note": "not placed at 4x s_cross"}
{"kind": "P5", "arm": "T2-3b", "seed": 600202, "note": "not placed at 4x s_cross"}
{"kind": "P5", "arm": "T2-3b", "seed": 600203, "note": "ok"}
{"kind": "P5", "arm": "T2-3b", "seed": 600205, "note": "not placed at 4x s_cross"}
{"kind": "P5", "arm": "T2-3b", "seed": 600206, "note": "ok"}
{"kind": "P5", "arm": "T2-3b", "seed": 600207, "note": "ok"}
{"kind": "P5", "arm": "T2-3b", "seed": 600208, "note": "ok"}
{"kind": "P5", "arm": "T2-3b", "seed": 600209, "note": "ok"}
{"kind": "P5", "arm": "T2-3b", "seed": 600210, "note": "not placed at 4x s_cross"}
{"kind": "P5", "arm": "T2-3b", "seed": 600211, "note": "ok"}
{"kind": "P5", "arm": "T2-3b", "seed": 600212, "note": "ok"}
{"kind": "P5", "arm": "T2-3b", "seed": 600213, "note": "ok"}
{"kind": "P5", "arm": "T2-3b", "seed": 600214, "note": "not placed at 4x s_cross"}
{"kind": "P5", "arm": "T2-3b", "seed": 600215, "note": "ok"}
{"kind": "P5", "arm": "T2-3b", "seed": 600216, "note": "ok"}
{"kind": "P5", "arm": "T2-3b", "seed": 600217, "note": "ok"}
{"kind": "P5", "arm": "T2-3b", "seed": 600218, "note": "not placed at 4x s_cross"}
{"kind": "P5", "arm": "T2-3b", "seed": 600219, "note": "ok"}
{"kind": "P5", "arm": "T2-3b", "seed": 600220, "note": "ok"}
{"kind": "P5", "arm": "T2-3b", "seed": 600221, "note": "not placed at 4x s_cross"}
{"kind": "P5", "arm": "T2-3b", "seed": 600222, "note": "ok"}
{"kind": "P5", "arm": "T2-3b", "seed": 600223, "note": "ok"}
{"kind": "P5", "arm": "T2-3b", "seed": 600224, "note": "not placed at 4x s_cross"}
{"kind": "P5", "arm": "T2-3b", "seed": 600226, "note": "ok"}
{"kind": "P5", "arm": "T2-3b", "seed": 600227, "note": "not placed at 4x s_cross"}
{"kind": "P5", "arm": "T2-3b", "seed": 600229, "note": "ok"}
{"kind": "P5", "arm": "T2-3b", "seed": 600230, "note": "ok"}
{"kind": "P5", "arm": "T2-3b", "seed": 600231, "note": "not placed at 4x s_cross"}
{"kind": "P5", "arm": "T2-3b", "seed": 600232, "note": "ok"}
{"kind": "P5", "arm": "T2-3b", "seed": 600233, "note": "not placed at 4x s_cross"}
{"kind": "P5", "arm": "T2-3b", "seed": 600234, "note": "ok"}
{"kind": "P5", "arm": "T2-3b", "seed": 600235, "note": "ok"}
{"kind": "P5", "arm": "T2-3b", "seed": 600236, "note": "ok"}
{"kind": "P5", "arm": "T2-3b", "seed": 600237, "note": "ok"}
{"kind": "P5", "arm": "T2-3b", "seed": 600238, "note": "not placed at 4x s_cross"}
{"kind": "P5", "arm": "T2-3b", "seed": 600239, "note": "ok"}
{"kind": "P5", "arm": "T2-3c", "seed": 600320, "note": "ok"}
{"kind": "P5", "arm": "T2-3c", "seed": 600321, "note": "ok"}
{"kind": "P5", "arm": "T2-3c", "seed": 600322, "note": "ok"}
{"kind": "P5", "arm": "T2-3c", "seed": 600323, "note": "not placed at 4x s_cross"}
{"kind": "P5", "arm": "T2-3c", "seed": 600324, "note": "not placed at 4x s_cross"}
{"kind": "P5", "arm": "T2-3c", "seed": 600325, "note": "ok"}
{"kind": "P5", "arm": "T2-3c", "seed": 600326, "note": "ok"}
{"kind": "P5", "arm": "T2-3c", "seed": 600327, "note": "ok"}
{"kind": "P5", "arm": "T2-3c", "seed": 600328, "note": "ok"}
{"kind": "P5", "arm": "T2-3c", "seed": 600329, "note": "ok"}
{"kind": "P5", "arm": "T2-3c", "seed": 600330, "note": "not placed at 4x s_cross"}
{"kind": "P5", "arm": "T2-3c", "seed": 600331, "note": "ok"}
{"kind": "P5", "arm": "T2-3c", "seed": 600332, "note": "ok"}
{"kind": "P5", "arm": "T2-3c", "seed": 600333, "note": "ok"}
{"kind": "P5", "arm": "T2-3c", "seed": 600334, "note": "ok"}
{"kind": "P5", "arm": "T2-3c", "seed": 600335, "note": "not placed at 4x s_cross"}
{"kind": "P5", "arm": "T2-3c", "seed": 600336, "note": "ok"}
{"kind": "P5", "arm": "T2-3c", "seed": 600337, "note": "ok"}
{"kind": "P5", "arm": "T2-3c", "seed": 600338, "note": "not placed at 4x s_cross"}
{"kind": "P5", "arm": "T2-3c", "seed": 600339, "note": "not placed at 4x s_cross"}
{"kind": "P5", "arm": "T2-3c", "seed": 600340, "note": "ok"}
{"kind": "P5", "arm": "T2-3c", "seed": 600341, "note": "ok"}
{"kind": "P5", "arm": "T2-3c", "seed": 600342, "note": "ok"}
{"kind": "P5", "arm": "T2-3c", "seed": 600343, "note": "ok"}
{"kind": "P5", "arm": "T2-3c", "seed": 600344, "note": "not placed at 4x s_cross"}
{"kind": "P5", "arm": "T2-3c", "seed": 600345, "note": "not placed at 4x s_cross"}
{"kind": "P5", "arm": "T2-3c", "seed": 600346, "note": "ok"}
{"kind": "P5", "arm": "T2-3c", "seed": 600347, "note": "ok"}
{"kind": "P5", "arm": "T2-3c", "seed": 600348, "note": "ok"}
{"kind": "P5", "arm": "T2-3c", "seed": 600349, "note": "ok"}
{"kind": "P5", "arm": "T2-3c", "seed": 600350, "note": "ok"}
{"kind": "P5", "arm": "T2-3c", "seed": 600351, "note": "not placed at 4x s_cross"}
{"kind": "P5", "arm": "T2-3c", "seed": 600352, "note": "not placed at 4x s_cross"}
{"kind": "P5", "arm": "T2-3c", "seed": 600353, "note": "ok"}
{"kind": "P5", "arm": "T2-3c", "seed": 600354, "note": "ok"}
{"kind": "P5", "arm": "T2-3c", "seed": 600355, "note": "ok"}
{"kind": "P5", "arm": "T2-3c", "seed": 600356, "note": "ok"}
{"kind": "P5", "arm": "T2-3c", "seed": 600357, "note": "ok"}
{"kind": "P5", "arm": "T2-3c", "seed": 600358, "note": "ok"}
{"kind": "P5", "arm": "T2-3c", "seed": 600359, "note": "ok"}
{"kind": "P5", "arm": "T2-3c", "seed": 600360, "note": "ok"}
{"kind": "P5", "arm": "T2-3c", "seed": 600361, "note": "ok"}
{"kind": "P5", "arm": "T2-3c", "seed": 600362, "note": "ok"}
{"kind": "P5", "arm": "T2-3c", "seed": 600363, "note": "not placed at 4x s_cross"}
{"kind": "P5", "arm": "T2-3c", "seed": 600364, "note": "ok"}
{"kind": "P5", "arm": "T2-3c", "seed": 600365, "note": "not placed at 4x s_cross"}
{"kind": "P5", "arm": "T2-3c", "seed": 600366, "note": "ok"}
{"kind": "P5", "arm": "T2-3c", "seed": 600367, "note": "ok"}
{"kind": "P5", "arm": "T2-3c", "seed": 600368, "note": "ok"}
{"kind": "P5", "arm": "T2-3c", "seed": 600369, "note": "ok"}
{"kind": "P5", "arm": "T2-3c", "seed": 600370, "note": "not placed at 4x s_cross"}
{"kind": "P5", "arm": "T2-3c", "seed": 600371, "note": "ok"}
{"kind": "P5", "arm": "T2-3c", "seed": 600372, "note": "ok"}
{"kind": "P5", "arm": "T2-3c", "seed": 600373, "note": "ok"}
{"kind": "P5", "arm": "T2-3c", "seed": 600374, "note": "ok"}
{"kind": "P5", "arm": "T2-3c", "seed": 600375, "note": "ok"}
{"kind": "P5", "arm": "T2-3c", "seed": 600376, "note": "not placed at 4x s_cross"}
{"kind": "P5", "arm": "T2-3c", "seed": 600377, "note": "ok"}
{"kind": "P5", "arm": "T2-3c", "seed": 600378, "note": "ok"}
{"kind": "P5", "arm": "T2-3c", "seed": 600379, "note": "ok"}
{"kind": "P5", "arm": "T2-3c", "seed": 600380, "note": "ok"}
{"kind": "P5", "arm": "T2-3c", "seed": 600381, "note": "ok"}
{"kind": "P5", "arm": "T2-3c", "seed": 600382, "note": "ok"}
{"kind": "P5", "arm": "T2-3c", "seed": 600383, "note": "ok"}
{"kind": "P5", "arm": "T2-3c", "seed": 600384, "note": "ok"}
{"kind": "P5", "arm": "T2-3c", "seed": 600385, "note": "ok"}
{"kind": "P5", "arm": "T2-3c", "seed": 600386, "note": "ok"}
{"kind": "P5", "arm": "T2-3c", "seed": 600387, "note": "not placed at 4x s_cross"}
{"kind": "P5", "arm": "T2-3c", "seed": 600388, "note": "ok"}
{"kind": "P5", "arm": "T2-3c", "seed": 600389, "note": "ok"}
{"kind": "P5", "arm": "T2-3c", "seed": 600390, "note": "not placed at 4x s_cross"}
{"kind": "P5", "arm": "T2-3c", "seed": 600391, "note": "ok"}
{"kind": "P5", "arm": "T2-3c", "seed": 600392, "note": "ok"}
{"kind": "P5", "arm": "T2-3c", "seed": 600393, "note": "not placed at 4x s_cross"}
{"kind": "P5", "arm": "T2-3c", "seed": 600394, "note": "ok"}
{"kind": "P5", "arm": "T2-3c", "seed": 600395, "note": "ok"}
{"kind": "P5", "arm": "T2-3c", "seed": 600396, "note": "not placed at 4x s_cross"}
{"kind": "P5", "arm": "T2-3c", "seed": 600397, "note": "not placed at 4x s_cross"}
{"kind": "P5", "arm": "T2-3c", "seed": 600398, "note": "ok"}
{"kind": "P5", "arm": "T2-3c", "seed": 600399, "note": "ok"}
{"kind": "P3", "arm": "T2-3", "seed": 600000, "note": "ok"}
{"kind": "P3", "arm": "T2-3", "seed": 600001, "note": "ok"}
{"kind": "P3", "arm": "T2-3", "seed": 600002, "note": "ok"}
{"kind": "P3", "arm": "T2-3", "seed": 600003, "note": "ok"}
{"kind": "P3", "arm": "T2-3", "seed": 600004, "note": "ok"}
{"kind": "P3", "arm": "T2-3", "seed": 600005, "note": "ok"}
{"kind": "P3", "arm": "T2-3", "seed": 600006, "note": "ok"}
{"kind": "P3", "arm": "T2-3", "seed": 600007, "note": "ok"}
{"kind": "P3", "arm": "T2-3", "seed": 600008, "note": "ok"}
{"kind": "P3", "arm": "T2-3", "seed": 600009, "note": "ok"}
{"kind": "P3", "arm": "T2-3b", "seed": 600160, "note": "ok"}
{"kind": "P3", "arm": "T2-3b", "seed": 600161, "note": "ok"}
{"kind": "P3", "arm": "T2-3b", "seed": 600162, "note": "ok"}
{"kind": "P3", "arm": "T2-3b", "seed": 600163, "note": "ok"}
{"kind": "P3", "arm": "T2-3b", "seed": 600164, "note": "ok"}
{"kind": "P3", "arm": "T2-3b", "seed": 600165, "note": "ok"}
{"kind": "P3", "arm": "T2-3b", "seed": 600166, "note": "ok"}
{"kind": "P3", "arm": "T2-3b", "seed": 600167, "note": "ok"}
{"kind": "P3", "arm": "T2-3b", "seed": 600168, "note": "ok"}
{"kind": "P3", "arm": "T2-3b", "seed": 600169, "note": "ok"}
{"kind": "P3", "arm": "T2-3c", "seed": 600320, "note": "ok"}
{"kind": "P3", "arm": "T2-3c", "seed": 600321, "note": "ok"}
{"kind": "P3", "arm": "T2-3c", "seed": 600322, "note": "ok"}
{"kind": "P3", "arm": "T2-3c", "seed": 600323, "note": "ok"}
{"kind": "P3", "arm": "T2-3c", "seed": 600324, "note": "ok"}
{"kind": "P3", "arm": "T2-3c", "seed": 600325, "note": "ok"}
{"kind": "P3", "arm": "T2-3c", "seed": 600326, "note": "ok"}
{"kind": "P3", "arm": "T2-3c", "seed": 600327, "note": "ok"}
{"kind": "P3", "arm": "T2-3c", "seed": 600328, "note": "ok"}
{"kind": "P3", "arm": "T2-3c", "seed": 600329, "note": "ok"}
{"kind": "P2", "arm": "T2-3b", "seed": 600160, "note": "ok"}
{"kind": "P2", "arm": "T2-3b", "seed": 600161, "note": "ok"}
Process SpawnPoolWorker-1:
Traceback (most recent call last):
  File "/Users/Evan/.platformio/python3/lib/python3.11/multiprocessing/pool.py", line 131, in worker
    put((job, i, result))
  File "/Users/Evan/.platformio/python3/lib/python3.11/multiprocessing/queues.py", line 377, in put
    self._writer.send_bytes(obj)
  File "/Users/Evan/.platformio/python3/lib/python3.11/multiprocessing/connection.py", line 200, in send_bytes
    self._send_bytes(m[offset:offset + size])
  File "/Users/Evan/.platformio/python3/lib/python3.11/multiprocessing/connection.py", line 427, in _send_bytes
    self._send(header + buf)
  File "/Users/Evan/.platformio/python3/lib/python3.11/multiprocessing/connection.py", line 384, in _send
    n = write(self._handle, buf)
        ^^^^^^^^^^^^^^^^^^^^^^^^
BrokenPipeError: [Errno 32] Broken pipe

During handling of the above exception, another exception occurred:

Traceback (most recent call last):
  File "/Users/Evan/.platformio/python3/lib/python3.11/multiprocessing/process.py", line 314, in _bootstrap
    self.run()
  File "/Users/Evan/.platformio/python3/lib/python3.11/multiprocessing/process.py", line 108, in run
    self._target(*self._args, **self._kwargs)
  File "/Users/Evan/.platformio/python3/lib/python3.11/multiprocessing/pool.py", line 136, in worker
    put((job, i, (False, wrapped)))
  File "/Users/Evan/.platformio/python3/lib/python3.11/multiprocessing/queues.py", line 377, in put
    self._writer.send_bytes(obj)
  File "/Users/Evan/.platformio/python3/lib/python3.11/multiprocessing/connection.py", line 200, in send_bytes
    self._send_bytes(m[offset:offset + size])
  File "/Users/Evan/.platformio/python3/lib/python3.11/multiprocessing/connection.py", line 427, in _send_bytes
    self._send(header + buf)
  File "/Users/Evan/.platformio/python3/lib/python3.11/multiprocessing/connection.py", line 384, in _send
    n = write(self._handle, buf)
        ^^^^^^^^^^^^^^^^^^^^^^^^
BrokenPipeError: [Errno 32] Broken pipe
/Users/Evan/.platformio/python3/lib/python3.11/multiprocessing/resource_tracker.py:254: UserWarning: resource_tracker: There appear to be 6 leaked semaphore objects to clean up at shutdown
  warnings.warn('resource_tracker: There appear to be %d '
{"kind": "P2", "arm": "T2-3b", "seed": 600163, "note": "ok"}
{"kind": "P2", "arm": "T2-3b", "seed": 600164, "note": "ok"}
{"kind": "P2", "arm": "T2-3b", "seed": 600162, "note": "ok"}
{"kind": "P2", "arm": "T2-3b", "seed": 600165, "note": "ok"}
{"kind": "P2", "arm": "T2-3b", "seed": 600167, "note": "ok"}
{"kind": "P2", "arm": "T2-3b", "seed": 600166, "note": "ok"}
{"kind": "P2", "arm": "T2-3b", "seed": 600168, "note": "ok"}
{"kind": "P2", "arm": "T2-3c", "seed": 600320, "note": "ok"}
{"kind": "P2", "arm": "T2-3b", "seed": 600169, "note": "ok"}
{"kind": "P2", "arm": "T2-3c", "seed": 600321, "note": "ok"}
{"kind": "P2", "arm": "T2-3c", "seed": 600322, "note": "ok"}
{"kind": "P2", "arm": "T2-3c", "seed": 600323, "note": "ok"}
{"kind": "P2", "arm": "T2-3c", "seed": 600324, "note": "ok"}
{"kind": "P2", "arm": "T2-3c", "seed": 600325, "note": "ok"}
{"kind": "P2", "arm": "T2-3c", "seed": 600326, "note": "ok"}
{"kind": "P2", "arm": "T2-3c", "seed": 600327, "note": "ok"}
{"kind": "P2", "arm": "T2-3c", "seed": 600328, "note": "ok"}
{"kind": "P2", "arm": "T2-3c", "seed": 600329, "note": "ok"}
