{"arm": "T2-3b", "seed": 600160, "status": "branch_lost"}
{"arm": "T2-3b", "seed": 600161, "status": "ok"}
{"arm": "T2-3b", "seed": 600162, "status": "ok"}
{"arm": "T2-3b", "seed": 600163, "status": "ok"}
{"arm": "T2-3b", "seed": 600164, "status": "ok"}
{"arm": "T2-3b", "seed": 600165, "status": "ok"}
{"arm": "T2-3b", "seed": 600166, "status": "ok"}
{"arm": "T2-3b", "seed": 600167, "status": "ok"}
{"arm": "T2-3b", "seed": 600168, "status": "ok"}
{"arm": "T2-3b", "seed": 600169, "status": "ok"}
{"arm": "T2-3b", "seed": 600170, "status": "placed_back_to_init"}
{"arm": "T2-3b", "seed": 600171, "status": "ok"}
{"arm": "T2-3b", "seed": 600172, "status": "placed_back_to_init"}
{"arm": "T2-3b", "seed": 600173, "status": "ok"}
{"arm": "T2-3b", "seed": 600174, "status": "no_switch_in_range"}
{"arm": "T2-3b", "seed": 600175, "status": "ok"}
{"arm": "T2-3b", "seed": 600177, "status": "ok"}
{"arm": "T2-3b", "seed": 600178, "status": "ok"}
{"arm": "T2-3b", "seed": 600180, "status": "ok"}
{"arm": "T2-3b", "seed": 600182, "status": "placed_back_to_init"}
{"arm": "T2-3b", "seed": 600183, "status": "ok"}
{"arm": "T2-3b", "seed": 600184, "status": "ok"}
{"arm": "T2-3b", "seed": 600185, "status": "ok"}
{"arm": "T2-3b", "seed": 600186, "status": "no_switch_in_range"}
{"arm": "T2-3b", "seed": 600187, "status": "ok"}
{"arm": "T2-3b", "seed": 600188, "status": "ok"}
{"arm": "T2-3b", "seed": 600189, "status": "ok"}
{"arm": "T2-3b", "seed": 600191, "status": "ok"}
{"arm": "T2-3b", "seed": 600194, "status": "ok"}
{"arm": "T2-3b", "seed": 600195, "status": "ok"}
{"arm": "T2-3b", "seed": 600196, "status": "ok"}
{"arm": "T2-3b", "seed": 600197, "status": "no_switch_in_range"}
{"arm": "T2-3b", "seed": 600198, "status": "ok"}
{"arm": "T2-3b", "seed": 600199, "status": "ok"}
{"arm": "T2-3b", "seed": 600200, "status": "branch_lost"}
{"arm": "T2-3b", "seed": 600201, "status": "placed_back_to_init"}
{"arm": "T2-3b", "seed": 600202, "status": "placed_back_to_init"}
{"arm": "T2-3b", "seed": 600203, "status": "ok"}
{"arm": "T2-3b", "seed": 600205, "status": "ok"}
{"arm": "T2-3b", "seed": 600206, "status": "ok"}
{"arm": "T2-3b", "seed": 600207, "status": "ok"}
{"arm": "T2-3b", "seed": 600208, "status": "ok"}
{"arm": "T2-3b", "seed": 600209, "status": "ok"}
{"arm": "T2-3b", "seed": 600210, "status": "ok"}
{"arm": "T2-3b", "seed": 600211, "status": "ok"}
{"arm": "T2-3b", "seed": 600212, "status": "ok"}
{"arm": "T2-3b", "seed": 600213, "status": "ok"}
{"arm": "T2-3b", "seed": 600214, "status": "no_branch_at_crossing"}
{"arm": "T2-3b", "seed": 600215, "status": "ok"}
{"arm": "T2-3b", "seed": 600216, "status": "ok"}
{"arm": "T2-3b", "seed": 600217, "status": "ok"}
{"arm": "T2-3b", "seed": 600218, "status": "jump"}
{"arm": "T2-3b", "seed": 600219, "status": "ok"}
{"arm": "T2-3b", "seed": 600220, "status": "ok"}
{"arm": "T2-3b", "seed": 600221, "status": "branch_lost"}
{"arm": "T2-3b", "seed": 600222, "status": "ok"}
{"arm": "T2-3b", "seed": 600223, "status": "ok"}
{"arm": "T2-3b", "seed": 600224, "status": "no_branch_at_crossing"}
{"arm": "T2-3b", "seed": 600226, "status": "ok"}
{"arm": "T2-3b", "seed": 600227, "status": "no_branch_at_crossing"}
{"arm": "T2-3b", "seed": 600229, "status": "ok"}
{"arm": "T2-3b", "seed": 600230, "status": "ok"}
{"arm": "T2-3b", "seed": 600231, "status": "jump"}
{"arm": "T2-3b", "seed": 600232, "status": "ok"}
{"arm": "T2-3b", "seed": 600233, "status": "no_switch_in_range"}
{"arm": "T2-3b", "seed": 600234, "status": "ok"}
{"arm": "T2-3b", "seed": 600235, "status": "ok"}
{"arm": "T2-3b", "seed": 600236, "status": "ok"}
{"arm": "T2-3b", "seed": 600237, "status": "ok"}
{"arm": "T2-3b", "seed": 600238, "status": "ok"}
{"arm": "T2-3b", "seed": 600239, "status": "ok"}
{"arm": "T2-3c", "seed": 600320, "status": "placed_back_to_init"}
{"arm": "T2-3c", "seed": 600321, "status": "ok"}
{"arm": "T2-3c", "seed": 600322, "status": "ok"}
{"arm": "T2-3c", "seed": 600323, "status": "ok"}
{"arm": "T2-3c", "seed": 600324, "status": "jump"}
{"arm": "T2-3c", "seed": 600325, "status": "ok"}
{"arm": "T2-3c", "seed": 600326, "status": "ok"}
{"arm": "T2-3c", "seed": 600327, "status": "ok"}
{"arm": "T2-3c", "seed": 600328, "status": "ok"}
{"arm": "T2-3c", "seed": 600329, "status": "ok"}
{"arm": "T2-3c", "seed": 600330, "status": "placed_back_to_init"}
{"arm": "T2-3c", "seed": 600331, "status": "ok"}
{"arm": "T2-3c", "seed": 600332, "status": "ok"}
{"arm": "T2-3c", "seed": 600333, "status": "ok"}
{"arm": "T2-3c", "seed": 600334, "status": "ok"}
{"arm": "T2-3c", "seed": 600335, "status": "branch_lost"}
{"arm": "T2-3c", "seed": 600336, "status": "ok"}
{"arm": "T2-3c", "seed": 600337, "status": "ok"}
{"arm": "T2-3c", "seed": 600338, "status": "no_branch_at_crossing"}
{"arm": "T2-3c", "seed": 600339, "status": "placed_back_to_init"}
{"arm": "T2-3c", "seed": 600340, "status": "ok"}
{"arm": "T2-3c", "seed": 600341, "status": "ok"}
{"arm": "T2-3c", "seed": 600342, "status": "ok"}
{"arm": "T2-3c", "seed": 600343, "status": "ok"}
{"arm": "T2-3c", "seed": 600344, "status": "ok"}
{"arm": "T2-3c", "seed": 600345, "status": "ok"}
{"arm": "T2-3c", "seed": 600346, "status": "ok"}
{"arm": "T2-3c", "seed": 600347, "status": "ok"}
{"arm": "T2-3c", "seed": 600348, "status": "ok"}
{"arm": "T2-3c", "seed": 600349, "status": "ok"}
{"arm": "T2-3c", "seed": 600350, "status": "ok"}
{"arm": "T2-3c", "seed": 600351, "status": "ok"}
{"arm": "T2-3c", "seed": 600352, "status": "ok"}
{"arm": "T2-3c", "seed": 600353, "status": "ok"}
{"arm": "T2-3c", "seed": 600354, "status": "ok"}
{"arm": "T2-3c", "seed": 600355, "status": "ok"}
{"arm": "T2-3c", "seed": 600356, "status": "ok"}
{"arm": "T2-3c", "seed": 600357, "status": "ok"}
{"arm": "T2-3c", "seed": 600358, "status": "ok"}
{"arm": "T2-3c", "seed": 600359, "status": "ok"}
{"arm": "T2-3c", "seed": 600360, "status": "ok"}
{"arm": "T2-3c", "seed": 600361, "status": "ok"}
{"arm": "T2-3c", "seed": 600362, "status": "ok"}
{"arm": "T2-3c", "seed": 600363, "status": "no_branch_at_crossing"}
{"arm": "T2-3c", "seed": 600364, "status": "ok"}
{"arm": "T2-3c", "seed": 600365, "status": "ok"}
{"arm": "T2-3c", "seed": 600366, "status": "ok"}
{"arm": "T2-3c", "seed": 600367, "status": "ok"}
{"arm": "T2-3c", "seed": 600368, "status": "ok"}
{"arm": "T2-3c", "seed": 600369, "status": "ok"}
{"arm": "T2-3c", "seed": 600370, "status": "ok"}
{"arm": "T2-3c", "seed": 600371, "status": "ok"}
{"arm": "T2-3c", "seed": 600372, "status": "ok"}
{"arm": "T2-3c", "seed": 600373, "status": "ok"}
{"arm": "T2-3c", "seed": 600374, "status": "ok"}
{"arm": "T2-3c", "seed": 600375, "status": "ok"}
{"arm": "T2-3c", "seed": 600376, "status": "ok"}
{"arm": "T2-3c", "seed": 600377, "status": "placed_back_to_init"}
{"arm": "T2-3c", "seed": 600378, "status": "ok"}
{"arm": "T2-3c", "seed": 600379, "status": "ok"}
{"arm": "T2-3c", "seed": 600380, "status": "ok"}
{"arm": "T2-3c", "seed": 600381, "status": "ok"}
{"arm": "T2-3c", "seed": 600382, "status": "no_branch_at_crossing"}
{"arm": "T2-3c", "seed": 600383, "status": "ok"}
{"arm": "T2-3c", "seed": 600384, "status": "ok"}
{"arm": "T2-3c", "seed": 600385, "status": "ok"}
{"arm": "T2-3c", "seed": 600386, "status": "ok"}
{"arm": "T2-3c", "seed": 600387, "status": "jump"}
{"arm": "T2-3c", "seed": 600388, "status": "ok"}
{"arm": "T2-3c", "seed": 600389, "status": "ok"}
{"arm": "T2-3c", "seed": 600390, "status": "jump"}
{"arm": "T2-3c", "seed": 600391, "status": "ok"}
{"arm": "T2-3c", "seed": 600392, "status": "ok"}
{"arm": "T2-3c", "seed": 600393, "status": "ok"}
{"arm": "T2-3c", "seed": 600394, "status": "ok"}
{"arm": "T2-3c", "seed": 600395, "status": "ok"}
{"arm": "T2-3c", "seed": 600396, "status": "placed_back_to_init"}
{"arm": "T2-3c", "seed": 600397, "status": "branch_lost"}
{"arm": "T2-3c", "seed": 600398, "status": "ok"}
{"arm": "T2-3c", "seed": 600399, "status": "ok"}
{"arm": "T2-3d", "seed": 600480, "status": "ok"}
{"arm": "T2-3d", "seed": 600481, "status": "ok"}
{"arm": "T2-3d", "seed": 600482, "status": "ok"}
{"arm": "T2-3d", "seed": 600483, "status": "ok"}
{"arm": "T2-3d", "seed": 600484, "status": "ok"}
{"arm": "T2-3d", "seed": 600485, "status": "ok"}
{"arm": "T2-3d", "seed": 600486, "status": "ok"}
{"arm": "T2-3d", "seed": 600487, "status": "ok"}
{"arm": "T2-3d", "seed": 600488, "status": "ok"}
{"arm": "T2-3d", "seed": 600489, "status": "ok"}
{"arm": "T2-3d", "seed": 600490, "status": "ok"}
{"arm": "T2-3d", "seed": 600491, "status": "ok"}
{"arm": "T2-3d", "seed": 600492, "status": "ok"}
{"arm": "T2-3d", "seed": 600493, "status": "ok"}
{"arm": "T2-3d", "seed": 600494, "status": "ok"}
{"arm": "T2-3d", "seed": 600496, "status": "ok"}
{"arm": "T2-3d", "seed": 600497, "status": "ok"}
{"arm": "T2-3d", "seed": 600498, "status": "ok"}
{"arm": "T2-3d", "seed": 600499, "status": "ok"}
{"arm": "T2-3d", "seed": 600500, "status": "ok"}
{"arm": "T2-3d", "seed": 600501, "status": "jump"}
{"arm": "T2-3d", "seed": 600502, "status": "ok"}
{"arm": "T2-3d", "seed": 600503, "status": "ok"}
{"arm": "T2-3d", "seed": 600504, "status": "ok"}
{"arm": "T2-3d", "seed": 600505, "status": "ok"}
{"arm": "T2-3d", "seed": 600506, "status": "ok"}
{"arm": "T2-3d", "seed": 600507, "status": "placed_back_to_init"}
{"arm": "T2-3d", "seed": 600508, "status": "ok"}
{"arm": "T2-3d", "seed": 600509, "status": "ok"}
{"arm": "T2-3d", "seed": 600510, "status": "ok"}
{"arm": "T2-3d", "seed": 600511, "status": "ok"}
{"arm": "T2-3d", "seed": 600512, "status": "ok"}
{"arm": "T2-3d", "seed": 600513, "status": "ok"}
{"arm": "T2-3d", "seed": 600514, "status": "ok"}
{"arm": "T2-3d", "seed": 600515, "status": "ok"}
{"arm": "T2-3d", "seed": 600516, "status": "ok"}
{"arm": "T2-3d", "seed": 600517, "status": "ok"}
{"arm": "T2-3d", "seed": 600518, "status": "ok"}
{"arm": "T2-3d", "seed": 600519, "status": "ok"}
{"arm": "T2-3d", "seed": 600520, "status": "no_switch_in_range"}
{"arm": "T2-3d", "seed": 600521, "status": "ok"}
{"arm": "T2-3d", "seed": 600522, "status": "ok"}
{"arm": "T2-3d", "seed": 600523, "status": "placed_back_to_init"}
{"arm": "T2-3d", "seed": 600524, "status": "ok"}
{"arm": "T2-3d", "seed": 600525, "status": "ok"}
{"arm": "T2-3d", "seed": 600526, "status": "ok"}
{"arm": "T2-3d", "seed": 600527, "status": "ok"}
{"arm": "T2-3d", "seed": 600528, "status": "ok"}
{"arm": "T2-3d", "seed": 600529, "status": "ok"}
{"arm": "T2-3d", "seed": 600530, "status": "ok"}
{"arm": "T2-3d", "seed": 600531, "status": "ok"}
{"arm": "T2-3d", "seed": 600532, "status": "ok"}
{"arm": "T2-3d", "seed": 600533, "status": "no_branch_at_crossing"}
{"arm": "T2-3d", "seed": 600534, "status": "ok"}
{"arm": "T2-3d", "seed": 600535, "status": "ok"}
{"arm": "T2-3d", "seed": 600536, "status": "ok"}
{"arm": "T2-3d", "seed": 600537, "status": "ok"}
{"arm": "T2-3d", "seed": 600538, "status": "ok"}
{"arm": "T2-3d", "seed": 600539, "status": "ok"}
{"arm": "T2-3d", "seed": 600540, "status": "ok"}
{"arm": "T2-3d", "seed": 600541, "status": "ok"}
{"arm": "T2-3d", "seed": 600542, "status": "ok"}
{"arm": "T2-3d", "seed": 600543, "status": "ok"}
{"arm": "T2-3d", "seed": 600544, "status": "ok"}
{"arm": "T2-3d", "seed": 600545, "status": "ok"}
{"arm": "T2-3d", "seed": 600546, "status": "jump"}
{"arm": "T2-3d", "seed": 600547, "status": "no_branch_at_crossing"}
{"arm": "T2-3d", "seed": 600548, "status": "ok"}
{"arm": "T2-3d", "seed": 600549, "status": "ok"}
{"arm": "T2-3d", "seed": 600550, "status": "branch_lost"}
{"arm": "T2-3d", "seed": 600551, "status": "ok"}
{"arm": "T2-3d", "seed": 600552, "status": "ok"}
{"arm": "T2-3d", "seed": 600553, "status": "jump"}
{"arm": "T2-3d", "seed": 600554, "status": "ok"}
{"arm": "T2-3d", "seed": 600555, "status": "ok"}
{"arm": "T2-3d", "seed": 600556, "status": "ok"}
{"arm": "T2-3d", "seed": 600557, "status": "ok"}
{"arm": "T2-3d", "seed": 600558, "status": "ok"}
{"arm": "T2-3d", "seed": 600559, "status": "ok"}
{"arm": "T2-3", "seed": 600000, "status": "ok"}
{"arm": "T2-3", "seed": 600001, "status": "ok"}
{"arm": "T2-3", "seed": 600002, "status": "ok"}
{"arm": "T2-3", "seed": 600003, "status": "ok"}
{"arm": "T2-3", "seed": 600004, "status": "ok"}
{"arm": "T2-3", "seed": 600005, "status": "ok"}
{"arm": "T2-3", "seed": 600006, "status": "ok"}
{"arm": "T2-3", "seed": 600007, "status": "ok"}
{"arm": "T2-3", "seed": 600008, "status": "ok"}
{"arm": "T2-3", "seed": 600009, "status": "ok"}
{"arm": "T2-3", "seed": 600010, "status": "ok"}
{"arm": "T2-3", "seed": 600011, "status": "ok"}
{"arm": "T2-3", "seed": 600012, "status": "ok"}
{"arm": "T2-3", "seed": 600013, "status": "ok"}
{"arm": "T2-3", "seed": 600014, "status": "ok"}
{"arm": "T2-3", "seed": 600015, "status": "ok"}
{"arm": "T2-3", "seed": 600016, "status": "ok"}
{"arm": "T2-3", "seed": 600017, "status": "placed_back_to_init"}
{"arm": "T2-3", "seed": 600018, "status": "ok"}
{"arm": "T2-3", "seed": 600019, "status": "ok"}
{"arm": "T2-3", "seed": 600020, "status": "ok"}
{"arm": "T2-3", "seed": 600021, "status": "ok"}
{"arm": "T2-3", "seed": 600022, "status": "ok"}
{"arm": "T2-3", "seed": 600023, "status": "ok"}
{"arm": "T2-3", "seed": 600024, "status": "ok"}
{"arm": "T2-3", "seed": 600025, "status": "ok"}
{"arm": "T2-3", "seed": 600026, "status": "ok"}
{"arm": "T2-3", "seed": 600027, "status": "ok"}
{"arm": "T2-3", "seed": 600028, "status": "ok"}
{"arm": "T2-3", "seed": 600029, "status": "ok"}
{"arm": "T2-3", "seed": 600030, "status": "ok"}
{"arm": "T2-3", "seed": 600031, "status": "ok"}
{"arm": "T2-3", "seed": 600033, "status": "ok"}
{"arm": "T2-3", "seed": 600034, "status": "ok"}
{"arm": "T2-3", "seed": 600035, "status": "ok"}
{"arm": "T2-3", "seed": 600036, "status": "ok"}
{"arm": "T2-3", "seed": 600037, "status": "ok"}
{"arm": "T2-3", "seed": 600038, "status": "ok"}
{"arm": "T2-3", "seed": 600039, "status": "ok"}
{"arm": "T2-3", "seed": 600040, "status": "ok"}
{"arm": "T2-3", "seed": 600041, "status": "ok"}
{"arm": "T2-3", "seed": 600042, "status": "ok"}
{"arm": "T2-3", "seed": 600043, "status": "ok"}
{"arm": "T2-3", "seed": 600044, "status": "placed_back_to_init"}
{"arm": "T2-3", "seed": 600045, "status": "ok"}
{"arm": "T2-3", "seed": 600046, "status": "ok"}
{"arm": "T2-3", "seed": 600047, "status": "ok"}
{"arm": "T2-3", "seed": 600048, "status": "ok"}
{"arm": "T2-3", "seed": 600049, "status": "ok"}
{"arm": "T2-3", "seed": 600050, "status": "ok"}
{"arm": "T2-3", "seed": 600051, "status": "ok"}
{"arm": "T2-3", "seed": 600052, "status": "no_branch_at_crossing"}
{"arm": "T2-3", "seed": 600053, "status": "ok"}
{"arm": "T2-3", "seed": 600054, "status": "ok"}
{"arm": "T2-3", "seed": 600055, "status": "ok"}
{"arm": "T2-3", "seed": 600056, "status": "ok"}
{"arm": "T2-3", "seed": 600057, "status": "ok"}
{"arm": "T2-3", "seed": 600058, "status": "ok"}
{"arm": "T2-3", "seed": 600059, "status": "ok"}
{"arm": "T2-3", "seed": 600060, "status": "ok"}
{"arm": "T2-3", "seed": 600061, "status": "ok"}
{"arm": "T2-3", "seed": 600062, "status": "ok"}
{"arm": "T2-3", "seed": 600063, "status": "ok"}
{"arm": "T2-3", "seed": 600064, "status": "ok"}
{"arm": "T2-3", "seed": 600065, "status": "ok"}
{"arm": "T2-3", "seed": 600066, "status": "ok"}
{"arm": "T2-3", "seed": 600067, "status": "ok"}
{"arm": "T2-3", "seed": 600068, "status": "no_branch_at_crossing"}
{"arm": "T2-3", "seed": 600069, "status": "ok"}
{"arm": "T2-3", "seed": 600070, "status": "ok"}
{"arm": "T2-3", "seed": 600071, "status": "ok"}
{"arm": "T2-3", "seed": 600072, "status": "ok"}
{"arm": "T2-3", "seed": 600073, "status": "ok"}
{"arm": "T2-3", "seed": 600074, "status": "ok"}
{"arm": "T2-3", "seed": 600075, "status": "ok"}
{"arm": "T2-3", "seed": 600076, "status": "ok"}
{"arm": "T2-3", "seed": 600077, "status": "ok"}
{"arm": "T2-3", "seed": 600078, "status": "ok"}
{"arm": "T2-3", "seed": 600079, "status": "ok"}
