{"act": "f1.30", "seed": 630002, "R2": 0.01, "variant": "reset", "class": "duplicate-unit minimum (Morse-Bott)", "gap_to_placed": 0.00015301667322631385}
{"act": "f1.30", "seed": 630002, "R2": 0.03, "variant": "reset", "class": "duplicate-unit minimum (Morse-Bott)", "gap_to_placed": 0.0014022694890345466}
{"act": "f1.30", "seed": 630005, "R2": 0.003, "variant": "preserved", "class": "duplicate-unit minimum (Morse-Bott)", "gap_to_placed": NaN}
{"act": "f1.30", "seed": 630005, "R2": 0.003, "variant": "reset", "class": "duplicate-unit minimum (Morse-Bott)", "gap_to_placed": NaN}
{"act": "f1.30", "seed": 630005, "R2": 0.01, "variant": "preserved", "class": "duplicate-unit minimum (Morse-Bott)", "gap_to_placed": NaN}
{"act": "f1.30", "seed": 630005, "R2": 0.01, "variant": "reset", "class": "duplicate-unit minimum (Morse-Bott)", "gap_to_placed": NaN}
{"act": "f1.30", "seed": 630005, "R2": 0.03, "variant": "reset", "class": "duplicate-unit minimum (Morse-Bott)", "gap_to_placed": NaN}
{"act": "f1.30", "seed": 630007, "R2": 0.003, "variant": "preserved", "class": "duplicate-unit minimum (Morse-Bott)", "gap_to_placed": NaN}
{"act": "f1.30", "seed": 630007, "R2": 0.003, "variant": "reset", "class": "duplicate-unit minimum (Morse-Bott)", "gap_to_placed": NaN}
{"act": "f1.30", "seed": 630007, "R2": 0.01, "variant": "reset", "class": "duplicate-unit minimum (Morse-Bott)", "gap_to_placed": -0.003145917075640936}
{"act": "f1.30", "seed": 630010, "R2": 0.003, "variant": "preserved", "class": "duplicate-unit minimum (Morse-Bott)", "gap_to_placed": NaN}
{"act": "f1.30", "seed": 630010, "R2": 0.01, "variant": "preserved", "class": "duplicate-unit minimum (Morse-Bott)", "gap_to_placed": NaN}
{"act": "f1.30", "seed": 630010, "R2": 0.01, "variant": "reset", "class": "duplicate-unit minimum (Morse-Bott)", "gap_to_placed": NaN}
{"act": "f1.30", "seed": 630010, "R2": 0.03, "variant": "preserved", "class": "duplicate-unit minimum (Morse-Bott)", "gap_to_placed": -0.004580649442022078}
{"act": "f1.30", "seed": 630010, "R2": 0.03, "variant": "reset", "class": "duplicate-unit minimum (Morse-Bott)", "gap_to_placed": -0.004580649442021856}
{"act": "f1.30", "seed": 630012, "R2": 0.003, "variant": "preserved", "class": "duplicate-unit minimum (Morse-Bott)", "gap_to_placed": NaN}
{"act": "f1.30", "seed": 630012, "R2": 0.01, "variant": "preserved", "class": "duplicate-unit minimum (Morse-Bott)", "gap_to_placed": NaN}
{"act": "f1.30", "seed": 630012, "R2": 0.01, "variant": "reset", "class": "duplicate-unit minimum (Morse-Bott)", "gap_to_placed": NaN}
{"act": "f1.30", "seed": 630012, "R2": 0.03, "variant": "preserved", "class": "duplicate-unit minimum (Morse-Bott)", "gap_to_placed": 0.0008848679481464616}
{"act": "f1.30", "seed": 630012, "R2": 0.03, "variant": "reset", "class": "duplicate-unit minimum (Morse-Bott)", "gap_to_placed": 0.0008848679481464616}
{"act": "f1.30", "seed": 630016, "R2": 0.003, "variant": "preserved", "class": "duplicate-unit minimum (Morse-Bott)", "gap_to_placed": NaN}
{"act": "f1.30", "seed": 630016, "R2": 0.003, "variant": "reset", "class": "duplicate-unit minimum (Morse-Bott)", "gap_to_placed": NaN}
{"act": "f1.30", "seed": 630016, "R2": 0.03, "variant": "preserved", "class": "duplicate-unit minimum (Morse-Bott)", "gap_to_placed": -0.0013972866271958484}
{"act": "f1.30", "seed": 630016, "R2": 0.03, "variant": "reset", "class": "duplicate-unit minimum (Morse-Bott)", "gap_to_placed": -0.0013972866271958484}
{"act": "f1.30", "seed": 630018, "R2": 0.003, "variant": "preserved", "class": "duplicate-unit minimum (Morse-Bott)", "gap_to_placed": 1.963629960299862e-05}
{"act": "f1.30", "seed": 630018, "R2": 0.003, "variant": "reset", "class": "duplicate-unit minimum (Morse-Bott)", "gap_to_placed": 1.963629960299862e-05}
{"act": "f1.30", "seed": 630018, "R2": 0.01, "variant": "preserved", "class": "duplicate-unit minimum (Morse-Bott)", "gap_to_placed": 0.00017508876101435256}
{"act": "f1.30", "seed": 630022, "R2": 0.003, "variant": "preserved", "class": "duplicate-unit minimum (Morse-Bott)", "gap_to_placed": NaN}
{"act": "f1.30", "seed": 630022, "R2": 0.003, "variant": "reset", "class": "duplicate-unit minimum (Morse-Bott)", "gap_to_placed": NaN}
{"act": "f1.30", "seed": 630022, "R2": 0.01, "variant": "reset", "class": "duplicate-unit minimum (Morse-Bott)", "gap_to_placed": NaN}
{"act": "f1.30", "seed": 630024, "R2": 0.003, "variant": "preserved", "class": "duplicate-unit minimum (Morse-Bott)", "gap_to_placed": NaN}
{"act": "f1.30", "seed": 630024, "R2": 0.003, "variant": "reset", "class": "duplicate-unit minimum (Morse-Bott)", "gap_to_placed": NaN}
{"act": "f1.30", "seed": 630024, "R2": 0.01, "variant": "preserved", "class": "duplicate-unit minimum (Morse-Bott)", "gap_to_placed": NaN}
{"act": "f1.30", "seed": 630024, "R2": 0.03, "variant": "preserved", "class": "duplicate-unit minimum (Morse-Bott)", "gap_to_placed": NaN}
{"act": "f1.30", "seed": 630024, "R2": 0.03, "variant": "reset", "class": "duplicate-unit minimum (Morse-Bott)", "gap_to_placed": NaN}
{"act": "f1.30", "seed": 630026, "R2": 0.003, "variant": "preserved", "class": "duplicate-unit minimum (Morse-Bott)", "gap_to_placed": NaN}
{"act": "f1.30", "seed": 630031, "R2": 0.003, "variant": "preserved", "class": "duplicate-unit minimum (Morse-Bott)", "gap_to_placed": NaN}
{"act": "f1.30", "seed": 630031, "R2": 0.003, "variant": "reset", "class": "duplicate-unit minimum (Morse-Bott)", "gap_to_placed": NaN}
{"act": "f1.30", "seed": 630031, "R2": 0.01, "variant": "preserved", "class": "duplicate-unit minimum (Morse-Bott)", "gap_to_placed": NaN}
{"act": "f1.30", "seed": 630031, "R2": 0.01, "variant": "reset", "class": "duplicate-unit minimum (Morse-Bott)", "gap_to_placed": NaN}
{"act": "f1.30", "seed": 630033, "R2": 0.003, "variant": "preserved", "class": "duplicate-unit minimum (Morse-Bott)", "gap_to_placed": NaN}
{"act": "f1.30", "seed": 630033, "R2": 0.01, "variant": "preserved", "class": "duplicate-unit minimum (Morse-Bott)", "gap_to_placed": NaN}
{"act": "f1.30", "seed": 630033, "R2": 0.01, "variant": "reset", "class": "duplicate-unit minimum (Morse-Bott)", "gap_to_placed": NaN}
{"act": "f1.30", "seed": 630033, "R2": 0.03, "variant": "preserved", "class": "duplicate-unit minimum (Morse-Bott)", "gap_to_placed": -0.008362696855232943}
{"act": "f1.30", "seed": 630033, "R2": 0.1, "variant": "preserved", "class": "duplicate-unit minimum (Morse-Bott)", "gap_to_placed": -0.015197829260490736}
{"act": "f1.30", "seed": 630034, "R2": 0.003, "variant": "preserved", "class": "duplicate-unit minimum (Morse-Bott)", "gap_to_placed": NaN}
{"act": "f1.30", "seed": 630034, "R2": 0.003, "variant": "reset", "class": "duplicate-unit minimum (Morse-Bott)", "gap_to_placed": NaN}
{"act": "f1.30", "seed": 630034, "R2": 0.01, "variant": "reset", "class": "duplicate-unit minimum (Morse-Bott)", "gap_to_placed": NaN}
{"act": "f1.30", "seed": 630035, "R2": 0.003, "variant": "reset", "class": "duplicate-unit minimum (Morse-Bott)", "gap_to_placed": NaN}
{"act": "f1.30", "seed": 630035, "R2": 0.01, "variant": "reset", "class": "duplicate-unit minimum (Morse-Bott)", "gap_to_placed": NaN}
{"act": "f1.30", "seed": 630035, "R2": 0.03, "variant": "preserved", "class": "duplicate-unit minimum (Morse-Bott)", "gap_to_placed": NaN}
{"act": "f1.30", "seed": 630035, "R2": 0.03, "variant": "reset", "class": "duplicate-unit minimum (Morse-Bott)", "gap_to_placed": NaN}
{"act": "f1.30", "seed": 630036, "R2": 0.003, "variant": "preserved", "class": "duplicate-unit minimum (Morse-Bott)", "gap_to_placed": NaN}
{"act": "f1.30", "seed": 630036, "R2": 0.01, "variant": "reset", "class": "duplicate-unit minimum (Morse-Bott)", "gap_to_placed": -0.0015182043863724015}
{"act": "f1.30", "seed": 630036, "R2": 0.03, "variant": "preserved", "class": "duplicate-unit minimum (Morse-Bott)", "gap_to_placed": NaN}
{"act": "f1.30", "seed": 630038, "R2": 0.01, "variant": "preserved", "class": "duplicate-unit minimum (Morse-Bott)", "gap_to_placed": NaN}
{"act": "f1.30", "seed": 630038, "R2": 0.03, "variant": "reset", "class": "duplicate-unit minimum (Morse-Bott)", "gap_to_placed": 0.0009615472620014831}
{"act": "f1.30", "seed": 630040, "R2": 0.01, "variant": "reset", "class": "duplicate-unit minimum (Morse-Bott)", "gap_to_placed": -0.000980252366680645}
{"act": "f1.30", "seed": 630040, "R2": 0.03, "variant": "preserved", "class": "duplicate-unit minimum (Morse-Bott)", "gap_to_placed": NaN}
{"act": "f1.30", "seed": 630040, "R2": 0.03, "variant": "reset", "class": "duplicate-unit minimum (Morse-Bott)", "gap_to_placed": NaN}
{"act": "f1.30", "seed": 630041, "R2": 0.003, "variant": "preserved", "class": "duplicate-unit minimum (Morse-Bott)", "gap_to_placed": NaN}
{"act": "f1.30", "seed": 630041, "R2": 0.003, "variant": "reset", "class": "duplicate-unit minimum (Morse-Bott)", "gap_to_placed": NaN}
{"act": "f1.30", "seed": 630041, "R2": 0.01, "variant": "preserved", "class": "duplicate-unit minimum (Morse-Bott)", "gap_to_placed": NaN}
{"act": "f1.30", "seed": 630041, "R2": 0.01, "variant": "reset", "class": "duplicate-unit minimum (Morse-Bott)", "gap_to_placed": NaN}
{"act": "f1.30", "seed": 630041, "R2": 0.03, "variant": "preserved", "class": "duplicate-unit minimum (Morse-Bott)", "gap_to_placed": NaN}
{"act": "f1.30", "seed": 630046, "R2": 0.003, "variant": "reset", "class": "duplicate-unit minimum (Morse-Bott)", "gap_to_placed": NaN}
{"act": "f1.30", "seed": 630046, "R2": 0.01, "variant": "preserved", "class": "duplicate-unit minimum (Morse-Bott)", "gap_to_placed": NaN}
{"act": "f1.30", "seed": 630046, "R2": 0.01, "variant": "reset", "class": "duplicate-unit minimum (Morse-Bott)", "gap_to_placed": NaN}
{"act": "f1.30", "seed": 630047, "R2": 0.01, "variant": "reset", "class": "duplicate-unit minimum (Morse-Bott)", "gap_to_placed": -0.0034854080259840714}
{"act": "f1.30", "seed": 630047, "R2": 0.03, "variant": "preserved", "class": "duplicate-unit minimum (Morse-Bott)", "gap_to_placed": -0.008538609075703585}
{"act": "f1.30", "seed": 630047, "R2": 0.03, "variant": "reset", "class": "duplicate-unit minimum (Morse-Bott)", "gap_to_placed": -0.008538609075703585}
{"act": "f1.30", "seed": 630048, "R2": 0.003, "variant": "reset", "class": "duplicate-unit minimum (Morse-Bott)", "gap_to_placed": NaN}
{"act": "f1.30", "seed": 630048, "R2": 0.01, "variant": "reset", "class": "duplicate-unit minimum (Morse-Bott)", "gap_to_placed": NaN}
{"act": "f1.30", "seed": 630048, "R2": 0.03, "variant": "preserved", "class": "duplicate-unit minimum (Morse-Bott)", "gap_to_placed": -0.006710570217188239}
{"act": "f1.30", "seed": 630050, "R2": 0.003, "variant": "preserved", "class": "duplicate-unit minimum (Morse-Bott)", "gap_to_placed": NaN}
{"act": "f1.30", "seed": 630050, "R2": 0.003, "variant": "reset", "class": "duplicate-unit minimum (Morse-Bott)", "gap_to_placed": NaN}
{"act": "f1.30", "seed": 630051, "R2": 0.003, "variant": "preserved", "class": "duplicate-unit minimum (Morse-Bott)", "gap_to_placed": NaN}
{"act": "f1.30", "seed": 630052, "R2": 0.003, "variant": "reset", "class": "duplicate-unit minimum (Morse-Bott)", "gap_to_placed": NaN}
{"act": "f1.30", "seed": 630052, "R2": 0.01, "variant": "preserved", "class": "duplicate-unit minimum (Morse-Bott)", "gap_to_placed": NaN}
{"act": "f1.30", "seed": 630052, "R2": 0.03, "variant": "reset", "class": "duplicate-unit minimum (Morse-Bott)", "gap_to_placed": -0.006511800286522762}
{"act": "f1.30", "seed": 630053, "R2": 0.01, "variant": "preserved", "class": "duplicate-unit minimum (Morse-Bott)", "gap_to_placed": NaN}
{"act": "f1.30", "seed": 630056, "R2": 0.003, "variant": "preserved", "class": "duplicate-unit minimum (Morse-Bott)", "gap_to_placed": NaN}
{"act": "f1.30", "seed": 630056, "R2": 0.03, "variant": "reset", "class": "duplicate-unit minimum (Morse-Bott)", "gap_to_placed": 0.001813852472668298}
{"act": "f1.30", "seed": 630057, "R2": 0.003, "variant": "reset", "class": "duplicate-unit minimum (Morse-Bott)", "gap_to_placed": NaN}
{"act": "f1.30", "seed": 630057, "R2": 0.03, "variant": "preserved", "class": "duplicate-unit minimum (Morse-Bott)", "gap_to_placed": NaN}
{"act": "f1.30", "seed": 630059, "R2": 0.003, "variant": "preserved", "class": "duplicate-unit minimum (Morse-Bott)", "gap_to_placed": NaN}
{"act": "f1.30", "seed": 630059, "R2": 0.01, "variant": "preserved", "class": "duplicate-unit minimum (Morse-Bott)", "gap_to_placed": NaN}
{"act": "f1.30", "seed": 630060, "R2": 0.003, "variant": "preserved", "class": "duplicate-unit minimum (Morse-Bott)", "gap_to_placed": NaN}
{"act": "f1.30", "seed": 630060, "R2": 0.01, "variant": "preserved", "class": "duplicate-unit minimum (Morse-Bott)", "gap_to_placed": -0.0023942770061703422}
{"act": "f1.30", "seed": 630060, "R2": 0.03, "variant": "preserved", "class": "duplicate-unit minimum (Morse-Bott)", "gap_to_placed": -0.006063481083109834}
{"act": "f1.30", "seed": 630060, "R2": 0.03, "variant": "reset", "class": "duplicate-unit minimum (Morse-Bott)", "gap_to_placed": -0.006063481083109834}
{"act": "f1.30", "seed": 630062, "R2": 0.01, "variant": "reset", "class": "duplicate-unit minimum (Morse-Bott)", "gap_to_placed": NaN}
{"act": "f1.30", "seed": 630063, "R2": 0.01, "variant": "reset", "class": "duplicate-unit minimum (Morse-Bott)", "gap_to_placed": -0.0020055142309258756}
{"act": "f1.30", "seed": 630063, "R2": 0.03, "variant": "preserved", "class": "duplicate-unit minimum (Morse-Bott)", "gap_to_placed": -0.0049148284316710145}
{"act": "f1.30", "seed": 630063, "R2": 0.03, "variant": "reset", "class": "duplicate-unit minimum (Morse-Bott)", "gap_to_placed": -0.0049148284316710145}
{"act": "f1.30", "seed": 630065, "R2": 0.003, "variant": "preserved", "class": "duplicate-unit minimum (Morse-Bott)", "gap_to_placed": NaN}
{"act": "f1.30", "seed": 630065, "R2": 0.003, "variant": "reset", "class": "duplicate-unit minimum (Morse-Bott)", "gap_to_placed": NaN}
{"act": "f1.30", "seed": 630065, "R2": 0.03, "variant": "preserved", "class": "duplicate-unit minimum (Morse-Bott)", "gap_to_placed": NaN}
{"act": "f1.30", "seed": 630066, "R2": 0.003, "variant": "preserved", "class": "duplicate-unit minimum (Morse-Bott)", "gap_to_placed": NaN}
{"act": "f1.30", "seed": 630066, "R2": 0.003, "variant": "reset", "class": "duplicate-unit minimum (Morse-Bott)", "gap_to_placed": NaN}
{"act": "f1.30", "seed": 630066, "R2": 0.01, "variant": "reset", "class": "duplicate-unit minimum (Morse-Bott)", "gap_to_placed": NaN}
{"act": "f1.30", "seed": 630067, "R2": 0.003, "variant": "preserved", "class": "duplicate-unit minimum (Morse-Bott)", "gap_to_placed": NaN}
{"act": "f1.30", "seed": 630067, "R2": 0.01, "variant": "preserved", "class": "duplicate-unit minimum (Morse-Bott)", "gap_to_placed": NaN}
{"act": "f1.30", "seed": 630067, "R2": 0.03, "variant": "reset", "class": "duplicate-unit minimum (Morse-Bott)", "gap_to_placed": -0.0023700261768562214}
{"act": "f1.30", "seed": 630068, "R2": 0.003, "variant": "preserved", "class": "duplicate-unit minimum (Morse-Bott)", "gap_to_placed": NaN}
{"act": "f1.30", "seed": 630068, "R2": 0.003, "variant": "reset", "class": "duplicate-unit minimum (Morse-Bott)", "gap_to_placed": NaN}
{"act": "f1.30", "seed": 630068, "R2": 0.01, "variant": "preserved", "class": "duplicate-unit minimum (Morse-Bott)", "gap_to_placed": NaN}
{"act": "f1.30", "seed": 630068, "R2": 0.03, "variant": "preserved", "class": "duplicate-unit minimum (Morse-Bott)", "gap_to_placed": NaN}
{"act": "f1.30", "seed": 630070, "R2": 0.003, "variant": "preserved", "class": "duplicate-unit minimum (Morse-Bott)", "gap_to_placed": NaN}
{"act": "f1.30", "seed": 630070, "R2": 0.003, "variant": "reset", "class": "duplicate-unit minimum (Morse-Bott)", "gap_to_placed": NaN}
{"act": "f1.30", "seed": 630070, "R2": 0.03, "variant": "preserved", "class": "duplicate-unit minimum (Morse-Bott)", "gap_to_placed": -0.0057519255437868955}
{"act": "f1.30", "seed": 630070, "R2": 0.03, "variant": "reset", "class": "duplicate-unit minimum (Morse-Bott)", "gap_to_placed": -0.0057519255437868955}
{"act": "f1.30", "seed": 630072, "R2": 0.01, "variant": "preserved", "class": "duplicate-unit minimum (Morse-Bott)", "gap_to_placed": NaN}
{"act": "f1.30", "seed": 630072, "R2": 0.01, "variant": "reset", "class": "duplicate-unit minimum (Morse-Bott)", "gap_to_placed": NaN}
{"act": "f1.30", "seed": 630073, "R2": 0.01, "variant": "preserved", "class": "duplicate-unit minimum (Morse-Bott)", "gap_to_placed": NaN}
{"act": "f1.30", "seed": 630073, "R2": 0.01, "variant": "reset", "class": "duplicate-unit minimum (Morse-Bott)", "gap_to_placed": NaN}
{"act": "f1.30", "seed": 630074, "R2": 0.003, "variant": "reset", "class": "duplicate-unit minimum (Morse-Bott)", "gap_to_placed": NaN}
{"act": "f1.30", "seed": 630074, "R2": 0.01, "variant": "preserved", "class": "duplicate-unit minimum (Morse-Bott)", "gap_to_placed": NaN}
{"act": "f1.30", "seed": 630074, "R2": 0.01, "variant": "reset", "class": "duplicate-unit minimum (Morse-Bott)", "gap_to_placed": NaN}
{"act": "f1.30", "seed": 630077, "R2": 0.003, "variant": "preserved", "class": "duplicate-unit minimum (Morse-Bott)", "gap_to_placed": NaN}
{"act": "f1.30", "seed": 630077, "R2": 0.01, "variant": "reset", "class": "duplicate-unit minimum (Morse-Bott)", "gap_to_placed": NaN}
{"act": "f1.30", "seed": 630078, "R2": 0.01, "variant": "preserved", "class": "duplicate-unit minimum (Morse-Bott)", "gap_to_placed": NaN}
{"act": "f1.30", "seed": 630078, "R2": 0.03, "variant": "reset", "class": "duplicate-unit minimum (Morse-Bott)", "gap_to_placed": NaN}
{"act": "f1.30", "seed": 630079, "R2": 0.003, "variant": "reset", "class": "duplicate-unit minimum (Morse-Bott)", "gap_to_placed": NaN}
{"act": "f1.30", "seed": 630079, "R2": 0.01, "variant": "reset", "class": "duplicate-unit minimum (Morse-Bott)", "gap_to_placed": NaN}
{"act": "f1.50", "seed": 630002, "R2": 0.003, "variant": "preserved", "class": "duplicate-unit minimum (Morse-Bott)", "gap_to_placed": 8.788473936593988e-06}
{"act": "f1.50", "seed": 630002, "R2": 0.03, "variant": "reset", "class": "duplicate-unit minimum (Morse-Bott)", "gap_to_placed": 0.0010582186011885986}
{"act": "f1.50", "seed": 630007, "R2": 0.003, "variant": "preserved", "class": "duplicate-unit minimum (Morse-Bott)", "gap_to_placed": NaN}
{"act": "f1.50", "seed": 630007, "R2": 0.01, "variant": "preserved", "class": "duplicate-unit minimum (Morse-Bott)", "gap_to_placed": NaN}
{"act": "f1.50", "seed": 630007, "R2": 0.03, "variant": "preserved", "class": "duplicate-unit minimum (Morse-Bott)", "gap_to_placed": -0.006988581548053041}
{"act": "f1.50", "seed": 630007, "R2": 0.1, "variant": "preserved", "class": "duplicate-unit minimum (Morse-Bott)", "gap_to_placed": -0.013591753993988487}
{"act": "f1.50", "seed": 630007, "R2": 0.1, "variant": "reset", "class": "duplicate-unit minimum (Morse-Bott)", "gap_to_placed": -0.013591753993988487}
{"act": "f1.50", "seed": 630010, "R2": 0.003, "variant": "reset", "class": "duplicate-unit minimum (Morse-Bott)", "gap_to_placed": NaN}
{"act": "f1.50", "seed": 630010, "R2": 0.01, "variant": "reset", "class": "duplicate-unit minimum (Morse-Bott)", "gap_to_placed": NaN}
{"act": "f1.50", "seed": 630012, "R2": 0.003, "variant": "preserved", "class": "duplicate-unit minimum (Morse-Bott)", "gap_to_placed": NaN}
{"act": "f1.50", "seed": 630012, "R2": 0.003, "variant": "reset", "class": "duplicate-unit minimum (Morse-Bott)", "gap_to_placed": NaN}
{"act": "f1.50", "seed": 630012, "R2": 0.01, "variant": "reset", "class": "duplicate-unit minimum (Morse-Bott)", "gap_to_placed": NaN}
{"act": "f1.50", "seed": 630012, "R2": 0.03, "variant": "reset", "class": "duplicate-unit minimum (Morse-Bott)", "gap_to_placed": 0.0006157316199352225}
{"act": "f1.50", "seed": 630016, "R2": 0.003, "variant": "preserved", "class": "duplicate-unit minimum (Morse-Bott)", "gap_to_placed": NaN}
{"act": "f1.50", "seed": 630016, "R2": 0.003, "variant": "reset", "class": "duplicate-unit minimum (Morse-Bott)", "gap_to_placed": NaN}
{"act": "f1.50", "seed": 630016, "R2": 0.01, "variant": "preserved", "class": "duplicate-unit minimum (Morse-Bott)", "gap_to_placed": NaN}
{"act": "f1.50", "seed": 630016, "R2": 0.03, "variant": "preserved", "class": "duplicate-unit minimum (Morse-Bott)", "gap_to_placed": NaN}
{"act": "f1.50", "seed": 630019, "R2": 0.003, "variant": "reset", "class": "duplicate-unit minimum (Morse-Bott)", "gap_to_placed": NaN}
{"act": "f1.50", "seed": 630019, "R2": 0.03, "variant": "preserved", "class": "duplicate-unit minimum (Morse-Bott)", "gap_to_placed": NaN}
{"act": "f1.50", "seed": 630022, "R2": 0.01, "variant": "preserved", "class": "duplicate-unit minimum (Morse-Bott)", "gap_to_placed": NaN}
{"act": "f1.50", "seed": 630022, "R2": 0.01, "variant": "reset", "class": "duplicate-unit minimum (Morse-Bott)", "gap_to_placed": NaN}
{"act": "f1.50", "seed": 630022, "R2": 0.03, "variant": "preserved", "class": "duplicate-unit minimum (Morse-Bott)", "gap_to_placed": NaN}
{"act": "f1.50", "seed": 630024, "R2": 0.003, "variant": "preserved", "class": "duplicate-unit minimum (Morse-Bott)", "gap_to_placed": NaN}
{"act": "f1.50", "seed": 630024, "R2": 0.01, "variant": "preserved", "class": "duplicate-unit minimum (Morse-Bott)", "gap_to_placed": NaN}
{"act": "f1.50", "seed": 630024, "R2": 0.03, "variant": "reset", "class": "duplicate-unit minimum (Morse-Bott)", "gap_to_placed": NaN}
{"act": "f1.50", "seed": 630026, "R2": 0.01, "variant": "reset", "class": "duplicate-unit minimum (Morse-Bott)", "gap_to_placed": NaN}
{"act": "f1.50", "seed": 630031, "R2": 0.003, "variant": "preserved", "class": "duplicate-unit minimum (Morse-Bott)", "gap_to_placed": NaN}
{"act": "f1.50", "seed": 630031, "R2": 0.003, "variant": "reset", "class": "duplicate-unit minimum (Morse-Bott)", "gap_to_placed": NaN}
{"act": "f1.50", "seed": 630031, "R2": 0.01, "variant": "preserved", "class": "duplicate-unit minimum (Morse-Bott)", "gap_to_placed": NaN}
{"act": "f1.50", "seed": 630033, "R2": 0.003, "variant": "preserved", "class": "duplicate-unit minimum (Morse-Bott)", "gap_to_placed": NaN}
{"act": "f1.50", "seed": 630033, "R2": 0.01, "variant": "preserved", "class": "duplicate-unit minimum (Morse-Bott)", "gap_to_placed": -0.002999367523635499}
{"act": "f1.50", "seed": 630033, "R2": 0.03, "variant": "preserved", "class": "duplicate-unit minimum (Morse-Bott)", "gap_to_placed": NaN}
{"act": "f1.50", "seed": 630034, "R2": 0.003, "variant": "preserved", "class": "duplicate-unit minimum (Morse-Bott)", "gap_to_placed": NaN}
{"act": "f1.50", "seed": 630034, "R2": 0.003, "variant": "reset", "class": "duplicate-unit minimum (Morse-Bott)", "gap_to_placed": NaN}
{"act": "f1.50", "seed": 630034, "R2": 0.01, "variant": "reset", "class": "duplicate-unit minimum (Morse-Bott)", "gap_to_placed": NaN}
{"act": "f1.50", "seed": 630035, "R2": 0.01, "variant": "preserved", "class": "duplicate-unit minimum (Morse-Bott)", "gap_to_placed": NaN}
{"act": "f1.50", "seed": 630035, "R2": 0.03, "variant": "preserved", "class": "duplicate-unit minimum (Morse-Bott)", "gap_to_placed": NaN}
{"act": "f1.50", "seed": 630036, "R2": 0.003, "variant": "reset", "class": "duplicate-unit minimum (Morse-Bott)", "gap_to_placed": NaN}
{"act": "f1.50", "seed": 630036, "R2": 0.03, "variant": "preserved", "class": "duplicate-unit minimum (Morse-Bott)", "gap_to_placed": NaN}
{"act": "f1.50", "seed": 630038, "R2": 0.003, "variant": "preserved", "class": "duplicate-unit minimum (Morse-Bott)", "gap_to_placed": NaN}
{"act": "f1.50", "seed": 630038, "R2": 0.003, "variant": "reset", "class": "duplicate-unit minimum (Morse-Bott)", "gap_to_placed": NaN}
{"act": "f1.50", "seed": 630038, "R2": 0.03, "variant": "preserved", "class": "duplicate-unit minimum (Morse-Bott)", "gap_to_placed": 0.0006798232369887858}
{"act": "f1.50", "seed": 630038, "R2": 0.03, "variant": "reset", "class": "duplicate-unit minimum (Morse-Bott)", "gap_to_placed": 0.0006798232369887858}
{"act": "f1.50", "seed": 630040, "R2": 0.003, "variant": "preserved", "class": "duplicate-unit minimum (Morse-Bott)", "gap_to_placed": NaN}
{"act": "f1.50", "seed": 630040, "R2": 0.01, "variant": "preserved", "class": "duplicate-unit minimum (Morse-Bott)", "gap_to_placed": NaN}
{"act": "f1.50", "seed": 630040, "R2": 0.01, "variant": "reset", "class": "duplicate-unit minimum (Morse-Bott)", "gap_to_placed": NaN}
{"act": "f1.50", "seed": 630040, "R2": 0.03, "variant": "reset", "class": "duplicate-unit minimum (Morse-Bott)", "gap_to_placed": NaN}
{"act": "f1.50", "seed": 630041, "R2": 0.003, "variant": "preserved", "class": "duplicate-unit minimum (Morse-Bott)", "gap_to_placed": NaN}
{"act": "f1.50", "seed": 630041, "R2": 0.003, "variant": "reset", "class": "duplicate-unit minimum (Morse-Bott)", "gap_to_placed": NaN}
{"act": "f1.50", "seed": 630041, "R2": 0.01, "variant": "preserved", "class": "duplicate-unit minimum (Morse-Bott)", "gap_to_placed": NaN}
{"act": "f1.50", "seed": 630041, "R2": 0.01, "variant": "reset", "class": "duplicate-unit minimum (Morse-Bott)", "gap_to_placed": NaN}
{"act": "f1.50", "seed": 630041, "R2": 0.03, "variant": "reset", "class": "duplicate-unit minimum (Morse-Bott)", "gap_to_placed": NaN}
{"act": "f1.50", "seed": 630041, "R2": 0.1, "variant": "preserved", "class": "duplicate-unit minimum (Morse-Bott)", "gap_to_placed": -0.019125263209394894}
{"act": "f1.50", "seed": 630041, "R2": 0.1, "variant": "reset", "class": "duplicate-unit minimum (Morse-Bott)", "gap_to_placed": -0.019125263209395005}
{"act": "f1.50", "seed": 630046, "R2": 0.003, "variant": "preserved", "class": "duplicate-unit minimum (Morse-Bott)", "gap_to_placed": NaN}
{"act": "f1.50", "seed": 630046, "R2": 0.003, "variant": "reset", "class": "duplicate-unit minimum (Morse-Bott)", "gap_to_placed": NaN}
{"act": "f1.50", "seed": 630046, "R2": 0.01, "variant": "reset", "class": "duplicate-unit minimum (Morse-Bott)", "gap_to_placed": NaN}
{"act": "f1.50", "seed": 630046, "R2": 0.03, "variant": "reset", "class": "duplicate-unit minimum (Morse-Bott)", "gap_to_placed": 0.0016081578657040074}
{"act": "f1.50", "seed": 630047, "R2": 0.003, "variant": "preserved", "class": "duplicate-unit minimum (Morse-Bott)", "gap_to_placed": NaN}
{"act": "f1.50", "seed": 630047, "R2": 0.003, "variant": "reset", "class": "duplicate-unit minimum (Morse-Bott)", "gap_to_placed": NaN}
{"act": "f1.50", "seed": 630047, "R2": 0.01, "variant": "preserved", "class": "duplicate-unit minimum (Morse-Bott)", "gap_to_placed": -0.003055101182575015}
{"act": "f1.50", "seed": 630047, "R2": 0.01, "variant": "reset", "class": "duplicate-unit minimum (Morse-Bott)", "gap_to_placed": -0.003055101182575015}
{"act": "f1.50", "seed": 630047, "R2": 0.03, "variant": "preserved", "class": "duplicate-unit minimum (Morse-Bott)", "gap_to_placed": NaN}
{"act": "f1.50", "seed": 630047, "R2": 0.03, "variant": "reset", "class": "duplicate-unit minimum (Morse-Bott)", "gap_to_placed": NaN}
{"act": "f1.50", "seed": 630048, "R2": 0.003, "variant": "reset", "class": "duplicate-unit minimum (Morse-Bott)", "gap_to_placed": NaN}
{"act": "f1.50", "seed": 630048, "R2": 0.01, "variant": "preserved", "class": "duplicate-unit minimum (Morse-Bott)", "gap_to_placed": NaN}
{"act": "f1.50", "seed": 630050, "R2": 0.003, "variant": "reset", "class": "duplicate-unit minimum (Morse-Bott)", "gap_to_placed": NaN}
{"act": "f1.50", "seed": 630051, "R2": 0.003, "variant": "preserved", "class": "duplicate-unit minimum (Morse-Bott)", "gap_to_placed": NaN}
{"act": "f1.50", "seed": 630051, "R2": 0.01, "variant": "preserved", "class": "duplicate-unit minimum (Morse-Bott)", "gap_to_placed": NaN}
{"act": "f1.50", "seed": 630051, "R2": 0.01, "variant": "reset", "class": "duplicate-unit minimum (Morse-Bott)", "gap_to_placed": NaN}
{"act": "f1.50", "seed": 630051, "R2": 0.03, "variant": "preserved", "class": "duplicate-unit minimum (Morse-Bott)", "gap_to_placed": -0.003830943360769168}
{"act": "f1.50", "seed": 630051, "R2": 0.03, "variant": "reset", "class": "duplicate-unit minimum (Morse-Bott)", "gap_to_placed": -0.00383094336076939}
{"act": "f1.50", "seed": 630052, "R2": 0.003, "variant": "preserved", "class": "duplicate-unit minimum (Morse-Bott)", "gap_to_placed": NaN}
{"act": "f1.50", "seed": 630052, "R2": 0.003, "variant": "reset", "class": "duplicate-unit minimum (Morse-Bott)", "gap_to_placed": NaN}
{"act": "f1.50", "seed": 630052, "R2": 0.01, "variant": "reset", "class": "duplicate-unit minimum (Morse-Bott)", "gap_to_placed": NaN}
{"act": "f1.50", "seed": 630052, "R2": 0.03, "variant": "preserved", "class": "duplicate-unit minimum (Morse-Bott)", "gap_to_placed": NaN}
{"act": "f1.50", "seed": 630052, "R2": 0.03, "variant": "reset", "class": "duplicate-unit minimum (Morse-Bott)", "gap_to_placed": NaN}
{"act": "f1.50", "seed": 630053, "R2": 0.003, "variant": "preserved", "class": "duplicate-unit minimum (Morse-Bott)", "gap_to_placed": 1.3535640387196679e-05}
{"act": "f1.50", "seed": 630053, "R2": 0.01, "variant": "preserved", "class": "duplicate-unit minimum (Morse-Bott)", "gap_to_placed": NaN}
{"act": "f1.50", "seed": 630056, "R2": 0.003, "variant": "preserved", "class": "duplicate-unit minimum (Morse-Bott)", "gap_to_placed": NaN}
{"act": "f1.50", "seed": 630056, "R2": 0.01, "variant": "reset", "class": "duplicate-unit minimum (Morse-Bott)", "gap_to_placed": NaN}
{"act": "f1.50", "seed": 630056, "R2": 0.03, "variant": "preserved", "class": "duplicate-unit minimum (Morse-Bott)", "gap_to_placed": 0.0014224833722334962}
{"act": "f1.50", "seed": 630057, "R2": 0.003, "variant": "preserved", "class": "duplicate-unit minimum (Morse-Bott)", "gap_to_placed": NaN}
{"act": "f1.50", "seed": 630057, "R2": 0.003, "variant": "reset", "class": "duplicate-unit minimum (Morse-Bott)", "gap_to_placed": NaN}
{"act": "f1.50", "seed": 630057, "R2": 0.01, "variant": "reset", "class": "duplicate-unit minimum (Morse-Bott)", "gap_to_placed": NaN}
{"act": "f1.50", "seed": 630059, "R2": 0.003, "variant": "reset", "class": "duplicate-unit minimum (Morse-Bott)", "gap_to_placed": NaN}
{"act": "f1.50", "seed": 630059, "R2": 0.01, "variant": "preserved", "class": "duplicate-unit minimum (Morse-Bott)", "gap_to_placed": NaN}
{"act": "f1.50", "seed": 630059, "R2": 0.01, "variant": "reset", "class": "duplicate-unit minimum (Morse-Bott)", "gap_to_placed": NaN}
{"act": "f1.50", "seed": 630060, "R2": 0.003, "variant": "preserved", "class": "duplicate-unit minimum (Morse-Bott)", "gap_to_placed": NaN}
{"act": "f1.50", "seed": 630060, "R2": 0.003, "variant": "reset", "class": "duplicate-unit minimum (Morse-Bott)", "gap_to_placed": NaN}
{"act": "f1.50", "seed": 630060, "R2": 0.01, "variant": "reset", "class": "duplicate-unit minimum (Morse-Bott)", "gap_to_placed": NaN}
{"act": "f1.50", "seed": 630060, "R2": 0.03, "variant": "preserved", "class": "duplicate-unit minimum (Morse-Bott)", "gap_to_placed": -0.005859823943770381}
{"act": "f1.50", "seed": 630062, "R2": 0.003, "variant": "reset", "class": "duplicate-unit minimum (Morse-Bott)", "gap_to_placed": NaN}
{"act": "f1.50", "seed": 630062, "R2": 0.01, "variant": "preserved", "class": "duplicate-unit minimum (Morse-Bott)", "gap_to_placed": NaN}
{"act": "f1.50", "seed": 630063, "R2": 0.003, "variant": "reset", "class": "duplicate-unit minimum (Morse-Bott)", "gap_to_placed": NaN}
{"act": "f1.50", "seed": 630063, "R2": 0.01, "variant": "preserved", "class": "duplicate-unit minimum (Morse-Bott)", "gap_to_placed": NaN}
{"act": "f1.50", "seed": 630063, "R2": 0.01, "variant": "reset", "class": "duplicate-unit minimum (Morse-Bott)", "gap_to_placed": NaN}
{"act": "f1.50", "seed": 630063, "R2": 0.03, "variant": "preserved", "class": "duplicate-unit minimum (Morse-Bott)", "gap_to_placed": -0.004225997332701903}
{"act": "f1.50", "seed": 630063, "R2": 0.03, "variant": "reset", "class": "duplicate-unit minimum (Morse-Bott)", "gap_to_placed": -0.004225997332701903}
{"act": "f1.50", "seed": 630065, "R2": 0.003, "variant": "preserved", "class": "duplicate-unit minimum (Morse-Bott)", "gap_to_placed": NaN}
{"act": "f1.50", "seed": 630065, "R2": 0.03, "variant": "preserved", "class": "duplicate-unit minimum (Morse-Bott)", "gap_to_placed": NaN}
{"act": "f1.50", "seed": 630065, "R2": 0.03, "variant": "reset", "class": "duplicate-unit minimum (Morse-Bott)", "gap_to_placed": NaN}
{"act": "f1.50", "seed": 630066, "R2": 0.003, "variant": "preserved", "class": "duplicate-unit minimum (Morse-Bott)", "gap_to_placed": NaN}
{"act": "f1.50", "seed": 630066, "R2": 0.003, "variant": "reset", "class": "duplicate-unit minimum (Morse-Bott)", "gap_to_placed": NaN}
{"act": "f1.50", "seed": 630067, "R2": 0.003, "variant": "preserved", "class": "duplicate-unit minimum (Morse-Bott)", "gap_to_placed": NaN}
{"act": "f1.50", "seed": 630067, "R2": 0.003, "variant": "reset", "class": "duplicate-unit minimum (Morse-Bott)", "gap_to_placed": NaN}
{"act": "f1.50", "seed": 630067, "R2": 0.01, "variant": "preserved", "class": "duplicate-unit minimum (Morse-Bott)", "gap_to_placed": NaN}
{"act": "f1.50", "seed": 630067, "R2": 0.01, "variant": "reset", "class": "duplicate-unit minimum (Morse-Bott)", "gap_to_placed": NaN}
{"act": "f1.50", "seed": 630067, "R2": 0.03, "variant": "reset", "class": "duplicate-unit minimum (Morse-Bott)", "gap_to_placed": -0.002460301377357421}
{"act": "f1.50", "seed": 630068, "R2": 0.003, "variant": "reset", "class": "duplicate-unit minimum (Morse-Bott)", "gap_to_placed": NaN}
{"act": "f1.50", "seed": 630068, "R2": 0.01, "variant": "reset", "class": "duplicate-unit minimum (Morse-Bott)", "gap_to_placed": NaN}
{"act": "f1.50", "seed": 630068, "R2": 0.03, "variant": "preserved", "class": "duplicate-unit minimum (Morse-Bott)", "gap_to_placed": NaN}
{"act": "f1.50", "seed": 630068, "R2": 0.03, "variant": "reset", "class": "duplicate-unit minimum (Morse-Bott)", "gap_to_placed": NaN}
{"act": "f1.50", "seed": 630070, "R2": 0.003, "variant": "preserved", "class": "duplicate-unit minimum (Morse-Bott)", "gap_to_placed": NaN}
{"act": "f1.50", "seed": 630070, "R2": 0.01, "variant": "preserved", "class": "duplicate-unit minimum (Morse-Bott)", "gap_to_placed": NaN}
{"act": "f1.50", "seed": 630070, "R2": 0.01, "variant": "reset", "class": "duplicate-unit minimum (Morse-Bott)", "gap_to_placed": NaN}
{"act": "f1.50", "seed": 630070, "R2": 0.03, "variant": "preserved", "class": "duplicate-unit minimum (Morse-Bott)", "gap_to_placed": NaN}
{"act": "f1.50", "seed": 630072, "R2": 0.01, "variant": "reset", "class": "duplicate-unit minimum (Morse-Bott)", "gap_to_placed": NaN}
{"act": "f1.50", "seed": 630073, "R2": 0.003, "variant": "preserved", "class": "duplicate-unit minimum (Morse-Bott)", "gap_to_placed": NaN}
{"act": "f1.50", "seed": 630073, "R2": 0.003, "variant": "reset", "class": "duplicate-unit minimum (Morse-Bott)", "gap_to_placed": NaN}
{"act": "f1.50", "seed": 630073, "R2": 0.01, "variant": "reset", "class": "duplicate-unit minimum (Morse-Bott)", "gap_to_placed": NaN}
{"act": "f1.50", "seed": 630073, "R2": 0.03, "variant": "preserved", "class": "duplicate-unit minimum (Morse-Bott)", "gap_to_placed": 0.0013175849229293268}
{"act": "f1.50", "seed": 630074, "R2": 0.003, "variant": "preserved", "class": "duplicate-unit minimum (Morse-Bott)", "gap_to_placed": NaN}
{"act": "f1.50", "seed": 630074, "R2": 0.003, "variant": "reset", "class": "duplicate-unit minimum (Morse-Bott)", "gap_to_placed": NaN}
{"act": "f1.50", "seed": 630074, "R2": 0.01, "variant": "reset", "class": "duplicate-unit minimum (Morse-Bott)", "gap_to_placed": NaN}
{"act": "f1.50", "seed": 630074, "R2": 0.03, "variant": "preserved", "class": "duplicate-unit minimum (Morse-Bott)", "gap_to_placed": NaN}
{"act": "f1.50", "seed": 630074, "R2": 0.03, "variant": "reset", "class": "duplicate-unit minimum (Morse-Bott)", "gap_to_placed": NaN}
{"act": "f1.50", "seed": 630075, "R2": 0.003, "variant": "reset", "class": "duplicate-unit minimum (Morse-Bott)", "gap_to_placed": NaN}
{"act": "f1.50", "seed": 630076, "R2": 0.003, "variant": "preserved", "class": "duplicate-unit minimum (Morse-Bott)", "gap_to_placed": NaN}
{"act": "f1.50", "seed": 630076, "R2": 0.01, "variant": "preserved", "class": "duplicate-unit minimum (Morse-Bott)", "gap_to_placed": 0.00012389249238298206}
{"act": "f1.50", "seed": 630076, "R2": 0.01, "variant": "reset", "class": "duplicate-unit minimum (Morse-Bott)", "gap_to_placed": 0.00012389249238298206}
{"act": "f1.50", "seed": 630077, "R2": 0.003, "variant": "preserved", "class": "duplicate-unit minimum (Morse-Bott)", "gap_to_placed": NaN}
{"act": "f1.50", "seed": 630077, "R2": 0.01, "variant": "preserved", "class": "duplicate-unit minimum (Morse-Bott)", "gap_to_placed": NaN}
{"act": "f1.50", "seed": 630077, "R2": 0.01, "variant": "reset", "class": "duplicate-unit minimum (Morse-Bott)", "gap_to_placed": NaN}
{"act": "f1.50", "seed": 630078, "R2": 0.003, "variant": "reset", "class": "duplicate-unit minimum (Morse-Bott)", "gap_to_placed": NaN}
{"act": "f1.50", "seed": 630078, "R2": 0.01, "variant": "reset", "class": "duplicate-unit minimum (Morse-Bott)", "gap_to_placed": NaN}
{"act": "f1.50", "seed": 630078, "R2": 0.03, "variant": "reset", "class": "duplicate-unit minimum (Morse-Bott)", "gap_to_placed": NaN}
{"act": "f1.50", "seed": 630079, "R2": 0.003, "variant": "preserved", "class": "duplicate-unit minimum (Morse-Bott)", "gap_to_placed": NaN}
{"act": "f1.50", "seed": 630079, "R2": 0.003, "variant": "reset", "class": "duplicate-unit minimum (Morse-Bott)", "gap_to_placed": NaN}
{"act": "f1.50", "seed": 630079, "R2": 0.03, "variant": "reset", "class": "duplicate-unit minimum (Morse-Bott)", "gap_to_placed": 0.0005741142995470128}
{"act": "tanh", "seed": 630029, "R2": 0.1, "variant": "reset", "class": "saddle", "gap_to_placed": 4.665868322162314e-05}
{"act": "tanh", "seed": 630036, "R2": 0.003, "variant": "preserved", "class": "saddle", "gap_to_placed": NaN}
{"act": "tanh", "seed": 630036, "R2": 0.01, "variant": "preserved", "class": "degenerate, undetermined", "gap_to_placed": NaN}
{"act": "tanh", "seed": 630036, "R2": 0.01, "variant": "reset", "class": "saddle", "gap_to_placed": NaN}
{"act": "tanh", "seed": 630036, "R2": 0.03, "variant": "reset", "class": "degenerate, undetermined", "gap_to_placed": NaN}
{"act": "tanh", "seed": 630036, "R2": 0.1, "variant": "preserved", "class": "degenerate, undetermined", "gap_to_placed": 0.0004514771589205768}
{"act": "tanh", "seed": 630036, "R2": 0.1, "variant": "reset", "class": "degenerate, undetermined", "gap_to_placed": 0.0004514771586207056}
{"act": "tanh", "seed": 630040, "R2": 0.03, "variant": "reset", "class": "saddle", "gap_to_placed": NaN}
{"act": "tanh", "seed": 630040, "R2": 0.1, "variant": "preserved", "class": "degenerate, undetermined", "gap_to_placed": 0.000451477158179614}
{"act": "tanh", "seed": 630040, "R2": 0.1, "variant": "reset", "class": "saddle", "gap_to_placed": 0.0004514805890953877}
{"act": "tanh", "seed": 630046, "R2": 0.01, "variant": "reset", "class": "saddle", "gap_to_placed": 2.5000555876508734e-05}
{"act": "tanh", "seed": 630046, "R2": 0.03, "variant": "preserved", "class": "degenerate, undetermined", "gap_to_placed": 0.00022491565047288997}
{"act": "tanh", "seed": 630046, "R2": 0.03, "variant": "reset", "class": "saddle", "gap_to_placed": 0.00022491762270648863}
{"act": "tanh", "seed": 630046, "R2": 0.1, "variant": "preserved", "class": "degenerate, undetermined", "gap_to_placed": 0.0024896152380632364}
{"act": "tanh", "seed": 630046, "R2": 0.1, "variant": "reset", "class": "saddle", "gap_to_placed": 0.002489616130155081}
{"act": "tanh", "seed": 630079, "R2": 0.1, "variant": "reset", "class": "saddle", "gap_to_placed": 0.0024897885958142796}
