{
 "a": {
  "a": 1.58,
  "literal_files": [
   "src/verify_ledger.py",
   "results/sb_fold/branch_losses.csv"
  ],
  "float_artefact_files": [],
  "csv_a_column_hits": {
   "results/corner_tracking.csv": [
    1.575
   ]
  },
  "note": "literal_files: every text file with the token 1.58 (any role: a scale value, a statistic); csv_a_column_hits: results CSVs whose a / act_a / parameter column has a value in [1.575, 1.585] (training or crossing data at a = 1.58 would appear there)."
 },
 "seeds": {
  "ranges": {
   "w1_sgd_dev": [
    9310000,
    9310119,
    25
   ],
   "w1_sgd_est": [
    9310200,
    9310239,
    40
   ],
   "gelu_random_dev": [
    9320000,
    9320004,
    5
   ],
   "gelu_random_est": [
    9320100,
    9320119,
    20
   ],
   "w2a_T_dev": [
    9330000,
    9330009,
    10
   ],
   "w2a_T_est": [
    9330100,
    9330159,
    60
   ],
   "w2a_Tp_dev": [
    9340000,
    9340004,
    5
   ],
   "w2a_Tp_est": [
    9340100,
    9340119,
    20
   ]
  },
  "prefix_pattern_files": {
   "w1_sgd_dev": [],
   "w1_sgd_est": [],
   "gelu_random_dev": [],
   "gelu_random_est": [],
   "w2a_T_dev": [],
   "w2a_T_est": [],
   "w2a_Tp_dev": [],
   "w2a_Tp_est": []
  },
  "registered_seed_overlap": {
   "track_a.SEEDS": [],
   "track2a.SEEDS": [],
   "track2b.SEEDS": [],
   "track2c.SEEDS": [],
   "gelu_transfer.PILOT_SEEDS": [],
   "gelu_transfer.SEEDS": [],
   "width2_asym.PILOT_SEEDS": [],
   "width2_asym.SEEDS": [],
   "width2_asym.SEEDS_T": [],
   "width2_asym.SEEDS_TP": []
  }
 }
}
      406.20 real       400.88 user         2.52 sys
           163528704  maximum resident set size
                   0  average shared memory size
                   0  average unshared data size
                   0  average unshared stack size
               34417  page reclaims
                 489  page faults
                   0  swaps
                   0  block input operations
                   0  block output operations
                   0  messages sent
                   0  messages received
                   0  signals received
                8382  voluntary context switches
              124557  involuntary context switches
      11959926614301  instructions retired
       1716936688270  cycles elapsed
           198296320  peak memory footprint
