{"a": 1.3, "winding": -1, "seed": 2020000, "s_branch": 4.698301361730453, "note": "", "lambda_min_own": 0.15240343724960256}
{"a": 1.3, "winding": -1, "seed": 2020001, "s_branch": 5.661931279105266, "note": "", "lambda_min_own": 0.15413087277805038}
{"a": 1.3, "winding": -1, "seed": 2020002, "s_branch": 5.4465086444123605, "note": "", "lambda_min_own": 0.1471744750834851}
{"a": 1.3, "winding": -1, "seed": 2020003, "s_branch": 5.061632787922919, "note": "", "lambda_min_own": 0.1427787026616186}
{"a": 1.3, "winding": -1, "seed": 2020004, "s_branch": 5.461536682705563, "note": "", "lambda_min_own": 0.13936801836757146}
{"a": 1.3, "winding": -1, "seed": 2020005, "s_branch": 5.521989348586109, "note": "", "lambda_min_own": 0.1456844498495608}
{"a": 1.3, "winding": -1, "seed": 2020006, "s_branch": 4.938328587928585, "note": "", "lambda_min_own": 0.14612007340614885}
{"a": 1.3, "winding": -1, "seed": 2020007, "s_branch": 4.651415488035015, "note": "", "lambda_min_own": 0.14703876231613877}
{"a": 1.3, "winding": -1, "seed": 2020008, "s_branch": 4.324226411642156, "note": "", "lambda_min_own": 0.15776465197097994}
{"a": 1.3, "winding": -1, "seed": 2020009, "s_branch": 4.306482201303254, "note": "", "lambda_min_own": 0.1583746343005144}
{"a": 1.3, "winding": -1, "seed": 2020010, "s_branch": 5.230909292614503, "note": "", "lambda_min_own": 0.1459011608940607}
{"a": 1.3, "winding": -1, "seed": 2020011, "s_branch": 4.1354423998774035, "note": "", "lambda_min_own": 0.15494323874401406}
{"a": 1.3, "winding": -1, "seed": 2020012, "s_branch": 5.376891231742637, "note": "", "lambda_min_own": 0.14188687427375973}
{"a": 1.3, "winding": -1, "seed": 2020013, "s_branch": 5.026892983101827, "note": "", "lambda_min_own": 0.15354266586344667}
{"a": 1.3, "winding": -1, "seed": 2020014, "s_branch": 5.258462313600839, "note": "", "lambda_min_own": 0.15014792315676037}
{"a": 1.3, "winding": -1, "seed": 2020015, "s_branch": 5.150587380858598, "note": "", "lambda_min_own": 0.1573638800953924}
{"a": 1.3, "winding": -1, "seed": 2020016, "s_branch": 5.104920188058447, "note": "", "lambda_min_own": 0.15289738317345364}
{"a": 1.3, "winding": -1, "seed": 2020017, "s_branch": 4.7452352798704105, "note": "", "lambda_min_own": 0.15327562503172465}
{"a": 1.3, "winding": -1, "seed": 2020018, "s_branch": 5.0457558510037135, "note": "", "lambda_min_own": 0.1514147629538766}
{"a": 1.3, "winding": -1, "seed": 2020019, "s_branch": 4.928844074511368, "note": "", "lambda_min_own": 0.14360687806198713}
{"a": 1.3, "winding": -1, "seed": 2020020, "s_branch": 4.625947354761606, "note": "", "lambda_min_own": 0.15446487275109855}
{"a": 1.3, "winding": -1, "seed": 2020021, "s_branch": 4.668059318300818, "note": "", "lambda_min_own": 0.1495566692817402}
{"a": 1.3, "winding": -1, "seed": 2020022, "s_branch": 5.085958484001649, "note": "", "lambda_min_own": 0.14622738909750332}
{"a": 1.3, "winding": -1, "seed": 2020023, "s_branch": 4.366298896469948, "note": "", "lambda_min_own": 0.15276963703306828}
{"a": 1.3, "winding": -1, "seed": 2020024, "s_branch": 4.54111236943327, "note": "", "lambda_min_own": 0.15202238017617736}
{"a": 1.3, "winding": -1, "seed": 2020025, "s_branch": 4.704703503476462, "note": "", "lambda_min_own": 0.14983955684262265}
{"a": 1.3, "winding": -1, "seed": 2020026, "s_branch": 5.046819627236764, "note": "", "lambda_min_own": 0.14455379748275052}
{"a": 1.3, "winding": -1, "seed": 2020027, "s_branch": 5.361397813939284, "note": "", "lambda_min_own": 0.15320404967700552}
{"a": 1.3, "winding": -1, "seed": 2020028, "s_branch": 5.393223738038641, "note": "", "lambda_min_own": 0.14293116473879408}
{"a": 1.3, "winding": -1, "seed": 2020029, "s_branch": 4.66611437674739, "note": "", "lambda_min_own": 0.14834981808186995}
{"a": 1.3, "winding": -1, "seed": 2020030, "s_branch": 4.9607866895657375, "note": "", "lambda_min_own": 0.15265111262819392}
{"a": 1.3, "winding": -1, "seed": 2020031, "s_branch": 4.975722499195076, "note": "", "lambda_min_own": 0.14776461638834268}
{"a": 1.3, "winding": -1, "seed": 2020032, "s_branch": 5.207671217663351, "note": "", "lambda_min_own": 0.13934462543974527}
{"a": 1.3, "winding": -1, "seed": 2020033, "s_branch": 4.87657125575675, "note": "", "lambda_min_own": 0.1465195158154033}
{"a": 1.3, "winding": -1, "seed": 2020034, "s_branch": 4.715489067865002, "note": "", "lambda_min_own": 0.14764174379338196}
{"a": 1.3, "winding": -1, "seed": 2020035, "s_branch": 4.398664510903485, "note": "", "lambda_min_own": 0.14967389941990233}
{"a": 1.3, "winding": -1, "seed": 2020036, "s_branch": 4.484577438307596, "note": "", "lambda_min_own": 0.15655237947980874}
{"a": 1.3, "winding": -1, "seed": 2020037, "s_branch": 4.189961636247943, "note": "", "lambda_min_own": 0.1567404074502303}
{"a": 1.3, "winding": -1, "seed": 2020038, "s_branch": 4.664783776266878, "note": "", "lambda_min_own": 0.14883619510809876}
{"a": 1.3, "winding": -1, "seed": 2020039, "s_branch": 4.887125274846858, "note": "", "lambda_min_own": 0.1477074241486668}
{"a": 1.5, "winding": 0, "seed": 2020000, "s_branch": 2.6814164767545154, "note": "", "lambda_min_own": 0.14733200654694198}
{"a": 1.5, "winding": 0, "seed": 2020001, "s_branch": 2.4557271762379034, "note": "", "lambda_min_own": 0.14376229237181215}
{"a": 1.5, "winding": 0, "seed": 2020002, "s_branch": 2.5819286527154253, "note": "", "lambda_min_own": 0.15172632052511134}
{"a": 1.5, "winding": 0, "seed": 2020003, "s_branch": 2.5883557637912693, "note": "", "lambda_min_own": 0.15603297891282308}
{"a": 1.5, "winding": 0, "seed": 2020004, "s_branch": 2.4296077190216834, "note": "", "lambda_min_own": 0.15939618917777187}
{"a": 1.5, "winding": 0, "seed": 2020005, "s_branch": 2.289927227586688, "note": "", "lambda_min_own": 0.1527327533918348}
{"a": 1.5, "winding": 0, "seed": 2020006, "s_branch": 2.4892156732230735, "note": "", "lambda_min_own": 0.15345399347875663}
{"a": 1.5, "winding": 0, "seed": 2020007, "s_branch": 2.654809726434845, "note": "", "lambda_min_own": 0.1529307390652477}
{"a": 1.5, "winding": 0, "seed": 2020008, "s_branch": 2.7846504280797593, "note": "", "lambda_min_own": 0.14189233943873203}
{"a": 1.5, "winding": 0, "seed": 2020009, "s_branch": 3.015790462193962, "note": "", "lambda_min_own": 0.13890128388036266}
{"a": 1.5, "winding": 0, "seed": 2020010, "s_branch": 2.312778785794068, "note": "", "lambda_min_own": 0.15366440559404382}
{"a": 1.5, "winding": 0, "seed": 2020011, "s_branch": 3.009877088166045, "note": "", "lambda_min_own": 0.14371802760680144}
{"a": 1.5, "winding": 0, "seed": 2020012, "s_branch": 2.324471083193081, "note": "", "lambda_min_own": 0.15764917328418274}
{"a": 1.5, "winding": 0, "seed": 2020013, "s_branch": 2.4908832891482433, "note": "", "lambda_min_own": 0.1461777760935451}
{"a": 1.5, "winding": 0, "seed": 2020014, "s_branch": 2.2125081390949033, "note": "", "lambda_min_own": 0.14931187564806545}
{"a": 1.5, "winding": 0, "seed": 2020015, "s_branch": 2.844706941325275, "note": "", "lambda_min_own": 0.14088491629058644}
{"a": 1.5, "winding": 0, "seed": 2020016, "s_branch": 2.434578267367984, "note": "", "lambda_min_own": 0.14672815666775468}
{"a": 1.5, "winding": 0, "seed": 2020017, "s_branch": 2.6501591005136906, "note": "", "lambda_min_own": 0.14549723411925358}
{"a": 1.5, "winding": 0, "seed": 2020018, "s_branch": 2.669847161592262, "note": "", "lambda_min_own": 0.14719014119874546}
{"a": 1.5, "winding": 0, "seed": 2020019, "s_branch": 2.529031553950458, "note": "", "lambda_min_own": 0.15598810513605044}
{"a": 1.5, "winding": 0, "seed": 2020020, "s_branch": 2.8820101760603913, "note": "", "lambda_min_own": 0.14430969356603227}
{"a": 1.5, "winding": 0, "seed": 2020021, "s_branch": 2.9171268716225867, "note": "", "lambda_min_own": 0.14853022347272138}
{"a": 1.5, "winding": 0, "seed": 2020022, "s_branch": 2.502461367824485, "note": "", "lambda_min_own": 0.15333630333070872}
{"a": 1.5, "winding": 0, "seed": 2020023, "s_branch": 2.8695731154900415, "note": "", "lambda_min_own": 0.14687475570055245}
{"a": 1.5, "winding": 0, "seed": 2020024, "s_branch": 2.587323981525987, "note": "", "lambda_min_own": 0.14853480269982822}
{"a": 1.5, "winding": 0, "seed": 2020025, "s_branch": 2.6684099439656292, "note": "", "lambda_min_own": 0.1495941812613432}
{"a": 1.5, "winding": 0, "seed": 2020026, "s_branch": 2.2983028945885304, "note": "", "lambda_min_own": 0.15572074829876797}
{"a": 1.5, "winding": 0, "seed": 2020027, "s_branch": 2.3809945590223363, "note": "", "lambda_min_own": 0.14652277237644132}
{"a": 1.5, "winding": 0, "seed": 2020028, "s_branch": 2.4395488157142835, "note": "", "lambda_min_own": 0.15546257305152147}
{"a": 1.5, "winding": 0, "seed": 2020029, "s_branch": 2.479616411612324, "note": "", "lambda_min_own": 0.15134975210891408}
{"a": 1.5, "winding": 0, "seed": 2020030, "s_branch": 2.4876448849594963, "note": "", "lambda_min_own": 0.1471339082225815}
{"a": 1.5, "winding": 0, "seed": 2020031, "s_branch": 2.590455338932002, "note": "", "lambda_min_own": 0.15186454216560882}
{"a": 1.5, "winding": 0, "seed": 2020032, "s_branch": 2.4487986300770053, "note": "", "lambda_min_own": 0.15997405847108065}
{"a": 1.5, "winding": 0, "seed": 2020033, "s_branch": 2.7085498770681657, "note": "", "lambda_min_own": 0.15252795467379843}
{"a": 1.5, "winding": 0, "seed": 2020034, "s_branch": 2.560832612611378, "note": "", "lambda_min_own": 0.15164702576371183}
{"a": 1.5, "winding": 0, "seed": 2020035, "s_branch": 2.737476871276658, "note": "", "lambda_min_own": 0.1497168187416587}
{"a": 1.5, "winding": 0, "seed": 2020036, "s_branch": 2.5601970400685734, "note": "", "lambda_min_own": 0.14269969318399303}
{"a": 1.5, "winding": 0, "seed": 2020037, "s_branch": 3.0724300601814702, "note": "", "lambda_min_own": 0.14034631281734591}
{"a": 1.5, "winding": 0, "seed": 2020038, "s_branch": 2.6085069802777974, "note": "", "lambda_min_own": 0.15124367561172816}
{"a": 1.5, "winding": 0, "seed": 2020039, "s_branch": 2.697370050778281, "note": "", "lambda_min_own": 0.1514198571471394}
      n  ok
a          
1.3  40  40
1.5  40  40
