{
 "C1": "PASS",
 "C2": "UNRESOLVED",
 "kx_star": {
  "1.3": 0.2,
  "1.5": 0.2
 },
 "C1_cells_invalid": [],
 "C2_cells_invalid": [
  [
   1.3,
   0.3
  ],
  [
   1.3,
   0.4
  ],
  [
   1.5,
   0.3
  ],
  [
   1.5,
   0.4
  ]
 ],
 "cells": [
  {
   "a": 1.3,
   "kx_target": 0.02,
   "chi_target": 0.0026247930279833646,
   "eta_cell": 0.3,
   "gamma": 0.00011864554538951648,
   "n_cross": 36,
   "n_crossed_any": 36,
   "n_runs": 40,
   "n_placed_in_warmup": 0,
   "chi_own_median": 0.0026408514476449797,
   "chi_own_median_all40": 0.0026433476614073142,
   "stab_ok": true,
   "max_eta_lambda_realised": 0.853126880667466,
   "n_runs_stability_violated": 0,
   "n_winding_changed": 0,
   "median_obs_r": 0.02092335373868337,
   "median_pred_r": 0.02,
   "ratio_q25": 1.003246086506418,
   "ratio_q75": 1.104262993977481,
   "crossings_ok": true,
   "chi_ok": true,
   "stability_ok": true,
   "valid": true,
   "median_ratio": 1.0461676869341685,
   "in_band": true
  },
  {
   "a": 1.3,
   "kx_target": 0.05,
   "chi_target": 0.006561982569958412,
   "eta_cell": 0.3,
   "gamma": 0.0002966138634737912,
   "n_cross": 40,
   "n_crossed_any": 40,
   "n_runs": 40,
   "n_placed_in_warmup": 0,
   "chi_own_median": 0.006608369153518286,
   "chi_own_median_all40": 0.006608369153518286,
   "stab_ok": true,
   "max_eta_lambda_realised": 0.8887858687636511,
   "n_runs_stability_violated": 0,
   "n_winding_changed": 0,
   "median_obs_r": 0.05509585646991433,
   "median_pred_r": 0.05,
   "ratio_q25": 1.0482445286033093,
   "ratio_q75": 1.2065677206102,
   "crossings_ok": true,
   "chi_ok": true,
   "stability_ok": true,
   "valid": true,
   "median_ratio": 1.1019171293982866,
   "in_band": true
  },
  {
   "a": 1.3,
   "kx_target": 0.1,
   "chi_target": 0.013123965139916824,
   "eta_cell": 0.3,
   "gamma": 0.0005932277269475824,
   "n_cross": 40,
   "n_crossed_any": 40,
   "n_runs": 40,
   "n_placed_in_warmup": 0,
   "chi_own_median": 0.013216738307036572,
   "chi_own_median_all40": 0.013216738307036572,
   "stab_ok": true,
   "max_eta_lambda_realised": 0.9699364979269041,
   "n_runs_stability_violated": 0,
   "n_winding_changed": 0,
   "median_obs_r": 0.12091010966821647,
   "median_pred_r": 0.1,
   "ratio_q25": 1.1455011148128817,
   "ratio_q75": 1.3438033661819127,
   "crossings_ok": true,
   "chi_ok": true,
   "stability_ok": true,
   "valid": true,
   "median_ratio": 1.2091010966821647,
   "in_band": true
  },
  {
   "a": 1.3,
   "kx_target": 0.2,
   "chi_target": 0.02624793027983365,
   "eta_cell": 0.2766199788244994,
   "gamma": 0.0010939909417756412,
   "n_cross": 40,
   "n_crossed_any": 40,
   "n_runs": 40,
   "n_placed_in_warmup": 0,
   "chi_own_median": 0.026433476614073144,
   "chi_own_median_all40": 0.026433476614073144,
   "stab_ok": false,
   "max_eta_lambda_realised": 1.135230143556677,
   "n_runs_stability_violated": 21,
   "n_winding_changed": 0,
   "median_obs_r": 0.3113990123000062,
   "median_pred_r": 0.2,
   "ratio_q25": 1.4655047296005208,
   "ratio_q75": 1.8049857462060568,
   "crossings_ok": true,
   "chi_ok": true,
   "stability_ok": false,
   "valid": false,
   "median_ratio": 1.556995061500031,
   "in_band": false
  },
  {
   "a": 1.3,
   "kx_target": 0.3,
   "chi_target": 0.03937189541975047,
   "eta_cell": 0.2629657514568374,
   "gamma": 0.0015599857500180258,
   "n_cross": 27,
   "n_crossed_any": 27,
   "n_runs": 40,
   "n_placed_in_warmup": 0,
   "chi_own_median": 0.03886167069037243,
   "chi_own_median_all40": 0.03965021492110972,
   "stab_ok": false,
   "max_eta_lambda_realised": 5.902275656145775,
   "n_runs_stability_violated": 39,
   "n_winding_changed": 0,
   "median_obs_r": 0.7445309508263993,
   "median_pred_r": 0.3,
   "ratio_q25": 2.184688990019173,
   "ratio_q75": 2.8165686806467916,
   "crossings_ok": false,
   "chi_ok": true,
   "stability_ok": false,
   "valid": false,
   "median_ratio": 2.481769836087998,
   "in_band": false
  },
  {
   "a": 1.3,
   "kx_target": 0.4,
   "chi_target": 0.0524958605596673,
   "eta_cell": 0.25777164006418274,
   "gamma": 0.0020388971214243402,
   "n_cross": 33,
   "n_crossed_any": 33,
   "n_runs": 40,
   "n_placed_in_warmup": 0,
   "chi_own_median": 0.05267940348205632,
   "chi_own_median_all40": 0.0528669532281463,
   "stab_ok": false,
   "max_eta_lambda_realised": 22.25843788601463,
   "n_runs_stability_violated": 40,
   "n_winding_changed": 0,
   "median_obs_r": 2.0402761092746355,
   "median_pred_r": 0.4000000000000001,
   "ratio_q25": 4.74848484530497,
   "ratio_q75": 5.4915446226806575,
   "crossings_ok": true,
   "chi_ok": true,
   "stability_ok": false,
   "valid": false,
   "median_ratio": 5.100690273186588,
   "in_band": false
  },
  {
   "a": 1.5,
   "kx_target": 0.02,
   "chi_target": 0.0049087092535107695,
   "eta_cell": 0.3,
   "gamma": 0.0002198878712678427,
   "n_cross": 32,
   "n_crossed_any": 32,
   "n_runs": 40,
   "n_placed_in_warmup": 0,
   "chi_own_median": 0.004836951999940763,
   "chi_own_median_all40": 0.0048976462203883745,
   "stab_ok": true,
   "max_eta_lambda_realised": 0.5726122319449258,
   "n_runs_stability_violated": 0,
   "n_winding_changed": 0,
   "median_obs_r": 0.01980672631983671,
   "median_pred_r": 0.020000000000000004,
   "ratio_q25": 0.9409471159622677,
   "ratio_q75": 1.050718761038649,
   "crossings_ok": true,
   "chi_ok": true,
   "stability_ok": true,
   "valid": true,
   "median_ratio": 0.9903363159918352,
   "in_band": true
  },
  {
   "a": 1.5,
   "kx_target": 0.05,
   "chi_target": 0.012271773133776925,
   "eta_cell": 0.3,
   "gamma": 0.0005497196781696068,
   "n_cross": 40,
   "n_crossed_any": 40,
   "n_runs": 40,
   "n_placed_in_warmup": 0,
   "chi_own_median": 0.012244115550970939,
   "chi_own_median_all40": 0.012244115550970939,
   "stab_ok": true,
   "max_eta_lambda_realised": 0.6213717424219154,
   "n_runs_stability_violated": 0,
   "n_winding_changed": 0,
   "median_obs_r": 0.052324016690218245,
   "median_pred_r": 0.05000000000000002,
   "ratio_q25": 0.9839739101812136,
   "ratio_q75": 1.1030542442875086,
   "crossings_ok": true,
   "chi_ok": true,
   "stability_ok": true,
   "valid": true,
   "median_ratio": 1.0464803338043644,
   "in_band": true
  },
  {
   "a": 1.5,
   "kx_target": 0.1,
   "chi_target": 0.02454354626755385,
   "eta_cell": 0.3,
   "gamma": 0.0010994393563392136,
   "n_cross": 40,
   "n_crossed_any": 40,
   "n_runs": 40,
   "n_placed_in_warmup": 0,
   "chi_own_median": 0.024488231101941878,
   "chi_own_median_all40": 0.024488231101941878,
   "stab_ok": true,
   "max_eta_lambda_realised": 0.6863193071845322,
   "n_runs_stability_violated": 0,
   "n_winding_changed": 0,
   "median_obs_r": 0.11393387318746007,
   "median_pred_r": 0.10000000000000003,
   "ratio_q25": 1.0534775079911403,
   "ratio_q75": 1.2016023957771038,
   "crossings_ok": true,
   "chi_ok": true,
   "stability_ok": true,
   "valid": true,
   "median_ratio": 1.1393387318746002,
   "in_band": true
  },
  {
   "a": 1.5,
   "kx_target": 0.2,
   "chi_target": 0.0490870925351077,
   "eta_cell": 0.3,
   "gamma": 0.002198878712678427,
   "n_cross": 40,
   "n_crossed_any": 40,
   "n_runs": 40,
   "n_placed_in_warmup": 0,
   "chi_own_median": 0.048976462203883755,
   "chi_own_median_all40": 0.048976462203883755,
   "stab_ok": true,
   "max_eta_lambda_realised": 0.9116670321756366,
   "n_runs_stability_violated": 0,
   "n_winding_changed": 0,
   "median_obs_r": 0.2819333128936864,
   "median_pred_r": 0.20000000000000007,
   "ratio_q25": 1.264999742035776,
   "ratio_q75": 1.507765130311952,
   "crossings_ok": true,
   "chi_ok": true,
   "stability_ok": true,
   "valid": true,
   "median_ratio": 1.4096665644684316,
   "in_band": false
  },
  {
   "a": 1.5,
   "kx_target": 0.3,
   "chi_target": 0.07363063880266153,
   "eta_cell": 0.3,
   "gamma": 0.00329831806901764,
   "n_cross": 39,
   "n_crossed_any": 39,
   "n_runs": 40,
   "n_placed_in_warmup": 0,
   "chi_own_median": 0.07343459242453797,
   "chi_own_median_all40": 0.07346469330582561,
   "stab_ok": false,
   "max_eta_lambda_realised": 1.9537850712799731,
   "n_runs_stability_violated": 17,
   "n_winding_changed": 0,
   "median_obs_r": 0.592622342432807,
   "median_pred_r": 0.30000000000000004,
   "ratio_q25": 1.6916399969017522,
   "ratio_q75": 2.2803148578574954,
   "crossings_ok": true,
   "chi_ok": true,
   "stability_ok": false,
   "valid": false,
   "median_ratio": 1.9754078081093562,
   "in_band": false
  },
  {
   "a": 1.5,
   "kx_target": 0.4,
   "chi_target": 0.0981741850702154,
   "eta_cell": 0.3,
   "gamma": 0.004397757425356854,
   "n_cross": 6,
   "n_crossed_any": 6,
   "n_runs": 40,
   "n_placed_in_warmup": 0,
   "chi_own_median": 0.09348125121439055,
   "chi_own_median_all40": 0.09795292440776751,
   "stab_ok": false,
   "max_eta_lambda_realised": 2.7899271432928305,
   "n_runs_stability_violated": 40,
   "n_winding_changed": 0,
   "median_obs_r": 1.0704137533048113,
   "median_pred_r": 0.40000000000000013,
   "ratio_q25": 2.297673784279776,
   "ratio_q75": 3.147144320185994,
   "crossings_ok": false,
   "chi_ok": true,
   "stability_ok": false,
   "valid": false,
   "median_ratio": 2.676034383262027,
   "in_band": false
  }
 ],
 "predictions_sha256": "9bff05191e60616be12f6bf842b075f8a1b665c483c94affec0453ef3123fb95",
 "registration_sha256_file_sha256": "66f60490815dbd036ae86ce02a0abcfea8d073777dd1363644915e02083c0e64",
 "n_runs": 480,
 "n_crossed": 413
}
