GATE p=0.8 lr=0.001 w=256 adam-tanh {'n': 2, 'ell_A': 0.6004, 'median_rand_A': 0.529335, 'median_increase_A_to_B': 0.11836999999999998, 'frac_up': 0.5, 'steps_to_B': [45302, None], 'steps_total': [60962, 60962], 'secs': [164.0, 164.4], 'verdict': 'FAIL-other'}
   rand@A [0.507, 0.552] 
   rand@B [0.625, nan] 
   end [0.616, 0.633]
GATE p=0.8 lr=0.01 w=256 sgd-tanh {'n': 2, 'ell_A': 0.6004, 'median_rand_A': 0.49311499999999997, 'median_increase_A_to_B': 0.188265, 'frac_up': 1.0, 'steps_to_B': [5914, 6926], 'steps_total': [7644, 7951], 'secs': [24.3, 24.8], 'verdict': 'PASS'}
   rand@A [0.49, 0.496] 
   rand@B [0.69, 0.672] 
   end [0.668, 0.663]
PAIRED p=0.8 lr=0.001 w=256 adam-tanh glob16
    0.6 cost x1.0 rand: 0.0066 (1/1, n=2)  rev: -0.0237 (1/1, n=2)  orig: 0.0398 (1/1, n=2)
    0.45 cost x0.971 rand: 0.0102 (1/1, n=2)  rev: 0.0173 (1/1, n=2)  orig: -0.0059 (1/1, n=2)
    0.3 cost x1.139 rand: 0.0217 (2/0, n=2)  rev: 0.0554 (2/0, n=2)  orig: -0.0028 (1/1, n=2)
    0.1 cost x0.716 rand: 0.0158 (2/0, n=2)  rev: 0.0135 (1/1, n=2)  orig: 0.0337 (2/0, n=2)
    0.03 cost x0.395 rand: 0.0255 (1/0, n=1)  rev: 0.0291 (1/0, n=1)  orig: 0.0148 (1/0, n=1)
    0.01 cost xNone rand: None (0/0, n=0)  rev: None (0/0, n=0)  orig: None (0/0, n=0)
PAIRED p=0.8 lr=0.001 w=256 adam-tanh out16
    0.6 cost x1.0 rand: -0.0018 (0/1, n=2)  rev: -0.0112 (0/2, n=2)  orig: 0.0069 (2/0, n=2)
    0.45 cost x1.0 rand: 0.0015 (1/1, n=2)  rev: 0.002 (1/1, n=2)  orig: 0.0013 (1/1, n=2)
    0.3 cost x1.136 rand: -0.0145 (1/1, n=2)  rev: -0.0316 (1/1, n=2)  orig: 0.0158 (2/0, n=2)
    0.1 cost x1.159 rand: 0.0046 (2/0, n=2)  rev: 0.0003 (1/1, n=2)  orig: 0.0089 (2/0, n=2)
    0.03 cost x1.96 rand: -0.0025 (0/1, n=1)  rev: 0.0061 (1/0, n=1)  orig: -0.0036 (0/1, n=1)
    0.01 cost xNone rand: None (0/0, n=0)  rev: None (0/0, n=0)  orig: None (0/0, n=0)
PAIRED p=0.8 lr=0.01 w=256 sgd-tanh out16
    0.6 cost x1.0 rand: 0.0003 (1/0, n=2)  rev: -0.0003 (0/1, n=2)  orig: 0.0 (1/1, n=2)
    0.45 cost x1.327 rand: -0.0156 (0/2, n=2)  rev: -0.0296 (0/2, n=2)  orig: 0.0064 (1/1, n=2)
    0.3 cost x1.253 rand: 0.0008 (1/1, n=2)  rev: 0.0071 (2/0, n=2)  orig: -0.0059 (0/2, n=2)
    0.1 cost x1.16 rand: -0.0005 (1/1, n=2)  rev: -0.0293 (1/1, n=2)  orig: 0.0145 (1/1, n=2)
    0.03 cost x1.062 rand: -0.0026 (1/1, n=2)  rev: -0.013 (0/2, n=2)  orig: 0.0074 (2/0, n=2)
    0.01 cost x1.044 rand: 0.011 (2/0, n=2)  rev: 0.0005 (1/1, n=2)  orig: -0.0005 (1/1, n=2)
