GATE p=0.5 lr=0.01 w=256 sgd {'n': 2, 'ell_A': 0.7931, 'median_rand_A': 0.50153, 'median_increase_A_to_B': 0.253315, 'frac_up': 1.0, 'steps_to_B': [6400, 6152], 'steps_total': [6926, 6926], 'secs': [18.9, 19.3], 'verdict': 'PASS'}
   rand@A [0.503, 0.5] 
   rand@B [0.751, 0.759] 
   end [0.765, 0.757]
GATE p=0.8 lr=0.001 w=16 adam {'n': 3, 'ell_A': 0.6004, 'median_rand_A': 0.5102, 'median_increase_A_to_B': 0.13061, 'frac_up': 1.0, 'steps_to_B': [20940, 38669, 15567], 'steps_total': [203966, 203966, 203966], 'secs': [87.6, 89.0, 89.8], 'verdict': 'PASS'}
   rand@A [0.493, 0.51, 0.515] 
   rand@B [0.632, 0.601, 0.646] 
   end [0.613, 0.583, 0.625]
GATE p=0.8 lr=0.01 w=16 sgd {'n': 3, 'ell_A': 0.6004, 'median_rand_A': 0.48878, 'median_increase_A_to_B': 0.17244000000000004, 'frac_up': 1.0, 'steps_to_B': [11124, 18234, 16848], 'steps_total': [14383, 203966, 203966], 'secs': [7.8, 73.7, 73.3], 'verdict': 'PASS'}
   rand@A [0.486, 0.505, 0.489] 
   rand@B [0.661, 0.641, 0.661] 
   end [0.662, 0.625, 0.629]
GATE p=0.8 lr=0.01 w=256 sgd {'n': 5, 'ell_A': 0.6004, 'median_rand_A': 0.48724, 'median_increase_A_to_B': 0.19847000000000004, 'frac_up': 1.0, 'steps_to_B': [6032, 6032, 7205, 6528, 6032], 'steps_total': [7064, 6926, 7644, 7205, 8110], 'secs': [19.1, 18.8, 20.2, 19.3, 21.1], 'verdict': 'PASS'}
   rand@A [0.485, 0.485, 0.492, 0.487, 0.489] 
   rand@B [0.689, 0.683, 0.688, 0.686, 0.701] 
   end [0.688, 0.692, 0.687, 0.686, 0.696]
GATE p=0.9 lr=0.01 w=256 sgd {'n': 5, 'ell_A': 0.4251, 'median_rand_A': 0.48316, 'median_increase_A_to_B': 0.10918999999999995, 'frac_up': 1.0, 'steps_to_B': [5466, 5466, 5799, 5151, 6152], 'steps_total': [6791, 6528, 6658, 6926, 6926], 'secs': [18.8, 19.4, 19.9, 19.0, 18.9], 'verdict': 'PASS'}
   rand@A [0.486, 0.483, 0.483, 0.482, 0.484] 
   rand@B [0.586, 0.588, 0.611, 0.617, 0.593] 
   end [0.612, 0.606, 0.602, 0.611, 0.61]
GATE p=0.95 lr=0.01 w=256 sgd {'n': 5, 'ell_A': 0.2985, 'median_rand_A': 0.48265, 'median_increase_A_to_B': 0.06174000000000007, 'frac_up': 1.0, 'steps_to_B': [4951, 4854, 4854, 4854, 4575], 'steps_total': [6032, 5686, 6032, 5799, 5686], 'secs': [19.0, 18.8, 20.5, 17.0, 16.8], 'verdict': 'never-uses-CIFAR'}
   rand@A [0.483, 0.483, 0.483, 0.478, 0.482] 
   rand@B [0.545, 0.536, 0.55, 0.549, 0.541] 
   end [0.553, 0.549, 0.542, 0.541, 0.539]
GATE p=1.0 lr=0.01 w=256 sgd {'n': 5, 'ell_A': 0.1, 'median_rand_A': 0.47806, 'median_increase_A_to_B': 0.0, 'frac_up': 0.2, 'steps_to_B': [35, 35, 35, 35, 35], 'steps_total': [510, 530, 540, 520, 485], 'secs': [4.8, 5.0, 5.2, 5.1, 4.7], 'verdict': 'never-uses-CIFAR'}
   rand@A [0.478, 0.478, 0.477, 0.479, 0.479] 
   rand@B [0.478, 0.478, 0.478, 0.479, 0.479] 
   end [0.48, 0.48, 0.48, 0.48, 0.48]
PAIRED p=0.8 lr=0.001 w=16 adam glob16
    0.6 cost x5.0 rand: 0.0158 (3/0, n=3)  rev: 0.0602 (3/0, n=3)  orig: -0.0332 (0/3, n=3)
    0.45 cost x5.97 rand: -0.0005 (1/2, n=3)  rev: -0.002 (1/2, n=3)  orig: 0.001 (2/1, n=3)
    0.3 cost x7.928 rand: 0.0138 (2/1, n=3)  rev: 0.0388 (2/1, n=3)  orig: 0.0015 (2/1, n=3)
    0.1 cost x7.226 rand: 0.0092 (3/0, n=3)  rev: 0.0495 (3/0, n=3)  orig: -0.0107 (1/2, n=3)
    0.03 cost x7.233 rand: 0.0061 (3/0, n=3)  rev: 0.0178 (3/0, n=3)  orig: -0.001 (1/2, n=3)
    0.01 cost x6.3 rand: -0.0015 (0/1, n=1)  rev: 0.0071 (1/0, n=1)  orig: 0.0122 (1/0, n=1)
PAIRED p=0.8 lr=0.001 w=16 adam out16
    0.6 cost x1.0 rand: 0.0015 (2/1, n=3)  rev: 0.0092 (2/1, n=3)  orig: -0.0061 (1/2, n=3)
    0.45 cost x1.111 rand: -0.0031 (1/2, n=3)  rev: -0.0056 (1/2, n=3)  orig: 0.002 (2/0, n=3)
    0.3 cost x1.125 rand: 0.0015 (3/0, n=3)  rev: 0.0148 (2/1, n=3)  orig: -0.0077 (1/2, n=3)
    0.1 cost x1.148 rand: 0.001 (2/1, n=3)  rev: 0.0178 (2/1, n=3)  orig: 0.002 (2/1, n=3)
    0.03 cost x1.293 rand: 0.0122 (2/1, n=3)  rev: 0.0087 (3/0, n=3)  orig: -0.0163 (0/3, n=3)
    0.01 cost x1.172 rand: 0.0107 (2/1, n=3)  rev: 0.0168 (2/1, n=3)  orig: 0.001 (2/1, n=3)
PAIRED p=0.8 lr=0.01 w=16 sgd out16
    0.6 cost x1.0 rand: 0.0077 (3/0, n=3)  rev: 0.0194 (3/0, n=3)  orig: -0.0128 (0/3, n=3)
    0.45 cost x1.37 rand: -0.0051 (0/3, n=3)  rev: -0.0194 (1/2, n=3)  orig: 0.0026 (3/0, n=3)
    0.3 cost x1.395 rand: 0.0071 (2/1, n=3)  rev: 0.0255 (2/0, n=3)  orig: -0.0031 (0/3, n=3)
    0.1 cost x1.242 rand: 0.0066 (2/1, n=3)  rev: 0.0036 (2/1, n=3)  orig: -0.0092 (0/3, n=3)
    0.03 cost x0.942 rand: -0.0031 (1/2, n=3)  rev: -0.0321 (0/3, n=3)  orig: 0.0179 (3/0, n=3)
    0.01 cost x1.103 rand: 0.012 (2/0, n=2)  rev: 0.0268 (2/0, n=2)  orig: -0.0089 (0/2, n=2)
PAIRED p=0.8 lr=0.01 w=256 sgd out1024
    0.6 cost x1.333 rand: 0.0046 (2/0, n=3)  rev: 0.0082 (3/0, n=3)  orig: -0.0071 (1/2, n=3)
    0.45 cost x1.32 rand: -0.0117 (0/3, n=3)  rev: -0.0296 (0/3, n=3)  orig: 0.0026 (3/0, n=3)
    0.3 cost x1.479 rand: 0.0061 (2/1, n=3)  rev: 0.0321 (2/1, n=3)  orig: -0.0082 (1/2, n=3)
    0.1 cost x1.293 rand: -0.0173 (1/2, n=3)  rev: -0.0765 (1/2, n=3)  orig: 0.0255 (3/0, n=3)
    0.03 cost x1.267 rand: -0.0071 (0/3, n=3)  rev: -0.0265 (1/2, n=3)  orig: 0.0138 (2/1, n=3)
    0.01 cost x1.455 rand: 0.001 (2/1, n=3)  rev: 0.0041 (2/1, n=3)  orig: 0.0087 (3/0, n=3)
