GATE p=0.8 lr=0.001 w=256 adam {'n': 5, 'ell_A': 0.6004, 'median_rand_A': 0.49898, 'median_increase_A_to_B': 0.16378000000000004, 'frac_up': 1.0, 'steps_to_B': [5799, 5914, 5575, 5359, 5466], 'steps_total': [6926, 8272, 6926, 6791, 7349], 'secs': [24.8, 27.9, 24.5, 24.1, 25.7], 'verdict': 'PASS'}
   rand@A [0.487, 0.511, 0.491, 0.513, 0.499] 
   rand@B [0.677, 0.66, 0.664, 0.656, 0.663] 
   end [0.669, 0.667, 0.671, 0.658, 0.656]
PAIRED p=0.8 lr=0.001 w=256 adam glob16
    0.6 cost x3.0 rand: -0.0051 (2/3, n=5)  rev: 0.0056 (3/2, n=5)  orig: 0.0087 (3/2, n=5)
    0.45 cost x1.842 rand: 0.0077 (4/1, n=5)  rev: 0.0204 (4/1, n=5)  orig: -0.0041 (1/4, n=5)
    0.3 cost x1.762 rand: 0.0138 (5/0, n=5)  rev: 0.0214 (4/1, n=5)  orig: 0.002 (3/2, n=5)
    0.1 cost x1.736 rand: 0.0061 (3/2, n=5)  rev: 0.0051 (4/1, n=5)  orig: 0.0026 (5/0, n=5)
    0.03 cost x1.513 rand: 0.0097 (5/0, n=5)  rev: 0.027 (4/1, n=5)  orig: 0.0015 (3/2, n=5)
    0.01 cost x1.606 rand: 0.0036 (4/1, n=5)  rev: -0.0214 (1/4, n=5)  orig: 0.0194 (5/0, n=5)
PAIRED p=0.8 lr=0.001 w=256 adam out16
    0.6 cost x1.0 rand: 0.0 (2/2, n=5)  rev: -0.0036 (2/3, n=5)  orig: 0.0025 (3/2, n=5)
    0.45 cost x1.0 rand: 0.0061 (5/0, n=5)  rev: 0.0163 (5/0, n=5)  orig: -0.0046 (1/4, n=5)
    0.3 cost x0.981 rand: 0.0046 (4/1, n=5)  rev: 0.0153 (4/1, n=5)  orig: -0.0102 (1/4, n=5)
    0.1 cost x0.943 rand: -0.0005 (2/3, n=5)  rev: 0.0087 (3/2, n=5)  orig: -0.0092 (2/3, n=5)
    0.03 cost x0.906 rand: 0.0082 (3/0, n=5)  rev: 0.0291 (4/1, n=5)  orig: -0.0107 (1/4, n=5)
    0.01 cost x1.0 rand: 0.0133 (3/2, n=5)  rev: -0.0025 (2/3, n=5)  orig: 0.0133 (4/1, n=5)
PAIRED p=0.8 lr=0.001 w=256 adam out64
    0.6 cost x1.0 rand: -0.0005 (2/3, n=5)  rev: -0.0041 (2/3, n=5)  orig: 0.0025 (3/2, n=5)
    0.45 cost x0.95 rand: 0.001 (3/2, n=5)  rev: 0.0 (2/2, n=5)  orig: 0.0015 (3/2, n=5)
    0.3 cost x1.0 rand: -0.0061 (0/5, n=5)  rev: -0.0173 (1/4, n=5)  orig: 0.002 (3/2, n=5)
    0.1 cost x1.0 rand: -0.0061 (1/4, n=5)  rev: -0.0194 (1/4, n=5)  orig: 0.0082 (4/1, n=5)
    0.03 cost x0.906 rand: 0.0071 (3/2, n=5)  rev: 0.0102 (4/1, n=5)  orig: -0.0051 (2/3, n=5)
    0.01 cost x0.924 rand: 0.0102 (3/2, n=5)  rev: 0.0 (2/2, n=5)  orig: 0.0031 (4/1, n=5)
