GATE p=0.5 lr=0.01 w=256 sgd {'n': 2, 'ell_A': 0.7931, 'median_rand_A': 0.50153, 'median_increase_A_to_B': 0.253315, 'frac_up': 1.0, 'steps_to_B': [6400, 6152], 'steps_total': [6926, 6926], 'secs': [18.9, 19.3], 'verdict': 'PASS'}
   rand@A [0.503, 0.5] 
   rand@B [0.751, 0.759] 
   end [0.765, 0.757]
GATE p=0.8 lr=0.01 w=256 sgd {'n': 5, 'ell_A': 0.6004, 'median_rand_A': 0.48724, 'median_increase_A_to_B': 0.19847000000000004, 'frac_up': 1.0, 'steps_to_B': [6032, 6032, 7205, 6528, 6032], 'steps_total': [7064, 6926, 7644, 7205, 8110], 'secs': [19.1, 18.8, 20.2, 19.3, 21.1], 'verdict': 'PASS'}
   rand@A [0.485, 0.485, 0.492, 0.487, 0.489] 
   rand@B [0.689, 0.683, 0.688, 0.686, 0.701] 
   end [0.688, 0.692, 0.687, 0.686, 0.696]
GATE p=0.9 lr=0.01 w=256 sgd {'n': 5, 'ell_A': 0.4251, 'median_rand_A': 0.48316, 'median_increase_A_to_B': 0.10918999999999995, 'frac_up': 1.0, 'steps_to_B': [5466, 5466, 5799, 5151, 6152], 'steps_total': [6791, 6528, 6658, 6926, 6926], 'secs': [18.8, 19.4, 19.9, 19.0, 18.9], 'verdict': 'PASS'}
   rand@A [0.486, 0.483, 0.483, 0.482, 0.484] 
   rand@B [0.586, 0.588, 0.611, 0.617, 0.593] 
   end [0.612, 0.606, 0.602, 0.611, 0.61]
GATE p=0.95 lr=0.01 w=256 sgd {'n': 5, 'ell_A': 0.2985, 'median_rand_A': 0.48265, 'median_increase_A_to_B': 0.06174000000000007, 'frac_up': 1.0, 'steps_to_B': [4951, 4854, 4854, 4854, 4575], 'steps_total': [6032, 5686, 6032, 5799, 5686], 'secs': [19.0, 18.8, 20.5, 17.0, 16.8], 'verdict': 'never-uses-CIFAR'}
   rand@A [0.483, 0.483, 0.483, 0.478, 0.482] 
   rand@B [0.545, 0.536, 0.55, 0.549, 0.541] 
   end [0.553, 0.549, 0.542, 0.541, 0.539]
GATE p=1.0 lr=0.01 w=256 sgd {'n': 5, 'ell_A': 0.1, 'median_rand_A': 0.47806, 'median_increase_A_to_B': 0.0, 'frac_up': 0.2, 'steps_to_B': [35, 35, 35, 35, 35], 'steps_total': [510, 530, 540, 520, 485], 'secs': [4.8, 5.0, 5.2, 5.1, 4.7], 'verdict': 'never-uses-CIFAR'}
   rand@A [0.478, 0.478, 0.477, 0.479, 0.479] 
   rand@B [0.478, 0.478, 0.478, 0.479, 0.479] 
   end [0.48, 0.48, 0.48, 0.48, 0.48]
PAIRED p=0.8 lr=0.01 w=256 sgd glob16
    0.6 cost x7.0 rand: 0.0005 (3/2, n=5)  rev: 0.0138 (3/2, n=5)  orig: -0.0046 (2/3, n=5)
    0.45 cost x7.674 rand: -0.0071 (1/4, n=5)  rev: -0.0112 (1/4, n=5)  orig: 0.002 (3/2, n=5)
    0.3 cost x5.318 rand: -0.0051 (2/3, n=5)  rev: 0.0 (2/2, n=5)  orig: -0.0082 (2/3, n=5)
    0.1 cost x3.609 rand: -0.0112 (1/4, n=5)  rev: -0.0286 (0/5, n=5)  orig: 0.0174 (5/0, n=5)
    0.03 cost x3.337 rand: -0.0051 (1/4, n=5)  rev: -0.023 (1/4, n=5)  orig: 0.0097 (4/1, n=5)
    0.01 cost x3.684 rand: -0.0117 (0/5, n=5)  rev: -0.025 (0/5, n=5)  orig: 0.0087 (5/0, n=5)
PAIRED p=0.8 lr=0.01 w=256 sgd out16
    0.6 cost x1.333 rand: 0.0046 (3/1, n=5)  rev: 0.0082 (4/1, n=5)  orig: -0.0077 (2/3, n=5)
    0.45 cost x1.333 rand: -0.0102 (2/3, n=5)  rev: -0.0235 (2/3, n=5)  orig: 0.0026 (4/1, n=5)
    0.3 cost x1.341 rand: -0.0015 (1/4, n=5)  rev: 0.0046 (3/2, n=5)  orig: 0.0031 (4/1, n=5)
    0.1 cost x1.04 rand: 0.0026 (3/2, n=5)  rev: -0.0061 (1/4, n=5)  orig: -0.002 (2/3, n=5)
    0.03 cost x0.98 rand: 0.0041 (3/2, n=5)  rev: 0.0127 (4/1, n=5)  orig: -0.0061 (2/3, n=5)
    0.01 cost x0.98 rand: 0.0015 (3/2, n=5)  rev: -0.0097 (2/3, n=5)  orig: 0.0066 (5/0, n=5)
PAIRED p=0.8 lr=0.01 w=256 sgd out4
    0.6 cost x1.0 rand: 0.0005 (4/0, n=5)  rev: 0.001 (4/1, n=5)  orig: 0.0 (1/2, n=5)
    0.45 cost x1.185 rand: -0.0061 (1/4, n=5)  rev: -0.0189 (1/4, n=5)  orig: 0.001 (4/1, n=5)
    0.3 cost x1.169 rand: 0.0066 (4/1, n=5)  rev: 0.025 (5/0, n=5)  orig: -0.0056 (1/4, n=5)
    0.1 cost x1.02 rand: 0.0031 (3/2, n=5)  rev: -0.0092 (1/4, n=5)  orig: 0.0097 (3/2, n=5)
    0.03 cost x0.98 rand: 0.0071 (4/1, n=5)  rev: -0.0107 (2/3, n=5)  orig: 0.0026 (3/2, n=5)
    0.01 cost x0.961 rand: -0.0015 (1/4, n=5)  rev: 0.0025 (3/2, n=5)  orig: 0.0015 (4/1, n=5)
PAIRED p=0.8 lr=0.01 w=256 sgd out64
    0.6 cost x1.333 rand: 0.0046 (3/1, n=5)  rev: 0.0082 (4/1, n=5)  orig: -0.0071 (2/3, n=5)
    0.45 cost x1.37 rand: -0.0092 (1/4, n=5)  rev: -0.0255 (2/3, n=5)  orig: 0.001 (4/1, n=5)
    0.3 cost x1.45 rand: -0.0046 (2/3, n=5)  rev: -0.0276 (2/3, n=5)  orig: 0.0056 (3/2, n=5)
    0.1 cost x1.148 rand: -0.0138 (2/3, n=5)  rev: -0.0296 (2/3, n=5)  orig: 0.0138 (5/0, n=5)
    0.03 cost x1.082 rand: -0.0026 (2/3, n=5)  rev: -0.002 (2/3, n=5)  orig: 0.0026 (3/2, n=5)
    0.01 cost x1.082 rand: -0.0046 (2/3, n=5)  rev: -0.0092 (2/3, n=5)  orig: 0.0071 (4/0, n=5)
PAIRED p=0.9 lr=0.01 w=256 sgd glob16
    0.6 cost x5.0 rand: -0.0056 (1/2, n=3)  rev: -0.0179 (1/2, n=3)  orig: 0.0061 (2/1, n=3)
    0.45 cost x6.75 rand: -0.0015 (0/3, n=3)  rev: -0.0061 (0/3, n=3)  orig: 0.0041 (3/0, n=3)
    0.3 cost x8.006 rand: 0.0025 (3/0, n=3)  rev: 0.0015 (2/1, n=3)  orig: -0.0015 (0/3, n=3)
    0.1 cost x4.947 rand: -0.0046 (0/3, n=3)  rev: -0.0015 (1/2, n=3)  orig: 0.0005 (2/1, n=3)
    0.03 cost x3.986 rand: -0.0051 (1/2, n=3)  rev: -0.0041 (1/2, n=3)  orig: -0.0015 (1/2, n=3)
    0.01 cost x4.671 rand: -0.0041 (0/3, n=3)  rev: -0.0107 (1/2, n=3)  orig: -0.0041 (0/3, n=3)
PAIRED p=0.9 lr=0.01 w=256 sgd out16
    0.6 cost x1.0 rand: -0.0015 (0/2, n=3)  rev: -0.0031 (1/2, n=3)  orig: 0.0031 (2/0, n=3)
    0.45 cost x1.0 rand: -0.001 (0/2, n=3)  rev: -0.0082 (0/2, n=3)  orig: 0.0031 (3/0, n=3)
    0.3 cost x1.257 rand: 0.0025 (2/1, n=3)  rev: 0.0061 (2/1, n=3)  orig: -0.002 (1/2, n=3)
    0.1 cost x1.291 rand: -0.0031 (1/2, n=3)  rev: -0.0097 (1/2, n=3)  orig: -0.0056 (0/3, n=3)
    0.03 cost x1.04 rand: 0.0061 (2/1, n=3)  rev: 0.0291 (2/1, n=3)  orig: -0.0025 (1/2, n=3)
    0.01 cost x1.194 rand: -0.0041 (1/2, n=3)  rev: -0.0122 (1/2, n=3)  orig: -0.0005 (1/2, n=3)
