GATE p=0.5 lr=0.01 w=256 sgd {'n': 2, 'ell_A': 0.7931, 'median_rand_A': 0.50153, 'median_increase_A_to_B': 0.253315, 'frac_up': 1.0, 'steps_to_B': [6400, 6152], 'steps_total': [6926, 6926], 'secs': [18.9, 19.3], 'verdict': 'PASS'}
   rand@A [0.503, 0.5] 
   rand@B [0.751, 0.759] 
   end [0.765, 0.757]
GATE p=0.8 lr=0.01 w=256 sgd {'n': 5, 'ell_A': 0.6004, 'median_rand_A': 0.48724, 'median_increase_A_to_B': 0.19847000000000004, 'frac_up': 1.0, 'steps_to_B': [6032, 6032, 7205, 6528, 6032], 'steps_total': [7064, 6926, 7644, 7205, 8110], 'secs': [19.1, 18.8, 20.2, 19.3, 21.1], 'verdict': 'PASS'}
   rand@A [0.485, 0.485, 0.492, 0.487, 0.489] 
   rand@B [0.689, 0.683, 0.688, 0.686, 0.701] 
   end [0.688, 0.692, 0.687, 0.686, 0.696]
GATE p=0.9 lr=0.01 w=256 sgd {'n': 5, 'ell_A': 0.4251, 'median_rand_A': 0.48316, 'median_increase_A_to_B': 0.10918999999999995, 'frac_up': 1.0, 'steps_to_B': [5466, 5466, 5799, 5151, 6152], 'steps_total': [6791, 6528, 6658, 6926, 6926], 'secs': [18.8, 19.4, 19.9, 19.0, 18.9], 'verdict': 'PASS'}
   rand@A [0.486, 0.483, 0.483, 0.482, 0.484] 
   rand@B [0.586, 0.588, 0.611, 0.617, 0.593] 
   end [0.612, 0.606, 0.602, 0.611, 0.61]
GATE p=0.95 lr=0.01 w=256 sgd {'n': 5, 'ell_A': 0.2985, 'median_rand_A': 0.48265, 'median_increase_A_to_B': 0.06174000000000007, 'frac_up': 1.0, 'steps_to_B': [4951, 4854, 4854, 4854, 4575], 'steps_total': [6032, 5686, 6032, 5799, 5686], 'secs': [19.0, 18.8, 20.5, 17.0, 16.8], 'verdict': 'never-uses-CIFAR'}
   rand@A [0.483, 0.483, 0.483, 0.478, 0.482] 
   rand@B [0.545, 0.536, 0.55, 0.549, 0.541] 
   end [0.553, 0.549, 0.542, 0.541, 0.539]
GATE p=1.0 lr=0.01 w=256 sgd {'n': 5, 'ell_A': 0.1, 'median_rand_A': 0.47806, 'median_increase_A_to_B': 0.0, 'frac_up': 0.2, 'steps_to_B': [35, 35, 35, 35, 35], 'steps_total': [510, 530, 540, 520, 485], 'secs': [4.8, 5.0, 5.2, 5.1, 4.7], 'verdict': 'never-uses-CIFAR'}
   rand@A [0.478, 0.478, 0.477, 0.479, 0.479] 
   rand@B [0.478, 0.478, 0.478, 0.479, 0.479] 
   end [0.48, 0.48, 0.48, 0.48, 0.48]
