# 2026-10-09 15:14:34 run: 0.8 out16 2991000 0.01 256
p0.8|out16|2991000|lr0.01|w256 steps 8110 secs 20.9 final loss 0.001984600443392992 rand 0.6933673620223999 rss 1.071
# 2026-10-09 15:14:56 run: 0.8 glob16 2991000 0.01 256
p0.8|glob16|2991000|lr0.01|w256 steps 42691 secs 74.1 final loss 0.001962284091860056 rand 0.6760203838348389 rss 1.071
# 2026-10-09 15:16:12 run: 0.8 out4 2991000 0.01 256
p0.8|out4|2991000|lr0.01|w256 steps 7349 secs 19.7 final loss 0.0014691522810608149 rand 0.6943877339363098 rss 1.071
# 2026-10-09 15:16:33 run: 0.8 out64 2991000 0.01 256
p0.8|out64|2991000|lr0.01|w256 steps 10906 secs 25.5 final loss 0.001972916768863797 rand 0.6887755393981934 rss 1.072
# 2026-10-09 15:17:00 run: 0.8 out16 2991001 0.01 256
p0.8|out16|2991001|lr0.01|w256 steps 8272 secs 21.4 final loss 0.0019130291184410453 rand 0.6892856955528259 rss 1.071
# 2026-10-09 15:17:23 run: 0.8 glob16 2991001 0.01 256
p0.8|glob16|2991001|lr0.01|w256 steps 42691 secs 74.4 final loss 0.0019252102356404066 rand 0.6801020503044128 rss 1.072
# 2026-10-09 15:18:38 run: 0.8 out4 2991001 0.01 256
p0.8|out4|2991001|lr0.01|w256 steps 8437 secs 21.5 final loss 0.0016432399861514568 rand 0.6801020503044128 rss 1.07
# 2026-10-09 15:19:01 run: 0.8 out64 2991001 0.01 256
p0.8|out64|2991001|lr0.01|w256 steps 10906 secs 25.7 final loss 0.001979208318516612 rand 0.6719387769699097 rss 1.073
# 2026-10-09 15:19:28 run: 0.8 out16 2991002 0.01 256
p0.8|out16|2991002|lr0.01|w256 steps 8272 secs 21.2 final loss 0.0019872018601745367 rand 0.6903061270713806 rss 1.071
# 2026-10-09 15:19:51 run: 0.8 glob16 2991002 0.01 256
p0.8|glob16|2991002|lr0.01|w256 steps 42691 secs 74.0 final loss 0.001949431374669075 rand 0.6826530694961548 rss 1.071
# 2026-10-09 15:21:07 run: 0.8 out4 2991002 0.01 256
p0.8|out4|2991002|lr0.01|w256 steps 7349 secs 19.6 final loss 0.00182465894613415 rand 0.6887755393981934 rss 1.071
# 2026-10-09 15:21:28 run: 0.8 out64 2991002 0.01 256
p0.8|out64|2991002|lr0.01|w256 steps 11346 secs 26.2 final loss 0.0018754734192043543 rand 0.6816326379776001 rss 1.071
# 2026-10-09 15:21:55 run: 0.8 out16 2991003 0.01 256
p0.8|out16|2991003|lr0.01|w256 steps 8605 secs 22.0 final loss 0.0017479864181950688 rand 0.6862244606018066 rss 1.071
# 2026-10-09 15:22:19 run: 0.8 glob16 2991003 0.01 256
p0.8|glob16|2991003|lr0.01|w256 steps 41854 secs 72.6 final loss 0.0019983300007879734 rand 0.675000011920929 rss 1.073
# 2026-10-09 15:23:33 run: 0.8 out4 2991003 0.01 256
p0.8|out4|2991003|lr0.01|w256 steps 7064 secs 19.2 final loss 0.0018682304071262479 rand 0.686734676361084 rss 1.052
# 2026-10-09 15:23:53 run: 0.8 out64 2991003 0.01 256
p0.8|out64|2991003|lr0.01|w256 steps 10906 secs 25.5 final loss 0.0019188468577340245 rand 0.675000011920929 rss 1.074
# 2026-10-09 15:24:20 run: 0.8 out16 2991004 0.01 256
p0.8|out16|2991004|lr0.01|w256 steps 8272 secs 21.1 final loss 0.0019815631676465273 rand 0.688265323638916 rss 1.071
# 2026-10-09 15:24:43 run: 0.8 glob16 2991004 0.01 256
p0.8|glob16|2991004|lr0.01|w256 steps 41854 secs 73.6 final loss 0.001990078715607524 rand 0.6714285612106323 rss 1.076
# 2026-10-09 15:25:58 run: 0.8 out4 2991004 0.01 256
p0.8|out4|2991004|lr0.01|w256 steps 7064 secs 19.2 final loss 0.0017969533801078796 rand 0.6918367147445679 rss 1.07
# 2026-10-09 15:26:18 run: 0.8 out64 2991004 0.01 256
p0.8|out64|2991004|lr0.01|w256 steps 10906 secs 25.6 final loss 0.0019564395770430565 rand 0.6892856955528259 rss 1.073
# 2026-10-09 15:26:45 run: 0.9 out16 2991000 0.01 256
p0.9|out16|2991000|lr0.01|w256 steps 8605 secs 21.7 final loss 0.0019443283090367913 rand 0.5994898080825806 rss 1.072
# 2026-10-09 15:27:08 run: 0.9 glob16 2991000 0.01 256
p0.9|glob16|2991000|lr0.01|w256 steps 44414 secs 76.9 final loss 0.001965143484994769 rand 0.5979591608047485 rss 1.072
# 2026-10-09 15:28:27 run: 0.9 out16 2991001 0.01 256
p0.9|out16|2991001|lr0.01|w256 steps 8272 secs 22.2 final loss 0.0019254086073487997 rand 0.6035714149475098 rss 0.901
# 2026-10-09 15:28:50 run: 0.9 glob16 2991001 0.01 256
p0.9|glob16|2991001|lr0.01|w256 steps 43544 secs 75.8 final loss 0.0019810230005532503 rand 0.6056122183799744 rss 1.071
# 2026-10-09 15:30:08 run: 0.9 out16 2991002 0.01 256
p0.9|out16|2991002|lr0.01|w256 steps 8777 secs 22.1 final loss 0.001961119705811143 rand 0.6035714149475098 rss 1.071
# 2026-10-09 15:30:31 run: 0.9 glob16 2991002 0.01 256
p0.9|glob16|2991002|lr0.01|w256 steps 44414 secs 76.8 final loss 0.0019358573481440544 rand 0.6000000238418579 rss 1.072
# 2026-10-09 15:31:49 done
