# 2026-10-09 15:32:03 run: 0.8 std 2991000 0.001 256 200000 adam
p0.8|std|2991000|lr0.001|w256|adam steps 6926 secs 24.8 final loss 0.0016165176639333367 rand 0.6693877577781677 rss 1.008
# 2026-10-09 15:32:29 run: 0.8 out16 2991000 0.001 256 200000 adam
p0.8|out16|2991000|lr0.001|w256|adam steps 6791 secs 24.5 final loss 0.0011712831910699606 rand 0.6596938967704773 rss 1.093
# 2026-10-09 15:32:55 run: 0.8 glob16 2991000 0.001 256 200000 adam
p0.8|glob16|2991000|lr0.001|w256|adam steps 13289 secs 40.1 final loss 0.0019588633440434933 rand 0.670918345451355 rss 1.091
# 2026-10-09 15:33:37 run: 0.8 out64 2991000 0.001 256 200000 adam
p0.8|out64|2991000|lr0.001|w256|adam steps 7796 secs 26.7 final loss 0.0016583297401666641 rand 0.6744897961616516 rss 1.091
# 2026-10-09 15:34:05 run: 0.8 std 2991001 0.001 256 200000 adam
p0.8|std|2991001|lr0.001|w256|adam steps 8272 secs 27.9 final loss 0.0018052743980661035 rand 0.6673469543457031 rss 1.092
# 2026-10-09 15:34:34 run: 0.8 out16 2991001 0.001 256 200000 adam
p0.8|out16|2991001|lr0.001|w256|adam steps 7951 secs 27.3 final loss 0.0016466680681332946 rand 0.6596938967704773 rss 1.093
# 2026-10-09 15:35:03 run: 0.8 glob16 2991001 0.001 256 200000 adam
p0.8|glob16|2991001|lr0.001|w256|adam steps 12279 secs 37.7 final loss 0.0019103199010714889 rand 0.6734693646430969 rss 1.091
# 2026-10-09 15:35:42 run: 0.8 out64 2991001 0.001 256 200000 adam
p0.8|out64|2991001|lr0.001|w256|adam steps 6926 secs 24.4 final loss 0.0019876023288816214 rand 0.6673469543457031 rss 1.091
# 2026-10-09 15:36:08 run: 0.8 std 2991002 0.001 256 200000 adam
p0.8|std|2991002|lr0.001|w256|adam steps 6926 secs 24.5 final loss 0.0014281729236245155 rand 0.6714285612106323 rss 1.091
# 2026-10-09 15:36:34 run: 0.8 out16 2991002 0.001 256 200000 adam
p0.8|out16|2991002|lr0.001|w256|adam steps 8272 secs 27.8 final loss 0.0016647974262014031 rand 0.6760203838348389 rss 1.091
# 2026-10-09 15:37:03 run: 0.8 glob16 2991002 0.001 256 200000 adam
p0.8|glob16|2991002|lr0.001|w256|adam steps 13825 secs 41.5 final loss 0.0017837572377175093 rand 0.6790816187858582 rss 1.027
# 2026-10-09 15:37:46 run: 0.8 out64 2991002 0.001 256 200000 adam
p0.8|out64|2991002|lr0.001|w256|adam steps 8437 secs 28.3 final loss 0.0014394361060112715 rand 0.6755102276802063 rss 1.052
# 2026-10-09 15:38:16 run: 0.8 std 2991003 0.001 256 200000 adam
p0.8|std|2991003|lr0.001|w256|adam steps 6791 secs 24.1 final loss 0.0018736198544502258 rand 0.6576530337333679 rss 1.091
# 2026-10-09 15:38:41 run: 0.8 out16 2991003 0.001 256 200000 adam
p0.8|out16|2991003|lr0.001|w256|adam steps 7064 secs 24.8 final loss 0.0018076911801472306 rand 0.6714285612106323 rss 1.091
# 2026-10-09 15:39:07 run: 0.8 glob16 2991003 0.001 256 200000 adam
p0.8|glob16|2991003|lr0.001|w256|adam steps 13554 secs 41.4 final loss 0.0019030648982152343 rand 0.6678571701049805 rss 1.091
# 2026-10-09 15:39:50 run: 0.8 out64 2991003 0.001 256 200000 adam
p0.8|out64|2991003|lr0.001|w256|adam steps 6926 secs 24.7 final loss 0.0018396972445771098 rand 0.675000011920929 rss 1.033
# 2026-10-09 15:40:16 run: 0.8 std 2991004 0.001 256 200000 adam
p0.8|std|2991004|lr0.001|w256|adam steps 7349 secs 25.7 final loss 0.001893119071610272 rand 0.6561224460601807 rss 1.091
# 2026-10-09 15:40:43 run: 0.8 out16 2991004 0.001 256 200000 adam
p0.8|out16|2991004|lr0.001|w256|adam steps 8952 secs 29.7 final loss 0.0012339664390310645 rand 0.6602040529251099 rss 1.091
# 2026-10-09 15:41:14 run: 0.8 glob16 2991004 0.001 256 200000 adam
p0.8|glob16|2991004|lr0.001|w256|adam steps 11803 secs 36.5 final loss 0.0017940574325621128 rand 0.6714285612106323 rss 1.091
# 2026-10-09 15:41:52 run: 0.8 out64 2991004 0.001 256 200000 adam
p0.8|out64|2991004|lr0.001|w256|adam steps 6926 secs 24.5 final loss 0.0015053160022944212 rand 0.6602040529251099 rss 1.091
# 2026-10-09 15:42:18 done
