# 2026-10-09 15:42:33 run: 0.8 out1024 2991000 0.01 256
p0.8|out1024|2991000|lr0.01|w256 steps 18234 secs 37.3 final loss 0.001959038432687521 rand 0.6852040886878967 rss 0.959
# 2026-10-09 15:43:12 run: 0.8 std 2991000 0.001 16 200000 adam
p0.8|std|2991000|lr0.001|w16|adam steps 203966 secs 87.6 final loss 0.14460721611976624 rand 0.613265335559845 rss 1.037
# 2026-10-09 15:44:41 run: 0.8 out16 2991000 0.001 16 200000 adam
p0.8|out16|2991000|lr0.001|w16|adam steps 47132 secs 23.8 final loss 0.0016718576662242413 rand 0.6474489569664001 rss 1.021
# 2026-10-09 15:45:06 run: 0.8 glob16 2991000 0.001 16 200000 adam
p0.8|glob16|2991000|lr0.001|w16|adam steps 203966 secs 88.1 final loss 0.018772432580590248 rand 0.6260204315185547 rss 1.053
# 2026-10-09 15:46:36 run: 0.8 std 2991000 0.01 16
p0.8|std|2991000|lr0.01|w16 steps 14383 secs 7.8 final loss 0.0019418795127421618 rand 0.6617347002029419 rss 1.051
# 2026-10-09 15:46:45 run: 0.8 out16 2991000 0.01 16
p0.8|out16|2991000|lr0.01|w16 steps 21785 secs 10.4 final loss 0.0019036773592233658 rand 0.656632661819458 rss 1.051
# 2026-10-09 15:46:57 run: 0.8 out1024 2991001 0.01 256
p0.8|out1024|2991001|lr0.01|w256 steps 18234 secs 37.1 final loss 0.0019695719238370657 rand 0.6734693646430969 rss 1.072
# 2026-10-09 15:47:35 run: 0.8 std 2991001 0.001 16 200000 adam
p0.8|std|2991001|lr0.001|w16|adam steps 203966 secs 89.0 final loss 0.20612123608589172 rand 0.5831632614135742 rss 1.053
# 2026-10-09 15:49:05 run: 0.8 out16 2991001 0.001 16 200000 adam
p0.8|out16|2991001|lr0.001|w16|adam steps 110407 secs 51.5 final loss 0.0019934684969484806 rand 0.6137754917144775 rss 1.015
# 2026-10-09 15:49:58 run: 0.8 glob16 2991001 0.001 16 200000 adam
p0.8|glob16|2991001|lr0.001|w16|adam steps 203966 secs 89.6 final loss 0.018005752936005592 rand 0.6341836452484131 rss 1.02
# 2026-10-09 15:51:30 run: 0.8 std 2991001 0.01 16
p0.8|std|2991001|lr0.01|w16 steps 203966 secs 73.7 final loss 0.11634057760238647 rand 0.625 rss 1.051
# 2026-10-09 15:52:45 run: 0.8 out16 2991001 0.01 16
p0.8|out16|2991001|lr0.01|w16 steps 18598 secs 9.4 final loss 0.001851815264672041 rand 0.6688775420188904 rss 1.041
# 2026-10-09 15:52:56 run: 0.8 out1024 2991002 0.01 256
p0.8|out1024|2991002|lr0.01|w256 steps 18969 secs 39.1 final loss 0.001954142702743411 rand 0.6862244606018066 rss 1.071
# 2026-10-09 15:53:36 run: 0.8 std 2991002 0.001 16 200000 adam
p0.8|std|2991002|lr0.001|w16|adam steps 203966 secs 89.8 final loss 0.08979269117116928 rand 0.625 rss 1.053
# 2026-10-09 15:55:07 run: 0.8 out16 2991002 0.001 16 200000 adam
p0.8|out16|2991002|lr0.001|w16|adam steps 203966 secs 89.7 final loss 0.016183966770768166 rand 0.6112244725227356 rss 1.031
# 2026-10-09 15:56:39 run: 0.8 glob16 2991002 0.001 16 200000 adam
p0.8|glob16|2991002|lr0.001|w16|adam steps 145673 secs 64.5 final loss 0.0019720441196113825 rand 0.6540816426277161 rss 1.008
# 2026-10-09 15:57:45 run: 0.8 std 2991002 0.01 16
p0.8|std|2991002|lr0.01|w16 steps 203966 secs 73.3 final loss 0.03466920927166939 rand 0.6290816068649292 rss 0.942
# 2026-10-09 15:58:59 run: 0.8 out16 2991002 0.01 16
p0.8|out16|2991002|lr0.01|w16 steps 21358 secs 10.2 final loss 0.0017095296643674374 rand 0.6607142686843872 rss 1.051
# 2026-10-09 15:59:11 done
