# 2026-10-09 16:23:09 run: 0.8 std 2991000 0.01 256 60000 sgd tanh
  t 245 loss 0.4266 rand 0.5398 3s
  t 495 loss 0.4035 rand 0.5842 6s
  t 1282 loss 0.3635 rand 0.6327 10s
  t 3406 loss 0.1909 rand 0.6520 16s
p0.8|std|2991000|lr0.01|w256|tanh steps 7644 secs 24.3 final loss 0.0016960239736363292 rand 0.668367326259613 rss 0.989
# 2026-10-09 16:23:35 run: 0.8 out16 2991000 0.01 256 60000 sgd tanh
  t 245 loss 0.4345 rand 0.5372 3s
  t 495 loss 0.4199 rand 0.5888 6s
  t 1282 loss 0.3920 rand 0.5847 10s
  t 3406 loss 0.2422 rand 0.6561 16s
  t 9131 loss 0.0032 rand 0.6862 27s
p0.8|out16|2991000|lr0.01|w256|tanh steps 10279 secs 29.2 final loss 0.0019511417485773563 rand 0.6811224222183228 rss 1.071
# 2026-10-09 16:24:06 run: 0.8 std 2991001 0.01 256 60000 sgd tanh
  t 245 loss 0.4314 rand 0.5490 3s
  t 495 loss 0.4047 rand 0.5612 6s
  t 1282 loss 0.3688 rand 0.6408 10s
  t 3406 loss 0.2590 rand 0.6622 16s
p0.8|std|2991001|lr0.01|w256|tanh steps 7951 secs 24.8 final loss 0.0017778314650058746 rand 0.6627551317214966 rss 1.073
# 2026-10-09 16:24:32 run: 0.8 out16 2991001 0.01 256 60000 sgd tanh
  t 245 loss 0.4401 rand 0.5296 3s
  t 495 loss 0.4144 rand 0.5510 6s
  t 1282 loss 0.3851 rand 0.6204 10s
  t 3406 loss 0.2465 rand 0.6505 16s
  t 9131 loss 0.0029 rand 0.6684 27s
p0.8|out16|2991001|lr0.01|w256|tanh steps 10279 secs 29.1 final loss 0.0019460802432149649 rand 0.6744897961616516 rss 1.073
# 2026-10-09 16:25:02 done
