# 2026-10-09 16:25:36 run: 0.8 std 2991000 0.01 256 60000 sgd relu 0.01
  t 245 loss 0.4315 rand 0.5378 2s
  t 495 loss 0.4038 rand 0.5719 4s
  t 1282 loss 0.3564 rand 0.6332 7s
  t 3406 loss 0.2188 rand 0.6357 12s
p0.8|std|2991000|lr0.01|w256|v0.01 steps 7349 secs 19.3 final loss 0.0015890966169536114 rand 0.6790816187858582 rss 0.935
# 2026-10-09 16:25:57 run: 0.8 out16 2991000 0.01 256 60000 sgd relu 0.01
  t 245 loss 0.4678 rand 0.5122 2s
  t 495 loss 0.4475 rand 0.5551 4s
  t 1282 loss 0.4032 rand 0.5765 7s
  t 3406 loss 0.2663 rand 0.6617 12s
  t 9131 loss 0.0021 rand 0.6852 22s
p0.8|out16|2991000|lr0.01|w256|v0.01 steps 9313 secs 22.4 final loss 0.001773993717506528 rand 0.6836734414100647 rss 1.071
# 2026-10-09 16:26:21 run: 0.8 glob16 2991000 0.01 256 60000 sgd relu 0.01
  t 245 loss 0.6781 rand 0.5296 2s
  t 495 loss 0.5103 rand 0.4872 4s
  t 1282 loss 0.4536 rand 0.5235 7s
  t 3406 loss 0.4110 rand 0.5638 12s
  t 9131 loss 0.3226 rand 0.6219 22s
  t 24531 loss 0.0157 rand 0.6704 46s
p0.8|glob16|2991000|lr0.01|w256|v0.01 steps 44414 secs 75.3 final loss 0.0019206017022952437 rand 0.6698979735374451 rss 1.073
# 2026-10-09 16:27:37 run: 0.8 std 2991001 0.01 256 60000 sgd relu 0.01
  t 245 loss 0.4704 rand 0.5653 2s
  t 495 loss 0.4053 rand 0.5699 4s
  t 1282 loss 0.3375 rand 0.6566 7s
  t 3406 loss 0.2286 rand 0.6449 12s
p0.8|std|2991001|lr0.01|w256|v0.01 steps 7495 secs 19.4 final loss 0.0016355592524632812 rand 0.6801020503044128 rss 1.037
# 2026-10-09 16:27:58 run: 0.8 out16 2991001 0.01 256 60000 sgd relu 0.01
  t 245 loss 0.4734 rand 0.5143 2s
  t 495 loss 0.4352 rand 0.5439 4s
  t 1282 loss 0.3976 rand 0.6000 7s
  t 3406 loss 0.2716 rand 0.6684 12s
  t 9131 loss 0.0022 rand 0.6801 22s
p0.8|out16|2991001|lr0.01|w256|v0.01 steps 9313 secs 22.4 final loss 0.0019840525928884745 rand 0.6780612468719482 rss 1.071
# 2026-10-09 16:28:22 run: 0.8 glob16 2991001 0.01 256 60000 sgd relu 0.01
  t 245 loss 0.6699 rand 0.4980 2s
  t 495 loss 0.4952 rand 0.4888 4s
  t 1282 loss 0.4567 rand 0.5265 7s
  t 3406 loss 0.4100 rand 0.5679 12s
  t 9131 loss 0.3181 rand 0.6423 22s
  t 24531 loss 0.0125 rand 0.6658 46s
p0.8|glob16|2991001|lr0.01|w256|v0.01 steps 43544 secs 74.5 final loss 0.0019954130984842777 rand 0.6714285612106323 rss 1.071
# 2026-10-09 16:29:37 run: 0.8 std 2991002 0.01 256 60000 sgd relu 0.01
  t 245 loss 0.4404 rand 0.5388 2s
  t 495 loss 0.4202 rand 0.5694 4s
  t 1282 loss 0.3412 rand 0.6245 7s
  t 3406 loss 0.1929 rand 0.6536 12s
p0.8|std|2991002|lr0.01|w256|v0.01 steps 8605 secs 21.6 final loss 0.0009249326540157199 rand 0.6857143044471741 rss 1.071
# 2026-10-09 16:30:00 run: 0.8 out16 2991002 0.01 256 60000 sgd relu 0.01
  t 245 loss 0.4695 rand 0.5158 2s
  t 495 loss 0.4399 rand 0.5413 4s
  t 1282 loss 0.3954 rand 0.5913 7s
  t 3406 loss 0.2824 rand 0.6699 12s
  t 9131 loss 0.0020 rand 0.6781 22s
p0.8|out16|2991002|lr0.01|w256|v0.01 steps 9313 secs 22.4 final loss 0.0018660755595192313 rand 0.6811224222183228 rss 1.074
# 2026-10-09 16:30:24 run: 0.8 glob16 2991002 0.01 256 60000 sgd relu 0.01
  t 245 loss 0.6704 rand 0.4781 2s
  t 495 loss 0.4934 rand 0.4867 4s
  t 1282 loss 0.4516 rand 0.5214 7s
  t 3406 loss 0.4093 rand 0.5699 12s
  t 9131 loss 0.3121 rand 0.6230 22s
  t 24531 loss 0.0127 rand 0.6837 46s
p0.8|glob16|2991002|lr0.01|w256|v0.01 steps 44414 secs 75.6 final loss 0.0019099235069006681 rand 0.6821428537368774 rss 1.075
# 2026-10-09 16:31:41 done
