grad err 8.522470359637047e-11 hess err 2.252629194288147e-10
0 1 duplicate (0, 0) True 0.04762553 -0.6336
20 13 duplicate (0, 0) True 0.04762553 -0.6336
40 25 two-unit (0, 0) True 0.04593116 0.1683
60 38 duplicate (0, 0) True 0.04762553 -0.6336
80 50 duplicate (0, 0) True 0.04762553 -0.6336
100 63 two-unit (0, 0) True 0.04593116 0.1683
120 76 two-unit (0, 0) True 0.04593116 0.1683
140 88 duplicate (0, 0) True 0.04762553 -0.6336
160 101 two-unit (0, 0) True 0.04593116 0.1683
180 113 two-unit (0, 0) True 0.04593116 0.1683
200 126 duplicate (0, 0) True 0.04762553 -0.6336
220 139 duplicate (0, 0) True 0.04762553 -0.6336
240 151 duplicate (0, 0) True 0.04762553 -0.6336
260 164 duplicate (0, 0) True 0.04762553 -0.6336
280 177 duplicate (0, 0) True 0.04762553 -0.6336
accepted 300 of 300
{"class": ["duplicate", "1.64169", "-1.70809", "1.64169", "-1.70809"], "n": 217, "placed": false, "G_lo": -0.63359384198446, "lam_min": 0.047625529772934584, "lam_max": 0.24332170504369943, "windings": {"(0, 0)": 217}, "max_release_dist": 0.0, "max_release_grad": 1.1031106583736517e-16, "loss": 0.5766387732292796}
{"class": ["two-unit", "-1.54777", "-1.53313", "1.78022", "-1.65912"], "n": 81, "placed": true, "G_lo": 0.16834094443499836, "lam_min": 0.04593116374901477, "lam_max": 0.25512888286197793, "windings": {"(0, 0)": 81}, "max_release_dist": 0.0, "max_release_grad": 1.0914012749108082e-16, "loss": 0.5858631663947943}
{"class": ["duplicate", "-1.34043", "-1.72323", "-1.34043", "-1.72323"], "n": 2, "placed": false, "G_lo": -0.4974485976252333, "lam_min": 0.03467583635633212, "lam_max": 0.25087980860155934, "windings": {"(0, 0)": 2}, "max_release_dist": 0.0, "max_release_grad": 1.0470790900996008e-16, "loss": 0.639742166194965}
placed at init: 4
