2026-10-09 17:31:34 run start n=1 done=0
2026-10-09 17:31:38 seed 9771000 secs 3.7 t_obs 527
2026-10-09 17:31:38 run end
2026-10-09 17:31:53 run start n=120 done=1
2026-10-09 17:31:57 seed 9771001 secs 3.8 t_obs 348
2026-10-09 17:32:02 seed 9771002 secs 5.0 t_obs 3972
2026-10-09 17:32:06 seed 9771003 secs 3.7 t_obs 543
2026-10-09 17:32:09 seed 9771004 secs 3.3 t_obs 710
2026-10-09 17:32:12 seed 9771005 secs 3.2 t_obs 438
2026-10-09 17:32:16 seed 9771006 secs 3.2 t_obs 312
2026-10-09 17:32:19 seed 9771007 secs 3.3 t_obs 589
2026-10-09 17:32:22 seed 9771008 secs 3.2 t_obs 568
2026-10-09 17:32:25 seed 9771009 secs 3.4 t_obs 631
2026-10-09 17:32:29 seed 9771010 secs 3.2 t_obs 377
2026-10-09 17:32:32 seed 9771011 secs 3.2 t_obs 495
2026-10-09 17:32:35 seed 9771012 secs 3.4 t_obs 7841
2026-10-09 17:32:38 seed 9771013 secs 3.2 t_obs 439
2026-10-09 17:32:42 seed 9771014 secs 3.5 t_obs 5561
2026-10-09 17:32:45 seed 9771015 secs 3.2 t_obs 285
2026-10-09 17:32:49 seed 9771016 secs 3.6 t_obs 3112
2026-10-09 17:32:52 seed 9771017 secs 3.6 t_obs 2682
2026-10-09 17:32:55 seed 9771018 secs 3.2 t_obs 406
2026-10-09 17:32:59 seed 9771019 secs 3.2 t_obs 2741
2026-10-09 17:33:02 seed 9771020 secs 3.3 t_obs 2419
2026-10-09 17:33:05 seed 9771021 secs 3.2 t_obs 783
2026-10-09 17:33:08 seed 9771022 secs 3.1 t_obs 475
2026-10-09 17:33:11 seed 9771023 secs 3.1 t_obs 318
2026-10-09 17:33:15 seed 9771024 secs 3.3 t_obs 762
2026-10-09 17:33:18 seed 9771025 secs 3.2 t_obs 474
2026-10-09 17:33:21 seed 9771026 secs 3.1 t_obs 1435
2026-10-09 17:33:24 seed 9771027 secs 3.2 t_obs 3832
2026-10-09 17:33:27 seed 9771028 secs 3.1 t_obs 487
2026-10-09 17:33:30 seed 9771029 secs 3.0 t_obs 792
2026-10-09 17:33:34 seed 9771030 secs 3.4 t_obs 4292
2026-10-09 17:33:37 seed 9771031 secs 3.2 t_obs 503
2026-10-09 17:33:40 seed 9771032 secs 3.2 t_obs 4930
2026-10-09 17:33:43 seed 9771033 secs 3.1 t_obs 355
2026-10-09 17:33:46 seed 9771034 secs 3.2 t_obs 814
2026-10-09 17:33:49 seed 9771035 secs 3.3 t_obs 1152
2026-10-09 17:33:53 seed 9771036 secs 3.1 t_obs 3204
2026-10-09 17:33:56 seed 9771037 secs 3.5 t_obs 973
2026-10-09 17:33:59 seed 9771038 secs 3.0 t_obs 1675
2026-10-09 17:34:02 seed 9771039 secs 3.2 t_obs 5594
2026-10-09 17:34:05 seed 9771040 secs 3.1 t_obs 628
2026-10-09 17:34:08 seed 9771041 secs 3.1 t_obs 420
2026-10-09 17:34:12 seed 9771042 secs 3.1 t_obs 450
2026-10-09 17:34:15 seed 9771043 secs 3.0 t_obs 354
2026-10-09 17:34:18 seed 9771044 secs 3.1 t_obs 437
2026-10-09 17:34:21 seed 9771045 secs 3.0 t_obs 438
2026-10-09 17:34:24 seed 9771046 secs 3.0 t_obs 303
2026-10-09 17:34:27 seed 9771047 secs 3.1 t_obs 378
2026-10-09 17:34:30 seed 9771048 secs 3.1 t_obs 399
2026-10-09 17:34:33 seed 9771049 secs 3.1 t_obs 4620
2026-10-09 17:34:36 seed 9771050 secs 3.1 t_obs 876
2026-10-09 17:34:39 seed 9771051 secs 3.1 t_obs 465
2026-10-09 17:34:42 seed 9771052 secs 3.1 t_obs 1018
2026-10-09 17:34:46 seed 9771053 secs 3.4 t_obs 5771
2026-10-09 17:34:49 seed 9771054 secs 3.2 t_obs 434
2026-10-09 17:34:52 seed 9771055 secs 3.1 t_obs 333
2026-10-09 17:34:55 seed 9771056 secs 3.2 t_obs 1634
2026-10-09 17:34:59 seed 9771057 secs 3.4 t_obs 6426
2026-10-09 17:35:02 seed 9771058 secs 3.2 t_obs 775
2026-10-09 17:35:06 seed 9771059 secs 3.6 t_obs None
2026-10-09 17:35:09 seed 9771060 secs 3.2 t_obs 802
2026-10-09 17:35:12 seed 9771061 secs 3.2 t_obs 831
2026-10-09 17:35:16 seed 9771062 secs 3.7 t_obs 14479
2026-10-09 17:35:19 seed 9771063 secs 3.1 t_obs 681
2026-10-09 17:35:22 seed 9771064 secs 3.3 t_obs 5677
2026-10-09 17:35:25 seed 9771065 secs 3.0 t_obs 1345
2026-10-09 17:35:28 seed 9771066 secs 3.0 t_obs 310
2026-10-09 17:35:31 seed 9771067 secs 3.0 t_obs 459
2026-10-09 17:35:34 seed 9771068 secs 2.9 t_obs 397
2026-10-09 17:35:37 seed 9771069 secs 3.0 t_obs 1316
2026-10-09 17:35:40 seed 9771070 secs 3.0 t_obs 1049
2026-10-09 17:35:43 seed 9771071 secs 2.9 t_obs 644
2026-10-09 17:35:46 seed 9771072 secs 2.9 t_obs 628
2026-10-09 17:35:49 seed 9771073 secs 3.1 t_obs 7922
2026-10-09 17:35:52 seed 9771074 secs 2.9 t_obs 639
2026-10-09 17:35:55 seed 9771075 secs 2.9 t_obs 1019
2026-10-09 17:35:58 seed 9771076 secs 3.0 t_obs 671
2026-10-09 17:36:01 seed 9771077 secs 3.1 t_obs 341
2026-10-09 17:36:04 seed 9771078 secs 2.9 t_obs 453
2026-10-09 17:36:07 seed 9771079 secs 3.1 t_obs 2092
2026-10-09 17:36:10 seed 9771080 secs 2.9 t_obs 471
2026-10-09 17:36:13 seed 9771081 secs 2.9 t_obs 611
2026-10-09 17:36:16 seed 9771082 secs 3.1 t_obs 703
2026-10-09 17:36:19 seed 9771083 secs 3.0 t_obs 545
2026-10-09 17:36:21 seed 9771084 secs 2.8 t_obs 762
2026-10-09 17:36:25 seed 9771085 secs 3.1 t_obs 808
2026-10-09 17:36:28 seed 9771086 secs 3.1 t_obs 824
2026-10-09 17:36:31 seed 9771087 secs 2.9 t_obs 350
2026-10-09 17:36:34 seed 9771088 secs 3.0 t_obs 721
2026-10-09 17:36:36 seed 9771089 secs 2.9 t_obs 432
2026-10-09 17:36:39 seed 9771090 secs 2.8 t_obs 515
2026-10-09 17:36:43 seed 9771091 secs 3.3 t_obs 2932
2026-10-09 17:36:46 seed 9771092 secs 2.9 t_obs 428
2026-10-09 17:36:48 seed 9771093 secs 2.9 t_obs 465
2026-10-09 17:36:52 seed 9771094 secs 3.0 t_obs 575
2026-10-09 17:36:54 seed 9771095 secs 2.9 t_obs 446
2026-10-09 17:36:57 seed 9771096 secs 3.0 t_obs 3067
2026-10-09 17:37:00 seed 9771097 secs 2.9 t_obs 1065
2026-10-09 17:37:03 seed 9771098 secs 3.0 t_obs 510
2026-10-09 17:37:06 seed 9771099 secs 2.9 t_obs 624
2026-10-09 17:37:09 seed 9771100 secs 2.8 t_obs 568
2026-10-09 17:37:12 seed 9771101 secs 2.8 t_obs 513
2026-10-09 17:37:15 seed 9771102 secs 2.8 t_obs 2771
2026-10-09 17:37:18 seed 9771103 secs 2.9 t_obs 2763
2026-10-09 17:37:21 seed 9771104 secs 3.2 t_obs 12106
2026-10-09 17:37:24 seed 9771105 secs 2.9 t_obs 4175
2026-10-09 17:37:27 seed 9771106 secs 2.9 t_obs 923
2026-10-09 17:37:29 seed 9771107 secs 3.0 t_obs 8237
2026-10-09 17:37:32 seed 9771108 secs 2.9 t_obs 835
2026-10-09 17:37:35 seed 9771109 secs 2.8 t_obs 546
2026-10-09 17:37:38 seed 9771110 secs 2.8 t_obs 626
2026-10-09 17:37:41 seed 9771111 secs 2.7 t_obs 497
2026-10-09 17:37:44 seed 9771112 secs 2.8 t_obs 1668
2026-10-09 17:37:47 seed 9771113 secs 3.2 t_obs 1004
2026-10-09 17:37:50 seed 9771114 secs 3.2 t_obs 603
2026-10-09 17:37:53 seed 9771115 secs 3.1 t_obs 2363
2026-10-09 17:37:56 seed 9771116 secs 3.0 t_obs 845
2026-10-09 17:37:59 seed 9771117 secs 2.9 t_obs 3014
2026-10-09 17:38:02 seed 9771118 secs 2.9 t_obs 486
2026-10-09 17:38:05 seed 9771119 secs 3.1 t_obs 3741
2026-10-09 17:38:05 run end
2026-10-09 17:43:53 explore2 start
2026-10-09 17:43:57 explore2 seed 9771000 secs 4.3
2026-10-09 17:44:01 explore2 seed 9771001 secs 3.6
2026-10-09 17:44:04 explore2 seed 9771002 secs 3.5
2026-10-09 17:44:08 explore2 seed 9771003 secs 3.7
2026-10-09 17:44:11 explore2 seed 9771004 secs 3.5
2026-10-09 17:44:15 explore2 seed 9771005 secs 3.5
2026-10-09 17:44:18 explore2 seed 9771006 secs 3.6
2026-10-09 17:44:22 explore2 seed 9771007 secs 3.7
2026-10-09 17:44:26 explore2 seed 9771008 secs 3.7
2026-10-09 17:44:29 explore2 seed 9771009 secs 3.8
2026-10-09 17:44:33 explore2 seed 9771010 secs 3.6
2026-10-09 17:44:37 explore2 seed 9771011 secs 3.6
2026-10-09 17:44:40 explore2 seed 9771012 secs 3.5
2026-10-09 17:44:44 explore2 seed 9771013 secs 3.7
2026-10-09 17:44:48 explore2 seed 9771014 secs 3.6
2026-10-09 17:44:51 explore2 seed 9771015 secs 3.6
2026-10-09 17:44:55 explore2 seed 9771016 secs 4.3
2026-10-09 17:44:59 explore2 seed 9771017 secs 3.7
2026-10-09 17:45:03 explore2 seed 9771018 secs 3.7
2026-10-09 17:45:07 explore2 seed 9771019 secs 3.8
2026-10-09 17:45:10 explore2 seed 9771020 secs 3.6
2026-10-09 17:45:14 explore2 seed 9771021 secs 4.0
2026-10-09 17:45:18 explore2 seed 9771022 secs 3.9
2026-10-09 17:45:22 explore2 seed 9771023 secs 3.8
2026-10-09 17:45:26 explore2 seed 9771024 secs 3.7
2026-10-09 17:45:29 explore2 seed 9771025 secs 3.8
2026-10-09 17:45:33 explore2 seed 9771026 secs 3.7
2026-10-09 17:45:37 explore2 seed 9771027 secs 3.7
2026-10-09 17:45:41 explore2 seed 9771028 secs 3.8
2026-10-09 17:45:44 explore2 seed 9771029 secs 3.7
2026-10-09 17:45:48 explore2 seed 9771030 secs 3.6
2026-10-09 17:45:52 explore2 seed 9771031 secs 3.9
2026-10-09 17:45:55 explore2 seed 9771032 secs 3.7
2026-10-09 17:45:59 explore2 seed 9771033 secs 3.8
2026-10-09 17:46:03 explore2 seed 9771034 secs 3.9
2026-10-09 17:46:07 explore2 seed 9771035 secs 3.8
2026-10-09 17:46:11 explore2 seed 9771036 secs 3.6
2026-10-09 17:46:15 explore2 seed 9771037 secs 4.0
2026-10-09 17:46:18 explore2 seed 9771038 secs 3.7
2026-10-09 17:46:22 explore2 seed 9771039 secs 3.8
2026-10-09 17:46:26 explore2 seed 9771040 secs 3.9
2026-10-09 17:46:30 explore2 seed 9771041 secs 3.8
2026-10-09 17:46:34 explore2 seed 9771042 secs 3.8
2026-10-09 17:46:37 explore2 seed 9771043 secs 3.8
2026-10-09 17:46:41 explore2 seed 9771044 secs 3.9
2026-10-09 17:46:45 explore2 seed 9771045 secs 3.8
2026-10-09 17:46:49 explore2 seed 9771046 secs 3.7
2026-10-09 17:46:53 explore2 seed 9771047 secs 3.8
2026-10-09 17:46:56 explore2 seed 9771048 secs 3.8
2026-10-09 17:47:00 explore2 seed 9771049 secs 3.6
2026-10-09 17:47:04 explore2 seed 9771050 secs 3.9
2026-10-09 17:47:08 explore2 seed 9771051 secs 3.8
2026-10-09 17:47:11 explore2 seed 9771052 secs 3.7
2026-10-09 17:47:15 explore2 seed 9771053 secs 3.7
2026-10-09 17:47:19 explore2 seed 9771054 secs 3.8
2026-10-09 17:47:23 explore2 seed 9771055 secs 3.8
2026-10-09 17:47:27 explore2 seed 9771056 secs 3.8
2026-10-09 17:47:30 explore2 seed 9771057 secs 3.7
2026-10-09 17:47:34 explore2 seed 9771058 secs 3.7
2026-10-09 17:47:38 explore2 seed 9771060 secs 4.0
2026-10-09 17:47:42 explore2 seed 9771061 secs 4.1
2026-10-09 17:47:46 explore2 seed 9771062 secs 3.7
2026-10-09 17:47:50 explore2 seed 9771063 secs 4.0
2026-10-09 17:47:53 explore2 seed 9771064 secs 3.7
2026-10-09 17:47:57 explore2 seed 9771065 secs 3.7
2026-10-09 17:48:01 explore2 seed 9771066 secs 3.8
2026-10-09 17:48:05 explore2 seed 9771067 secs 3.9
2026-10-09 17:48:09 explore2 seed 9771068 secs 3.8
2026-10-09 17:48:12 explore2 seed 9771069 secs 3.7
2026-10-09 17:48:16 explore2 seed 9771070 secs 3.7
2026-10-09 17:48:20 explore2 seed 9771071 secs 3.8
2026-10-09 17:48:24 explore2 seed 9771072 secs 3.9
2026-10-09 17:48:27 explore2 seed 9771073 secs 3.7
2026-10-09 17:48:31 explore2 seed 9771074 secs 3.9
2026-10-09 17:48:35 explore2 seed 9771075 secs 3.8
2026-10-09 17:48:39 explore2 seed 9771076 secs 3.9
2026-10-09 17:48:43 explore2 seed 9771077 secs 3.8
2026-10-09 17:48:47 explore2 seed 9771078 secs 3.9
2026-10-09 17:48:50 explore2 seed 9771079 secs 3.7
2026-10-09 17:48:54 explore2 seed 9771080 secs 3.8
2026-10-09 17:48:58 explore2 seed 9771081 secs 3.9
2026-10-09 17:49:02 explore2 seed 9771082 secs 3.9
2026-10-09 17:49:06 explore2 seed 9771083 secs 3.9
2026-10-09 17:49:10 explore2 seed 9771084 secs 3.7
2026-10-09 17:49:14 explore2 seed 9771085 secs 4.0
2026-10-09 17:49:18 explore2 seed 9771086 secs 4.0
2026-10-09 17:49:22 explore2 seed 9771087 secs 3.7
2026-10-09 17:49:25 explore2 seed 9771088 secs 4.0
2026-10-09 17:49:29 explore2 seed 9771089 secs 3.9
2026-10-09 17:49:33 explore2 seed 9771090 secs 3.7
2026-10-09 17:49:37 explore2 seed 9771091 secs 3.8
2026-10-09 17:49:41 explore2 seed 9771092 secs 3.8
2026-10-09 17:49:45 explore2 seed 9771093 secs 3.8
2026-10-09 17:49:48 explore2 seed 9771094 secs 3.9
2026-10-09 17:49:52 explore2 seed 9771095 secs 3.8
2026-10-09 17:49:56 explore2 seed 9771096 secs 3.8
2026-10-09 17:50:00 explore2 seed 9771097 secs 3.7
2026-10-09 17:50:04 explore2 seed 9771098 secs 3.9
2026-10-09 17:50:08 explore2 seed 9771099 secs 4.0
2026-10-09 17:50:11 explore2 seed 9771100 secs 3.9
2026-10-09 17:50:15 explore2 seed 9771101 secs 3.9
2026-10-09 17:50:19 explore2 seed 9771102 secs 3.8
2026-10-09 17:50:23 explore2 seed 9771103 secs 3.8
2026-10-09 17:50:27 explore2 seed 9771104 secs 3.9
2026-10-09 17:50:31 explore2 seed 9771105 secs 3.7
2026-10-09 17:50:35 explore2 seed 9771106 secs 4.0
2026-10-09 17:50:38 explore2 seed 9771107 secs 3.7
2026-10-09 17:50:42 explore2 seed 9771108 secs 4.0
2026-10-09 17:50:46 explore2 seed 9771109 secs 3.9
2026-10-09 17:50:50 explore2 seed 9771110 secs 3.9
2026-10-09 17:50:54 explore2 seed 9771111 secs 3.7
2026-10-09 17:50:58 explore2 seed 9771112 secs 3.8
2026-10-09 17:51:02 explore2 seed 9771113 secs 4.1
2026-10-09 17:51:06 explore2 seed 9771114 secs 3.9
2026-10-09 17:51:09 explore2 seed 9771115 secs 3.7
2026-10-09 17:51:13 explore2 seed 9771116 secs 4.0
2026-10-09 17:51:17 explore2 seed 9771117 secs 3.7
2026-10-09 17:51:21 explore2 seed 9771118 secs 3.7
2026-10-09 17:51:25 explore2 seed 9771119 secs 3.8
2026-10-09 17:51:25 explore2 end
