2026-10-02 08:31:51 memory gate: free 31% swap_free 510.62M -> OK
# run: std 2953000
{"cond": "std", "seed": 2953000, "t_scale": {"0.5s*": 33, "s*": 70, "1.25s*": 93, "s_F": 101, "2s*": 204, "3s*": 556, "4s*": 1417}, "seconds": 15.777312994003296, "max_rss_gb": 0.370884608}
2026-10-02 08:32:15 memory gate: free 39% swap_free 310.44M -> WAIT
2026-10-02 08:33:15 memory gate: free 50% swap_free 620.75M -> OK
# run: out16 2953000
{"cond": "out16", "seed": 2953000, "t_scale": {"0.5s*": 432, "s*": 1454, "1.25s*": 2056, "s_F": 2253, "2s*": 4223, "3s*": 7469, "4s*": 10648}, "seconds": 16.11870288848877, "max_rss_gb": 0.3760128}
2026-10-02 08:33:32 memory gate: free 45% swap_free 620.75M -> OK
# run: out16b 2953000
{"cond": "out16b", "seed": 2953000, "t_scale": {"0.5s*": 437, "s*": 1480, "1.25s*": 2145, "s_F": 2369, "2s*": 4602, "3s*": 8099, "4s*": 11406}, "seconds": 15.997046947479248, "max_rss_gb": 0.376979456}
2026-10-02 08:33:49 memory gate: free 49% swap_free 628.75M -> OK
# run: glob 2953000
{"cond": "glob", "seed": 2953000, "t_scale": {"0.5s*": 309, "s*": 773, "1.25s*": 1081, "s_F": 1191, "2s*": 2474, "3s*": 5354, "4s*": 8536}, "seconds": 15.969933032989502, "max_rss_gb": 0.376832}
2026-10-02 08:34:05 memory gate: free 49% swap_free 628.75M -> OK
# run: std 2953001
{"cond": "std", "seed": 2953001, "t_scale": {"0.5s*": 72, "s*": 131, "1.25s*": 162, "s_F": 171, "2s*": 277, "3s*": 571, "4s*": 1173}, "seconds": 16.70090913772583, "max_rss_gb": 0.375291904}
2026-10-02 08:34:23 memory gate: free 32% swap_free 548.06M -> OK
# run: out16 2953001
{"cond": "out16", "seed": 2953001, "t_scale": {"0.5s*": 230, "s*": 1085, "1.25s*": 1680, "s_F": 1891, "2s*": 3832, "3s*": 7047, "4s*": 10197}, "seconds": 16.265748977661133, "max_rss_gb": 0.376782848}
2026-10-02 08:34:40 memory gate: free 44% swap_free 548.06M -> OK
# run: out16b 2953001
{"cond": "out16b", "seed": 2953001, "t_scale": {"0.5s*": 226, "s*": 1102, "1.25s*": 1683, "s_F": 1888, "2s*": 3985, "3s*": 7475, "4s*": 10535}, "seconds": 16.4526309967041, "max_rss_gb": 0.378372096}
2026-10-02 08:34:57 memory gate: free 47% swap_free 556.06M -> OK
# run: glob 2953001
{"cond": "glob", "seed": 2953001, "t_scale": {"0.5s*": 684, "s*": 1341, "1.25s*": 1660, "s_F": 1770, "2s*": 2989, "3s*": 5437, "4s*": 8579}, "seconds": 16.155399084091187, "max_rss_gb": 0.376619008}
2026-10-02 08:35:13 memory gate: free 51% swap_free 556.06M -> OK
# run: std 2953002
{"cond": "std", "seed": 2953002, "t_scale": {"0.5s*": 35, "s*": 78, "1.25s*": 101, "s_F": 110, "2s*": 208, "3s*": 474, "4s*": 1071}, "seconds": 15.993389129638672, "max_rss_gb": 0.376520704}
2026-10-02 08:35:30 memory gate: free 49% swap_free 556.06M -> OK
# run: out16 2953002
{"cond": "out16", "seed": 2953002, "t_scale": {"0.5s*": 279, "s*": 1190, "1.25s*": 1804, "s_F": 1989, "2s*": 3872, "3s*": 7065, "4s*": 10233}, "seconds": 16.101094245910645, "max_rss_gb": 0.374276096}
2026-10-02 08:35:47 memory gate: free 47% swap_free 556.06M -> OK
# run: out16b 2953002
{"cond": "out16b", "seed": 2953002, "t_scale": {"0.5s*": 285, "s*": 1221, "1.25s*": 1828, "s_F": 2038, "2s*": 4119, "3s*": 7665, "4s*": 10673}, "seconds": 15.966242790222168, "max_rss_gb": 0.378404864}
2026-10-02 08:36:03 memory gate: free 50% swap_free 572.06M -> OK
# run: glob 2953002
{"cond": "glob", "seed": 2953002, "t_scale": {"0.5s*": 320, "s*": 814, "1.25s*": 1114, "s_F": 1220, "2s*": 2348, "3s*": 4827, "4s*": 7937}, "seconds": 15.899858236312866, "max_rss_gb": 0.37675008}
2026-10-02 08:36:20 memory gate: free 51% swap_free 572.06M -> OK
# run: std 2953003
{"cond": "std", "seed": 2953003, "t_scale": {"0.5s*": 34, "s*": 85, "1.25s*": 118, "s_F": 131, "2s*": 312, "3s*": 605, "4s*": 1367}, "seconds": 16.60608696937561, "max_rss_gb": 0.37453824}
2026-10-02 08:36:37 memory gate: free 48% swap_free 596.06M -> OK
# run: out16 2953003
{"cond": "out16", "seed": 2953003, "t_scale": {"0.5s*": 222, "s*": 1108, "1.25s*": 1632, "s_F": 1813, "2s*": 3647, "3s*": 6879, "4s*": 10035}, "seconds": 16.085665702819824, "max_rss_gb": 0.3784704}
2026-10-02 08:36:54 memory gate: free 49% swap_free 596.06M -> OK
# run: out16b 2953003
{"cond": "out16b", "seed": 2953003, "t_scale": {"0.5s*": 224, "s*": 1136, "1.25s*": 1702, "s_F": 1899, "2s*": 3989, "3s*": 7363, "4s*": 10400}, "seconds": 16.056312084197998, "max_rss_gb": 0.376832}
2026-10-02 08:37:10 memory gate: free 50% swap_free 596.06M -> OK
# run: glob 2953003
{"cond": "glob", "seed": 2953003, "t_scale": {"0.5s*": 248, "s*": 880, "1.25s*": 1384, "s_F": 1571, "2s*": 3671, "3s*": 5540, "4s*": 8174}, "seconds": 16.119991064071655, "max_rss_gb": 0.374489088}
2026-10-02 08:37:27 memory gate: free 46% swap_free 596.06M -> OK
# run: std 2953004
{"cond": "std", "seed": 2953004, "t_scale": {"0.5s*": 38, "s*": 85, "1.25s*": 114, "s_F": 125, "2s*": 259, "3s*": 630, "4s*": 1436}, "seconds": 16.144559860229492, "max_rss_gb": 0.378519552}
2026-10-02 08:37:43 memory gate: free 50% swap_free 612.06M -> OK
# run: out16 2953004
{"cond": "out16", "seed": 2953004, "t_scale": {"0.5s*": 434, "s*": 1347, "1.25s*": 1921, "s_F": 2116, "2s*": 4080, "3s*": 7389, "4s*": 10598}, "seconds": 15.921246767044067, "max_rss_gb": 0.376832}
2026-10-02 08:38:00 memory gate: free 50% swap_free 612.06M -> OK
# run: out16b 2953004
{"cond": "out16b", "seed": 2953004, "t_scale": {"0.5s*": 441, "s*": 1461, "1.25s*": 2114, "s_F": 2337, "2s*": 4512, "3s*": 8014, "4s*": 11378}, "seconds": 15.907711029052734, "max_rss_gb": 0.376553472}
2026-10-02 08:38:16 memory gate: free 52% swap_free 612.06M -> OK
# run: glob 2953004
{"cond": "glob", "seed": 2953004, "t_scale": {"0.5s*": 425, "s*": 1012, "1.25s*": 1407, "s_F": 1547, "2s*": 2983, "3s*": 5794, "4s*": 9039}, "seconds": 15.953424215316772, "max_rss_gb": 0.377061376}
2026-10-02 08:38:33 memory gate: free 52% swap_free 612.06M -> OK
# run: std 2953005
{"cond": "std", "seed": 2953005, "t_scale": {"0.5s*": 48, "s*": 95, "1.25s*": 118, "s_F": 125, "2s*": 217, "3s*": 582, "4s*": 1416}, "seconds": 16.061021089553833, "max_rss_gb": 0.376963072}
2026-10-02 08:38:49 memory gate: free 53% swap_free 612.06M -> OK
# run: out16 2953005
{"cond": "out16", "seed": 2953005, "t_scale": {"0.5s*": 193, "s*": 1032, "1.25s*": 1635, "s_F": 1817, "2s*": 3691, "3s*": 6920, "4s*": 10080}, "seconds": 15.910755157470703, "max_rss_gb": 0.376635392}
2026-10-02 08:39:06 memory gate: free 53% swap_free 612.06M -> OK
# run: out16b 2953005
{"cond": "out16b", "seed": 2953005, "t_scale": {"0.5s*": 195, "s*": 1025, "1.25s*": 1616, "s_F": 1821, "2s*": 3849, "3s*": 7208, "4s*": 10465}, "seconds": 15.816224098205566, "max_rss_gb": 0.376700928}
2026-10-02 08:39:22 memory gate: free 54% swap_free 612.06M -> OK
# run: glob 2953005
{"cond": "glob", "seed": 2953005, "t_scale": {"0.5s*": 417, "s*": 986, "1.25s*": 1253, "s_F": 1344, "2s*": 2441, "3s*": 5134, "4s*": 8320}, "seconds": 16.048296213150024, "max_rss_gb": 0.376111104}
2026-10-02 08:39:39 memory gate: free 52% swap_free 716.12M -> OK
# run: std 2953006
{"cond": "std", "seed": 2953006, "t_scale": {"0.5s*": 50, "s*": 101, "1.25s*": 141, "s_F": 159, "2s*": 791, "3s*": 1008, "4s*": 1535}, "seconds": 15.789340734481812, "max_rss_gb": 0.37666816}
2026-10-02 08:39:55 memory gate: free 53% swap_free 732.12M -> OK
# run: out16 2953006
{"cond": "out16", "seed": 2953006, "t_scale": {"0.5s*": 558, "s*": 1964, "1.25s*": 2487, "s_F": 2659, "2s*": 4516, "3s*": 7691, "4s*": 10865}, "seconds": 15.842655897140503, "max_rss_gb": 0.37748736}
2026-10-02 08:40:12 memory gate: free 52% swap_free 732.12M -> OK
# run: out16b 2953006
{"cond": "out16b", "seed": 2953006, "t_scale": {"0.5s*": 555, "s*": 1694, "1.25s*": 2395, "s_F": 2626, "2s*": 4922, "3s*": 8370, "4s*": 11423}, "seconds": 16.008669137954712, "max_rss_gb": 0.376897536}
2026-10-02 08:40:28 memory gate: free 52% swap_free 732.12M -> OK
# run: glob 2953006
{"cond": "glob", "seed": 2953006, "t_scale": {"0.5s*": 576, "s*": 1254, "1.25s*": 1725, "s_F": 1887, "2s*": 3369, "3s*": 6246, "4s*": 9479}, "seconds": 15.768715143203735, "max_rss_gb": 0.376815616}
2026-10-02 08:40:45 memory gate: free 52% swap_free 740.12M -> OK
# run: std 2953007
{"cond": "std", "seed": 2953007, "t_scale": {"0.5s*": 58, "s*": 100, "1.25s*": 125, "s_F": 133, "2s*": 244, "3s*": 554, "4s*": 1275}, "seconds": 15.940337896347046, "max_rss_gb": 0.376619008}
2026-10-02 08:41:01 memory gate: free 51% swap_free 740.12M -> OK
# run: out16 2953007
{"cond": "out16", "seed": 2953007, "t_scale": {"0.5s*": 359, "s*": 1288, "1.25s*": 1909, "s_F": 2120, "2s*": 4146, "3s*": 7424, "4s*": 10585}, "seconds": 15.91233777999878, "max_rss_gb": 0.376766464}
2026-10-02 08:41:18 memory gate: free 52% swap_free 740.12M -> OK
# run: out16b 2953007
{"cond": "out16b", "seed": 2953007, "t_scale": {"0.5s*": 362, "s*": 1301, "1.25s*": 1940, "s_F": 2159, "2s*": 4348, "3s*": 7800, "4s*": 10913}, "seconds": 15.972532033920288, "max_rss_gb": 0.377520128}
2026-10-02 08:41:34 memory gate: free 52% swap_free 740.12M -> OK
# run: glob 2953007
{"cond": "glob", "seed": 2953007, "t_scale": {"0.5s*": 540, "s*": 1068, "1.25s*": 1406, "s_F": 1524, "2s*": 2772, "3s*": 5425, "4s*": 8755}, "seconds": 15.751789808273315, "max_rss_gb": 0.376979456}
2026-10-02 08:41:51 memory gate: free 53% swap_free 740.12M -> OK
# run: std 2953008
{"cond": "std", "seed": 2953008, "t_scale": {"0.5s*": 52, "s*": 142, "1.25s*": 186, "s_F": 201, "2s*": 441, "3s*": 669, "4s*": 1259}, "seconds": 15.737268924713135, "max_rss_gb": 0.376651776}
2026-10-02 08:42:07 memory gate: free 52% swap_free 748.12M -> OK
# run: out16 2953008
{"cond": "out16", "seed": 2953008, "t_scale": {"0.5s*": 238, "s*": 1109, "1.25s*": 1712, "s_F": 1925, "2s*": 4029, "3s*": 7098, "4s*": 10197}, "seconds": 15.900143146514893, "max_rss_gb": 0.376651776}
2026-10-02 08:42:23 memory gate: free 52% swap_free 748.12M -> OK
# run: out16b 2953008
{"cond": "out16b", "seed": 2953008, "t_scale": {"0.5s*": 232, "s*": 1140, "1.25s*": 1707, "s_F": 1908, "2s*": 3901, "3s*": 7339, "4s*": 10335}, "seconds": 15.89826488494873, "max_rss_gb": 0.376799232}
2026-10-02 08:42:40 memory gate: free 52% swap_free 748.12M -> OK
# run: glob 2953008
{"cond": "glob", "seed": 2953008, "t_scale": {"0.5s*": 577, "s*": 1728, "1.25s*": 2096, "s_F": 2229, "2s*": 3631, "3s*": 6329, "4s*": 9373}, "seconds": 15.76075792312622, "max_rss_gb": 0.376700928}
2026-10-02 08:42:56 memory gate: free 53% swap_free 764.12M -> OK
# run: std 2953009
{"cond": "std", "seed": 2953009, "t_scale": {"0.5s*": 46, "s*": 95, "1.25s*": 124, "s_F": 133, "2s*": 234, "3s*": 565, "4s*": 1367}, "seconds": 15.872366189956665, "max_rss_gb": 0.376651776}
2026-10-02 08:43:12 memory gate: free 53% swap_free 764.12M -> OK
# run: out16 2953009
{"cond": "out16", "seed": 2953009, "t_scale": {"0.5s*": 252, "s*": 1094, "1.25s*": 1674, "s_F": 1873, "2s*": 3825, "3s*": 7060, "4s*": 10217}, "seconds": 15.77088189125061, "max_rss_gb": 0.376471552}
2026-10-02 08:43:29 memory gate: free 52% swap_free 764.12M -> OK
# run: out16b 2953009
{"cond": "out16b", "seed": 2953009, "t_scale": {"0.5s*": 254, "s*": 1110, "1.25s*": 1718, "s_F": 1927, "2s*": 4097, "3s*": 7537, "4s*": 10628}, "seconds": 15.923572063446045, "max_rss_gb": 0.376684544}
2026-10-02 08:43:45 memory gate: free 52% swap_free 764.12M -> OK
# run: glob 2953009
{"cond": "glob", "seed": 2953009, "t_scale": {"0.5s*": 457, "s*": 1042, "1.25s*": 1376, "s_F": 1490, "2s*": 2660, "3s*": 5338, "4s*": 8768}, "seconds": 15.894381046295166, "max_rss_gb": 0.376569856}
2026-10-02 08:44:02 memory gate: free 52% swap_free 764.12M -> OK
# run: std 2953010
{"cond": "std", "seed": 2953010, "t_scale": {"0.5s*": 49, "s*": 101, "1.25s*": 131, "s_F": 141, "2s*": 264, "3s*": 675, "4s*": 1575}, "seconds": 15.846832036972046, "max_rss_gb": 0.376537088}
2026-10-02 08:44:18 memory gate: free 53% swap_free 764.12M -> OK
# run: out16 2953010
{"cond": "out16", "seed": 2953010, "t_scale": {"0.5s*": 201, "s*": 1016, "1.25s*": 1628, "s_F": 1827, "2s*": 3693, "3s*": 6907, "4s*": 10067}, "seconds": 15.935978889465332, "max_rss_gb": 0.376782848}
2026-10-02 08:44:34 memory gate: free 51% swap_free 764.12M -> OK
# run: out16b 2953010
{"cond": "out16b", "seed": 2953010, "t_scale": {"0.5s*": 203, "s*": 1029, "1.25s*": 1599, "s_F": 1801, "2s*": 3839, "3s*": 7373, "4s*": 10508}, "seconds": 15.907374858856201, "max_rss_gb": 0.376766464}
2026-10-02 08:44:51 memory gate: free 52% swap_free 764.12M -> OK
# run: glob 2953010
{"cond": "glob", "seed": 2953010, "t_scale": {"0.5s*": 459, "s*": 1124, "1.25s*": 1500, "s_F": 1622, "2s*": 2866, "3s*": 5616, "4s*": 8847}, "seconds": 15.845998048782349, "max_rss_gb": 0.376766464}
2026-10-02 08:45:07 memory gate: free 52% swap_free 764.12M -> OK
# run: std 2953011
{"cond": "std", "seed": 2953011, "t_scale": {"0.5s*": 90, "s*": 135, "1.25s*": 162, "s_F": 172, "2s*": 280, "3s*": 551, "4s*": 1201}, "seconds": 15.877477169036865, "max_rss_gb": 0.376569856}
2026-10-02 08:45:23 memory gate: free 52% swap_free 764.12M -> OK
# run: out16 2953011
{"cond": "out16", "seed": 2953011, "t_scale": {"0.5s*": 291, "s*": 1176, "1.25s*": 1782, "s_F": 1995, "2s*": 3857, "3s*": 7051, "4s*": 10210}, "seconds": 15.793481826782227, "max_rss_gb": 0.376815616}
2026-10-02 08:45:40 memory gate: free 51% swap_free 764.12M -> OK
# run: out16b 2953011
{"cond": "out16b", "seed": 2953011, "t_scale": {"0.5s*": 291, "s*": 1197, "1.25s*": 1796, "s_F": 2005, "2s*": 4098, "3s*": 7689, "4s*": 10700}, "seconds": 15.90006709098816, "max_rss_gb": 0.376864768}
2026-10-02 08:45:56 memory gate: free 52% swap_free 764.12M -> OK
# run: glob 2953011
{"cond": "glob", "seed": 2953011, "t_scale": {"0.5s*": 875, "s*": 1448, "1.25s*": 1767, "s_F": 1877, "2s*": 3029, "3s*": 5349, "4s*": 8501}, "seconds": 16.03696084022522, "max_rss_gb": 0.376717312}
2026-10-02 08:46:13 memory gate: free 52% swap_free 764.12M -> OK
# run: std 2953012
{"cond": "std", "seed": 2953012, "t_scale": {"0.5s*": 29, "s*": 81, "1.25s*": 108, "s_F": 118, "2s*": 234, "3s*": 493, "4s*": 1086}, "seconds": 15.894327163696289, "max_rss_gb": 0.3772416}
2026-10-02 08:46:29 memory gate: free 52% swap_free 860.19M -> OK
# run: out16 2953012
{"cond": "out16", "seed": 2953012, "t_scale": {"0.5s*": 141, "s*": 954, "1.25s*": 1527, "s_F": 1732, "2s*": 3585, "3s*": 6768, "4s*": 9915}, "seconds": 15.770739078521729, "max_rss_gb": 0.376799232}
2026-10-02 08:46:46 memory gate: free 52% swap_free 860.19M -> OK
# run: out16b 2953012
{"cond": "out16b", "seed": 2953012, "t_scale": {"0.5s*": 145, "s*": 1262, "1.25s*": 2180, "s_F": 2292, "2s*": 3784, "3s*": 6902, "4s*": 10110}, "seconds": 15.87278699874878, "max_rss_gb": 0.376733696}
2026-10-02 08:47:02 memory gate: free 51% swap_free 860.19M -> OK
# run: glob 2953012
{"cond": "glob", "seed": 2953012, "t_scale": {"0.5s*": 264, "s*": 873, "1.25s*": 1224, "s_F": 1343, "2s*": 2592, "3s*": 4887, "4s*": 7974}, "seconds": 16.57466197013855, "max_rss_gb": 0.376537088}
2026-10-02 08:47:19 memory gate: free 51% swap_free 860.19M -> OK
# run: std 2953013
{"cond": "std", "seed": 2953013, "t_scale": {"0.5s*": 63, "s*": 128, "1.25s*": 157, "s_F": 166, "2s*": 267, "3s*": 626, "4s*": 1561}, "seconds": 15.740066051483154, "max_rss_gb": 0.376651776}
2026-10-02 08:47:35 memory gate: free 51% swap_free 860.19M -> OK
# run: out16 2953013
{"cond": "out16", "seed": 2953013, "t_scale": {"0.5s*": 379, "s*": 1238, "1.25s*": 1812, "s_F": 2009, "2s*": 3977, "3s*": 7288, "4s*": 10498}, "seconds": 15.817124128341675, "max_rss_gb": 0.376815616}
2026-10-02 08:47:52 memory gate: free 52% swap_free 860.19M -> OK
# run: out16b 2953013
{"cond": "out16b", "seed": 2953013, "t_scale": {"0.5s*": 379, "s*": 1292, "1.25s*": 1923, "s_F": 2139, "2s*": 4336, "3s*": 7909, "4s*": 10975}, "seconds": 15.91540002822876, "max_rss_gb": 0.376471552}
2026-10-02 08:48:08 memory gate: free 52% swap_free 860.19M -> OK
# run: glob 2953013
{"cond": "glob", "seed": 2953013, "t_scale": {"0.5s*": 719, "s*": 1331, "1.25s*": 1656, "s_F": 1773, "2s*": 3047, "3s*": 5994, "4s*": 9442}, "seconds": 15.782994985580444, "max_rss_gb": 0.376487936}
2026-10-02 08:48:24 memory gate: free 52% swap_free 860.19M -> OK
# run: std 2953014
{"cond": "std", "seed": 2953014, "t_scale": {"0.5s*": 28, "s*": 68, "1.25s*": 92, "s_F": 100, "2s*": 201, "3s*": 518, "4s*": 1304}, "seconds": 15.900814771652222, "max_rss_gb": 0.376832}
2026-10-02 08:48:41 memory gate: free 52% swap_free 860.19M -> OK
# run: out16 2953014
{"cond": "out16", "seed": 2953014, "t_scale": {"0.5s*": 275, "s*": 1606, "1.25s*": 2335, "s_F": 2453, "2s*": 3974, "3s*": 7019, "4s*": 10156}, "seconds": 15.951421976089478, "max_rss_gb": 0.376651776}
2026-10-02 08:48:57 memory gate: free 53% swap_free 860.19M -> OK
# run: out16b 2953014
{"cond": "out16b", "seed": 2953014, "t_scale": {"0.5s*": 279, "s*": 1608, "1.25s*": 2185, "s_F": 2341, "2s*": 4160, "3s*": 7569, "4s*": 10576}, "seconds": 16.09191918373108, "max_rss_gb": 0.378421248}
2026-10-02 08:49:14 memory gate: free 53% swap_free 860.19M -> OK
# run: glob 2953014
{"cond": "glob", "seed": 2953014, "t_scale": {"0.5s*": 287, "s*": 752, "1.25s*": 1057, "s_F": 1165, "2s*": 2357, "3s*": 5050, "4s*": 8295}, "seconds": 15.904273271560669, "max_rss_gb": 0.376733696}
2026-10-02 08:49:30 memory gate: free 52% swap_free 860.19M -> OK
# run: std 2953015
{"cond": "std", "seed": 2953015, "t_scale": {"0.5s*": 52, "s*": 127, "1.25s*": 196, "s_F": 227, "2s*": 514, "3s*": 815, "4s*": 1555}, "seconds": 16.124868154525757, "max_rss_gb": 0.376700928}
2026-10-02 08:49:47 memory gate: free 52% swap_free 860.19M -> OK
# run: out16 2953015
{"cond": "out16", "seed": 2953015, "t_scale": {"0.5s*": 524, "s*": 1874, "1.25s*": 2430, "s_F": 2603, "2s*": 4439, "3s*": 7657, "4s*": 10836}, "seconds": 15.794875860214233, "max_rss_gb": 0.376487936}
2026-10-02 08:50:03 memory gate: free 52% swap_free 892.19M -> OK
# run: out16b 2953015
{"cond": "out16b", "seed": 2953015, "t_scale": {"0.5s*": 526, "s*": 1791, "1.25s*": 2450, "s_F": 2664, "2s*": 4771, "3s*": 8217, "4s*": 11536}, "seconds": 16.482485055923462, "max_rss_gb": 0.375799808}
2026-10-02 08:50:20 memory gate: free 39% swap_free 924.19M -> OK
# run: glob 2953015
{"cond": "glob", "seed": 2953015, "t_scale": {"0.5s*": 564, "s*": 1617, "1.25s*": 2469, "s_F": 2785, "2s*": 5248, "3s*": 6965, "4s*": 9419}, "seconds": 15.931603908538818, "max_rss_gb": 0.3784704}
2026-10-02 08:50:37 memory gate: free 41% swap_free 924.19M -> OK
# run: std 2953016
{"cond": "std", "seed": 2953016, "t_scale": {"0.5s*": 47, "s*": 96, "1.25s*": 132, "s_F": 145, "2s*": 288, "3s*": 615, "4s*": 1375}, "seconds": 15.914733171463013, "max_rss_gb": 0.376700928}
2026-10-02 08:50:54 memory gate: free 42% swap_free 932.19M -> OK
# run: out16 2953016
{"cond": "out16", "seed": 2953016, "t_scale": {"0.5s*": 430, "s*": 1399, "1.25s*": 1985, "s_F": 2182, "2s*": 4158, "3s*": 7388, "4s*": 10561}, "seconds": 16.137217044830322, "max_rss_gb": 0.376487936}
2026-10-02 08:51:10 memory gate: free 44% swap_free 932.19M -> OK
# run: out16b 2953016
{"cond": "out16b", "seed": 2953016, "t_scale": {"0.5s*": 422, "s*": 1395, "1.25s*": 2057, "s_F": 2282, "2s*": 4506, "3s*": 7945, "4s*": 11035}, "seconds": 15.922707796096802, "max_rss_gb": 0.37830656}
2026-10-02 08:51:27 memory gate: free 44% swap_free 932.19M -> OK
# run: glob 2953016
{"cond": "glob", "seed": 2953016, "t_scale": {"0.5s*": 466, "s*": 1186, "1.25s*": 1648, "s_F": 1797, "2s*": 3142, "3s*": 5706, "4s*": 8925}, "seconds": 15.903446197509766, "max_rss_gb": 0.376684544}
2026-10-02 08:51:43 memory gate: free 45% swap_free 932.19M -> OK
# run: std 2953017
{"cond": "std", "seed": 2953017, "t_scale": {"0.5s*": 30, "s*": 75, "1.25s*": 103, "s_F": 114, "2s*": 231, "3s*": 536, "4s*": 1160}, "seconds": 15.975082159042358, "max_rss_gb": 0.37462016}
2026-10-02 08:52:00 memory gate: free 44% swap_free 940.19M -> OK
# run: out16 2953017
{"cond": "out16", "seed": 2953017, "t_scale": {"0.5s*": 373, "s*": 1849, "1.25s*": 2440, "s_F": 2577, "2s*": 4200, "3s*": 7275, "4s*": 10427}, "seconds": 16.013259172439575, "max_rss_gb": 0.376799232}
2026-10-02 08:52:17 memory gate: free 44% swap_free 940.19M -> OK
# run: out16b 2953017
{"cond": "out16b", "seed": 2953017, "t_scale": {"0.5s*": 374, "s*": 1770, "1.25s*": 2306, "s_F": 2488, "2s*": 4349, "3s*": 7619, "4s*": 10857}, "seconds": 16.06826686859131, "max_rss_gb": 0.37650432}
2026-10-02 08:52:33 memory gate: free 44% swap_free 940.19M -> OK
# run: glob 2953017
{"cond": "glob", "seed": 2953017, "t_scale": {"0.5s*": 314, "s*": 843, "1.25s*": 1221, "s_F": 1360, "2s*": 2618, "3s*": 5002, "4s*": 7807}, "seconds": 16.036043882369995, "max_rss_gb": 0.37675008}
2026-10-02 08:52:50 memory gate: free 44% swap_free 940.19M -> OK
# run: std 2953018
{"cond": "std", "seed": 2953018, "t_scale": {"0.5s*": 25, "s*": 61, "1.25s*": 81, "s_F": 89, "2s*": 219, "3s*": 1164, "4s*": 1442}, "seconds": 16.0500590801239, "max_rss_gb": 0.37658624}
2026-10-02 08:53:07 memory gate: free 44% swap_free 940.19M -> OK
# run: out16 2953018
{"cond": "out16", "seed": 2953018, "t_scale": {"0.5s*": 185, "s*": 1333, "1.25s*": 2097, "s_F": 2222, "2s*": 3667, "3s*": 6695, "4s*": 9825}, "seconds": 16.028982162475586, "max_rss_gb": 0.37691392}
2026-10-02 08:53:23 memory gate: free 45% swap_free 940.19M -> OK
# run: out16b 2953018
{"cond": "out16b", "seed": 2953018, "t_scale": {"0.5s*": 185, "s*": 1334, "1.25s*": 1971, "s_F": 2112, "2s*": 3824, "3s*": 7073, "4s*": 10312}, "seconds": 15.881245851516724, "max_rss_gb": 0.37650432}
2026-10-02 08:53:40 memory gate: free 45% swap_free 956.19M -> OK
# run: glob 2953018
{"cond": "glob", "seed": 2953018, "t_scale": {"0.5s*": 202, "s*": 570, "1.25s*": 827, "s_F": 924, "2s*": 2300, "3s*": 6460, "4s*": 8057}, "seconds": 16.010584115982056, "max_rss_gb": 0.376569856}
2026-10-02 08:53:57 memory gate: free 45% swap_free 972.19M -> OK
# run: std 2953019
{"cond": "std", "seed": 2953019, "t_scale": {"0.5s*": 55, "s*": 119, "1.25s*": 163, "s_F": 177, "2s*": 283, "3s*": 555, "4s*": 1209}, "seconds": 15.926791906356812, "max_rss_gb": 0.37535744}
2026-10-02 08:54:13 memory gate: free 44% swap_free 972.19M -> OK
# run: out16 2953019
{"cond": "out16", "seed": 2953019, "t_scale": {"0.5s*": 431, "s*": 1910, "1.25s*": 2463, "s_F": 2602, "2s*": 4254, "3s*": 7370, "4s*": 10523}, "seconds": 15.916899919509888, "max_rss_gb": 0.376569856}
2026-10-02 08:54:30 memory gate: free 44% swap_free 972.19M -> OK
# run: out16b 2953019
{"cond": "out16b", "seed": 2953019, "t_scale": {"0.5s*": 408, "s*": 1843, "1.25s*": 2351, "s_F": 2526, "2s*": 4417, "3s*": 7796, "4s*": 10786}, "seconds": 15.955662965774536, "max_rss_gb": 0.376799232}
2026-10-02 08:54:46 memory gate: free 44% swap_free 972.19M -> OK
# run: glob 2953019
{"cond": "glob", "seed": 2953019, "t_scale": {"0.5s*": 641, "s*": 1371, "1.25s*": 1781, "s_F": 1936, "2s*": 4833, "3s*": 6312, "4s*": 8684}, "seconds": 15.89401912689209, "max_rss_gb": 0.37666816}
2026-10-02 08:55:03 main queue done
2026-10-02 08:55:03 memory gate: free 43% swap_free 972.19M -> OK
# run: globb 2953000
{"cond": "globb", "seed": 2953000, "t_scale": {"0.5s*": 329, "s*": 826, "1.25s*": 1156, "s_F": 1273, "2s*": 2633, "3s*": 5636, "4s*": 8889}, "seconds": 15.909020900726318, "max_rss_gb": 0.378044416}
2026-10-02 08:55:19 memory gate: free 44% swap_free 972.19M -> OK
# run: globb 2953001
{"cond": "globb", "seed": 2953001, "t_scale": {"0.5s*": 729, "s*": 1426, "1.25s*": 1766, "s_F": 1883, "2s*": 3189, "3s*": 5752, "4s*": 8982}, "seconds": 16.0492000579834, "max_rss_gb": 0.377864192}
2026-10-02 08:55:36 memory gate: free 43% swap_free 972.19M -> OK
# run: globb 2953002
{"cond": "globb", "seed": 2953002, "t_scale": {"0.5s*": 341, "s*": 868, "1.25s*": 1189, "s_F": 1302, "2s*": 2501, "3s*": 5098, "4s*": 8297}, "seconds": 16.059762001037598, "max_rss_gb": 0.377929728}
2026-10-02 08:55:52 memory gate: free 43% swap_free 972.19M -> OK
# run: globb 2953003
{"cond": "globb", "seed": 2953003, "t_scale": {"0.5s*": 263, "s*": 940, "1.25s*": 1480, "s_F": 1676, "2s*": 3845, "3s*": 5804, "4s*": 8497}, "seconds": 16.039114952087402, "max_rss_gb": 0.377880576}
2026-10-02 08:56:09 memory gate: free 44% swap_free 972.19M -> OK
# run: globb 2953004
{"cond": "globb", "seed": 2953004, "t_scale": {"0.5s*": 454, "s*": 1080, "1.25s*": 1501, "s_F": 1650, "2s*": 3164, "3s*": 6085, "4s*": 9409}, "seconds": 16.111799001693726, "max_rss_gb": 0.377765888}
2026-10-02 08:56:26 memory gate: free 42% swap_free 972.19M -> OK
# run: globb 2953005
{"cond": "globb", "seed": 2953005, "t_scale": {"0.5s*": 443, "s*": 1051, "1.25s*": 1336, "s_F": 1433, "2s*": 2599, "3s*": 5402, "4s*": 8666}, "seconds": 371.2038540840149, "max_rss_gb": 0.336789504}
2026-10-02 09:02:38 memory gate: free 39% swap_free 1006.50M -> OK
# run: globb 2953006
2026-10-02 09:21:49 memory gate: free 40% swap_free 1153.19M -> OK
# run: glob16 2953000
2026-10-02 09:22:01 glob16 queue stopped by hand before any run finished (not run; one-process rule; globb stopped at 6/20 when the session stalled)
