2026-10-10 19:34:25 memory gate: free 30% swap_free 957.12M disk_free 33G -> OK
2026-10-10 19:38:16 memory gate: free 48% swap_free 898.38M disk_free 33G -> OK
2026-10-10 19:52:14 memory gate: free 45% swap_free 743.31M disk_free 32G -> OK
2026-10-10 19:54:11 memory gate: free 51% swap_free 927.31M disk_free 32G -> OK
2026-10-10 19:54:11 data free=51% swap_free=927.31MB disk_free=32.8GB OK
2026-10-10 19:54:12 run std 2995000 free=43% swap_free=927.31MB disk_free=32.8GB OK
2026-10-10 19:55:58 memory gate: free 45% swap_free 1471.38M disk_free 32G -> OK
2026-10-10 19:55:58 data free=45% swap_free=1471.38MB disk_free=32.8GB OK
2026-10-10 19:55:59 run out16 2995000 free=38% swap_free=1471.38MB disk_free=32.8GB OK
2026-10-10 19:57:41 run glob16 2995000 free=41% swap_free=1487.38MB disk_free=32.7GB OK
2026-10-10 19:58:52 run std 2995001 free=29% swap_free=1527.38MB disk_free=32.8GB OK
2026-10-10 20:00:29 run out16 2995001 free=36% swap_free=1700.38MB disk_free=32.7GB OK
2026-10-10 20:02:08 run glob16 2995001 free=39% swap_free=1700.38MB disk_free=32.7GB OK
2026-10-10 20:02:57 run std 2995002 free=37% swap_free=986.31MB disk_free=33.7GB OK
2026-10-10 20:03:50 run out16 2995002 free=48% swap_free=836.31MB disk_free=33.7GB OK
2026-10-10 20:04:35 run glob16 2995002 free=45% swap_free=972.31MB disk_free=33.7GB OK
2026-10-10 20:05:25 run std 2995003 free=47% swap_free=980.31MB disk_free=33.7GB OK
2026-10-10 20:06:32 run out16 2995003 free=49% swap_free=922.0MB disk_free=32.7GB OK
2026-10-10 20:07:39 run glob16 2995003 free=53% swap_free=938.0MB disk_free=32.7GB OK
2026-10-10 20:08:29 run std 2995004 free=51% swap_free=1098.0MB disk_free=32.7GB OK
2026-10-10 20:09:33 run out16 2995004 free=53% swap_free=1122.0MB disk_free=32.7GB OK
2026-10-10 20:10:44 run glob16 2995004 free=53% swap_free=1094.44MB disk_free=32.7GB OK
2026-10-10 20:11:32 run std 2995005 free=37% swap_free=1134.44MB disk_free=32.7GB OK
2026-10-10 20:12:35 run out16 2995005 free=52% swap_free=1111.12MB disk_free=32.7GB OK
2026-10-10 20:13:45 run glob16 2995005 free=48% swap_free=1175.19MB disk_free=32.7GB OK
2026-10-10 20:14:33 run std 2995006 free=53% swap_free=1207.19MB disk_free=32.7GB OK
2026-10-10 20:15:35 run out16 2995006 free=49% swap_free=1207.19MB disk_free=32.7GB OK
2026-10-10 20:16:41 run glob16 2995006 free=43% swap_free=1223.19MB disk_free=32.7GB OK
2026-10-10 20:17:29 run std 2995007 free=51% swap_free=1223.19MB disk_free=32.7GB OK
2026-10-10 20:18:32 run out16 2995007 free=41% swap_free=1239.19MB disk_free=32.7GB OK
2026-10-10 20:19:38 run glob16 2995007 free=53% swap_free=1263.19MB disk_free=32.7GB OK
2026-10-10 20:21:01 memory gate: free 50% swap_free 1359.19M disk_free 32G -> OK
2026-10-10 20:34:35 memory gate: free 54% swap_free 1291.12M disk_free 31G -> OK
