# 2026-10-09 17:37:45 run: 1 fix std 2994000 40000
  t 245 loss 0.4480 rand 0.5658 2s
  t 495 loss 0.4275 rand 0.5959 5s
  t 1282 loss 0.3282 rand 0.6653 8s
  t 3406 loss 0.1305 rand 0.7061 13s
a1.0|fix|std|2994000|base0.01 lr 0.01 steps 6926 secs 19.4 final loss 0.0016505290986970067 rand 0.6923469305038452 rss 1.072
# 2026-10-09 17:38:06 run: 4 fix std 2994000 40000
  t 245 loss 0.4238 rand 0.5648 2s
  t 495 loss 0.4301 rand 0.5755 5s
  t 1282 loss 0.3086 rand 0.6276 8s
  t 3406 loss 0.1489 rand 0.6765 13s
a4.0|fix|std|2994000|base0.01 lr 0.01 steps 8777 secs 22.3 final loss 0.0015296221245080233 rand 0.6816326379776001 rss 1.076
# 2026-10-09 17:38:29 run: 0.5 fix std 2994000 40000
  t 245 loss 0.4522 rand 0.5403 2s
  t 495 loss 0.4289 rand 0.5827 5s
  t 1282 loss 0.3796 rand 0.6107 8s
  t 3406 loss 0.1910 rand 0.6934 13s
a0.5|fix|std|2994000|base0.01 lr 0.01 steps 7495 secs 20.1 final loss 0.0017486171564087272 rand 0.6903061270713806 rss 1.071
# 2026-10-09 17:38:51 run: 0.25 fix std 2994000 40000
  t 245 loss 0.4531 rand 0.5204 2s
  t 495 loss 0.4432 rand 0.5719 4s
  t 1282 loss 0.3932 rand 0.6005 8s
  t 3406 loss 0.2529 rand 0.6571 12s
  t 9131 loss 0.0019 rand 0.6832 23s
a0.25|fix|std|2994000|base0.01 lr 0.01 steps 9131 secs 22.8 final loss 0.0018945107003673911 rand 0.6831632852554321 rss 1.073
# 2026-10-09 17:39:15 run: 0.1 fix std 2994000 40000
  t 245 loss 0.4784 rand 0.4944 2s
  t 495 loss 0.4536 rand 0.5276 5s
  t 1282 loss 0.4141 rand 0.5643 8s
  t 3406 loss 0.3534 rand 0.6133 13s
  t 9131 loss 0.0421 rand 0.6694 23s
a0.1|fix|std|2994000|base0.01 lr 0.01 steps 15262 secs 32.8 final loss 0.0018873519729822874 rand 0.6729592084884644 rss 1.076
# 2026-10-09 17:39:49 run: 0.05 fix std 2994000 60000
  t 245 loss 0.6479 rand 0.4898 2s
  t 495 loss 0.4749 rand 0.4974 5s
  t 1282 loss 0.4346 rand 0.5418 8s
  t 3406 loss 0.4059 rand 0.6128 13s
  t 9131 loss 0.2129 rand 0.6643 23s
a0.05|fix|std|2994000|base0.01 lr 0.01 steps 23579 secs 45.8 final loss 0.001964717637747526 rand 0.675000011920929 rss 1.072
# 2026-10-09 17:40:36 run: 4 fs std 2994000 40000
  t 245 loss 0.4545 rand 0.5230 2s
  t 495 loss 0.4366 rand 0.5546 5s
  t 1282 loss 0.3882 rand 0.6005 8s
  t 3406 loss 0.2740 rand 0.6408 13s
  t 9131 loss 0.0118 rand 0.6832 23s
a4.0|fs|std|2994000|base0.01 lr 0.000625 steps 15878 secs 33.7 final loss 0.001964633585885167 rand 0.6821428537368774 rss 1.071
# 2026-10-09 17:41:12 run: 0.5 fs std 2994000 40000
  t 245 loss 0.4371 rand 0.5842 2s
  t 495 loss 0.4074 rand 0.5469 5s
  t 1282 loss 0.3468 rand 0.6184 8s
  t 3406 loss 0.1814 rand 0.6923 13s
  t 9131 loss 0.0015 rand 0.6719 23s
a0.5|fs|std|2994000|base0.01 lr 0.04 steps 9131 secs 23.0 final loss 0.0014645395567640662 rand 0.6719387769699097 rss 1.076
# 2026-10-09 17:41:36 run: 0.25 fs std 2994000 40000
  t 245 loss 0.4336 rand 0.5704 2s
  t 495 loss 0.4553 rand 0.5577 5s
  t 1282 loss 0.3711 rand 0.5622 8s
  t 3406 loss 0.3223 rand 0.6684 13s
  t 9131 loss 0.0577 rand 0.6806 23s
a0.25|fs|std|2994000|base0.01 lr 0.16 steps 16848 secs 35.4 final loss 0.000826363277155906 rand 0.6658163070678711 rss 1.073
# 2026-10-09 17:42:13 run: 1 fix std 2994001 40000
  t 245 loss 0.4434 rand 0.5551 2s
  t 495 loss 0.4396 rand 0.5816 5s
  t 1282 loss 0.3582 rand 0.5811 8s
  t 3406 loss 0.1846 rand 0.6704 13s
a1.0|fix|std|2994001|base0.01 lr 0.01 steps 7495 secs 20.1 final loss 0.0016783906612545252 rand 0.6816326379776001 rss 1.073
# 2026-10-09 17:42:34 run: 4 fix std 2994001 40000
  t 245 loss 0.4219 rand 0.5388 2s
  t 495 loss 0.4627 rand 0.5857 5s
  t 1282 loss 0.3392 rand 0.6000 8s
  t 3406 loss 0.1640 rand 0.6582 13s
a4.0|fix|std|2994001|base0.01 lr 0.01 steps 8272 secs 22.2 final loss 0.0012088407529518008 rand 0.6780612468719482 rss 1.073
# 2026-10-09 17:42:58 run: 0.5 fix std 2994001 40000
  t 245 loss 0.4575 rand 0.5429 2s
  t 495 loss 0.4198 rand 0.5602 5s
  t 1282 loss 0.3627 rand 0.5918 8s
  t 3406 loss 0.2015 rand 0.6719 13s
a0.5|fix|std|2994001|base0.01 lr 0.01 steps 7064 secs 19.7 final loss 0.0015574387507513165 rand 0.6923469305038452 rss 1.073
# 2026-10-09 17:43:19 run: 0.25 fix std 2994001 40000
  t 245 loss 0.4580 rand 0.5240 2s
  t 495 loss 0.4406 rand 0.5546 5s
  t 1282 loss 0.3982 rand 0.5888 8s
  t 3406 loss 0.2403 rand 0.6679 13s
a0.25|fix|std|2994001|base0.01 lr 0.01 steps 8952 secs 22.8 final loss 0.0018582141492515802 rand 0.6821428537368774 rss 1.073
# 2026-10-09 17:43:43 run: 0.1 fix std 2994001 40000
  t 245 loss 0.4799 rand 0.4908 2s
  t 495 loss 0.4532 rand 0.5230 5s
  t 1282 loss 0.4204 rand 0.5694 8s
  t 3406 loss 0.3515 rand 0.6224 13s
  t 9131 loss 0.0298 rand 0.6816 23s
a0.1|fix|std|2994001|base0.01 lr 0.01 steps 14963 secs 33.1 final loss 0.001926286262460053 rand 0.6795918345451355 rss 1.075
# 2026-10-09 17:44:17 run: 0.05 fix std 2994001 60000
  t 245 loss 0.6580 rand 0.4898 2s
  t 495 loss 0.4795 rand 0.4964 5s
  t 1282 loss 0.4385 rand 0.5357 8s
  t 3406 loss 0.3889 rand 0.5913 13s
  t 9131 loss 0.2401 rand 0.6648 23s
a0.05|fix|std|2994001|base0.01 lr 0.01 steps 24050 secs 49.2 final loss 0.0019051266135647893 rand 0.6770408153533936 rss 1.073
# 2026-10-09 17:45:08 run: 4 fs std 2994001 40000
  t 245 loss 0.4598 rand 0.5296 2s
  t 495 loss 0.4299 rand 0.5444 5s
  t 1282 loss 0.4058 rand 0.5872 8s
  t 3406 loss 0.2998 rand 0.6459 13s
  t 9131 loss 0.0130 rand 0.6801 24s
a4.0|fs|std|2994001|base0.01 lr 0.000625 steps 15878 secs 36.0 final loss 0.0019801792223006487 rand 0.6785714030265808 rss 1.05
# 2026-10-09 17:45:46 run: 0.5 fs std 2994001 40000
  t 245 loss 0.4320 rand 0.5536 2s
  t 495 loss 0.4258 rand 0.5821 5s
  t 1282 loss 0.3848 rand 0.5867 8s
  t 3406 loss 0.2033 rand 0.6459 13s
  t 9131 loss 0.0045 rand 0.6939 24s
a0.5|fs|std|2994001|base0.01 lr 0.04 steps 9313 secs 24.7 final loss 0.0009305442799814045 rand 0.6877551078796387 rss 1.051
# 2026-10-09 17:46:12 run: 0.25 fs std 2994001 40000
  t 245 loss 0.4202 rand 0.5541 2s
  t 495 loss 0.4256 rand 0.5587 5s
  t 1282 loss 0.3657 rand 0.5903 8s
  t 3406 loss 0.2414 rand 0.6648 13s
  t 9131 loss 0.0542 rand 0.6520 25s
a0.25|fs|std|2994001|base0.01 lr 0.16 steps 22664 secs 47.9 final loss 0.0007304460741579533 rand 0.6765305995941162 rss 1.071
# 2026-10-09 17:47:01 run: 1 fix std 2994002 40000
  t 245 loss 0.4379 rand 0.5485 2s
  t 495 loss 0.4153 rand 0.5913 5s
  t 1282 loss 0.3580 rand 0.6316 8s
  t 3406 loss 0.1764 rand 0.6612 13s
a1.0|fix|std|2994002|base0.01 lr 0.01 steps 8272 secs 22.8 final loss 0.0012442467268556356 rand 0.6775510311126709 rss 0.993
# 2026-10-09 17:47:26 run: 4 fix std 2994002 40000
  t 245 loss 0.4348 rand 0.5362 2s
  t 495 loss 0.3965 rand 0.6270 5s
  t 1282 loss 0.3350 rand 0.6352 8s
  t 3406 loss 0.1580 rand 0.6704 14s
  t 9131 loss 0.0321 rand 0.6755 25s
a4.0|fix|std|2994002|base0.01 lr 0.01 steps 10078 secs 26.5 final loss 0.0015395227819681168 rand 0.6714285612106323 rss 1.065
# 2026-10-09 17:47:54 run: 0.5 fix std 2994002 40000
  t 245 loss 0.4454 rand 0.5485 2s
  t 495 loss 0.4164 rand 0.5638 5s
  t 1282 loss 0.3664 rand 0.6301 8s
  t 3406 loss 0.1861 rand 0.6566 14s
a0.5|fix|std|2994002|base0.01 lr 0.01 steps 7349 secs 21.3 final loss 0.0015941607998684049 rand 0.6836734414100647 rss 0.953
# 2026-10-09 17:48:17 run: 0.25 fix std 2994002 40000
  t 245 loss 0.4553 rand 0.5265 2s
  t 495 loss 0.4299 rand 0.5449 5s
  t 1282 loss 0.3903 rand 0.5898 8s
  t 3406 loss 0.2505 rand 0.6459 13s
  t 9131 loss 0.0020 rand 0.6878 24s
a0.25|fix|std|2994002|base0.01 lr 0.01 steps 9131 secs 24.5 final loss 0.001986168324947357 rand 0.6877551078796387 rss 1.027
# 2026-10-09 17:48:43 run: 0.1 fix std 2994002 40000
  t 245 loss 0.4787 rand 0.4944 2s
  t 495 loss 0.4563 rand 0.5255 5s
  t 1282 loss 0.4184 rand 0.5602 8s
  t 3406 loss 0.3501 rand 0.6102 13s
  t 9131 loss 0.0317 rand 0.6852 25s
a0.1|fix|std|2994002|base0.01 lr 0.01 steps 15262 secs 35.3 final loss 0.0018963980255648494 rand 0.6785714030265808 rss 0.969
# 2026-10-09 17:49:19 run: 0.05 fix std 2994002 60000
  t 245 loss 0.6518 rand 0.4923 2s
  t 495 loss 0.4756 rand 0.4959 5s
  t 1282 loss 0.4348 rand 0.5398 8s
  t 3406 loss 0.4059 rand 0.6015 13s
  t 9131 loss 0.2132 rand 0.6648 25s
a0.05|fix|std|2994002|base0.01 lr 0.01 steps 24050 secs 50.2 final loss 0.001921389251947403 rand 0.6846938729286194 rss 0.992
# 2026-10-09 17:50:11 run: 4 fs std 2994002 40000
  t 245 loss 0.4528 rand 0.5296 2s
  t 495 loss 0.4306 rand 0.5454 5s
  t 1282 loss 0.3899 rand 0.5811 8s
  t 3406 loss 0.3178 rand 0.6255 13s
  t 9131 loss 0.0141 rand 0.6781 25s
a4.0|fs|std|2994002|base0.01 lr 0.000625 steps 16195 secs 37.0 final loss 0.001992024714127183 rand 0.6770408153533936 rss 0.797
# 2026-10-09 17:50:50 run: 0.5 fs std 2994002 40000
  t 245 loss 0.4331 rand 0.5362 2s
  t 495 loss 0.4100 rand 0.5908 5s
  t 1282 loss 0.3456 rand 0.6087 8s
  t 3406 loss 0.2059 rand 0.6235 13s
  t 9131 loss 0.0032 rand 0.6878 24s
a0.5|fs|std|2994002|base0.01 lr 0.04 steps 10279 secs 26.6 final loss 0.0009474331163801253 rand 0.6806122660636902 rss 1.031
# 2026-10-09 17:51:18 run: 0.25 fs std 2994002 40000
  t 245 loss 0.4444 rand 0.5296 2s
  t 495 loss 0.3974 rand 0.5903 5s
  t 1282 loss 0.3970 rand 0.5571 8s
  t 3406 loss 0.2399 rand 0.6413 13s
  t 9131 loss 0.0767 rand 0.6776 23s
a0.25|fs|std|2994002|base0.01 lr 0.16 steps 14101 secs 31.8 final loss 0.0011859366204589605 rand 0.6831632852554321 rss 1.071
# 2026-10-09 17:51:51 run: 1 fix std 2994003 40000
  t 245 loss 0.4430 rand 0.5592 2s
  t 495 loss 0.4777 rand 0.5663 4s
  t 1282 loss 0.3364 rand 0.6235 8s
  t 3406 loss 0.1958 rand 0.6490 13s
a1.0|fix|std|2994003|base0.01 lr 0.01 steps 6926 secs 19.3 final loss 0.0015945356572046876 rand 0.6897959113121033 rss 1.028
# 2026-10-09 17:52:12 run: 4 fix std 2994003 40000
  t 245 loss 0.4713 rand 0.5832 2s
  t 495 loss 0.4012 rand 0.5648 5s
  t 1282 loss 0.3175 rand 0.6316 8s
  t 3406 loss 0.2214 rand 0.6597 13s
  t 9131 loss 0.0066 rand 0.6781 23s
a4.0|fix|std|2994003|base0.01 lr 0.01 steps 9499 secs 23.7 final loss 0.0016095016617327929 rand 0.6729592084884644 rss 1.071
# 2026-10-09 17:52:37 run: 0.5 fix std 2994003 40000
  t 245 loss 0.4465 rand 0.5454 2s
  t 495 loss 0.4313 rand 0.5372 5s
  t 1282 loss 0.3662 rand 0.6097 8s
  t 3406 loss 0.1969 rand 0.6459 13s
a0.5|fix|std|2994003|base0.01 lr 0.01 steps 7205 secs 20.0 final loss 0.0016900489572435617 rand 0.6857143044471741 rss 1.071
# 2026-10-09 17:52:59 run: 0.25 fix std 2994003 40000
  t 245 loss 0.4576 rand 0.5224 2s
  t 495 loss 0.4532 rand 0.5551 5s
  t 1282 loss 0.4165 rand 0.5913 8s
  t 3406 loss 0.2503 rand 0.6372 13s
a0.25|fix|std|2994003|base0.01 lr 0.01 steps 8952 secs 23.0 final loss 0.001993117853999138 rand 0.6831632852554321 rss 1.073
# 2026-10-09 17:53:23 run: 0.1 fix std 2994003 40000
  t 245 loss 0.4787 rand 0.4949 2s
  t 495 loss 0.4529 rand 0.5194 5s
  t 1282 loss 0.4137 rand 0.5597 8s
  t 3406 loss 0.3514 rand 0.6281 13s
  t 9131 loss 0.0467 rand 0.6531 23s
a0.1|fix|std|2994003|base0.01 lr 0.01 steps 15262 secs 33.3 final loss 0.0018388789612799883 rand 0.6760203838348389 rss 1.071
# 2026-10-09 17:53:58 run: 0.05 fix std 2994003 60000
  t 245 loss 0.6527 rand 0.4852 2s
  t 495 loss 0.4763 rand 0.4959 5s
  t 1282 loss 0.4351 rand 0.5388 8s
  t 3406 loss 0.3911 rand 0.5913 14s
  t 9131 loss 0.2159 rand 0.6577 26s
a0.05|fix|std|2994003|base0.01 lr 0.01 steps 23579 secs 54.0 final loss 0.0019256997620686889 rand 0.6816326379776001 rss 1.008
2026-10-09 17:54:53 another heavy python job running: wait 60 s
# 2026-10-09 17:55:54 run: 4 fs std 2994003 40000
  t 245 loss 0.4506 rand 0.5245 2s
  t 495 loss 0.4352 rand 0.5449 5s
  t 1282 loss 0.3918 rand 0.5862 9s
  t 3406 loss 0.2901 rand 0.6515 14s
  t 9131 loss 0.0140 rand 0.6714 26s
a4.0|fs|std|2994003|base0.01 lr 0.000625 steps 16195 secs 39.4 final loss 0.0019612011965364218 rand 0.668367326259613 rss 1.077
# 2026-10-09 17:56:35 run: 0.5 fs std 2994003 40000
  t 245 loss 0.4397 rand 0.5510 3s
  t 495 loss 0.4498 rand 0.5531 5s
  t 1282 loss 0.3290 rand 0.6122 8s
  t 3406 loss 0.1988 rand 0.6408 14s
  t 9131 loss 0.0352 rand 0.6791 27s
a0.5|fs|std|2994003|base0.01 lr 0.04 steps 9881 secs 28.3 final loss 0.0009342361590825021 rand 0.6795918345451355 rss 1.072
2026-10-09 17:57:04 another heavy python job running: wait 60 s
2026-10-09 17:58:04 another heavy python job running: wait 60 s
# 2026-10-09 17:59:04 run: 0.25 fs std 2994003 40000
  t 245 loss 0.4637 rand 0.5862 2s
  t 495 loss 0.4357 rand 0.5117 4s
  t 1282 loss 0.3382 rand 0.6143 7s
  t 3406 loss 0.2387 rand 0.6730 12s
  t 9131 loss 0.1998 rand 0.6449 22s
a0.25|fs|std|2994003|base0.01 lr 0.16 steps 17877 secs 36.2 final loss 0.0009917052229866385 rand 0.6561224460601807 rss 1.074
# 2026-10-09 17:59:42 run: 1 fix std 2994004 40000
  t 245 loss 0.4305 rand 0.5429 3s
  t 495 loss 0.4254 rand 0.5612 5s
  t 1282 loss 0.3797 rand 0.6087 8s
  t 3406 loss 0.1706 rand 0.6474 13s
a1.0|fix|std|2994004|base0.01 lr 0.01 steps 7349 secs 19.8 final loss 0.0016520536737516522 rand 0.6816326379776001 rss 1.013
2026-10-09 18:00:03 another heavy python job running: wait 60 s
# 2026-10-09 18:01:03 run: 4 fix std 2994004 40000
  t 245 loss 0.4318 rand 0.5362 2s
  t 495 loss 0.4440 rand 0.5510 4s
  t 1282 loss 0.3367 rand 0.6306 7s
  t 3406 loss 0.2208 rand 0.6694 12s
a4.0|fix|std|2994004|base0.01 lr 0.01 steps 8605 secs 21.7 final loss 0.0015117375878617167 rand 0.6811224222183228 rss 1.074
# 2026-10-09 18:01:27 run: 0.5 fix std 2994004 40000
  t 245 loss 0.4371 rand 0.5286 2s
  t 495 loss 0.4363 rand 0.5628 4s
  t 1282 loss 0.3870 rand 0.6031 7s
  t 3406 loss 0.2050 rand 0.6393 12s
a0.5|fix|std|2994004|base0.01 lr 0.01 steps 7796 secs 20.4 final loss 0.001964762108400464 rand 0.6821428537368774 rss 0.982
# 2026-10-09 18:01:48 run: 0.25 fix std 2994004 40000
  t 245 loss 0.4541 rand 0.5122 2s
  t 495 loss 0.4327 rand 0.5434 5s
  t 1282 loss 0.3972 rand 0.5985 8s
  t 3406 loss 0.2531 rand 0.6485 13s
  t 9131 loss 0.0021 rand 0.6811 23s
a0.25|fix|std|2994004|base0.01 lr 0.01 steps 9313 secs 23.5 final loss 0.0019387019565328956 rand 0.6816326379776001 rss 1.072
# 2026-10-09 18:02:13 run: 0.1 fix std 2994004 40000
  t 245 loss 0.4800 rand 0.4929 2s
  t 495 loss 0.4528 rand 0.5179 5s
  t 1282 loss 0.4190 rand 0.5786 8s
  t 3406 loss 0.3533 rand 0.6199 13s
  t 9131 loss 0.0653 rand 0.6633 24s
a0.1|fix|std|2994004|base0.01 lr 0.01 steps 14963 secs 33.6 final loss 0.0019693144131451845 rand 0.6795918345451355 rss 1.072
# 2026-10-09 18:02:48 run: 0.05 fix std 2994004 60000
  t 245 loss 0.6575 rand 0.4852 2s
  t 495 loss 0.4759 rand 0.4954 5s
  t 1282 loss 0.4351 rand 0.5439 8s
  t 3406 loss 0.3926 rand 0.6015 13s
  t 9131 loss 0.2202 rand 0.6709 25s
a0.05|fix|std|2994004|base0.01 lr 0.01 steps 24050 secs 50.6 final loss 0.0019548546988517046 rand 0.6755102276802063 rss 1.072
# 2026-10-09 18:03:40 run: 4 fs std 2994004 40000
  t 245 loss 0.4499 rand 0.5158 2s
  t 495 loss 0.4358 rand 0.5413 5s
  t 1282 loss 0.3964 rand 0.5929 8s
  t 3406 loss 0.2913 rand 0.6551 13s
  t 9131 loss 0.0145 rand 0.6755 24s
a4.0|fs|std|2994004|base0.01 lr 0.000625 steps 16195 secs 36.9 final loss 0.0019691523630172014 rand 0.6780612468719482 rss 0.96
# 2026-10-09 18:04:19 run: 0.5 fs std 2994004 40000
  t 245 loss 0.4294 rand 0.5378 2s
  t 495 loss 0.4335 rand 0.5495 5s
  t 1282 loss 0.3310 rand 0.6551 8s
  t 3406 loss 0.2311 rand 0.6954 13s
  t 9131 loss 0.0011 rand 0.6918 23s
a0.5|fs|std|2994004|base0.01 lr 0.04 steps 9131 secs 23.4 final loss 0.0011469757882878184 rand 0.6918367147445679 rss 1.039
# 2026-10-09 18:04:44 run: 0.25 fs std 2994004 40000
  t 245 loss 0.4264 rand 0.5520 2s
  t 495 loss 0.4210 rand 0.5204 5s
  t 1282 loss 0.3752 rand 0.5857 8s
  t 3406 loss 0.2319 rand 0.6673 13s
  t 9131 loss 0.0641 rand 0.6413 25s
a0.25|fs|std|2994004|base0.01 lr 0.16 steps 13029 secs 31.4 final loss 0.000543861067853868 rand 0.670918345451355 rss 1.077
# 2026-10-09 18:05:17 run: 1 fix std 2994005 40000
  t 245 loss 0.4305 rand 0.5296 2s
  t 495 loss 0.4840 rand 0.5954 5s
  t 1282 loss 0.3437 rand 0.6265 8s
  t 3406 loss 0.1566 rand 0.6786 13s
a1.0|fix|std|2994005|base0.01 lr 0.01 steps 7495 secs 21.3 final loss 0.0016814180416986346 rand 0.6760203838348389 rss 0.96
# 2026-10-09 18:05:39 run: 4 fix std 2994005 40000
  t 245 loss 0.4189 rand 0.5735 2s
  t 495 loss 0.4165 rand 0.5796 5s
  t 1282 loss 0.3823 rand 0.5408 8s
  t 3406 loss 0.1562 rand 0.6633 13s
a4.0|fix|std|2994005|base0.01 lr 0.01 steps 6926 secs 21.3 final loss 0.0019584831316024065 rand 0.6872448921203613 rss 1.072
2026-10-09 18:06:02 another heavy python job running: wait 60 s
# 2026-10-09 18:07:02 run: 0.5 fix std 2994005 40000
  t 245 loss 0.4407 rand 0.5209 2s
  t 495 loss 0.4609 rand 0.5709 4s
  t 1282 loss 0.3660 rand 0.6071 7s
  t 3406 loss 0.1980 rand 0.6755 12s
a0.5|fix|std|2994005|base0.01 lr 0.01 steps 7349 secs 19.6 final loss 0.0017911416944116354 rand 0.6846938729286194 rss 1.027
# 2026-10-09 18:07:23 run: 0.25 fix std 2994005 40000
  t 245 loss 0.4564 rand 0.5163 2s
  t 495 loss 0.4590 rand 0.5607 5s
  t 1282 loss 0.3975 rand 0.5852 8s
  t 3406 loss 0.2607 rand 0.6633 13s
  t 9131 loss 0.0020 rand 0.6827 23s
a0.25|fix|std|2994005|base0.01 lr 0.01 steps 9131 secs 23.1 final loss 0.0019591059535741806 rand 0.6826530694961548 rss 1.072
# 2026-10-09 18:07:48 run: 0.1 fix std 2994005 40000
  t 245 loss 0.4833 rand 0.4903 2s
  t 495 loss 0.4544 rand 0.5173 5s
  t 1282 loss 0.4226 rand 0.5745 8s
  t 3406 loss 0.3499 rand 0.6291 13s
  t 9131 loss 0.0617 rand 0.6668 24s
a0.1|fix|std|2994005|base0.01 lr 0.01 steps 14963 secs 33.9 final loss 0.0019724860321730375 rand 0.6811224222183228 rss 1.014
# 2026-10-09 18:08:23 run: 0.05 fix std 2994005 60000
  t 245 loss 0.6643 rand 0.4857 2s
  t 495 loss 0.4782 rand 0.4949 5s
  t 1282 loss 0.4358 rand 0.5423 8s
  t 3406 loss 0.4188 rand 0.5969 13s
  t 9131 loss 0.3120 rand 0.6607 23s
a0.05|fix|std|2994005|base0.01 lr 0.01 steps 24050 secs 46.6 final loss 0.0018876665271818638 rand 0.6795918345451355 rss 1.074
# 2026-10-09 18:09:11 run: 4 fs std 2994005 40000
  t 245 loss 0.4557 rand 0.5158 2s
  t 495 loss 0.4342 rand 0.5347 4s
  t 1282 loss 0.4116 rand 0.6005 7s
  t 3406 loss 0.2963 rand 0.6459 12s
  t 9131 loss 0.0343 rand 0.6796 22s
a4.0|fs|std|2994005|base0.01 lr 0.000625 steps 16518 secs 33.8 final loss 0.0019387882202863693 rand 0.6816326379776001 rss 1.075
# 2026-10-09 18:09:46 run: 0.5 fs std 2994005 40000
  t 245 loss 0.4278 rand 0.5500 2s
  t 495 loss 0.4295 rand 0.5709 4s
  t 1282 loss 0.3885 rand 0.5571 7s
  t 3406 loss 0.2328 rand 0.6403 12s
  t 9131 loss 0.0562 rand 0.6679 22s
a0.5|fs|std|2994005|base0.01 lr 0.04 steps 9688 secs 23.1 final loss 0.0013708201004192233 rand 0.6704081892967224 rss 1.072
# 2026-10-09 18:10:10 run: 0.25 fs std 2994005 40000
  t 245 loss 0.4232 rand 0.5699 2s
  t 495 loss 0.4400 rand 0.5352 4s
  t 1282 loss 0.3609 rand 0.5857 7s
  t 3406 loss 0.2981 rand 0.6571 12s
  t 9131 loss 0.1902 rand 0.6653 22s
a0.25|fs|std|2994005|base0.01 lr 0.16 steps 18598 secs 37.4 final loss 0.0015654307790100574 rand 0.672448992729187 rss 1.072
# 2026-10-09 18:10:49 run: 1 fix std 2994006 40000
  t 245 loss 0.4389 rand 0.5551 2s
  t 495 loss 0.4065 rand 0.5847 4s
  t 1282 loss 0.3799 rand 0.6311 7s
  t 3406 loss 0.1479 rand 0.6903 12s
a1.0|fix|std|2994006|base0.01 lr 0.01 steps 7205 secs 19.2 final loss 0.001525325933471322 rand 0.6918367147445679 rss 1.072
# 2026-10-09 18:11:09 run: 4 fix std 2994006 40000
  t 245 loss 0.4174 rand 0.5505 2s
  t 495 loss 0.4006 rand 0.5398 4s
  t 1282 loss 0.3847 rand 0.6347 7s
  t 3406 loss 0.1247 rand 0.6918 12s
a4.0|fix|std|2994006|base0.01 lr 0.01 steps 8777 secs 22.0 final loss 0.000902998901437968 rand 0.6821428537368774 rss 1.072
# 2026-10-09 18:11:33 run: 0.5 fix std 2994006 40000
  t 245 loss 0.4416 rand 0.5551 2s
  t 495 loss 0.4145 rand 0.5709 4s
  t 1282 loss 0.3841 rand 0.6332 7s
  t 3406 loss 0.1859 rand 0.7061 12s
a0.5|fix|std|2994006|base0.01 lr 0.01 steps 7205 secs 19.0 final loss 0.0018096519634127617 rand 0.6923469305038452 rss 1.074
# 2026-10-09 18:11:53 run: 0.25 fix std 2994006 40000
  t 245 loss 0.4548 rand 0.5255 2s
  t 495 loss 0.4364 rand 0.5679 4s
  t 1282 loss 0.3908 rand 0.5837 8s
  t 3406 loss 0.2535 rand 0.6781 13s
a0.25|fix|std|2994006|base0.01 lr 0.01 steps 8952 secs 22.9 final loss 0.0018838091054931283 rand 0.6846938729286194 rss 1.074
# 2026-10-09 18:12:17 run: 0.1 fix std 2994006 40000
  t 245 loss 0.4870 rand 0.4959 2s
  t 495 loss 0.4551 rand 0.5204 4s
  t 1282 loss 0.4202 rand 0.5612 7s
  t 3406 loss 0.3584 rand 0.6179 12s
  t 9131 loss 0.0333 rand 0.6811 22s
a0.1|fix|std|2994006|base0.01 lr 0.01 steps 14963 secs 31.6 final loss 0.00198021880351007 rand 0.6872448921203613 rss 1.072
# 2026-10-09 18:12:50 run: 0.05 fix std 2994006 60000
  t 245 loss 0.6597 rand 0.5122 2s
  t 495 loss 0.4771 rand 0.4969 4s
  t 1282 loss 0.4354 rand 0.5398 7s
  t 3406 loss 0.3923 rand 0.5791 12s
  t 9131 loss 0.2114 rand 0.6526 22s
a0.05|fix|std|2994006|base0.01 lr 0.01 steps 23579 secs 45.3 final loss 0.0019979511853307486 rand 0.672448992729187 rss 1.072
# 2026-10-09 18:13:37 run: 4 fs std 2994006 40000
  t 245 loss 0.4590 rand 0.5281 2s
  t 495 loss 0.4320 rand 0.5469 4s
  t 1282 loss 0.3948 rand 0.5781 7s
  t 3406 loss 0.2881 rand 0.6602 12s
  t 9131 loss 0.0140 rand 0.6872 23s
a4.0|fs|std|2994006|base0.01 lr 0.000625 steps 16195 secs 34.5 final loss 0.0018712769960984588 rand 0.6994897723197937 rss 1.073
# 2026-10-09 18:14:13 run: 0.5 fs std 2994006 40000
  t 245 loss 0.4371 rand 0.5429 2s
  t 495 loss 0.4038 rand 0.5648 4s
  t 1282 loss 0.3750 rand 0.5658 7s
  t 3406 loss 0.1905 rand 0.6571 12s
a0.5|fs|std|2994006|base0.01 lr 0.04 steps 8777 secs 21.7 final loss 0.0007604818092659116 rand 0.6938775777816772 rss 1.072
# 2026-10-09 18:14:36 run: 0.25 fs std 2994006 40000
  t 245 loss 0.4339 rand 0.5408 2s
  t 495 loss 0.4071 rand 0.5628 4s
  t 1282 loss 0.3512 rand 0.6097 7s
  t 3406 loss 0.2347 rand 0.6485 12s
  t 9131 loss 0.0476 rand 0.6617 23s
a0.25|fs|std|2994006|base0.01 lr 0.16 steps 16195 secs 34.2 final loss 0.0008500672411173582 rand 0.6658163070678711 rss 1.072
# 2026-10-09 18:15:11 run: 1 fix std 2994007 40000
  t 245 loss 0.4301 rand 0.5362 2s
  t 495 loss 0.4350 rand 0.5852 4s
  t 1282 loss 0.3588 rand 0.6439 7s
  t 3406 loss 0.1947 rand 0.6597 12s
a1.0|fix|std|2994007|base0.01 lr 0.01 steps 7064 secs 18.8 final loss 0.0016709219198673964 rand 0.6903061270713806 rss 1.072
# 2026-10-09 18:15:31 run: 4 fix std 2994007 40000
  t 245 loss 0.4256 rand 0.5230 2s
  t 495 loss 0.4322 rand 0.5776 4s
  t 1282 loss 0.3543 rand 0.6577 7s
  t 3406 loss 0.2271 rand 0.6388 12s
  t 9131 loss 0.0020 rand 0.6740 22s
a4.0|fix|std|2994007|base0.01 lr 0.01 steps 9131 secs 22.5 final loss 0.001995512517169118 rand 0.6739795804023743 rss 1.073
# 2026-10-09 18:15:55 run: 0.5 fix std 2994007 40000
  t 245 loss 0.4419 rand 0.5352 2s
  t 495 loss 0.4429 rand 0.5806 4s
  t 1282 loss 0.3744 rand 0.6046 7s
  t 3406 loss 0.1879 rand 0.6515 12s
a0.5|fix|std|2994007|base0.01 lr 0.01 steps 7644 secs 20.2 final loss 0.001424014219082892 rand 0.6760203838348389 rss 1.074
# 2026-10-09 18:16:17 run: 0.25 fix std 2994007 40000
  t 245 loss 0.4566 rand 0.5173 2s
  t 495 loss 0.4295 rand 0.5464 4s
  t 1282 loss 0.3916 rand 0.5969 7s
  t 3406 loss 0.2886 rand 0.6347 12s
  t 9131 loss 0.0018 rand 0.6709 23s
a0.25|fix|std|2994007|base0.01 lr 0.01 steps 9131 secs 22.7 final loss 0.0018217737087979913 rand 0.670918345451355 rss 1.073
# 2026-10-09 18:16:41 run: 0.1 fix std 2994007 40000
  t 245 loss 0.4791 rand 0.4944 2s
  t 495 loss 0.4534 rand 0.5163 4s
  t 1282 loss 0.4175 rand 0.5872 7s
  t 3406 loss 0.3567 rand 0.6362 12s
  t 9131 loss 0.0448 rand 0.6719 23s
a0.1|fix|std|2994007|base0.01 lr 0.01 steps 15262 secs 33.1 final loss 0.00193335663061589 rand 0.6744897961616516 rss 1.073
# 2026-10-09 18:17:15 run: 0.05 fix std 2994007 60000
  t 245 loss 0.6474 rand 0.4847 2s
  t 495 loss 0.4748 rand 0.4949 4s
  t 1282 loss 0.4412 rand 0.5464 7s
  t 3406 loss 0.3945 rand 0.5995 12s
  t 9131 loss 0.2296 rand 0.6510 22s
a0.05|fix|std|2994007|base0.01 lr 0.01 steps 24050 secs 45.8 final loss 0.0019169782754033804 rand 0.6816326379776001 rss 1.074
# 2026-10-09 18:18:02 run: 4 fs std 2994007 40000
  t 245 loss 0.4531 rand 0.5224 2s
  t 495 loss 0.4297 rand 0.5408 4s
  t 1282 loss 0.3927 rand 0.6117 7s
  t 3406 loss 0.2777 rand 0.6551 13s
  t 9131 loss 0.0138 rand 0.6658 23s
a4.0|fs|std|2994007|base0.01 lr 0.000625 steps 16195 secs 35.0 final loss 0.0019622717518359423 rand 0.6729592084884644 rss 1.075
# 2026-10-09 18:18:39 run: 0.5 fs std 2994007 40000
  t 245 loss 0.4358 rand 0.5337 2s
  t 495 loss 0.4278 rand 0.5867 4s
  t 1282 loss 0.3675 rand 0.6179 7s
  t 3406 loss 0.2280 rand 0.6607 13s
  t 9131 loss 0.0264 rand 0.6638 23s
a0.5|fs|std|2994007|base0.01 lr 0.04 steps 10279 secs 24.9 final loss 0.0014251557877287269 rand 0.688265323638916 rss 1.075
# 2026-10-09 18:19:05 run: 0.25 fs std 2994007 40000
  t 245 loss 0.4377 rand 0.5219 2s
  t 495 loss 0.4612 rand 0.5750 4s
  t 1282 loss 0.3874 rand 0.6276 7s
  t 3406 loss 0.2635 rand 0.6388 12s
  t 9131 loss 0.1004 rand 0.6663 23s
a0.25|fs|std|2994007|base0.01 lr 0.16 steps 21785 secs 42.8 final loss 0.0002543249283917248 rand 0.6734693646430969 rss 1.073
# 2026-10-09 18:19:49 run: 0.1 fs std 2994001 3000
  t 245 loss 0.5756 rand 0.5077 2s
  t 495 loss 0.5040 rand 0.4883 4s
  t 1282 loss 0.7745 rand 0.4811 7s
a0.1|fs|std|2994001|base0.01 lr 0.9999999999999998 steps 3028 secs 11.5 final loss 0.6931476593017578 rand 0.5 rss 1.073
# 2026-10-09 18:20:02 run: 0.1 fs std 2994002 3000
  t 245 loss 0.4616 rand 0.5408 2s
  t 495 loss 0.5046 rand 0.5699 4s
  t 1282 loss 0.7884 rand 0.5000 7s
a0.1|fs|std|2994002|base0.01 lr 0.9999999999999998 steps 3028 secs 11.6 final loss 0.6931989789009094 rand 0.5 rss 1.074
# 2026-10-09 18:20:15 run: 1 fix glob16 2994000 150000
  t 245 loss 0.4898 rand 0.4908 2s
  t 495 loss 0.4693 rand 0.5056 4s
  t 1282 loss 0.4416 rand 0.5296 7s
  t 3406 loss 0.4002 rand 0.5908 12s
  t 9131 loss 0.2978 rand 0.6454 23s
  t 24531 loss 0.0111 rand 0.6781 47s
a1.0|fix|glob16|2994000|base0.01 lr 0.000625 steps 42691 secs 74.8 final loss 0.00196433556266129 rand 0.6744897961616516 rss 1.073
# 2026-10-09 18:21:31 run: 0.25 fix glob16 2994000 150000
  t 245 loss 0.6769 rand 0.4929 2s
  t 495 loss 0.6369 rand 0.4893 4s
  t 1282 loss 0.4816 rand 0.4923 7s
  t 3406 loss 0.4508 rand 0.5204 12s
  t 9131 loss 0.4122 rand 0.5781 22s
  t 24531 loss 0.3150 rand 0.6383 46s
  t 65985 loss 0.0113 rand 0.6699 107s
a0.25|fix|glob16|2994000|base0.01 lr 0.000625 steps 119507 secs 184.5 final loss 0.0018355173524469137 rand 0.668367326259613 rss 1.017
# 2026-10-09 18:24:37 run: 0.1 fix glob16 2994000 200000
  t 245 loss 0.6910 rand 0.5378 2s
  t 495 loss 0.6879 rand 0.4944 4s
  t 1282 loss 0.6628 rand 0.4893 7s
  t 3406 loss 0.4788 rand 0.4949 12s
  t 9131 loss 0.4417 rand 0.5291 22s
  t 24531 loss 0.3952 rand 0.5923 46s
  t 65985 loss 0.2326 rand 0.6582 109s
  t 177568 loss 0.0036 rand 0.6724 274s
a0.1|fix|glob16|2994000|base0.01 lr 0.000625 steps 203966 secs 312.3 final loss 0.0024982846807688475 rand 0.6734693646430969 rss 0.982
# 2026-10-09 18:29:51 run: 1 fix glob16 2994001 150000
  t 245 loss 0.4935 rand 0.4908 2s
  t 495 loss 0.4712 rand 0.5036 4s
  t 1282 loss 0.4438 rand 0.5250 7s
  t 3406 loss 0.4072 rand 0.5724 12s
  t 9131 loss 0.2967 rand 0.6485 22s
  t 24531 loss 0.0102 rand 0.6750 46s
a1.0|fix|glob16|2994001|base0.01 lr 0.000625 steps 42691 secs 73.7 final loss 0.001965680392459035 rand 0.6755102276802063 rss 0.963
# 2026-10-09 18:31:06 run: 0.25 fix glob16 2994001 150000
  t 245 loss 0.6786 rand 0.4964 2s
  t 495 loss 0.6468 rand 0.4923 5s
  t 1282 loss 0.4833 rand 0.4913 8s
  t 3406 loss 0.4516 rand 0.5194 12s
  t 9131 loss 0.4101 rand 0.5679 25s
  t 24531 loss 0.3180 rand 0.6444 49s
  t 65985 loss 0.0114 rand 0.6796 111s
a0.25|fix|glob16|2994001|base0.01 lr 0.000625 steps 117164 secs 185.8 final loss 0.0019257825333625078 rand 0.6785714030265808 rss 1.016
# 2026-10-09 18:34:14 run: 0.1 fix glob16 2994001 200000
  t 245 loss 0.6910 rand 0.5219 2s
  t 495 loss 0.6884 rand 0.4995 4s
  t 1282 loss 0.6690 rand 0.4944 7s
  t 3406 loss 0.4805 rand 0.4939 12s
  t 9131 loss 0.4428 rand 0.5286 22s
  t 24531 loss 0.3955 rand 0.5959 46s
  t 65985 loss 0.2307 rand 0.6520 109s
  t 177568 loss 0.0036 rand 0.6694 273s
a0.1|fix|glob16|2994001|base0.01 lr 0.000625 steps 203966 secs 311.2 final loss 0.002486639888957143 rand 0.668367326259613 rss 1.074
# 2026-10-09 18:39:27 run: 1 fix glob16 2994002 150000
  t 245 loss 0.4903 rand 0.4918 2s
  t 495 loss 0.4708 rand 0.5071 4s
  t 1282 loss 0.4428 rand 0.5286 7s
  t 3406 loss 0.4059 rand 0.5837 12s
  t 9131 loss 0.2992 rand 0.6342 22s
  t 24531 loss 0.0107 rand 0.6755 46s
a1.0|fix|glob16|2994002|base0.01 lr 0.000625 steps 42691 secs 73.5 final loss 0.0019840949680656195 rand 0.6719387769699097 rss 1.074
# 2026-10-09 18:40:42 run: 0.25 fix glob16 2994002 150000
  t 245 loss 0.6771 rand 0.5128 2s
  t 495 loss 0.6405 rand 0.4944 4s
  t 1282 loss 0.4825 rand 0.4918 7s
  t 3406 loss 0.4518 rand 0.5209 12s
  t 9131 loss 0.4101 rand 0.5694 22s
  t 24531 loss 0.3160 rand 0.6408 47s
  t 65985 loss 0.0115 rand 0.6704 108s
a0.25|fix|glob16|2994002|base0.01 lr 0.000625 steps 117164 secs 183.6 final loss 0.0019360445439815521 rand 0.6775510311126709 rss 1.053
# 2026-10-09 18:43:47 run: 0.1 fix glob16 2994002 200000
  t 245 loss 0.6910 rand 0.5199 2s
  t 495 loss 0.6879 rand 0.5311 4s
  t 1282 loss 0.6651 rand 0.4934 7s
  t 3406 loss 0.4798 rand 0.4949 12s
  t 9131 loss 0.4429 rand 0.5296 22s
  t 24531 loss 0.3965 rand 0.5908 46s
  t 65985 loss 0.2304 rand 0.6469 108s
  t 177568 loss 0.0037 rand 0.6750 281s
a0.1|fix|glob16|2994002|base0.01 lr 0.000625 steps 203966 secs 319.8 final loss 0.0025168154388666153 rand 0.6765305995941162 rss 0.954
# 2026-10-09 18:49:08 run: 1 fix glob16 2994003 150000
  t 245 loss 0.4903 rand 0.4893 2s
  t 495 loss 0.4693 rand 0.5061 5s
  t 1282 loss 0.4438 rand 0.5301 8s
  t 3406 loss 0.4037 rand 0.5806 12s
  t 9131 loss 0.2950 rand 0.6352 23s
  t 24531 loss 0.0099 rand 0.6760 47s
a1.0|fix|glob16|2994003|base0.01 lr 0.000625 steps 42691 secs 75.5 final loss 0.001938002766110003 rand 0.6729592084884644 rss 1.033
# 2026-10-09 18:50:25 run: 0.25 fix glob16 2994003 150000
  t 245 loss 0.6781 rand 0.4990 2s
  t 495 loss 0.6404 rand 0.4852 5s
  t 1282 loss 0.4817 rand 0.4913 8s
  t 3406 loss 0.4509 rand 0.5189 13s
  t 9131 loss 0.4100 rand 0.5658 24s
  t 24531 loss 0.3152 rand 0.6383 48s
  t 65985 loss 0.0113 rand 0.6811 112s
a0.25|fix|glob16|2994003|base0.01 lr 0.000625 steps 117164 secs 190.6 final loss 0.0019419410964474082 rand 0.6852040886878967 rss 0.963
# 2026-10-09 18:53:37 run: 0.1 fix glob16 2994003 200000
  t 245 loss 0.6913 rand 0.5260 2s
  t 495 loss 0.6883 rand 0.5122 4s
  t 1282 loss 0.6649 rand 0.4862 7s
  t 3406 loss 0.4793 rand 0.4939 12s
  t 9131 loss 0.4425 rand 0.5291 22s
  t 24531 loss 0.3961 rand 0.5893 47s
  t 65985 loss 0.2332 rand 0.6571 110s
  t 177568 loss 0.0036 rand 0.6745 279s
a0.1|fix|glob16|2994003|base0.01 lr 0.000625 steps 203966 secs 318.9 final loss 0.0024918140843510628 rand 0.6744897961616516 rss 0.963
# 2026-10-09 18:58:58 run: 1 fix glob16 2994004 150000
  t 245 loss 0.4928 rand 0.4878 2s
  t 495 loss 0.4695 rand 0.5005 5s
  t 1282 loss 0.4422 rand 0.5321 8s
  t 3406 loss 0.4022 rand 0.5832 13s
  t 9131 loss 0.2941 rand 0.6505 28s
  t 24531 loss 0.0097 rand 0.6781 53s
a1.0|fix|glob16|2994004|base0.01 lr 0.000625 steps 42691 secs 86.4 final loss 0.0019112469162791967 rand 0.6765305995941162 rss 0.989
# 2026-10-09 19:00:26 run: 0.25 fix glob16 2994004 150000
  t 245 loss 0.6789 rand 0.4862 2s
  t 495 loss 0.6453 rand 0.4832 4s
  t 1282 loss 0.4830 rand 0.4903 9s
  t 3406 loss 0.4505 rand 0.5230 19s
  t 9131 loss 0.4095 rand 0.5694 30s
  t 24531 loss 0.3224 rand 0.6423 56s
  t 65985 loss 0.0118 rand 0.6735 118s
a0.25|fix|glob16|2994004|base0.01 lr 0.000625 steps 117164 secs 259.6 final loss 0.0019604626577347517 rand 0.6755102276802063 rss 1.076
# 2026-10-09 19:04:47 run: 0.1 fix glob16 2994004 200000
  t 245 loss 0.6911 rand 0.4888 3s
  t 495 loss 0.6885 rand 0.4878 7s
  t 1282 loss 0.6680 rand 0.4847 11s
  t 3406 loss 0.4802 rand 0.4918 18s
  t 9131 loss 0.4423 rand 0.5276 30s
  t 24531 loss 0.3958 rand 0.5934 56s
  t 65985 loss 0.2447 rand 0.6612 164s
  t 177568 loss 0.0037 rand 0.6878 432s
a0.1|fix|glob16|2994004|base0.01 lr 0.000625 steps 203966 secs 474.6 final loss 0.0026376815512776375 rand 0.6831632852554321 rss 1.009
# 2026-10-09 19:12:44 run: 0.01 fix std 2994000 120000
  t 245 loss 0.6928 rand 0.5102 2s
  t 495 loss 0.6920 rand 0.4872 5s
  t 1282 loss 0.6685 rand 0.4908 8s
  t 3406 loss 0.4512 rand 0.5219 13s
  t 9131 loss 0.3979 rand 0.5939 34s
  t 24531 loss 0.2515 rand 0.6500 87s
  t 65985 loss 0.0025 rand 0.6745 217s
a0.01|fix|std|2994000|base0.01 lr 0.01 steps 72851 secs 237.3 final loss 0.001912148087285459 rand 0.6744897961616516 rss 1.077
# 2026-10-09 19:16:43 run: 0.01 fix std 2994001 120000
  t 245 loss 0.6928 rand 0.5046 4s
  t 495 loss 0.6922 rand 0.4949 7s
  t 1282 loss 0.6767 rand 0.4923 11s
  t 3406 loss 0.4503 rand 0.5230 18s
  t 9131 loss 0.3964 rand 0.5888 32s
  t 24531 loss 0.3046 rand 0.6566 59s
  t 65985 loss 0.0027 rand 0.6668 123s
a0.01|fix|std|2994001|base0.01 lr 0.01 steps 72851 secs 133.9 final loss 0.001956075197085738 rand 0.6653061509132385 rss 0.998
# 2026-10-09 19:18:59 run: 0.01 fix std 2994002 120000
  t 245 loss 0.6928 rand 0.5429 2s
  t 495 loss 0.6921 rand 0.5153 4s
  t 1282 loss 0.6723 rand 0.4929 7s
  t 3406 loss 0.4499 rand 0.5240 12s
  t 9131 loss 0.3968 rand 0.5821 22s
  t 24531 loss 0.2490 rand 0.6612 48s
  t 65985 loss 0.0026 rand 0.6755 111s
a0.01|fix|std|2994002|base0.01 lr 0.01 steps 72851 secs 120.8 final loss 0.0019501122878864408 rand 0.6760203838348389 rss 1.011
# 2026-10-09 19:21:01 run: 0.01 fix std 2994003 120000
  t 245 loss 0.6928 rand 0.5270 2s
  t 495 loss 0.6921 rand 0.4908 4s
  t 1282 loss 0.6719 rand 0.4827 7s
  t 3406 loss 0.4495 rand 0.5214 12s
  t 9131 loss 0.3957 rand 0.5862 23s
  t 24531 loss 0.2654 rand 0.6658 47s
  t 65985 loss 0.0025 rand 0.6673 108s
a0.01|fix|std|2994003|base0.01 lr 0.01 steps 72851 secs 118.5 final loss 0.001928188488818705 rand 0.668367326259613 rss 1.079
# 2026-10-09 19:23:01 done
