# 2026-10-09 17:29:17 run: 1 fix std 2994000 20000
  t 245 loss 0.4480 rand 0.5658 3s
  t 495 loss 0.4275 rand 0.5959 5s
  t 1282 loss 0.3282 rand 0.6653 8s
  t 3406 loss 0.1305 rand 0.7061 14s
a1.0|fix|std|2994000|base0.01 lr 0.01 steps 6926 secs 20.7 final loss 0.0016505290986970067 rand 0.6923469305038452 rss 1.071
# 2026-10-09 17:29:39 run: 4 fix std 2994000 20000
  t 245 loss 0.4238 rand 0.5648 2s
  t 495 loss 0.4301 rand 0.5755 5s
  t 1282 loss 0.3086 rand 0.6276 8s
  t 3406 loss 0.1489 rand 0.6765 14s
a4.0|fix|std|2994000|base0.01 lr 0.01 steps 8777 secs 24.5 final loss 0.0015296221245080233 rand 0.6816326379776001 rss 1.035
# 2026-10-09 17:30:05 run: 0.5 fix std 2994000 20000
  t 245 loss 0.4522 rand 0.5403 2s
  t 495 loss 0.4289 rand 0.5827 5s
  t 1282 loss 0.3796 rand 0.6107 8s
  t 3406 loss 0.1910 rand 0.6934 14s
a0.5|fix|std|2994000|base0.01 lr 0.01 steps 7495 secs 21.8 final loss 0.0017486171564087272 rand 0.6903061270713806 rss 1.035
# 2026-10-09 17:30:29 run: 0.25 fix std 2994000 20000
  t 245 loss 0.4531 rand 0.5204 2s
  t 495 loss 0.4432 rand 0.5719 5s
  t 1282 loss 0.3932 rand 0.6005 8s
  t 3406 loss 0.2529 rand 0.6571 14s
  t 9131 loss 0.0019 rand 0.6832 24s
a0.25|fix|std|2994000|base0.01 lr 0.01 steps 9131 secs 24.4 final loss 0.0018945107003673911 rand 0.6831632852554321 rss 1.072
# 2026-10-09 17:30:55 run: 0.1 fix std 2994000 20000
  t 245 loss 0.4784 rand 0.4944 2s
  t 495 loss 0.4536 rand 0.5276 5s
  t 1282 loss 0.4141 rand 0.5643 8s
  t 3406 loss 0.3534 rand 0.6133 13s
  t 9131 loss 0.0421 rand 0.6694 24s
a0.1|fix|std|2994000|base0.01 lr 0.01 steps 15262 secs 35.8 final loss 0.0018873519729822874 rand 0.6729592084884644 rss 1.071
# 2026-10-09 17:31:32 run: 0.05 fix std 2994000 20000
  t 245 loss 0.6479 rand 0.4898 2s
  t 495 loss 0.4749 rand 0.4974 5s
  t 1282 loss 0.4346 rand 0.5418 8s
  t 3406 loss 0.4059 rand 0.6128 14s
  t 9131 loss 0.2129 rand 0.6643 26s
a0.05|fix|std|2994000|base0.01 lr 0.01 steps 20128 secs 47.8 final loss 0.0032446463592350483 rand 0.6775510311126709 rss 0.987
# 2026-10-09 17:32:21 run: 0.01 fix std 2994000 20000
  t 245 loss 0.6928 rand 0.5102 3s
  t 495 loss 0.6920 rand 0.4872 6s
  t 1282 loss 0.6685 rand 0.4908 9s
  t 3406 loss 0.4512 rand 0.5219 15s
  t 9131 loss 0.3979 rand 0.5939 26s
a0.01|fix|std|2994000|base0.01 lr 0.01 steps 20128 secs 45.9 final loss 0.31318551301956177 rand 0.6290816068649292 rss 0.962
# 2026-10-09 17:33:09 run: 4 fs std 2994000 20000
  t 245 loss 0.4545 rand 0.5230 2s
  t 495 loss 0.4366 rand 0.5546 5s
  t 1282 loss 0.3882 rand 0.6005 8s
  t 3406 loss 0.2740 rand 0.6408 14s
  t 9131 loss 0.0118 rand 0.6832 25s
a4.0|fs|std|2994000|base0.01 lr 0.000625 steps 15878 secs 37.0 final loss 0.001964633585885167 rand 0.6821428537368774 rss 1.068
# 2026-10-09 17:33:48 run: 0.5 fs std 2994000 20000
  t 245 loss 0.4371 rand 0.5842 2s
  t 495 loss 0.4074 rand 0.5469 5s
  t 1282 loss 0.3468 rand 0.6184 8s
  t 3406 loss 0.1814 rand 0.6923 14s
  t 9131 loss 0.0015 rand 0.6719 25s
a0.5|fs|std|2994000|base0.01 lr 0.04 steps 9131 secs 24.7 final loss 0.0014645395567640662 rand 0.6719387769699097 rss 1.073
# 2026-10-09 17:34:14 run: 0.25 fs std 2994000 20000
  t 245 loss 0.4336 rand 0.5704 2s
  t 495 loss 0.4553 rand 0.5577 5s
  t 1282 loss 0.3711 rand 0.5622 8s
  t 3406 loss 0.3223 rand 0.6684 13s
  t 9131 loss 0.0577 rand 0.6806 24s
a0.25|fs|std|2994000|base0.01 lr 0.16 steps 16848 secs 38.7 final loss 0.000826363277155906 rand 0.6658163070678711 rss 1.077
# 2026-10-09 17:34:54 run: 0.1 fs std 2994000 20000
  t 245 loss 0.4430 rand 0.5071 2s
  t 495 loss 0.4852 rand 0.5031 5s
  t 1282 loss 0.5032 rand 0.4776 8s
  t 3406 loss 0.6930 rand 0.5000 13s
  t 9131 loss 0.6930 rand 0.5000 24s
a0.1|fs|std|2994000|base0.01 lr 0.9999999999999998 steps 20128 secs 42.7 final loss 0.6930137872695923 rand 0.5 rss 1.074
# 2026-10-09 17:35:38 run: 0.05 fs std 2994000 20000
  t 245 loss 0.6931 rand 0.5000 2s
  t 495 loss 0.6932 rand 0.5000 5s
  t 1282 loss 0.6931 rand 0.5000 8s
  t 3406 loss 0.6932 rand 0.5000 13s
  t 9131 loss 0.6931 rand 0.5000 23s
a0.05|fs|std|2994000|base0.01 lr 3.999999999999999 steps 20128 secs 41.4 final loss 0.6931512355804443 rand 0.5 rss 1.076
# 2026-10-09 17:36:21 run: 0.01 fs std 2994000 20000
  t 245 loss 0.6931 rand 0.5000 2s
  t 495 loss 0.6932 rand 0.5000 5s
  t 1282 loss 0.6931 rand 0.5000 8s
  t 3406 loss 0.6932 rand 0.5000 13s
  t 9131 loss 0.6931 rand 0.5000 23s
a0.01|fs|std|2994000|base0.01 lr 100.0 steps 20128 secs 41.6 final loss 0.6931512355804443 rand 0.5 rss 1.071
# 2026-10-09 17:37:04 done
