{"set": "A", "s": 0.5, "loss": 0.517891120474619, "gplus": -2.3170735774513673e-08, "rho2": 3.964973668286904e-09, "feature": "linear", "validated": true, "seconds": 29.812381267547607}
{"set": "A", "s": 0.6, "loss": 0.4887581098442623, "gplus": -0.11502293096096519, "rho2": 0.030603091752135488, "feature": "linear", "validated": false, "seconds": 28.391231060028076}
{"set": "A", "s": 0.72, "loss": 0.45590467491445535, "gplus": -9.425337691187539e-09, "rho2": 6.6027176064471025e-09, "feature": "linear", "validated": false, "seconds": 27.5726900100708}
{"set": "A", "s": 0.864, "loss": 0.4196387430275425, "gplus": -0.1134117241728286, "rho2": 0.0271877448148205, "feature": "linear", "validated": true, "seconds": 21.54568886756897}
{"set": "A", "s": 1.0368, "loss": 0.3814282796747179, "gplus": -2.0423219853071828e-06, "rho2": 0.006470480570923949, "feature": "linear", "validated": false, "seconds": 32.35783791542053}
{"set": "A", "s": 1.24416, "loss": 0.3402277058351366, "gplus": -0.1969996554575917, "rho2": 0.05779377336308899, "feature": "linear", "validated": true, "seconds": 27.529261827468872}
{"set": "A", "s": 1.492992, "loss": 0.29816234380448897, "gplus": -0.33796635200658576, "rho2": 0.08442954601199248, "feature": "linear", "validated": false, "seconds": 27.78431797027588}
{"set": "A", "s": 1.79159, "loss": 0.25611078628118605, "gplus": -0.33005967717105317, "rho2": 0.09560124144297259, "feature": "linear", "validated": true, "seconds": 20.82860493659973}
{"set": "A", "s": 2.149908, "loss": 0.2157904744192753, "gplus": -0.3467901276379049, "rho2": 0.1062530816187529, "feature": "linear", "validated": false, "seconds": 20.555090188980103}
{"set": "A", "s": 2.57989, "loss": 0.1780980097656804, "gplus": -0.3549899176227346, "rho2": 0.11058005023908378, "feature": "linear", "validated": true, "seconds": 22.103883981704712}
{"set": "A", "s": 3.095868, "loss": 0.14338452998588103, "gplus": -0.36240104639656534, "rho2": 0.15459121169799345, "feature": "linear", "validated": true, "seconds": 27.536753177642822}
{"set": "A", "s": 3.715042, "loss": 0.11114288329548488, "gplus": -0.36867845706263697, "rho2": 0.22806600350036152, "feature": "linear", "validated": false, "seconds": 26.706568956375122}
{"set": "A", "s": 4.45805, "loss": 0.07911696802956886, "gplus": -0.14503830550720898, "rho2": 0.2467234865914423, "feature": "linear", "validated": true, "seconds": 31.039495944976807}
{"set": "A", "s": 5.34966, "loss": 0.052297038669514656, "gplus": 0.20794232917045222, "rho2": 0.3297333593372303, "feature": "linear", "validated": true, "seconds": 26.459556102752686}
{"set": "A", "s": 6.419592, "loss": 0.03106510712850178, "gplus": 0.2664359933708201, "rho2": 0.3033628054036868, "feature": "linear", "validated": false, "seconds": 37.645209074020386}
{"set": "A", "s": 7.703511, "loss": 0.016693178673583223, "gplus": 0.40739733161906666, "rho2": 0.3420106325489071, "feature": "linear", "validated": false, "seconds": 23.06240701675415}
{"set": "A", "s": 9.244213, "loss": 0.007837403112015681, "gplus": 0.39970076464179227, "rho2": 0.32009406227858866, "feature": "linear", "validated": true, "seconds": 42.04127097129822}
{"set": "A", "s": 11.093056, "loss": 0.0031712546653866317, "gplus": 0.4129065362031627, "rho2": 0.6404289934279873, "feature": "slab", "validated": false, "seconds": 27.42293405532837}
{"set": "A", "s": 13.311667, "loss": 0.0010283984426987646, "gplus": 0.4478192704254323, "rho2": 0.7477481302937249, "feature": "slab", "validated": false, "seconds": 22.34527897834778}
{"set": "A", "s": 15.974, "loss": 0.00027452297738471307, "gplus": 0.40947701144675197, "rho2": 0.41390231013057693, "feature": "linear", "validated": true, "seconds": 35.51849126815796}
{"set": "A", "s": 19.1688, "loss": 5.534479869685542e-05, "gplus": 0.43331538269355263, "rho2": 0.43591215669453787, "feature": "linear", "validated": true, "seconds": 36.87040734291077}
{"set": "A", "s": 23.00256, "loss": 8.194801872117377e-06, "gplus": 0.44093110142894715, "rho2": 0.4625105564396673, "feature": "linear", "validated": true, "seconds": 25.629374980926514}
{"set": "A", "s": 27.603072, "loss": 9.000097953887866e-07, "gplus": 0.4635951283671852, "rho2": 0.9384713795535045, "feature": "slab", "validated": true, "seconds": 31.587409019470215}
{"set": "A", "s": 33.123686, "loss": 5.96388449247011e-08, "gplus": 0.4394587171068347, "rho2": 0.8078109188993428, "feature": "slab", "validated": true, "seconds": 21.85801911354065}
{"set": "A", "s": 4.883549, "loss": 0.06418049286420863, "gplus": 0.36303830901038764, "rho2": 0.2595636839920205, "feature": "linear", "validated": true, "seconds": 24.62269377708435}
{"set": "A", "s": 4.665952, "loss": 0.07109786513200411, "gplus": -1.0333076616575454e-09, "rho2": 0.20072542259765344, "feature": "linear", "validated": false, "seconds": 35.58468008041382}
{"set": "A", "s": 4.773511, "loss": 0.06841151622120657, "gplus": 0.34473307586214263, "rho2": 0.31298293112159037, "feature": "linear", "validated": false, "seconds": 21.659919023513794}
{"set": "A", "s": 4.719425, "loss": 0.07012492875001371, "gplus": 0.2802275113073665, "rho2": 0.27314453946943945, "feature": "linear", "validated": true, "seconds": 38.68643498420715}
{"set": "A", "s": 4.692612, "loss": 0.07165396845127234, "gplus": -0.11511919487874464, "rho2": 0.21608638823186208, "feature": "linear", "validated": false, "seconds": 33.7570378780365}
{"set": "A", "s": 4.705999, "loss": 0.0714884838694492, "gplus": 0.2876759980984136, "rho2": 0.32210853205722345, "feature": "linear", "validated": true, "seconds": 27.455505847930908}
{"set": "A", "s": 4.692612, "loss": 0.07165396845127234, "gplus": -0.11511919487874464, "rho2": 0.21608638823186208, "feature": "linear", "validated": false, "seconds": 40.47285509109497}
{"set": "A", "s": 4.705999, "loss": 0.0714884838694492, "gplus": 0.2876759980984136, "rho2": 0.32210853205722345, "feature": "linear", "validated": true, "seconds": 38.62682390213013}
{"set": "A", "status": "done", "bracket": [4.692612, 4.705999]}
