{"set": "B", "s": 0.5, "loss": 0.517891096711955, "gplus": -3.111916049999559e-06, "rho2": 0.0003669827896528681, "feature": "linear", "validated": false, "seconds": 38.948498010635376}
{"set": "B", "s": 0.6, "loss": 0.48862111621397647, "gplus": -6.576739927462616e-14, "rho2": 5.248007772743936e-05, "feature": "linear", "validated": false, "seconds": 34.42929792404175}
{"set": "B", "s": 0.72, "loss": 0.4559046772441016, "gplus": -2.433694024044267e-07, "rho2": 0.005196389583084789, "feature": "linear", "validated": true, "seconds": 29.720606803894043}
{"set": "B", "s": 0.864, "loss": 0.41998425820359087, "gplus": -6.01125926813495e-10, "rho2": 0.0033219806818710253, "feature": "linear", "validated": false, "seconds": 29.839116096496582}
{"set": "B", "s": 1.0368, "loss": 0.3812207743416458, "gplus": -0.07133225185120295, "rho2": 0.01853741407909841, "feature": "linear", "validated": true, "seconds": 29.447811126708984}
{"set": "B", "s": 1.24416, "loss": 0.3405399030229589, "gplus": -0.32363572282674147, "rho2": 0.07498208540199076, "feature": "linear", "validated": true, "seconds": 30.24336314201355}
{"set": "B", "s": 1.492992, "loss": 0.29869829469140186, "gplus": -0.21514734503051644, "rho2": 0.05371427112360322, "feature": "linear", "validated": false, "seconds": 33.51633596420288}
{"set": "B", "s": 1.79159, "loss": 0.25630049614015393, "gplus": -0.33737537374667054, "rho2": 0.10604074522557108, "feature": "linear", "validated": true, "seconds": 36.5723340511322}
{"set": "B", "s": 2.149908, "loss": 0.21564361630926854, "gplus": -0.3366340996906356, "rho2": 0.09740825277269215, "feature": "linear", "validated": false, "seconds": 36.735376834869385}
{"set": "B", "s": 2.57989, "loss": 0.17898109881669563, "gplus": -0.34706051057364234, "rho2": 0.11065873973931935, "feature": "linear", "validated": true, "seconds": 33.98599028587341}
{"set": "B", "s": 3.095868, "loss": 0.1430937716056211, "gplus": -0.3526563023735861, "rho2": 0.1706657277544912, "feature": "linear", "validated": false, "seconds": 27.212948083877563}
{"set": "B", "s": 3.715042, "loss": 0.11025459521977378, "gplus": -0.38764759453532616, "rho2": 0.1946856768988364, "feature": "linear", "validated": true, "seconds": 25.046032190322876}
{"set": "B", "s": 4.45805, "loss": 0.07876570549210644, "gplus": 0.1619350218372712, "rho2": 0.25482573011381277, "feature": "linear", "validated": false, "seconds": 33.7784948348999}
{"set": "B", "s": 5.34966, "loss": 0.05206215645030841, "gplus": 0.19839269263303133, "rho2": 0.30457156936370405, "feature": "linear", "validated": true, "seconds": 33.23606204986572}
{"set": "B", "s": 6.419592, "loss": 0.03149118830341343, "gplus": 0.3818986560093318, "rho2": 0.34738271900701945, "feature": "linear", "validated": false, "seconds": 23.610432863235474}
{"set": "B", "s": 7.703511, "loss": 0.016676991779737756, "gplus": 0.4075675358322227, "rho2": 0.33653473208795026, "feature": "linear", "validated": false, "seconds": 24.05326509475708}
{"set": "B", "s": 9.244213, "loss": 0.007817672442538278, "gplus": 0.4243568824264343, "rho2": 0.7462071285011809, "feature": "slab", "validated": true, "seconds": 30.788166761398315}
{"set": "B", "s": 11.093056, "loss": 0.0031395715350761096, "gplus": 0.3737458242417383, "rho2": 0.4399722051298808, "feature": "linear", "validated": false, "seconds": 32.88677716255188}
{"set": "B", "s": 13.311667, "loss": 0.001052032043238428, "gplus": 0.44260835967982126, "rho2": 0.5202815449717658, "feature": "slab", "validated": true, "seconds": 38.40349221229553}
{"set": "B", "s": 15.974, "loss": 0.00027596925629963135, "gplus": 0.4082631653973012, "rho2": 0.4285503892828766, "feature": "linear", "validated": false, "seconds": 28.323516845703125}
{"set": "B", "s": 19.1688, "loss": 5.5920558802221265e-05, "gplus": 0.4573596171664981, "rho2": 0.8592526851890918, "feature": "slab", "validated": false, "seconds": 45.81486916542053}
{"set": "B", "s": 23.00256, "loss": 8.725508149869815e-06, "gplus": 0.4579893956860984, "rho2": 0.4645972267499374, "feature": "linear", "validated": true, "seconds": 25.68355894088745}
{"set": "B", "s": 27.603072, "loss": 8.952486227427173e-07, "gplus": 0.4515756109552562, "rho2": 0.5315163089062444, "feature": "slab", "validated": true, "seconds": 22.291497945785522}
{"set": "B", "s": 33.123686, "loss": 6.271194303265706e-08, "gplus": 0.45509906637012537, "rho2": 0.7369644228216742, "feature": "slab", "validated": true, "seconds": 21.234095096588135}
{"set": "B", "s": 4.069624, "loss": 0.09479174818937378, "gplus": -0.06621167162487179, "rho2": 0.1846654545168601, "feature": "linear", "validated": false, "seconds": 24.005594730377197}
{"set": "B", "s": 4.259412, "loss": 0.08706138849419866, "gplus": 0.0, "rho2": 0.2523755965729718, "feature": "linear", "validated": false, "seconds": 26.63626217842102}
{"set": "B", "s": 4.357599, "loss": 0.08312147770378223, "gplus": -0.15145924860611806, "rho2": 0.2500587559517752, "feature": "linear", "validated": true, "seconds": 41.29290008544922}
{"set": "B", "s": 4.407538, "loss": 0.08084248047723029, "gplus": 0.3248417341596139, "rho2": 0.2712830121736145, "feature": "linear", "validated": false, "seconds": 35.678829193115234}
{"set": "B", "s": 4.382497, "loss": 0.08260803675618353, "gplus": -0.1605926257515705, "rho2": 0.24669631133710618, "feature": "linear", "validated": true, "seconds": 34.75834107398987}
{"set": "B", "s": 4.395, "loss": 0.08205051411792022, "gplus": 0.3282719831768893, "rho2": 0.29670365946092764, "feature": "linear", "validated": false, "seconds": 28.76647686958313}
{"set": "B", "s": 4.382497, "loss": 0.08260803675618353, "gplus": -0.1605926257515705, "rho2": 0.24669631133710618, "feature": "linear", "validated": true, "seconds": 41.519672870635986}
{"set": "B", "s": 4.395, "loss": 0.08205051411792022, "gplus": 0.3282719831768893, "rho2": 0.29670365946092764, "feature": "linear", "validated": false, "seconds": 35.698410987854004}
{"set": "B", "status": "done", "bracket": [4.382497, 4.395]}
