{"seed": 1850000, "status_2a": "ok", "t_rule": 836, "t_sw": 976, "r_traj": 0.136289721384369, "r_cf": 0.1789000523166272}
{"seed": 1850001, "status_2a": "ok", "t_rule": 1013, "t_sw": 1198, "r_traj": 0.16112509797491414, "r_cf": 0.16321138945513294}
{"seed": 1850002, "status_2a": "ok", "t_rule": 92, "t_sw": 338, "r_traj": 0.12721708959068256, "r_cf": 0.12728955868870426}
{"seed": 1850003, "status_2a": "ok", "t_rule": 1430, "t_sw": 1504, "r_traj": 0.13626725511915194, "r_cf": 0.22085202946231644}
{"seed": 1850004, "status_2a": "no primary prediction (no prediction (no hit / unstable / diverged))", "t_rule": 2004, "t_sw": 11108, "r_traj": NaN, "r_cf": 4.193941355445738e-05}
{"seed": 1850005, "status_2a": "ok", "t_rule": 136, "t_sw": 275, "r_traj": 0.11478961976526048, "r_cf": 0.15120266066785112}
{"seed": 1850006, "status_2a": "ok", "t_rule": 123, "t_sw": 338, "r_traj": 0.1411343137167098, "r_cf": 0.15449150374924125}
{"seed": 1850007, "status_2a": "ok", "t_rule": 238, "t_sw": 594, "r_traj": 0.09875244025516805, "r_cf": 0.09147162447997467}
{"seed": 1850008, "status_2a": "ok", "t_rule": 601, "t_sw": 700, "r_traj": 0.10748191157342957, "r_cf": 0.16320103030329555}
{"seed": 1850009, "status_2a": "ok", "t_rule": 1602, "t_sw": 1701, "r_traj": 0.13522100702891904, "r_cf": 0.18077692454733366}
{"seed": 1850010, "status_2a": "ok", "t_rule": 342, "t_sw": 667, "r_traj": 0.13897015465324913, "r_cf": 0.13668870931159566}
{"seed": 1850011, "status_2a": "ok", "t_rule": 145, "t_sw": 459, "r_traj": 0.16948805751959672, "r_cf": 0.14375309658629462}
{"seed": 1850012, "status_2a": "ok", "t_rule": 168, "t_sw": 321, "r_traj": 0.11966321179987749, "r_cf": 0.1585454881768009}
{"seed": 1850013, "status_2a": "ok", "t_rule": 138, "t_sw": 309, "r_traj": 0.17495318074774646, "r_cf": 0.19094301209910797}
{"seed": 1850014, "status_2a": "ok", "t_rule": 98, "t_sw": 298, "r_traj": 0.13055973123371367, "r_cf": 0.1353721106162377}
{"seed": 1850015, "status_2a": "no prediction: never reaches the rule point", "t_rule": null, "t_sw": null, "r_traj": NaN, "r_cf": NaN}
{"seed": 1850016, "status_2a": "ok", "t_rule": 5232, "t_sw": 5281, "r_traj": 0.0672778821893314, "r_cf": 0.10126352843896717}
{"seed": 1850017, "status_2a": "ok", "t_rule": 102, "t_sw": 266, "r_traj": 0.14653636979635998, "r_cf": 0.18833188471253118}
{"seed": 1850018, "status_2a": "ok", "t_rule": 1057, "t_sw": 1288, "r_traj": 0.12763179833360816, "r_cf": 0.14053280114640732}
{"seed": 1850019, "status_2a": "ok", "t_rule": 130, "t_sw": 296, "r_traj": 0.1793977809874956, "r_cf": 0.2100162419062799}
{"seed": 1850020, "status_2a": "ok", "t_rule": 6255, "t_sw": 6301, "r_traj": 0.11264707789980677, "r_cf": 0.15258453695560928}
{"seed": 1850021, "status_2a": "ok", "t_rule": 1071, "t_sw": 1120, "r_traj": 0.11213069545056964, "r_cf": 0.17170434050439393}
{"seed": 1850022, "status_2a": "ok", "t_rule": 356, "t_sw": 743, "r_traj": 0.13852550145017561, "r_cf": 0.12381556708476973}
{"seed": 1850023, "status_2a": "ok", "t_rule": 126, "t_sw": 395, "r_traj": 0.1326705279419902, "r_cf": 0.13223310161425245}
{"seed": 1850024, "status_2a": "ok", "t_rule": 263, "t_sw": 625, "r_traj": 0.12291289999496313, "r_cf": 0.11315321756943687}
{"seed": 1850025, "status_2a": "ok", "t_rule": 4476, "t_sw": 4524, "r_traj": 0.11383601629833451, "r_cf": 0.13171516794125526}
{"seed": 1850026, "status_2a": "ok", "t_rule": 2025, "t_sw": 2107, "r_traj": 0.15500486481785947, "r_cf": 0.19635843682344203}
{"seed": 1850027, "status_2a": "ok", "t_rule": 87, "t_sw": 281, "r_traj": 0.16497143755345878, "r_cf": 0.14577231176909747}
{"seed": 1850028, "status_2a": "ok", "t_rule": 147, "t_sw": 280, "r_traj": 0.12631916966088697, "r_cf": 0.1402199808565045}
{"seed": 1850029, "status_2a": "ok", "t_rule": 7414, "t_sw": 7454, "r_traj": 0.15900772270683716, "r_cf": 0.1597063639366677}
{"seed": 1850030, "status_2a": "ok", "t_rule": 140, "t_sw": 297, "r_traj": 0.1386376271758778, "r_cf": 0.15560439849098037}
{"seed": 1850031, "status_2a": "ok", "t_rule": 25498, "t_sw": 25528, "r_traj": 0.09262013121465928, "r_cf": 0.13608456385214532}
{"seed": 1850032, "status_2a": "ok", "t_rule": 952, "t_sw": 1099, "r_traj": 0.12917642630432247, "r_cf": 0.14568909508820022}
{"seed": 1850033, "status_2a": "ok", "t_rule": 286, "t_sw": 414, "r_traj": 0.10774697248261256, "r_cf": 0.1226579711168944}
{"seed": 1850034, "status_2a": "ok", "t_rule": 87, "t_sw": 498, "r_traj": 0.0998515247677969, "r_cf": 0.10208917180384604}
{"seed": 1850035, "status_2a": "ok", "t_rule": 367, "t_sw": 574, "r_traj": 0.14601499266621532, "r_cf": 0.1540531422167759}
{"seed": 1850036, "status_2a": "ok", "t_rule": 223, "t_sw": 527, "r_traj": 0.1342234397422679, "r_cf": 0.12664543507690612}
{"seed": 1850037, "status_2a": "ok", "t_rule": 7140, "t_sw": 7201, "r_traj": 0.13635750334140506, "r_cf": 0.13005349124329152}
{"seed": 1850038, "status_2a": "ok", "t_rule": 1263, "t_sw": 1398, "r_traj": 0.1088849967637493, "r_cf": 0.13415260166859247}
{"seed": 1850039, "status_2a": "ok", "t_rule": 126, "t_sw": 291, "r_traj": 0.14667091856235115, "r_cf": 0.16261644463637906}
{"seed": 1850040, "status_2a": "ok", "t_rule": 2963, "t_sw": 3030, "r_traj": 0.11967928489957402, "r_cf": 0.20505208909650113}
{"seed": 1850041, "status_2a": "ok", "t_rule": 1031, "t_sw": 1235, "r_traj": 0.1067250680390679, "r_cf": 0.10052203339216481}
{"seed": 1850042, "status_2a": "ok", "t_rule": 65, "t_sw": 297, "r_traj": 0.1460775210141434, "r_cf": 0.13771668223779915}
{"seed": 1850043, "status_2a": "ok", "t_rule": 684, "t_sw": 794, "r_traj": 0.08861322063600219, "r_cf": 0.1101919842202245}
{"seed": 1850044, "status_2a": "ok", "t_rule": 196, "t_sw": 684, "r_traj": 0.12051795588430303, "r_cf": 0.1099191263424656}
{"seed": 1850045, "status_2a": "ok", "t_rule": 1342, "t_sw": 1559, "r_traj": 0.10967351652271518, "r_cf": 0.11322211861315498}
{"seed": 1850046, "status_2a": "ok", "t_rule": 3938, "t_sw": 3987, "r_traj": 0.09629323761730624, "r_cf": 0.1463533716923748}
{"seed": 1850047, "status_2a": "ok", "t_rule": 199, "t_sw": 629, "r_traj": 0.1313166647311652, "r_cf": 0.11930749631754801}
{"seed": 1850048, "status_2a": "ok", "t_rule": 2616, "t_sw": 2670, "r_traj": 0.13102570547880732, "r_cf": 0.17386331328670046}
{"seed": 1850049, "status_2a": "no primary prediction (no prediction (no hit / unstable / diverged))", "t_rule": 1383, "t_sw": 1488, "r_traj": NaN, "r_cf": 0.13371567810803578}
{"seed": 1850050, "status_2a": "ok", "t_rule": 196, "t_sw": 476, "r_traj": 0.13773576311902502, "r_cf": 0.1183809370194475}
{"seed": 1850051, "status_2a": "ok", "t_rule": 6235, "t_sw": 6280, "r_traj": 0.07610596907214928, "r_cf": 0.13870447830628102}
{"seed": 1850052, "status_2a": "ok", "t_rule": 5012, "t_sw": 5067, "r_traj": 0.11555171247101259, "r_cf": 0.13894365990649488}
{"seed": 1850053, "status_2a": "ok", "t_rule": 155, "t_sw": 442, "r_traj": 0.11657836932766452, "r_cf": 0.13042902185575303}
{"seed": 1850054, "status_2a": "ok", "t_rule": 232, "t_sw": 405, "r_traj": 0.1501563900432441, "r_cf": 0.15299264837139337}
{"seed": 1850055, "status_2a": "ok", "t_rule": 180, "t_sw": 451, "r_traj": 0.10520378606559455, "r_cf": 0.11699207640826476}
{"seed": 1850056, "status_2a": "ok", "t_rule": 470, "t_sw": 621, "r_traj": 0.06852505350291094, "r_cf": 0.07306274246627918}
{"seed": 1850057, "status_2a": "ok", "t_rule": 4234, "t_sw": 4284, "r_traj": 0.11520670252028853, "r_cf": 0.18220718707187544}
{"seed": 1850058, "status_2a": "ok", "t_rule": 76, "t_sw": 272, "r_traj": 0.1661749355533617, "r_cf": 0.16060755395513765}
{"seed": 1850059, "status_2a": "ok", "t_rule": 1689, "t_sw": 1730, "r_traj": 0.1353933493399735, "r_cf": 0.1272970016532576}
{"seed": 1850060, "status_2a": "ok", "t_rule": 6863, "t_sw": 6911, "r_traj": 0.11539353554929255, "r_cf": 0.10859872599690301}
{"seed": 1850061, "status_2a": "ok", "t_rule": 568, "t_sw": 1050, "r_traj": 0.1221162444299091, "r_cf": 0.11581309680482776}
{"seed": 1850062, "status_2a": "ok", "t_rule": 263, "t_sw": 579, "r_traj": 0.15168015722782502, "r_cf": 0.1489592194260328}
{"seed": 1850063, "status_2a": "ok", "t_rule": 1052, "t_sw": 1348, "r_traj": 0.11324593528868188, "r_cf": 0.1273004027513916}
{"seed": 1850064, "status_2a": "ok", "t_rule": 213, "t_sw": 359, "r_traj": 0.1436199699286489, "r_cf": 0.1727695789762501}
{"seed": 1850065, "status_2a": "ok", "t_rule": 162, "t_sw": 293, "r_traj": 0.16653873594940083, "r_cf": 0.19587225106878298}
{"seed": 1850066, "status_2a": "no prediction: branch rule: no minimum at the rule point", "t_rule": 1, "t_sw": null, "r_traj": NaN, "r_cf": NaN}
{"seed": 1850067, "status_2a": "ok", "t_rule": 170, "t_sw": 457, "r_traj": 0.14447866961767963, "r_cf": 0.13286108356154888}
{"seed": 1850068, "status_2a": "no primary prediction (no prediction (no hit / unstable / diverged))", "t_rule": 103, "t_sw": 595, "r_traj": NaN, "r_cf": 0.0912141742762063}
{"seed": 1850069, "status_2a": "ok", "t_rule": 864, "t_sw": 977, "r_traj": 0.1392193449948329, "r_cf": 0.1537860703175281}
{"seed": 1850070, "status_2a": "ok", "t_rule": 914, "t_sw": 1254, "r_traj": 0.10934565455293321, "r_cf": 0.09850375379640988}
{"seed": 1850071, "status_2a": "ok", "t_rule": 3710, "t_sw": 3751, "r_traj": 0.08099311990722668, "r_cf": 0.14295374170343061}
{"seed": 1850072, "status_2a": "ok", "t_rule": 610, "t_sw": 780, "r_traj": 0.12016857369290723, "r_cf": 0.13211977173544925}
{"seed": 1850073, "status_2a": "ok", "t_rule": 134, "t_sw": 400, "r_traj": 0.14700510201305894, "r_cf": 0.14120321081461665}
{"seed": 1850074, "status_2a": "ok", "t_rule": 7820, "t_sw": 7863, "r_traj": 0.12823143455129316, "r_cf": 0.14762187393814577}
{"seed": 1850075, "status_2a": "ok", "t_rule": 837, "t_sw": 935, "r_traj": 0.1523589997394792, "r_cf": 0.1954650540748459}
{"seed": 1850076, "status_2a": "ok", "t_rule": 2064, "t_sw": 2139, "r_traj": 0.10852955950434984, "r_cf": 0.1629246335051855}
{"seed": 1850077, "status_2a": "ok", "t_rule": 538, "t_sw": 771, "r_traj": 0.11256581796141019, "r_cf": 0.12942346428831955}
{"seed": 1850078, "status_2a": "ok", "t_rule": 186, "t_sw": 353, "r_traj": 0.15221973864760963, "r_cf": 0.15826197353499197}
{"seed": 1850079, "status_2a": "ok", "t_rule": 294, "t_sw": 425, "r_traj": 0.10885198509483396, "r_cf": 0.12602927883277554}
