{"seed": 884900, "secs": 5.6, "T": [true, 0.47857489137313297, 0.03965518223564948, 4000], "Tp": [true, 0.3368365968050022, -0.0349487877804073, 4000], "D": [true, 5.346925176099016, 7.5671562732687585, 4000], "Dp": [true, 5.0973094413492, 9.374972677575874, 4000]}
{"seed": 884901, "secs": 5.3, "T": [true, 0.4287582080034188, 0.019579689945233656, 4000], "Tp": [true, 0.3459566048351351, -0.021707053454434768, 4000], "D": [true, 4.640463823403078, 6.955602564609361, 4000], "Dp": [true, 4.929039964433759, 8.87930711328713, 4000]}
{"seed": 884902, "secs": 5.6, "T": [true, 0.4228585874961023, 0.03505895663439659, 4000], "Tp": [true, 0.37188553196883173, -0.05891074350900321, 4000], "D": [true, 4.447097849785929, 7.526633865538175, 4000], "Dp": [true, 6.123802967972638, 8.464338078169265, 4000]}
{"seed": 884903, "secs": 6.1, "T": [true, 0.6032768784052535, 0.10825755793269445, 4000], "Tp": [true, 0.29812743151528426, -0.06889615005283643, 4000], "D": [true, 5.429511053481967, 7.51817444451018, 4000], "Dp": [true, 4.932628620240475, 10.188837008788424, 4000]}
{"seed": 884904, "secs": 5.4, "T": [true, 0.4022040996225633, -0.00605976440972594, 4000], "Tp": [true, 0.3821058670416886, -0.008362249583430171, 4000], "D": [true, 4.929438024297631, 7.2020573831553385, 4000], "Dp": [true, 5.5418608630558825, 9.615480836161177, 4000]}
{"seed": 884905, "secs": 5.9, "T": [true, 0.5285566274832982, 0.07804273002018694, 4000], "Tp": [true, 0.323156770694139, -0.07236957482572741, 4000], "D": [true, 4.861709997903431, 7.508789727055817, 4000], "Dp": [true, 5.325974800534931, 9.187025277670454, 4000]}
{"seed": 884906, "secs": 5.7, "T": [true, 0.5271898609729643, 0.07041602726405612, 4000], "Tp": [true, 0.31701176457725266, -0.0371806313180235, 4000], "D": [true, 5.607120721218756, 8.01262150113934, 4000], "Dp": [true, 4.748960624347959, 8.901732275964548, 4000]}
{"seed": 884907, "secs": 5.3, "T": [true, 0.42120117698854076, 0.020546358060458448, 4000], "Tp": [true, 0.3514596188056929, -0.052047616320477046, 4000], "D": [true, 4.442409416113723, 7.073451275639324, 4000], "Dp": [true, 5.403805287700038, 9.5163999934185, 4000]}
{"seed": 884908, "secs": 6.3, "T": [true, 0.530544984321479, 0.05814666144425479, 4000], "Tp": [true, 0.32063734809106825, -0.032039511627184436, 4000], "D": [true, 5.862635725394145, 8.130995085477108, 4000], "Dp": [true, 4.474098425652558, 8.293344811678681, 4000]}
{"seed": 884909, "secs": 6.0, "T": [true, 0.582602676861742, 0.08643681626875861, 4000], "Tp": [true, 0.3007462093498173, -0.054283817449738044, 4000], "D": [true, 5.836626720904754, 8.228531403996096, 4000], "Dp": [true, 4.139968307602507, 8.041440672615725, 4000]}
{"seed": 884000, "secs": 5.2, "T": [true, 0.5581208366815841, 0.08969597790291138, 4000], "D": [true, 5.626313012085639, 8.51627358194979, 4000], "Dp": [true, 4.42900519123959, 8.151703230030824, 4000], "Tp": [false, null, null, 4000]}
{"seed": 884001, "secs": 5.7, "T": [true, 0.6419511941807361, 0.11175121889739527, 4000], "D": [true, 5.715035523520524, 7.202496746490582, 4000], "Dp": [true, 4.3992984427869555, 9.358706305329019, 4000], "Tp": [false, null, null, 4000]}
{"seed": 884002, "secs": 5.1, "T": [true, 0.5478534650216589, 0.09167276932375489, 4000], "D": [true, 5.369493648499046, 7.895404563966318, 4000], "Dp": [true, 4.601657351768514, 8.514141405574925, 4000], "Tp": [false, null, null, 4000]}
{"seed": 884003, "secs": 5.5, "T": [true, 0.6019981072019456, 0.10318203389767074, 4000], "D": [true, 5.95577916565167, 8.44053774445069, 4000], "Dp": [true, 4.295174384986737, 8.371993037113995, 4000], "Tp": [false, null, null, 4000]}
{"seed": 884004, "secs": 5.2, "T": [true, 0.5546198819670849, 0.07944598934990015, 4000], "D": [true, 5.22571748096352, 7.334894854728482, 4000], "Dp": [true, 4.650266994561682, 9.262066203123332, 4000], "Tp": [false, null, null, 4000]}
{"seed": 884005, "secs": 5.1, "T": [true, 0.5313906572833895, 0.08003562753618304, 4000], "D": [true, 5.3696032016231054, 7.836393567401108, 4000], "Dp": [true, 4.984717617190039, 9.083738485017163, 4000], "Tp": [false, null, null, 4000]}
{"seed": 884006, "secs": 4.8, "T": [true, 0.4966717762844254, 0.034069111369089675, 4000], "D": [true, 5.513598802707979, 7.444958328883051, 4000], "Dp": [true, 4.609085198961457, 9.14406565499341, 4000], "Tp": [false, null, null, 4000]}
{"seed": 884007, "secs": 5.4, "T": [true, 0.5722989666342736, 0.09068197386037469, 4000], "D": [true, 6.051421239514673, 8.955214965044423, 4000], "Dp": [true, 4.545004256160845, 8.282212550393737, 4000], "Tp": [false, null, null, 4000]}
{"seed": 884008, "secs": 4.5, "T": [true, 0.4359452849042043, 0.02195159036034957, 4000], "D": [true, 4.613429753537358, 7.001519876219595, 4000], "Dp": [true, 5.463162225972392, 9.637953037690417, 4000], "Tp": [false, null, null, 4000]}
{"seed": 884009, "secs": 4.6, "T": [true, 0.4623228647490015, 0.05043324666367896, 4000], "D": [true, 4.777143398564802, 7.49772319729137, 4000], "Dp": [true, 5.431517960325345, 9.067568370906125, 4000], "Tp": [false, null, null, 4000]}
{"seed": 884010, "secs": 5.1, "T": [true, 0.5176753830709666, 0.07686660607927895, 4000], "D": [true, 4.974477097296536, 7.475654895824886, 4000], "Dp": [true, 5.573174545045679, 8.96531529598586, 4000], "Tp": [false, null, null, 4000]}
{"seed": 884011, "secs": 4.9, "T": [true, 0.5076997211015329, 0.049987115511827836, 4000], "D": [true, 5.474538221044515, 7.5169133505247245, 4000], "Dp": [true, 4.706758832729064, 8.626162805821531, 4000], "Tp": [false, null, null, 4000]}
{"seed": 884012, "secs": 4.1, "T": [true, 0.3743260998345738, 0.001677592912463087, 4000], "D": [true, 4.398432982609495, 8.27957861422213, 4000], "Dp": [true, 5.598425133549418, 8.240234995467807, 4000], "Tp": [false, null, null, 4000]}
{"seed": 884013, "secs": 4.7, "T": [true, 0.4412380942240372, 0.040356614642130965, 4000], "D": [true, 4.9623023302711085, 8.278252404354838, 4000], "Dp": [true, 5.268575608357241, 8.630564219749887, 4000], "Tp": [false, null, null, 4000]}
{"seed": 884014, "secs": 5.5, "T": [true, 0.562011679995692, 0.09188640745316656, 4000], "D": [true, 5.065824903881969, 7.306754192815137, 4000], "Dp": [true, 4.759980862915508, 9.270053290681766, 4000], "Tp": [false, null, null, 4000]}
{"seed": 884015, "secs": 4.1, "T": [true, 0.3722941041688773, 0.0005995743346886745, 4000], "D": [true, 4.3904550699247356, 8.175958149992478, 4000], "Dp": [true, 5.847224059074713, 8.436116897575758, 4000], "Tp": [false, null, null, 4000]}
{"seed": 884016, "secs": 4.9, "T": [true, 0.494701753428306, 0.05567166881649621, 4000], "D": [true, 4.93504219650573, 7.1598020603777055, 4000], "Dp": [true, 5.059208581322037, 9.70212071388498, 4000], "Tp": [false, null, null, 4000]}
{"seed": 884017, "secs": 4.6, "T": [true, 0.4609891460567592, 0.04479005701124603, 4000], "D": [true, 4.846204952107476, 6.828604929599814, 4000], "Dp": [true, 5.657956261245403, 10.121844288894682, 4000], "Tp": [false, null, null, 4000]}
{"seed": 884018, "secs": 4.7, "T": [true, 0.47049550660196005, 0.05052541585789747, 4000], "D": [true, 4.940730967817744, 8.243115332208356, 4000], "Dp": [true, 5.617604646123131, 10.1223423146805, 4000], "Tp": [false, null, null, 4000]}
{"seed": 884019, "secs": 5.1, "T": [true, 0.520936587848712, 0.05959778196202986, 4000], "D": [true, 5.466758109981621, 7.3887883468978695, 4000], "Dp": [true, 4.656803991531247, 9.180539631109133, 4000], "Tp": [false, null, null, 4000]}
{"seed": 884020, "secs": 5.5, "T": [true, 0.6074418196982109, 0.09985887385097506, 4000], "D": [true, 6.002185933846248, 8.136801985976511, 4000], "Dp": [true, 4.098803026598507, 7.933669514492164, 4000], "Tp": [false, null, null, 4000]}
{"seed": 884021, "secs": 5.0, "T": [true, 0.5242405718872044, 0.07085161167260992, 4000], "D": [true, 5.282436563000869, 7.7699291793723075, 4000], "Dp": [true, 4.72237948528323, 8.678901622767958, 4000], "Tp": [false, null, null, 4000]}
{"seed": 884022, "secs": 4.5, "T": [true, 0.4205136130627865, 0.015904645371090237, 4000], "D": [true, 4.60635422785195, 7.177507243778481, 4000], "Dp": [true, 5.671614542572558, 9.893284467056038, 4000], "Tp": [false, null, null, 4000]}
{"seed": 884023, "secs": 4.9, "T": [true, 0.5114613771568917, 0.06969190252249016, 4000], "D": [true, 5.03568630309034, 7.514802831960153, 4000], "Dp": [true, 4.800413327335443, 9.06403481345927, 4000], "Tp": [false, null, null, 4000]}
{"seed": 884024, "secs": 5.2, "T": [true, 0.5672588554070861, 0.09137199394642581, 4000], "D": [true, 5.322468029857599, 8.151258052053802, 4000], "Dp": [true, 4.814159840517397, 8.945855639533166, 4000], "Tp": [false, null, null, 4000]}
{"seed": 884025, "secs": 4.7, "T": [true, 0.4633268048714956, 0.03890912534659803, 4000], "D": [true, 4.520348380757264, 6.805826749391384, 4000], "Dp": [true, 5.322045847031689, 10.78505704675572, 4000], "Tp": [false, null, null, 4000]}
{"seed": 884026, "secs": 4.4, "T": [true, 0.4286169626646791, 0.023854436133858486, 4000], "D": [true, 4.901769142311508, 7.635818155635876, 4000], "Dp": [true, 5.3031266213195, 8.7691089695222, 4000], "Tp": [false, null, null, 4000]}
{"seed": 884027, "secs": 4.5, "T": [true, 0.43949616299568306, 0.03843594685689889, 4000], "D": [true, 4.979674225548422, 7.6157512761947705, 4000], "Dp": [true, 5.674400733404202, 9.24368660063168, 4000], "Tp": [false, null, null, 4000]}
{"seed": 884028, "secs": 4.1, "T": [true, 0.3901558506634164, 0.009072934357989757, 4000], "D": [true, 4.374772290205714, 7.618231539400226, 4000], "Dp": [true, 5.253539953945146, 7.868094226128985, 4000], "Tp": [false, null, null, 4000]}
{"seed": 884029, "secs": 5.0, "T": [true, 0.5092607639255742, 0.06867623661025621, 4000], "D": [true, 5.442967471639843, 8.083756039876208, 4000], "Dp": [true, 4.943403957544369, 9.29742759182421, 4000], "Tp": [false, null, null, 4000]}
{"seed": 884030, "secs": 5.0, "T": [true, 0.4548265723986862, 0.034471072731420686, 4000], "D": [true, 4.851123583992063, 7.367329984808553, 4000], "Dp": [true, 5.12927721564753, 9.11579468762833, 4000], "Tp": [false, null, null, 4000]}
{"seed": 884031, "secs": 4.8, "T": [true, 0.4667212218370872, 0.04362190824817297, 4000], "D": [true, 4.888877392774283, 7.448248344594263, 4000], "Dp": [true, 5.339743242603265, 9.664286930457738, 4000], "Tp": [false, null, null, 4000]}
{"seed": 884032, "secs": 4.2, "T": [true, 0.39820217492548016, 0.021359077897201005, 4000], "D": [true, 4.515975736415641, 7.7522266758720475, 4000], "Dp": [true, 6.137983697151061, 9.622231526163993, 4000], "Tp": [false, null, null, 4000]}
{"seed": 884033, "secs": 5.9, "T": [true, 0.6923013806297564, 0.09955156972757688, 4000], "D": [true, 6.124744029034462, 7.403585943431231, 4000], "Dp": [true, 4.1204367484358, 9.917578901857505, 4000], "Tp": [false, null, null, 4000]}
{"seed": 884034, "secs": 6.1, "T": [true, 0.7105515379382672, 0.12135222662408908, 4000], "D": [true, 6.504981403278878, 7.550872479721544, 4000], "Dp": [true, 4.066641021571299, 7.999375520472626, 4000], "Tp": [false, null, null, 4000]}
{"seed": 884035, "secs": 5.3, "T": [true, 0.5736657947834103, 0.04877370742127115, 4000], "D": [true, 6.06688546481246, 7.4585383948734885, 4000], "Dp": [true, 4.2374888119187615, 7.8578619805887415, 4000], "Tp": [false, null, null, 4000]}
{"seed": 884036, "secs": 4.7, "T": [true, 0.47642677455576765, 0.05105584053315552, 4000], "D": [true, 4.681656702563241, 6.941152753650177, 4000], "Dp": [true, 4.974069429022896, 8.784819266935239, 4000], "Tp": [false, null, null, 4000]}
{"seed": 884037, "secs": 4.6, "T": [true, 0.440432626569879, 0.04083674553371633, 4000], "D": [true, 4.8205210867149635, 7.648654824311477, 4000], "Dp": [true, 5.7434118474191305, 8.814661747680187, 4000], "Tp": [false, null, null, 4000]}
{"seed": 884038, "secs": 4.6, "T": [true, 0.4633556880505083, 0.03888724585353588, 4000], "D": [true, 4.925389227748842, 7.290945346385634, 4000], "Dp": [true, 4.824767830930322, 8.504072281336846, 4000], "Tp": [false, null, null, 4000]}
{"seed": 884039, "secs": 4.8, "T": [true, 0.4640194540322923, 0.038181606250159726, 4000], "D": [true, 4.948904810186028, 7.318571874866394, 4000], "Dp": [true, 5.08973662108228, 8.998616645378856, 4000], "Tp": [false, null, null, 4000]}
{"seed": 884040, "secs": 4.8, "T": [true, 0.4745486418662578, 0.05963121130549902, 4000], "D": [true, 4.873946113283416, 7.818649123708619, 4000], "Dp": [true, 5.438236937008696, 8.834286904557304, 4000], "Tp": [false, null, null, 4000]}
{"seed": 884041, "secs": 4.5, "T": [true, 0.43160130378960304, 0.010165092438915174, 4000], "D": [true, 5.142386995455541, 7.992588284142004, 4000], "Dp": [true, 4.8240508537687665, 8.438821950742998, 4000], "Tp": [false, null, null, 4000]}
{"seed": 884042, "secs": 4.9, "T": [true, 0.4805932589010722, 0.06261434863746367, 4000], "D": [true, 5.091098385420786, 7.953922794948969, 4000], "Dp": [true, 4.7382726622620845, 9.119872572932103, 4000], "Tp": [false, null, null, 4000]}
{"seed": 884043, "secs": 4.7, "T": [true, 0.3932480181031707, 0.0162366845964105, 4000], "D": [true, 4.335528677526388, 7.4291521743600875, 4000], "Dp": [true, 5.704837624273684, 8.548785963278807, 4000], "Tp": [false, null, null, 4000]}
{"seed": 884044, "secs": 5.4, "T": [true, 0.5724949518570278, 0.07312850027166261, 4000], "D": [true, 5.923305575178691, 8.121722951879388, 4000], "Dp": [true, 4.205930091249078, 8.443134004469092, 4000], "Tp": [false, null, null, 4000]}
{"seed": 884045, "secs": 5.0, "T": [true, 0.5095923827774966, 0.06264410873595001, 4000], "D": [true, 5.305058030024386, 7.602066999240425, 4000], "Dp": [true, 4.638186484939688, 8.635239533156229, 4000], "Tp": [false, null, null, 4000]}
{"seed": 884046, "secs": 5.3, "T": [true, 0.548801121128996, 0.10429728139562101, 4000], "D": [true, 5.341005284081576, 7.855558133611488, 4000], "Dp": [true, 4.822555887244696, 8.44972104454767, 4000], "Tp": [false, null, null, 4000]}
{"seed": 884047, "secs": 4.4, "T": [true, 0.4188369823024406, 0.021004210551283046, 4000], "D": [true, 4.658798303665829, 8.13736404845464, 4000], "Dp": [true, 5.083709253716652, 8.281392965961517, 4000], "Tp": [false, null, null, 4000]}
{"seed": 884048, "secs": 5.1, "T": [true, 0.5211643241898584, 0.08043749046229033, 4000], "D": [true, 5.424528309179486, 8.82314426276735, 4000], "Dp": [true, 4.865347736851079, 8.640215306496291, 4000], "Tp": [false, null, null, 4000]}
{"seed": 884049, "secs": 4.3, "T": [true, 0.40328481856282017, 0.016075441499961318, 4000], "D": [true, 4.543826087618406, 7.49257599309283, 4000], "Dp": [true, 5.5500200110811795, 9.02224932320423, 4000], "Tp": [false, null, null, 4000]}
{"seed": 884050, "secs": 4.7, "T": [true, 0.46935421450768006, 0.030858948591026104, 4000], "D": [true, 5.160036487802643, 6.706551531720043, 4000], "Dp": [true, 5.051735020612173, 9.32316497070109, 4000], "Tp": [false, null, null, 4000]}
{"seed": 884051, "secs": 5.4, "T": [true, 0.5809845089674346, 0.08070847481130328, 4000], "D": [true, 6.026977890001445, 7.758669080698907, 4000], "Dp": [true, 4.9302001548329475, 9.947393162616958, 4000], "Tp": [false, null, null, 4000]}
{"seed": 884052, "secs": 4.4, "T": [true, 0.42281088316629767, 0.034038232634488894, 4000], "D": [true, 4.692079623750492, 7.881404546564371, 4000], "Dp": [true, 5.582746252454539, 8.967430832555994, 4000], "Tp": [false, null, null, 4000]}
{"seed": 884053, "secs": 5.8, "T": [true, 0.6844002776788425, 0.15283051617876445, 4000], "D": [true, 5.767426036536375, 8.354355205108277, 4000], "Dp": [true, 4.027245315815846, 7.177258264437739, 4000], "Tp": [false, null, null, 4000]}
{"seed": 884054, "secs": 4.5, "T": [true, 0.43545460628904714, 0.0376964472316073, 4000], "D": [true, 4.845476292793927, 7.531488226123775, 4000], "Dp": [true, 6.202758308759236, 8.077527620201556, 4000], "Tp": [false, null, null, 4000]}
{"seed": 884055, "secs": 4.3, "T": [true, 0.4022116908803602, 0.025467407337694342, 4000], "D": [true, 4.378750559168209, 7.484560853168052, 4000], "Dp": [true, 6.461602636774877, 10.265702904149368, 4000], "Tp": [false, null, null, 4000]}
{"seed": 884056, "secs": 4.5, "T": [true, 0.4392873551538672, 0.02456038491469768, 4000], "D": [true, 4.734793853821362, 7.6615020789744, 4000], "Dp": [true, 5.084011714067097, 8.9862943570287, 4000], "Tp": [false, null, null, 4000]}
{"seed": 884057, "secs": 4.6, "T": [true, 0.4509186693991195, 0.04671249557479084, 4000], "D": [true, 5.125045456429518, 8.219152619870508, 4000], "Dp": [true, 6.388732937597481, 12.987324901384621, 4000], "Tp": [false, null, null, 4000]}
{"seed": 884058, "secs": 5.0, "T": [true, 0.4334745802893501, 0.02788634275804104, 4000], "D": [true, 4.955431574115565, 7.75445672391909, 4000], "Dp": [true, 5.265031086761456, 9.603831933421436, 4000], "Tp": [false, null, null, 4000]}
{"seed": 884059, "secs": 5.2, "T": [true, 0.4954409436923167, 0.05289697286902018, 4000], "D": [true, 5.117383141081338, 7.870358946982143, 4000], "Dp": [true, 4.629337106700276, 8.729657738457977, 4000], "Tp": [false, null, null, 4000]}
{"seed": 884060, "secs": 5.0, "T": [true, 0.48612429183525285, 0.06273356789918176, 4000], "D": [true, 4.940750876520958, 8.067043333911581, 4000], "Dp": [true, 5.363846507426037, 8.144422252390461, 4000], "Tp": [false, null, null, 4000]}
{"seed": 884061, "secs": 5.3, "T": [true, 0.5666620954291928, 0.10082092356529324, 4000], "D": [true, 5.637565752445628, 8.736451893081986, 4000], "Dp": [true, 4.6406354644117584, 8.311692395429882, 4000], "Tp": [false, null, null, 4000]}
{"seed": 884062, "secs": 4.7, "T": [true, 0.48100278890922155, 0.040481439553047636, 4000], "D": [true, 4.8852402439865, 8.275545467379679, 4000], "Dp": [true, 4.895446920455386, 9.041289301312593, 4000], "Tp": [false, null, null, 4000]}
{"seed": 884063, "secs": 5.3, "T": [true, 0.5701006584413557, 0.07963030132434004, 4000], "D": [true, 5.607508239080053, 7.8023699480767545, 4000], "Dp": [true, 4.531001058430359, 8.899357909267234, 4000], "Tp": [false, null, null, 4000]}
{"seed": 884064, "secs": 5.0, "T": [true, 0.5024864523774819, 0.04481062451008084, 4000], "D": [true, 5.939479547538172, 8.352437529336346, 4000], "Dp": [true, 4.633527884292355, 8.63912667581398, 4000], "Tp": [false, null, null, 4000]}
{"seed": 884065, "secs": 4.6, "T": [true, 0.4436133550845236, 0.03315283844317858, 4000], "D": [true, 5.1834332449820755, 8.329666457726056, 4000], "Dp": [true, 5.054364260303491, 7.839869986620421, 4000], "Tp": [false, null, null, 4000]}
{"seed": 884066, "secs": 4.7, "T": [true, 0.4781169938751034, 0.044755240172470144, 4000], "D": [true, 4.9055321800986125, 7.358291663020167, 4000], "Dp": [true, 4.810561434092541, 9.103439357661003, 4000], "Tp": [false, null, null, 4000]}
{"seed": 884067, "secs": 4.8, "T": [true, 0.4809034962769293, 0.062040935942171166, 4000], "D": [true, 4.832898829384653, 7.744029145696889, 4000], "Dp": [true, 5.670275339063819, 8.138450675184043, 4000], "Tp": [false, null, null, 4000]}
{"seed": 884068, "secs": 4.3, "T": [true, 0.408547560583455, 0.006016598839972319, 4000], "D": [true, 4.726255239209591, 7.949215779789676, 4000], "Dp": [true, 5.578020980220544, 9.262503392464867, 4000], "Tp": [false, null, null, 4000]}
{"seed": 884069, "secs": 5.0, "T": [true, 0.5228361764953681, 0.0737339389496116, 4000], "D": [true, 5.6755036339131015, 9.380986351392963, 4000], "Dp": [true, 5.142795998557922, 9.472633967028939, 4000], "Tp": [false, null, null, 4000]}
{"seed": 884070, "secs": 4.3, "T": [true, 0.41547018964288523, 0.034156159811498076, 4000], "D": [true, 4.2009664093746, 7.014960690592839, 4000], "Dp": [true, 5.88811196709961, 9.121979831704165, 4000], "Tp": [false, null, null, 4000]}
{"seed": 884071, "secs": 4.8, "T": [true, 0.4784484915715016, 0.04737535900818972, 4000], "D": [true, 4.9923624619408, 8.150171011020891, 4000], "Dp": [true, 4.773619703437207, 8.606244438184959, 4000], "Tp": [false, null, null, 4000]}
{"seed": 884072, "secs": 4.2, "T": [true, 0.3980008601255438, 0.016097679774716194, 4000], "D": [true, 4.506387908081221, 7.661042445414455, 4000], "Dp": [true, 5.909396455835114, 8.54230948720942, 4000], "Tp": [false, null, null, 4000]}
{"seed": 884073, "secs": 4.9, "T": [true, 0.5107912010002426, 0.07321545761384737, 4000], "D": [true, 5.373519998200397, 8.45989758991778, 4000], "Dp": [true, 4.831017498663347, 8.09615001031011, 4000], "Tp": [false, null, null, 4000]}
{"seed": 884074, "secs": 4.2, "T": [true, 0.39778370372256194, 0.0020101800013151254, 4000], "D": [true, 4.774247074063889, 7.862169671067724, 4000], "Dp": [true, 5.295510974227664, 8.660956792331236, 4000], "Tp": [false, null, null, 4000]}
{"seed": 884075, "secs": 4.7, "T": [true, 0.46733941108114674, 0.0246132211439257, 4000], "D": [true, 4.978865195901644, 6.837127657515679, 4000], "Dp": [true, 4.982877857347287, 9.507479468338618, 4000], "Tp": [false, null, null, 4000]}
{"seed": 884076, "secs": 5.4, "T": [true, 0.5954893617455659, 0.12920228946452492, 4000], "D": [true, 5.8371454193337255, 8.897850891808307, 4000], "Dp": [true, 4.642783172805177, 7.5386208417726435, 4000], "Tp": [false, null, null, 4000]}
{"seed": 884077, "secs": 5.5, "T": [true, 0.6185621625259388, 0.09967537349907862, 4000], "D": [true, 6.07998091107623, 8.31602633624255, 4000], "Dp": [true, 4.0389770362668935, 7.834268683633244, 4000], "Tp": [false, null, null, 4000]}
{"seed": 884078, "secs": 5.6, "T": [true, 0.6025605634682073, 0.08882002758857706, 4000], "D": [true, 5.70124040287373, 7.033984094659158, 4000], "Dp": [true, 4.502644275241497, 8.992218418886733, 4000], "Tp": [false, null, null, 4000]}
{"seed": 884079, "secs": 4.5, "T": [true, 0.44678980765754084, 0.03411514749866207, 4000], "D": [true, 4.8854762993798575, 7.485353017906126, 4000], "Dp": [true, 5.329598353212278, 9.32481981808638, 4000], "Tp": [false, null, null, 4000]}
{"seed": 884080, "secs": 4.5, "T": [true, 0.44549139656926096, 0.03174772677963555, 4000], "D": [true, 4.900798401836579, 7.913188032266433, 4000], "Dp": [true, 5.1439425470912745, 8.562003438651322, 4000], "Tp": [false, null, null, 4000]}
{"seed": 884081, "secs": 4.9, "T": [true, 0.520231305833872, 0.06132408175576664, 4000], "D": [true, 5.176795756570763, 7.312255005912453, 4000], "Dp": [true, 4.507294475100531, 8.87237649976963, 4000], "Tp": [false, null, null, 4000]}
{"seed": 884082, "secs": 4.6, "T": [true, 0.43982219098466424, 0.033882924084956155, 4000], "D": [true, 4.929002989903808, 7.681361148014422, 4000], "Dp": [true, 5.667552722097175, 9.281029538451884, 4000], "Tp": [false, null, null, 4000]}
{"seed": 884083, "secs": 5.2, "T": [true, 0.49204711496347664, 0.06447202714487243, 4000], "D": [true, 5.4582650899645815, 8.367440120566194, 4000], "Dp": [true, 4.960025632768095, 8.746229182080308, 4000], "Tp": [false, null, null, 4000]}
{"seed": 884084, "secs": 4.5, "T": [true, 0.43222505191991056, 0.02664505841548088, 4000], "D": [true, 4.460341645185179, 6.93161967544681, 4000], "Dp": [true, 5.485973746890244, 9.29622484113598, 4000], "Tp": [false, null, null, 4000]}
{"seed": 884085, "secs": 5.0, "T": [true, 0.5183007181452355, 0.05434750618937424, 4000], "D": [true, 5.612359737645907, 7.838707011099346, 4000], "Dp": [true, 4.549501542001173, 8.626579172035367, 4000], "Tp": [false, null, null, 4000]}
{"seed": 884086, "secs": 5.0, "T": [true, 0.5052033311021955, 0.050104600720527026, 4000], "D": [true, 4.998604940649073, 7.147629415575609, 4000], "Dp": [true, 4.910307494696195, 9.554590773675516, 4000], "Tp": [false, null, null, 4000]}
{"seed": 884087, "secs": 5.0, "T": [true, 0.5115530924729068, 0.059952565971593715, 4000], "D": [true, 5.2001492044317335, 7.736237481464014, 4000], "Dp": [true, 4.578773855773845, 8.40463337883143, 4000], "Tp": [false, null, null, 4000]}
{"seed": 884088, "secs": 4.6, "T": [true, 0.39465750181508824, 0.0014305085662250634, 4000], "D": [true, 4.452717805439068, 6.978692325253226, 4000], "Dp": [true, 5.542546514049959, 9.282923546606607, 4000], "Tp": [false, null, null, 4000]}
{"seed": 884089, "secs": 5.2, "T": [true, 0.5382404504589157, 0.08936594735869025, 4000], "D": [true, 5.523651580481351, 8.451415344256997, 4000], "Dp": [true, 4.465937377558041, 8.515548234995425, 4000], "Tp": [false, null, null, 4000]}
{"seed": 884090, "secs": 4.6, "T": [true, 0.4146725383822536, 0.026245814655761826, 4000], "D": [true, 4.964850410226041, 7.8656500196812305, 4000], "Dp": [true, 5.76626967932827, 10.142922516826108, 4000], "Tp": [false, null, null, 4000]}
{"seed": 884091, "secs": 4.7, "T": [true, 0.44911080992139757, 0.04381270479840978, 4000], "D": [true, 4.898043012976027, 8.271260972507951, 4000], "Dp": [true, 5.468599098573744, 9.50339471643585, 4000], "Tp": [false, null, null, 4000]}
{"seed": 884092, "secs": 5.1, "T": [true, 0.5254076342143023, 0.07333509133509238, 4000], "D": [true, 5.059120812639037, 7.2761173375809145, 4000], "Dp": [true, 5.3124689345569625, 10.092467023710206, 4000], "Tp": [false, null, null, 4000]}
{"seed": 884093, "secs": 5.3, "T": [true, 0.5293362721471481, 0.0768459873710117, 4000], "D": [true, 5.222280748422849, 8.038461296646792, 4000], "Dp": [true, 4.8038437110960945, 9.217369378195878, 4000], "Tp": [false, null, null, 4000]}
{"seed": 884094, "secs": 5.1, "T": [true, 0.54494985845343, 0.08737085868607057, 4000], "D": [true, 5.183306073014011, 7.827357329442946, 4000], "Dp": [true, 4.855132806658117, 8.903229265618698, 4000], "Tp": [false, null, null, 4000]}
{"seed": 884095, "secs": 4.1, "T": [true, 0.3905650050437993, 0.024884047891711794, 4000], "D": [true, 3.9335777379138803, 6.350919897303242, 4000], "Dp": [true, 6.4109052346157425, 9.092861752140305, 4000], "Tp": [false, null, null, 4000]}
{"seed": 884096, "secs": 5.3, "T": [true, 0.5875572417056216, 0.10523245080268637, 4000], "D": [true, 5.449551176532691, 8.492919405459702, 4000], "Dp": [true, 4.404858215797641, 8.84980859021496, 4000], "Tp": [false, null, null, 4000]}
{"seed": 884097, "secs": 5.2, "T": [true, 0.5536709351053815, 0.07154668801565107, 4000], "D": [true, 5.512881401043109, 7.938717382604383, 4000], "Dp": [true, 4.381165629322657, 8.516103886269702, 4000], "Tp": [false, null, null, 4000]}
{"seed": 884098, "secs": 5.0, "T": [true, 0.5261449233709908, 0.05716717919823441, 4000], "D": [true, 4.990935854447482, 6.6207783227245205, 4000], "Dp": [true, 4.667047689377657, 9.777528555006961, 4000], "Tp": [false, null, null, 4000]}
{"seed": 884099, "secs": 4.4, "T": [true, 0.4227732000653325, 0.023382952122636653, 4000], "D": [true, 4.778684383740813, 7.664951886620293, 4000], "Dp": [true, 5.443679307112337, 9.172013146997772, 4000], "Tp": [false, null, null, 4000]}
{"seed": 884100, "secs": 4.4, "T": [true, 0.4284434406560569, 0.023505674432450566, 4000], "D": [true, 5.117396203952405, 9.14453839945429, 4000], "Dp": [true, 4.648798499564732, 7.360220196422627, 4000], "Tp": [false, null, null, 4000]}
{"seed": 884101, "secs": 5.6, "T": [true, 0.6596157920260874, 0.10228214000449799, 4000], "D": [true, 5.864541870040907, 7.066572783579095, 4000], "Dp": [true, 4.05546513030111, 9.104650468147153, 4000], "Tp": [false, null, null, 4000]}
{"seed": 884102, "secs": 4.9, "T": [true, 0.5038786168319668, 0.06766200723979277, 4000], "D": [true, 5.360788383474239, 8.069384584511779, 4000], "Dp": [true, 4.607060168426284, 7.7289526265755955, 4000], "Tp": [false, null, null, 4000]}
{"seed": 884103, "secs": 4.8, "T": [true, 0.49400273679041096, 0.06267439572150162, 4000], "D": [true, 5.0259726073972155, 7.9390579618355614, 4000], "Dp": [true, 5.460977772043238, 9.83545307179236, 4000], "Tp": [false, null, null, 4000]}
{"seed": 884104, "secs": 4.3, "T": [true, 0.4140986922668209, 0.02116341524291015, 4000], "D": [true, 4.427275523496893, 7.216720568586843, 4000], "Dp": [true, 5.420370170630835, 9.046645295684657, 4000], "Tp": [false, null, null, 4000]}
{"seed": 884105, "secs": 4.6, "T": [true, 0.4466109075803576, 0.038599597875180226, 4000], "D": [true, 5.053611264382306, 8.56546741236731, 4000], "Dp": [true, 5.219344103436443, 8.143688250173762, 4000], "Tp": [false, null, null, 4000]}
{"seed": 884106, "secs": 4.8, "T": [true, 0.4868997475534327, 0.05326210650634388, 4000], "D": [true, 5.01110687012726, 7.580170967572638, 4000], "Dp": [true, 4.638940887758873, 8.470079848126687, 4000], "Tp": [false, null, null, 4000]}
{"seed": 884107, "secs": 4.6, "T": [true, 0.45563680335940127, 0.02450746439480866, 4000], "D": [true, 4.986756514652006, 7.822569388498012, 4000], "Dp": [true, 5.097401681803954, 9.532523446015423, 4000], "Tp": [false, null, null, 4000]}
{"seed": 884108, "secs": 4.8, "T": [true, 0.5047793950466037, 0.06938588545000816, 4000], "D": [true, 5.048583411781972, 8.101132944530717, 4000], "Dp": [true, 5.244306592030031, 8.922170073258812, 4000], "Tp": [false, null, null, 4000]}
{"seed": 884109, "secs": 4.8, "T": [true, 0.43733859639701855, 0.019529729383568107, 4000], "D": [true, 5.381715222717884, 7.965706890210096, 4000], "Dp": [true, 5.327213954750928, 8.92059891157543, 4000], "Tp": [false, null, null, 4000]}
{"seed": 884110, "secs": 4.6, "T": [true, 0.4433275613213248, 0.042958140815872084, 4000], "D": [true, 4.665104453105491, 7.460831956274412, 4000], "Dp": [true, 5.649089771006769, 9.260549655184787, 4000], "Tp": [false, null, null, 4000]}
{"seed": 884111, "secs": 5.3, "T": [true, 0.5358546543749246, 0.08138448356436197, 4000], "D": [true, 4.958377558592304, 7.297674882470974, 4000], "Dp": [true, 5.893795021628558, 9.174938106264875, 4000], "Tp": [false, null, null, 4000]}
{"seed": 884112, "secs": 5.2, "T": [true, 0.5691239318436644, 0.07396526240608227, 4000], "D": [true, 6.101018990221538, 7.748615303469151, 4000], "Dp": [true, 4.3473584780947805, 7.887201052093629, 4000], "Tp": [false, null, null, 4000]}
{"seed": 884113, "secs": 4.4, "T": [true, 0.4254280611761413, 0.011203351832802248, 4000], "D": [true, 4.759160074890661, 7.5144936805011735, 4000], "Dp": [true, 4.90994911218593, 8.724185553396062, 4000], "Tp": [false, null, null, 4000]}
{"seed": 884114, "secs": 5.2, "T": [true, 0.5529086488522479, 0.08088213328200841, 4000], "D": [true, 5.866757618910458, 8.14618224891918, 4000], "Dp": [true, 4.507907745585668, 8.020578968798159, 4000], "Tp": [false, null, null, 4000]}
{"seed": 884115, "secs": 4.1, "T": [true, 0.3826619670037964, 0.006440074529350124, 4000], "D": [true, 4.282147027295292, 7.013882127804923, 4000], "Dp": [true, 5.9471716312030445, 8.965924537653759, 4000], "Tp": [false, null, null, 4000]}
{"seed": 884116, "secs": 4.5, "T": [true, 0.43151813075215795, 0.01795226614146555, 4000], "D": [true, 5.286967392549605, 8.57125689680356, 4000], "Dp": [true, 5.387613758960841, 9.28162726928708, 4000], "Tp": [false, null, null, 4000]}
{"seed": 884117, "secs": 4.8, "T": [true, 0.48639471249014277, 0.040571862538897704, 4000], "D": [true, 5.347096897257352, 7.706837198074173, 4000], "Dp": [true, 4.935462548353582, 9.229421073237097, 4000], "Tp": [false, null, null, 4000]}
{"seed": 884118, "secs": 5.0, "T": [true, 0.5205222345431427, 0.06694719390234835, 4000], "D": [true, 5.8903622088524195, 8.786296268207288, 4000], "Dp": [true, 4.772285012667611, 8.308713343151178, 4000], "Tp": [false, null, null, 4000]}
{"seed": 884119, "secs": 5.8, "T": [true, 0.6929713256824539, 0.14228682349723076, 4000], "D": [true, 6.135065152996206, 8.041157466758136, 4000], "Dp": [true, 3.8262710620354126, 8.172730226316881, 4000], "Tp": [false, null, null, 4000]}
{"seed": 884200, "secs": 0.7, "Tp": [true, 0.31609935176568077, -0.04325408168292615, 4000], "T": [false, null, null, 4000]}
{"seed": 884201, "secs": 0.7, "Tp": [true, 0.31760865543268885, -0.0626126067064434, 4000], "T": [false, null, null, 4000]}
{"seed": 884202, "secs": 0.8, "Tp": [true, 0.3212689294111141, -0.04354802250237995, 4000], "T": [false, null, null, 4000]}
{"seed": 884203, "secs": 1.1, "Tp": [true, 0.3650068718744311, -0.0545275419574546, 4000], "T": [false, null, null, 4000]}
{"seed": 884204, "secs": 1.0, "Tp": [true, 0.3511330769855613, -0.04733254540276115, 4000], "T": [false, null, null, 4000]}
{"seed": 884205, "secs": 1.1, "Tp": [true, 0.3637419043378318, -0.06799519923560186, 4000], "T": [false, null, null, 4000]}
{"seed": 884206, "secs": 1.1, "Tp": [true, 0.3635203861061753, -0.056730089507803824, 4000], "T": [false, null, null, 4000]}
{"seed": 884207, "secs": 0.6, "Tp": [true, 0.30398083614857074, -0.06585970494251316, 4000], "T": [false, null, null, 4000]}
{"seed": 884208, "secs": 0.5, "Tp": [true, 0.2910017125499219, -0.05956391256763605, 4000], "T": [false, null, null, 4000]}
{"seed": 884209, "secs": 1.0, "Tp": [true, 0.3527343916938072, -0.04943788107310428, 4000], "T": [false, null, null, 4000]}
{"seed": 884210, "secs": 0.7, "Tp": [true, 0.3104499062050148, -0.0677299349218242, 4000], "T": [false, null, null, 4000]}
{"seed": 884211, "secs": 1.1, "Tp": [true, 0.3583765960236638, -0.047330828737383666, 4000], "T": [false, null, null, 4000]}
{"seed": 884212, "secs": 1.3, "Tp": [true, 0.3847391281232814, -0.051854852071602786, 4000], "T": [false, null, null, 4000]}
{"seed": 884213, "secs": 0.5, "Tp": [true, 0.2909234424893955, -0.0687659790584853, 4000], "T": [false, null, null, 4000]}
{"seed": 884214, "secs": 1.0, "Tp": [true, 0.34601153254016537, -0.05230280027020458, 4000], "T": [false, null, null, 4000]}
{"seed": 884215, "secs": 0.8, "Tp": [true, 0.3269647831956133, -0.05749414662468423, 4000], "T": [false, null, null, 4000]}
{"seed": 884216, "secs": 0.9, "Tp": [true, 0.333184703298522, -0.06083807113172808, 4000], "T": [false, null, null, 4000]}
{"seed": 884217, "secs": 0.9, "Tp": [true, 0.33943411848862903, -0.05297311367371504, 4000], "T": [false, null, null, 4000]}
{"seed": 884218, "secs": 0.9, "Tp": [true, 0.34231453030773873, -0.06209707001153732, 4000], "T": [false, null, null, 4000]}
{"seed": 884219, "secs": 0.7, "Tp": [true, 0.3057942847593213, -0.06226919209853792, 4000], "T": [false, null, null, 4000]}
{"seed": 884220, "secs": 0.7, "Tp": [true, 0.31590542366516317, -0.052520075896721634, 4000], "T": [false, null, null, 4000]}
{"seed": 884221, "secs": 0.8, "Tp": [true, 0.3213852647461911, -0.05304910414142688, 4000], "T": [false, null, null, 4000]}
{"seed": 884222, "secs": 0.5, "Tp": [true, 0.28501504829729996, -0.06365552676086925, 4000], "T": [false, null, null, 4000]}
{"seed": 884223, "secs": 0.8, "Tp": [true, 0.32472193041423003, -0.056039592844894286, 4000], "T": [false, null, null, 4000]}
{"seed": 884224, "secs": 0.9, "Tp": [true, 0.34442107259058313, -0.04819894949020416, 4000], "T": [false, null, null, 4000]}
{"seed": 884225, "secs": 1.1, "Tp": [true, 0.3698410895835126, -0.014914946711241639, 4000], "T": [false, null, null, 4000]}
{"seed": 884226, "secs": 1.3, "Tp": [true, 0.3910052507269006, -0.04410382824765886, 4000], "T": [false, null, null, 4000]}
{"seed": 884227, "secs": 0.9, "Tp": [true, 0.33992300602563563, -0.06720663631719849, 4000], "T": [false, null, null, 4000]}
{"seed": 884228, "secs": 1.1, "Tp": [true, 0.36193192442929645, -0.04210319484733306, 4000], "T": [false, null, null, 4000]}
{"seed": 884229, "secs": 0.9, "Tp": [true, 0.33943476597417477, -0.055577945381543335, 4000], "T": [false, null, null, 4000]}
{"seed": 884230, "secs": 1.2, "Tp": [true, 0.3693445544641517, -0.051082293069418756, 4000], "T": [false, null, null, 4000]}
{"seed": 884231, "secs": 1.2, "Tp": [true, 0.37217703379082373, -0.05774516136507172, 4000], "T": [false, null, null, 4000]}
{"seed": 884232, "secs": 1.2, "Tp": [true, 0.3797327535683681, -0.04453322151337535, 4000], "T": [false, null, null, 4000]}
{"seed": 884233, "secs": 0.9, "Tp": [true, 0.33245877971827664, -0.04671969917081488, 4000], "T": [false, null, null, 4000]}
{"seed": 884234, "secs": 0.7, "Tp": [true, 0.310289293745237, -0.04712408109057739, 4000], "T": [false, null, null, 4000]}
{"seed": 884235, "secs": 0.8, "Tp": [true, 0.3248985778365185, -0.05707990460707424, 4000], "T": [false, null, null, 4000]}
{"seed": 884236, "secs": 0.7, "Tp": [true, 0.31714764621959113, -0.06432440470974593, 4000], "T": [false, null, null, 4000]}
{"seed": 884237, "secs": 1.0, "Tp": [true, 0.3452681194820769, -0.06725745156284753, 4000], "T": [false, null, null, 4000]}
{"seed": 884238, "secs": 0.6, "Tp": [true, 0.30068552517090685, -0.05507401568248217, 4000], "T": [false, null, null, 4000]}
{"seed": 884239, "secs": 0.7, "Tp": [true, 0.31697883163204654, -0.03870265470516876, 4000], "T": [false, null, null, 4000]}
{"seed": 884240, "secs": 0.9, "Tp": [true, 0.3473705193821649, -0.04691212085700396, 4000], "T": [false, null, null, 4000]}
{"seed": 884241, "secs": 0.8, "Tp": [true, 0.32733182541530437, -0.060447798464050684, 4000], "T": [false, null, null, 4000]}
{"seed": 884242, "secs": 1.2, "Tp": [true, 0.38354445128624476, -0.04019848351722972, 4000], "T": [false, null, null, 4000]}
{"seed": 884243, "secs": 0.9, "Tp": [true, 0.3429444550867856, -0.055398823071707765, 4000], "T": [false, null, null, 4000]}
{"seed": 884244, "secs": 0.6, "Tp": [true, 0.299265839154908, -0.05102259478089253, 4000], "T": [false, null, null, 4000]}
{"seed": 884245, "secs": 0.8, "Tp": [true, 0.3322023679981537, -0.05136532476011083, 4000], "T": [false, null, null, 4000]}
{"seed": 884246, "secs": 0.9, "Tp": [true, 0.33389953067337635, -0.04299747559000825, 4000], "T": [false, null, null, 4000]}
{"seed": 884247, "secs": 0.8, "Tp": [true, 0.32998568489591507, -0.033617388150475526, 4000], "T": [false, null, null, 4000]}
{"seed": 884248, "secs": 0.6, "Tp": [true, 0.30490298194328963, -0.05852207905742734, 4000], "T": [false, null, null, 4000]}
{"seed": 884249, "secs": 0.7, "Tp": [true, 0.31039506321380017, -0.06597843510375662, 4000], "T": [false, null, null, 4000]}
{"seed": 884250, "secs": 0.8, "Tp": [true, 0.3231823674798369, -0.03756200741689946, 4000], "T": [false, null, null, 4000]}
{"seed": 884251, "secs": 1.0, "Tp": [true, 0.34738718170463656, -0.040045324486217455, 4000], "T": [false, null, null, 4000]}
{"seed": 884252, "secs": 1.0, "Tp": [true, 0.34979770789271225, -0.027740368470746554, 4000], "T": [false, null, null, 4000]}
{"seed": 884253, "secs": 0.9, "Tp": [true, 0.3375143222065149, -0.06811943037260798, 4000], "T": [false, null, null, 4000]}
{"seed": 884254, "secs": 1.1, "Tp": [true, 0.3614192896772328, -0.025591156994624206, 4000], "T": [false, null, null, 4000]}
{"seed": 884255, "secs": 0.6, "Tp": [true, 0.29623831510271914, -0.06498829274436523, 4000], "T": [false, null, null, 4000]}
{"seed": 884256, "secs": 0.8, "Tp": [true, 0.32518270210158773, -0.06936861859345592, 4000], "T": [false, null, null, 4000]}
{"seed": 884257, "secs": 0.7, "Tp": [true, 0.3139901743262549, -0.06069695484064841, 4000], "T": [false, null, null, 4000]}
{"seed": 884258, "secs": 0.8, "Tp": [true, 0.3218431363858638, -0.06282558495303177, 4000], "T": [false, null, null, 4000]}
{"seed": 884259, "secs": 0.7, "Tp": [true, 0.30564736274427656, -0.0631548541429919, 4000], "T": [false, null, null, 4000]}
{"seed": 884260, "secs": 0.6, "Tp": [true, 0.2985319773612214, -0.04525729291501719, 4000], "T": [false, null, null, 4000]}
{"seed": 884261, "secs": 0.8, "Tp": [true, 0.31998831641972597, -0.05607490112554876, 4000], "T": [false, null, null, 4000]}
{"seed": 884262, "secs": 0.6, "Tp": [true, 0.30465868757308917, -0.056054226028879515, 4000], "T": [false, null, null, 4000]}
{"seed": 884263, "secs": 1.0, "Tp": [true, 0.35798303739784104, -0.05926770116045781, 4000], "T": [false, null, null, 4000]}
{"seed": 884264, "secs": 0.8, "Tp": [true, 0.33053166637570053, -0.03612902595648904, 4000], "T": [false, null, null, 4000]}
{"seed": 884265, "secs": 0.7, "Tp": [true, 0.3101189222877645, -0.038115219082160805, 4000], "T": [false, null, null, 4000]}
{"seed": 884266, "secs": 1.1, "Tp": [true, 0.3638458215651859, -0.045990768457221935, 4000], "T": [false, null, null, 4000]}
{"seed": 884267, "secs": 0.9, "Tp": [true, 0.33156643943494346, -0.078167810524879, 4000], "T": [false, null, null, 4000]}
{"seed": 884268, "secs": 0.7, "Tp": [true, 0.31039998124310053, -0.04316407047428613, 4000], "T": [false, null, null, 4000]}
{"seed": 884269, "secs": 0.8, "Tp": [true, 0.3271447716440533, -0.03652814683151062, 4000], "T": [false, null, null, 4000]}
{"seed": 884270, "secs": 0.8, "Tp": [true, 0.32597657236403943, -0.0645520104211326, 4000], "T": [false, null, null, 4000]}
{"seed": 884271, "secs": 0.9, "Tp": [true, 0.33521192189233195, -0.03057738778872868, 4000], "T": [false, null, null, 4000]}
{"seed": 884272, "secs": 0.8, "Tp": [true, 0.3192627377392027, -0.043874872465006626, 4000], "T": [false, null, null, 4000]}
{"seed": 884273, "secs": 0.8, "Tp": [true, 0.3278973163078547, -0.036904801156492396, 4000], "T": [false, null, null, 4000]}
{"seed": 884274, "secs": 0.9, "Tp": [true, 0.34108680403183633, -0.05677144935023007, 4000], "T": [false, null, null, 4000]}
{"seed": 884275, "secs": 0.8, "Tp": [true, 0.3239661377604014, -0.050775555200787845, 4000], "T": [false, null, null, 4000]}
{"seed": 884276, "secs": 0.7, "Tp": [true, 0.3101089009338719, -0.05160486307833068, 4000], "T": [false, null, null, 4000]}
{"seed": 884277, "secs": 0.9, "Tp": [true, 0.3379724671792579, -0.0568569035087728, 4000], "T": [false, null, null, 4000]}
{"seed": 884278, "secs": 1.0, "Tp": [true, 0.34899745070926114, -0.035151602437012056, 4000], "T": [false, null, null, 4000]}
{"seed": 884279, "secs": 0.7, "Tp": [true, 0.31564810406538896, -0.042375393410806476, 4000], "T": [false, null, null, 4000]}
{"seed": 884280, "secs": 1.1, "Tp": [true, 0.36600484405009204, -0.021728642744056993, 4000], "T": [false, null, null, 4000]}
{"seed": 884281, "secs": 0.8, "Tp": [true, 0.32663623441616896, -0.06056967081383268, 4000], "T": [false, null, null, 4000]}
{"seed": 884282, "secs": 0.6, "Tp": [true, 0.29405249778902387, -0.04492014513302661, 4000], "T": [false, null, null, 4000]}
{"seed": 884283, "secs": 0.9, "Tp": [true, 0.33790856155607074, -0.03763993400697777, 4000], "T": [false, null, null, 4000]}
{"seed": 884284, "secs": 0.7, "Tp": [true, 0.30550951955627814, -0.06607961489118482, 4000], "T": [false, null, null, 4000]}
{"seed": 884285, "secs": 0.9, "Tp": [true, 0.3363646445324691, -0.04608415822508272, 4000], "T": [false, null, null, 4000]}
{"seed": 884286, "secs": 0.8, "Tp": [true, 0.31593699740798153, -0.05349744175590559, 4000], "T": [false, null, null, 4000]}
{"seed": 884287, "secs": 0.8, "Tp": [true, 0.3208356177354925, -0.03388431155786464, 4000], "T": [false, null, null, 4000]}
{"seed": 884288, "secs": 0.9, "Tp": [true, 0.33714741864518116, -0.06211737086974101, 4000], "T": [false, null, null, 4000]}
{"seed": 884289, "secs": 1.1, "Tp": [true, 0.3621276670431397, -0.02061652001284729, 4000], "T": [false, null, null, 4000]}
{"seed": 884290, "secs": 1.1, "Tp": [true, 0.36621467855027345, -0.053372229154124526, 4000], "T": [false, null, null, 4000]}
{"seed": 884291, "secs": 1.2, "Tp": [true, 0.3480796552158934, -0.050135923422960346, 4000], "T": [false, null, null, 4000]}
{"seed": 884292, "secs": 0.9, "Tp": [true, 0.33378980170367123, -0.032168304311036226, 4000], "T": [false, null, null, 4000]}
{"seed": 884293, "secs": 1.0, "Tp": [true, 0.34638197466407844, -0.05523696788003924, 4000], "T": [false, null, null, 4000]}
{"seed": 884294, "secs": 0.7, "Tp": [true, 0.31390944292402045, -0.05006221653647211, 4000], "T": [false, null, null, 4000]}
{"seed": 884295, "secs": 1.0, "Tp": [true, 0.34230757410457413, -0.06190218803471147, 4000], "T": [false, null, null, 4000]}
{"seed": 884296, "secs": 0.6, "Tp": [true, 0.29041337831117287, -0.06211754578438567, 4000], "T": [false, null, null, 4000]}
{"seed": 884297, "secs": 0.6, "Tp": [true, 0.2965233484682524, -0.0568817641654991, 4000], "T": [false, null, null, 4000]}
{"seed": 884298, "secs": 0.7, "Tp": [true, 0.3123939526075951, -0.06012509344430888, 4000], "T": [false, null, null, 4000]}
{"seed": 884299, "secs": 0.8, "Tp": [true, 0.326896555162801, -0.05082973933218962, 4000], "T": [false, null, null, 4000]}
{"seed": 884300, "secs": 0.6, "Tp": [true, 0.29913229836018523, -0.044757081020938505, 4000], "T": [false, null, null, 4000]}
{"seed": 884301, "secs": 0.8, "Tp": [true, 0.31894953336828, -0.056683109717883706, 4000], "T": [false, null, null, 4000]}
{"seed": 884302, "secs": 0.5, "Tp": [true, 0.28946297433452167, -0.05311337793497975, 4000], "T": [false, null, null, 4000]}
{"seed": 884303, "secs": 0.6, "Tp": [true, 0.3055693333273208, -0.044710107510665294, 4000], "T": [false, null, null, 4000]}
{"seed": 884304, "secs": 0.5, "Tp": [true, 0.29100188426594925, -0.05445798340171809, 4000], "T": [false, null, null, 4000]}
{"seed": 884305, "secs": 0.9, "Tp": [true, 0.332125802269016, -0.05359773479326109, 4000], "T": [false, null, null, 4000]}
{"seed": 884306, "secs": 1.3, "Tp": [true, 0.3911053676999888, -0.03961587755413519, 4000], "T": [false, null, null, 4000]}
{"seed": 884307, "secs": 0.6, "Tp": [true, 0.29960857732054047, -0.036887885135995606, 4000], "T": [false, null, null, 4000]}
{"seed": 884308, "secs": 0.9, "Tp": [true, 0.34232938297901666, -0.0605745785628199, 4000], "T": [false, null, null, 4000]}
{"seed": 884309, "secs": 1.0, "Tp": [true, 0.34630262208580365, -0.05921103407059452, 4000], "T": [false, null, null, 4000]}
{"seed": 884310, "secs": 0.7, "Tp": [true, 0.3140963033607115, -0.05460827897828366, 4000], "T": [false, null, null, 4000]}
{"seed": 884311, "secs": 1.2, "Tp": [true, 0.37738809398865825, -0.033596976205055244, 4000], "T": [false, null, null, 4000]}
{"seed": 884312, "secs": 0.8, "Tp": [true, 0.3281862011754906, -0.07179878656210845, 4000], "T": [false, null, null, 4000]}
{"seed": 884313, "secs": 1.1, "Tp": [true, 0.37057715165795235, -0.04265229030211793, 4000], "T": [false, null, null, 4000]}
{"seed": 884314, "secs": 0.9, "Tp": [true, 0.34439859814007207, -0.029818661350059207, 4000], "T": [false, null, null, 4000]}
{"seed": 884315, "secs": 1.2, "Tp": [true, 0.36962935851683043, -0.0659646500807528, 4000], "T": [false, null, null, 4000]}
{"seed": 884316, "secs": 0.6, "Tp": [true, 0.3038992743135081, -0.0385107980324741, 4000], "T": [false, null, null, 4000]}
{"seed": 884317, "secs": 0.7, "Tp": [true, 0.30845421100241643, -0.0709710285012726, 4000], "T": [false, null, null, 4000]}
{"seed": 884318, "secs": 1.0, "Tp": [true, 0.35882318841698785, -0.024676970468766178, 4000], "T": [false, null, null, 4000]}
{"seed": 884319, "secs": 0.6, "Tp": [true, 0.2936076139279215, -0.04016759789625328, 4000], "T": [false, null, null, 4000]}
frozen 250 valid full copies {'T': [130, 130], 'D': [130, 130], 'Dp': [130, 130], 'Tp': [130, 130]}
