{
 "predictions_sha256": "e78d85c80ad7287db698fcf299bb22854fa811d620f382bc64a2db531bb409ab",
 "registration_sha256_file_sha256": "14544bf0f56fa7393ffafe9c0909a74fda8da6c6a961fb92157b67e59a92744b",
 "rho": {
  "T": 0.0009765625,
  "D": 1.0,
  "Tp": 0.000244140625
 },
 "gates": {
  "T": {
   "n_runs": 200,
   "n_on_branch": 98,
   "min_on_branch": 60,
   "n_hold_G_positive": 1,
   "count_ok": true,
   "hold_ok": false,
   "hold_condition_applies": false,
   "pass": true
  },
  "D": {
   "n_runs": 120,
   "n_on_branch": 120,
   "min_on_branch": 108,
   "n_hold_G_positive": 0,
   "count_ok": true,
   "hold_ok": true,
   "hold_condition_applies": true,
   "pass": true
  },
  "Tp": {
   "n_runs": 120,
   "n_on_branch": 120,
   "min_on_branch": 108,
   "n_hold_G_positive": 0,
   "count_ok": true,
   "hold_ok": true,
   "hold_condition_applies": true,
   "pass": true
  }
 },
 "arms": {
  "T": {
   "arm": "T",
   "role": "headline",
   "gate": {
    "n_runs": 200,
    "n_on_branch": 98,
    "min_on_branch": 60,
    "n_hold_G_positive": 1,
    "count_ok": true,
    "hold_ok": false,
    "hold_condition_applies": false,
    "pass": true
   },
   "n_runs": 200,
   "n_on_branch": 98,
   "n_off_branch": 102,
   "n_crossed": 139,
   "n_on_branch_not_following": 0,
   "n_on_branch_hold_G_positive": 1,
   "n_excluded_sensitivity": 0,
   "n_on_branch_crossed": 98,
   "n_scored": 98,
   "n_on_branch_crossed_not_scored": 0,
   "n_kappa_nonpos_scored": 1,
   "n_kappa_pos_crossing": 97,
   "frac_tsw_before_crossing_kappa_pos": 0.9690721649484536,
   "regime_frac": 1.0,
   "median_predicted_lag_steps": 24.763172974645897,
   "q90_kappa_chi_tsw": 0.0016703426658108398,
   "median_chi_tsw": 0.0283713212399814,
   "pilot_median_chi_tsw": 0.025867348566115944,
   "chi_rel_to_pilot": 0.09680051542450907,
   "q90_max_chi_window": 0.07669635704901395,
   "n_L5_eligible": 92,
   "validity": {
    "V1_min_scored_60": true,
    "V2_tsw_before_crossing_90pct_kappa_pos": true,
    "V3_regime_eta_lam_le_0p5_in_80pct": true,
    "V4_median_abs_predicted_lag_ge_10_steps": true,
    "V5_q90_abs_kappa_chi_le_0p1": true,
    "V6_median_chi_within_30pct_of_pilot": true,
    "V7_q90_max_chi_window_le_0p25": true
   },
   "valid": true,
   "scored_index": [
    0,
    2,
    3,
    8,
    9,
    11,
    12,
    13,
    15,
    18,
    20,
    21,
    22,
    23,
    25,
    26,
    27,
    28,
    30,
    31,
    32,
    34,
    35,
    37,
    38,
    39,
    41,
    42,
    43,
    46,
    47,
    50,
    52,
    55,
    56,
    57,
    58,
    59,
    68,
    69,
    72,
    75,
    76,
    78,
    80,
    82,
    84,
    86,
    88,
    91,
    95,
    100,
    103,
    104,
    105,
    106,
    107,
    108,
    109,
    110,
    112,
    117,
    119,
    121,
    122,
    126,
    130,
    131,
    134,
    137,
    138,
    139,
    140,
    144,
    145,
    146,
    147,
    149,
    150,
    152,
    156,
    157,
    158,
    160,
    161,
    162,
    163,
    165,
    167,
    169,
    173,
    180,
    183,
    184,
    186,
    192,
    196,
    197
   ],
   "L1": {
    "n": 98,
    "median_ratio": 1.000000000000049,
    "verdict": "PASS"
   },
   "L2": {
    "n": 98,
    "median_ratio": 1.0086669030409947,
    "verdict": "PASS"
   },
   "L3": {
    "n": 98,
    "spearman": 0.9999234932960999,
    "verdict": "PASS"
   },
   "L4": {
    "n": 98,
    "mean_D": -0.109018581771878,
    "ci95": [
     -0.12482764557803061,
     -0.09367937129864262
    ],
    "verdict": "PASS",
    "comparator": "the run's branch's population switch"
   },
   "L5": {
    "n": 92,
    "n_scored": 98,
    "mean_D": -0.001207388270077351,
    "ci95": [
     -0.001285533548760318,
     -0.001128970114118048
    ],
    "verdict": "PASS",
    "comparator": "s_switch (the lag-free own switch)",
    "resolution_rule": "|t_pred - t_sw| >= 6",
    "enough_eligible": true
   },
   "outcome": "PASS",
   "sensitivity_excluding_hold_G_positive_DESCRIPTIVE": {
    "arm": "T",
    "role": "headline",
    "gate": {
     "n_runs": 200,
     "n_on_branch": 98,
     "min_on_branch": 60,
     "n_hold_G_positive": 1,
     "count_ok": true,
     "hold_ok": false,
     "hold_condition_applies": false,
     "pass": true
    },
    "n_runs": 200,
    "n_on_branch": 98,
    "n_off_branch": 102,
    "n_crossed": 139,
    "n_on_branch_not_following": 0,
    "n_on_branch_hold_G_positive": 1,
    "n_excluded_sensitivity": 1,
    "n_on_branch_crossed": 98,
    "n_scored": 97,
    "n_on_branch_crossed_not_scored": 1,
    "n_kappa_nonpos_scored": 1,
    "n_kappa_pos_crossing": 96,
    "frac_tsw_before_crossing_kappa_pos": 0.96875,
    "regime_frac": 1.0,
    "median_predicted_lag_steps": 24.83860792792145,
    "q90_kappa_chi_tsw": 0.00167077602755002,
    "median_chi_tsw": 0.0279883510261632,
    "pilot_median_chi_tsw": 0.025867348566115944,
    "chi_rel_to_pilot": 0.0819953562161988,
    "q90_max_chi_window": 0.07691726257277319,
    "n_L5_eligible": 91,
    "validity": {
     "V1_min_scored_60": true,
     "V2_tsw_before_crossing_90pct_kappa_pos": true,
     "V3_regime_eta_lam_le_0p5_in_80pct": true,
     "V4_median_abs_predicted_lag_ge_10_steps": true,
     "V5_q90_abs_kappa_chi_le_0p1": true,
     "V6_median_chi_within_30pct_of_pilot": true,
     "V7_q90_max_chi_window_le_0p25": true
    },
    "valid": true,
    "L1": {
     "n": 97,
     "median_ratio": 1.0000000000000493,
     "verdict": "PASS"
    },
    "L2": {
     "n": 97,
     "median_ratio": 1.0082507695412146,
     "verdict": "PASS"
    },
    "L3": {
     "n": 97,
     "spearman": 0.9999211024616032,
     "verdict": "PASS"
    },
    "L4": {
     "n": 97,
     "mean_D": -0.10910459425331705,
     "ci95": [
      -0.12532777908578355,
      -0.09361815198441509
     ],
     "verdict": "PASS",
     "comparator": "the run's branch's population switch"
    },
    "L5": {
     "n": 91,
     "n_scored": 97,
     "mean_D": -0.001211417782442338,
     "ci95": [
      -0.0012930606129959487,
      -0.0011315206233339812
     ],
     "verdict": "PASS",
     "comparator": "s_switch (the lag-free own switch)",
     "resolution_rule": "|t_pred - t_sw| >= 6",
     "enough_eligible": true
    },
    "outcome": "PASS"
   },
   "descriptive": {
    "copy_counts": {
     "T": 98,
     "none": 87,
     "Tp": 15
    },
    "newton_type_counts": {
     "T": 100,
     "D": 58,
     "not accepted": 24,
     "Tp": 15,
     "Dp": 3
    },
    "n_init_placed": 0,
    "median_r_obs_scored": 0.0011608769763740145,
    "median_r_traj_scored": 0.0011608769763738502,
    "median_r_cf_scored": 0.0011536557134731,
    "median_steps_tsw_to_crossing_scored": 24.0,
    "n_kappa_negative_scored": 1,
    "n_hold_G_positive": 1,
    "n_undecided_steps_total": 0,
    "n_follow_check_at_or_after_crossing": 0,
    "status_counts": {
     "no prediction: not on a scored copy at release": 102,
     "ok": 98
    }
   }
  },
  "D": {
   "arm": "D",
   "role": "control (branch-point start)",
   "gate": {
    "n_runs": 120,
    "n_on_branch": 120,
    "min_on_branch": 108,
    "n_hold_G_positive": 0,
    "count_ok": true,
    "hold_ok": true,
    "hold_condition_applies": true,
    "pass": true
   },
   "n_runs": 120,
   "n_on_branch": 120,
   "n_off_branch": 0,
   "n_crossed": 120,
   "n_on_branch_not_following": 0,
   "n_on_branch_hold_G_positive": 0,
   "n_excluded_sensitivity": 0,
   "n_on_branch_crossed": 120,
   "n_scored": 120,
   "n_on_branch_crossed_not_scored": 0,
   "n_kappa_nonpos_scored": 0,
   "n_kappa_pos_crossing": 120,
   "frac_tsw_before_crossing_kappa_pos": 1.0,
   "regime_frac": 1.0,
   "median_predicted_lag_steps": 202.42664578036542,
   "q90_kappa_chi_tsw": 0.035883998153214185,
   "median_chi_tsw": 0.004107354368202349,
   "pilot_median_chi_tsw": 0.0038754558065711665,
   "chi_rel_to_pilot": 0.059837751533117434,
   "q90_max_chi_window": 0.006422795121466131,
   "n_L5_eligible": 120,
   "validity": {
    "V1_min_scored_60": true,
    "V2_tsw_before_crossing_90pct_kappa_pos": true,
    "V3_regime_eta_lam_le_0p5_in_80pct": true,
    "V4_median_abs_predicted_lag_ge_10_steps": true,
    "V5_q90_abs_kappa_chi_le_0p1": true,
    "V6_median_chi_within_30pct_of_pilot": true,
    "V7_q90_max_chi_window_le_0p25": true
   },
   "valid": true,
   "scored_index": [
    0,
    1,
    2,
    3,
    4,
    5,
    6,
    7,
    8,
    9,
    10,
    11,
    12,
    13,
    14,
    15,
    16,
    17,
    18,
    19,
    20,
    21,
    22,
    23,
    24,
    25,
    26,
    27,
    28,
    29,
    30,
    31,
    32,
    33,
    34,
    35,
    36,
    37,
    38,
    39,
    40,
    41,
    42,
    43,
    44,
    45,
    46,
    47,
    48,
    49,
    50,
    51,
    52,
    53,
    54,
    55,
    56,
    57,
    58,
    59,
    60,
    61,
    62,
    63,
    64,
    65,
    66,
    67,
    68,
    69,
    70,
    71,
    72,
    73,
    74,
    75,
    76,
    77,
    78,
    79,
    80,
    81,
    82,
    83,
    84,
    85,
    86,
    87,
    88,
    89,
    90,
    91,
    92,
    93,
    94,
    95,
    96,
    97,
    98,
    99,
    100,
    101,
    102,
    103,
    104,
    105,
    106,
    107,
    108,
    109,
    110,
    111,
    112,
    113,
    114,
    115,
    116,
    117,
    118,
    119
   ],
   "L1": {
    "n": 120,
    "median_ratio": 1.0209549796592823,
    "verdict": "PASS"
   },
   "L2": {
    "n": 120,
    "median_ratio": 1.0080118141961394,
    "verdict": "PASS"
   },
   "L3": {
    "n": 120,
    "spearman": 0.9972984235016318,
    "verdict": "PASS"
   },
   "L4": {
    "n": 120,
    "mean_D": -0.07663414923513755,
    "ci95": [
     -0.08848694462780168,
     -0.0653532587087799
    ],
    "verdict": "PASS",
    "comparator": "the run's branch's population switch"
   },
   "L5": {
    "n": 120,
    "n_scored": 120,
    "mean_D": -0.030701971487745568,
    "ci95": [
     -0.031360348531173025,
     -0.030034192632127903
    ],
    "verdict": "PASS",
    "comparator": "s_switch (the lag-free own switch)",
    "resolution_rule": "|t_pred - t_sw| >= 6",
    "enough_eligible": true
   },
   "outcome": "PASS",
   "descriptive": {
    "copy_counts": {
     "D": 120
    },
    "newton_type_counts": {
     "D": 120
    },
    "n_init_placed": 0,
    "median_r_obs_scored": 0.03197253390283661,
    "median_r_traj_scored": 0.031485375869049495,
    "median_r_cf_scored": 0.0316441602312746,
    "median_steps_tsw_to_crossing_scored": 206.0,
    "n_kappa_negative_scored": 0,
    "n_hold_G_positive": 0,
    "n_undecided_steps_total": 0,
    "n_follow_check_at_or_after_crossing": 0,
    "status_counts": {
     "ok": 120
    }
   }
  },
  "Tp": {
   "arm": "Tp",
   "role": "T-prime arm (change A; own verdict)",
   "gate": {
    "n_runs": 120,
    "n_on_branch": 120,
    "min_on_branch": 108,
    "n_hold_G_positive": 0,
    "count_ok": true,
    "hold_ok": true,
    "hold_condition_applies": true,
    "pass": true
   },
   "n_runs": 120,
   "n_on_branch": 120,
   "n_off_branch": 0,
   "n_crossed": 120,
   "n_on_branch_not_following": 0,
   "n_on_branch_hold_G_positive": 0,
   "n_excluded_sensitivity": 0,
   "n_on_branch_crossed": 120,
   "n_scored": 120,
   "n_on_branch_crossed_not_scored": 0,
   "n_kappa_nonpos_scored": 120,
   "n_kappa_pos_crossing": 0,
   "frac_tsw_before_crossing_kappa_pos": null,
   "regime_frac": 1.0,
   "median_predicted_lag_steps": 43.29659079405742,
   "q90_kappa_chi_tsw": 0.00141671443720037,
   "median_chi_tsw": 0.01649140005404285,
   "pilot_median_chi_tsw": 0.016168347744418696,
   "chi_rel_to_pilot": 0.019980539429928612,
   "q90_max_chi_window": 0.07524103132409052,
   "n_L5_eligible": 120,
   "validity": {
    "V1_min_scored_60": true,
    "V2_tsw_before_crossing_90pct_kappa_pos": true,
    "V3_regime_eta_lam_le_0p5_in_80pct": true,
    "V4_median_abs_predicted_lag_ge_10_steps": true,
    "V5_q90_abs_kappa_chi_le_0p1": true,
    "V6_median_chi_within_30pct_of_pilot": true,
    "V7_q90_max_chi_window_le_0p25": true
   },
   "valid": true,
   "scored_index": [
    0,
    1,
    2,
    3,
    4,
    5,
    6,
    7,
    8,
    9,
    10,
    11,
    12,
    13,
    14,
    15,
    16,
    17,
    18,
    19,
    20,
    21,
    22,
    23,
    24,
    25,
    26,
    27,
    28,
    29,
    30,
    31,
    32,
    33,
    34,
    35,
    36,
    37,
    38,
    39,
    40,
    41,
    42,
    43,
    44,
    45,
    46,
    47,
    48,
    49,
    50,
    51,
    52,
    53,
    54,
    55,
    56,
    57,
    58,
    59,
    60,
    61,
    62,
    63,
    64,
    65,
    66,
    67,
    68,
    69,
    70,
    71,
    72,
    73,
    74,
    75,
    76,
    77,
    78,
    79,
    80,
    81,
    82,
    83,
    84,
    85,
    86,
    87,
    88,
    89,
    90,
    91,
    92,
    93,
    94,
    95,
    96,
    97,
    98,
    99,
    100,
    101,
    102,
    103,
    104,
    105,
    106,
    107,
    108,
    109,
    110,
    111,
    112,
    113,
    114,
    115,
    116,
    117,
    118,
    119
   ],
   "L1": {
    "n": 120,
    "median_ratio": 1.0000000000000038,
    "verdict": "PASS"
   },
   "L2": {
    "n": 120,
    "median_ratio": 0.9930796774544781,
    "verdict": "PASS"
   },
   "L3": {
    "n": 120,
    "spearman": 0.9999861101465378,
    "verdict": "PASS"
   },
   "L4": {
    "n": 120,
    "mean_D": -0.06167568771060645,
    "ci95": [
     -0.06950116601342757,
     -0.05418706511340799
    ],
    "verdict": "PASS",
    "comparator": "the run's branch's population switch"
   },
   "L5": {
    "n": 120,
    "n_scored": 120,
    "mean_D": -0.000884788042380631,
    "ci95": [
     -0.0009507832081251228,
     -0.0008215843174522302
    ],
    "verdict": "PASS",
    "comparator": "s_switch (the lag-free own switch)",
    "resolution_rule": "|t_pred - t_sw| >= 6",
    "enough_eligible": true
   },
   "outcome": "PASS",
   "descriptive": {
    "copy_counts": {
     "Tp": 120
    },
    "newton_type_counts": {
     "Tp": 120
    },
    "n_init_placed": 0,
    "median_r_obs_scored": -0.0008421858620455414,
    "median_r_traj_scored": -0.0008421858620456,
    "median_r_cf_scored": -0.0008501790517856,
    "median_steps_tsw_to_crossing_scored": -43.5,
    "n_kappa_negative_scored": 120,
    "n_hold_G_positive": 0,
    "n_undecided_steps_total": 0,
    "n_follow_check_at_or_after_crossing": 0,
    "status_counts": {
     "ok": 120
    }
   }
  }
 },
 "headline": {
  "arm": "T",
  "outcome": "PASS"
 }
}
