{"W_hold": 4000, "hold_n_G_pos": 3945, "arm": "D", "seed": 884900, "newton_type": "Tp placed", "copy_at_release": null, "windings": null, "on_branch": false, "release_dist": 0.0, "rho": 1.0, "status": "no prediction: not on a scored copy at release", "secs": 6.3}
{"W_hold": 4000, "hold_n_G_pos": 3821, "arm": "D", "seed": 884901, "newton_type": "T placed", "copy_at_release": null, "windings": null, "on_branch": false, "release_dist": 0.0, "rho": 1.0, "status": "no prediction: not on a scored copy at release", "secs": 5.4}
{"W_hold": 4000, "hold_n_G_pos": 3971, "arm": "D", "seed": 884902, "newton_type": "T placed", "copy_at_release": null, "windings": null, "on_branch": false, "release_dist": 0.0, "rho": 1.0, "status": "no prediction: not on a scored copy at release", "secs": 5.7}
{"W_hold": 4000, "hold_n_G_pos": 0, "arm": "D", "seed": 884903, "newton_type": "D", "copy_at_release": "D", "windings": [0, 0], "on_branch": true, "release_dist": 0.0, "kappa": 7.51817444451018, "s_switch_frozen": 5.429511053481967, "s_switch": 5.429511053481967, "t_sw": 5101, "chi_tsw": 0.003729762163000027, "kc_tsw": 0.028041002577967815, "chi_path_max_all": 83.4390484629806, "chi_window_max": 0.005112059078566764, "t_follow": 3597, "follow_state_dist": 0.0700225805690895, "follows_branch": true, "branch_lost_at": null, "status": "ok (pilot: to t_sw, no recursion)", "rho": 1.0, "n_steps_run": 6000, "secs": 1.6}
{"W_hold": 4000, "hold_n_G_pos": 3939, "arm": "D", "seed": 884904, "newton_type": "T placed", "copy_at_release": null, "windings": null, "on_branch": false, "release_dist": 0.0, "rho": 1.0, "status": "no prediction: not on a scored copy at release", "secs": 5.6}
{"W_hold": 4000, "hold_n_G_pos": 3976, "arm": "D", "seed": 884905, "newton_type": "T placed", "copy_at_release": null, "windings": null, "on_branch": false, "release_dist": 0.0, "rho": 1.0, "status": "no prediction: not on a scored copy at release", "secs": 5.8}
{"W_hold": 4000, "hold_n_G_pos": 0, "arm": "D", "seed": 884906, "newton_type": "D", "copy_at_release": "D", "windings": [0, 0], "on_branch": true, "release_dist": 0.0, "kappa": 8.01262150113934, "s_switch_frozen": 5.607120721218756, "s_switch": 5.607120721218756, "t_sw": 4935, "chi_tsw": 0.0035259830159078917, "kc_tsw": 0.028252367325915705, "chi_path_max_all": 68.70606049363032, "chi_window_max": 0.004812032101578779, "t_follow": 3500, "follow_state_dist": 0.06779320623445173, "follows_branch": true, "branch_lost_at": null, "status": "ok (pilot: to t_sw, no recursion)", "rho": 1.0, "n_steps_run": 6000, "secs": 1.6}
{"W_hold": 4000, "hold_n_G_pos": 3920, "arm": "D", "seed": 884907, "newton_type": "Tp placed", "copy_at_release": null, "windings": null, "on_branch": false, "release_dist": 0.0, "rho": 1.0, "status": "no prediction: not on a scored copy at release", "secs": 5.6}
{"W_hold": 4000, "hold_n_G_pos": 0, "arm": "D", "seed": 884908, "newton_type": "D", "copy_at_release": "D", "windings": [0, 0], "on_branch": true, "release_dist": 0.0, "kappa": 8.130995085477108, "s_switch_frozen": 5.862635725394145, "s_switch": 5.862635725394145, "t_sw": 5210, "chi_tsw": 0.003282222955505863, "kc_tsw": 0.02668773872065832, "chi_path_max_all": 65.18071500776144, "chi_window_max": 0.004462426623819146, "t_follow": 3707, "follow_state_dist": 0.06557865355950199, "follows_branch": true, "branch_lost_at": null, "status": "ok (pilot: to t_sw, no recursion)", "rho": 1.0, "n_steps_run": 6000, "secs": 1.6}
{"W_hold": 4000, "hold_n_G_pos": 3993, "arm": "D", "seed": 884909, "newton_type": "Tp placed", "copy_at_release": null, "windings": null, "on_branch": false, "release_dist": 0.0, "rho": 1.0, "status": "no prediction: not on a scored copy at release", "secs": 5.8}
{"W_hold": 4000, "hold_n_G_pos": 0, "arm": "T", "seed": 884900, "newton_type": "T", "copy_at_release": "T", "windings": [0, 0], "on_branch": true, "release_dist": 0.0, "kappa": 0.03965518223564948, "s_switch_frozen": 0.47857489137313297, "s_switch": 0.47842571213201457, "t_sw": 10826, "chi_tsw": 0.025867348566115944, "kc_tsw": 0.001025774421342394, "chi_path_max_all": 0.3963619081441588, "chi_window_max": 0.04646479623389325, "t_follow": 6577, "follow_state_dist": 0.006213728349045766, "follows_branch": true, "branch_lost_at": null, "status": "ok (pilot: to t_sw, no recursion)", "rho": 0.0009765625, "n_steps_run": 12000, "secs": 6.0}
{"W_hold": 4000, "hold_n_G_pos": 0, "arm": "T", "seed": 884901, "newton_type": "T", "copy_at_release": "T", "windings": [0, 0], "on_branch": true, "release_dist": 0.0, "kappa": 0.019579689945233656, "s_switch_frozen": 0.4287582080034188, "s_switch": 0.42854351887518194, "t_sw": 8495, "chi_tsw": 0.0326475450656297, "kc_tsw": 0.0006392288098580726, "chi_path_max_all": 0.4032367289002371, "chi_window_max": 0.06178568200589995, "t_follow": 4833, "follow_state_dist": 0.005976112222724206, "follows_branch": true, "branch_lost_at": null, "status": "ok (pilot: to t_sw, no recursion)", "rho": 0.0009765625, "n_steps_run": 10000, "secs": 4.8}
{"W_hold": 4000, "hold_n_G_pos": 0, "arm": "T", "seed": 884902, "newton_type": "Tp", "copy_at_release": "Tp", "windings": [0, 0], "on_branch": false, "release_dist": 0.0, "rho": 0.0009765625, "status": "no prediction: not on a scored copy at release", "secs": 0.2}
{"W_hold": 4000, "hold_n_G_pos": 0, "arm": "T", "seed": 884903, "newton_type": "D", "copy_at_release": null, "windings": null, "on_branch": false, "release_dist": 0.0, "rho": 0.0009765625, "status": "no prediction: not on a scored copy at release", "secs": 0.2}
{"W_hold": 4000, "hold_n_G_pos": 0, "arm": "T", "seed": 884904, "newton_type": "T", "copy_at_release": "T", "windings": [0, 0], "on_branch": true, "release_dist": 0.0, "kappa": -0.00605976440972594, "s_switch_frozen": 0.4022040996225633, "s_switch": 0.4019587325839612, "t_sw": 7359, "chi_tsw": 0.03802770429162447, "kc_tsw": -0.00023043892904996835, "chi_path_max_all": 0.4269917107558901, "chi_window_max": 0.07538878109161443, "t_follow": 3965, "follow_state_dist": 0.005539056031538259, "follows_branch": true, "branch_lost_at": null, "status": "ok (pilot: to t_sw, no recursion)", "rho": 0.0009765625, "n_steps_run": 8000, "secs": 4.2}
{"W_hold": 4000, "hold_n_G_pos": 0, "arm": "T", "seed": 884905, "newton_type": "Tp", "copy_at_release": "Tp", "windings": [0, 0], "on_branch": false, "release_dist": 0.0, "rho": 0.0009765625, "status": "no prediction: not on a scored copy at release", "secs": 0.2}
{"W_hold": 4000, "hold_n_G_pos": 0, "arm": "T", "seed": 884906, "newton_type": "not accepted", "copy_at_release": null, "windings": null, "on_branch": false, "release_dist": 2.225368759629848, "rho": 0.0009765625, "status": "no prediction: not on a scored copy at release", "secs": 0.2}
{"W_hold": 4000, "hold_n_G_pos": 0, "arm": "T", "seed": 884907, "newton_type": "Dp", "copy_at_release": null, "windings": null, "on_branch": false, "release_dist": 0.0, "rho": 0.0009765625, "status": "no prediction: not on a scored copy at release", "secs": 0.2}
{"W_hold": 4000, "hold_n_G_pos": 0, "arm": "T", "seed": 884908, "newton_type": "T", "copy_at_release": "T", "windings": [0, 0], "on_branch": true, "release_dist": 3.4370228885194365e-09, "kappa": 0.05814666144425479, "s_switch_frozen": 0.530544984321479, "s_switch": 0.5303940030265459, "t_sw": 13328, "chi_tsw": 0.02055562437001837, "kc_tsw": 0.0011952409310187313, "chi_path_max_all": 0.39666047513296765, "chi_window_max": 0.035454346576847234, "t_follow": 8442, "follow_state_dist": 0.0062271606756091336, "follows_branch": true, "branch_lost_at": null, "status": "ok (pilot: to t_sw, no recursion)", "rho": 0.0009765625, "n_steps_run": 14000, "secs": 7.4}
{"W_hold": 4000, "hold_n_G_pos": 0, "arm": "T", "seed": 884909, "newton_type": "T", "copy_at_release": "T", "windings": [0, 0], "on_branch": true, "release_dist": 0.0, "kappa": 0.08643681626875861, "s_switch_frozen": 0.582602676861742, "s_switch": 0.582674555294081, "t_sw": 16190, "chi_tsw": 0.01757950174236813, "kc_tsw": 0.0015195161622013958, "chi_path_max_all": 0.3923273121554221, "chi_window_max": 0.02955446977773676, "t_follow": 10527, "follow_state_dist": 0.006240013247515219, "follows_branch": true, "branch_lost_at": null, "status": "ok (pilot: to t_sw, no recursion)", "rho": 0.0009765625, "n_steps_run": 18000, "secs": 9.0}
{"W_hold": 4000, "hold_n_G_pos": 0, "arm": "Tp", "seed": 884900, "newton_type": "Tp", "copy_at_release": "Tp", "windings": [0, 0], "on_branch": true, "release_dist": 0.0, "kappa": -0.0349487877804073, "s_switch_frozen": 0.3368365968050022, "s_switch": 0.3366751793048203, "t_sw": 4244, "chi_tsw": 0.05936837172761318, "kc_tsw": -0.002074852624376686, "chi_path_max_all": 0.4899653800597656, "chi_window_max": 0.14565654003834355, "t_follow": 1694, "follow_state_dist": 0.007633899280240497, "follows_branch": true, "branch_lost_at": null, "status": "ok (pilot: to t_sw, no recursion)", "rho": 0.0009765625, "n_steps_run": 6000, "secs": 2.5}
{"W_hold": 4000, "hold_n_G_pos": 0, "arm": "Tp", "seed": 884901, "newton_type": "Tp", "copy_at_release": "Tp", "windings": [0, 0], "on_branch": true, "release_dist": 0.0, "kappa": -0.021707053454434768, "s_switch_frozen": 0.3459566048351351, "s_switch": 0.3457654303034876, "t_sw": 4666, "chi_tsw": 0.054436710291496784, "kc_tsw": -0.0011816605801811, "chi_path_max_all": 0.46825975932889796, "chi_window_max": 0.12717070197390934, "t_follow": 1996, "follow_state_dist": 0.006163497592384326, "follows_branch": true, "branch_lost_at": null, "status": "ok (pilot: to t_sw, no recursion)", "rho": 0.0009765625, "n_steps_run": 6000, "secs": 2.7}
{"W_hold": 4000, "hold_n_G_pos": 0, "arm": "Tp", "seed": 884902, "newton_type": "Tp", "copy_at_release": "Tp", "windings": [0, 0], "on_branch": true, "release_dist": 0.0, "kappa": -0.05891074350900321, "s_switch_frozen": 0.37188553196883173, "s_switch": 0.3716509969758855, "t_sw": 5589, "chi_tsw": 0.04550049160258205, "kc_tsw": -0.0026804677903332656, "chi_path_max_all": 0.5284729149133617, "chi_window_max": 0.10139534203881546, "t_follow": 2720, "follow_state_dist": 0.006751858568693647, "follows_branch": true, "branch_lost_at": null, "status": "ok (pilot: to t_sw, no recursion)", "rho": 0.0009765625, "n_steps_run": 6000, "secs": 3.2}
{"W_hold": 4000, "hold_n_G_pos": 0, "arm": "Tp", "seed": 884903, "newton_type": "Tp", "copy_at_release": "Tp", "windings": [0, 0], "on_branch": true, "release_dist": 0.0, "kappa": -0.06889615005283643, "s_switch_frozen": 0.29812743151528426, "s_switch": 0.2980743751389142, "t_sw": 2653, "chi_tsw": 0.10257623934803249, "kc_tsw": -0.007067107977977711, "chi_path_max_all": 0.592809689753353, "chi_window_max": 0.3336165593641186, "t_follow": 543, "follow_state_dist": 0.008132477884243539, "follows_branch": true, "branch_lost_at": null, "status": "ok (pilot: to t_sw, no recursion)", "rho": 0.0009765625, "n_steps_run": 4000, "secs": 1.6}
{"W_hold": 4000, "hold_n_G_pos": 0, "arm": "Tp", "seed": 884904, "newton_type": "Tp", "copy_at_release": "Tp", "windings": [0, 0], "on_branch": true, "release_dist": 0.0, "kappa": -0.008362249583430171, "s_switch_frozen": 0.3821058670416886, "s_switch": 0.381831684189359, "t_sw": 6325, "chi_tsw": 0.039357152501392406, "kc_tsw": -0.00032911433210976637, "chi_path_max_all": 0.43606523529401225, "chi_window_max": 0.08237604864998156, "t_follow": 3210, "follow_state_dist": 0.004803324866235081, "follows_branch": true, "branch_lost_at": null, "status": "ok (pilot: to t_sw, no recursion)", "rho": 0.0009765625, "n_steps_run": 8000, "secs": 3.6}
{"W_hold": 4000, "hold_n_G_pos": 0, "arm": "Tp", "seed": 884905, "newton_type": "Tp", "copy_at_release": "Tp", "windings": [0, 0], "on_branch": true, "release_dist": 0.0, "kappa": -0.07236957482572741, "s_switch_frozen": 0.323156770694139, "s_switch": 0.32307540095901355, "t_sw": 3604, "chi_tsw": 0.07441751086697579, "kc_tsw": -0.005385563621031987, "chi_path_max_all": 0.5753428909110542, "chi_window_max": 0.20088269098634237, "t_follow": 1248, "follow_state_dist": 0.008611116589380297, "follows_branch": true, "branch_lost_at": null, "status": "ok (pilot: to t_sw, no recursion)", "rho": 0.0009765625, "n_steps_run": 4000, "secs": 2.2}
{"W_hold": 4000, "hold_n_G_pos": 0, "arm": "Tp", "seed": 884906, "newton_type": "Tp", "copy_at_release": "Tp", "windings": [0, 0], "on_branch": true, "release_dist": 0.0, "kappa": -0.0371806313180235, "s_switch_frozen": 0.31701176457725266, "s_switch": 0.3168954585915764, "t_sw": 3403, "chi_tsw": 0.07499971643424524, "kc_tsw": -0.002788536805697981, "chi_path_max_all": 0.5140809220602748, "chi_window_max": 0.2045030680006948, "t_follow": 1088, "follow_state_dist": 0.007814988174341453, "follows_branch": true, "branch_lost_at": null, "status": "ok (pilot: to t_sw, no recursion)", "rho": 0.0009765625, "n_steps_run": 4000, "secs": 2.1}
{"W_hold": 4000, "hold_n_G_pos": 0, "arm": "Tp", "seed": 884907, "newton_type": "Tp", "copy_at_release": "Tp", "windings": [0, 0], "on_branch": true, "release_dist": 0.0, "kappa": -0.052047616320477046, "s_switch_frozen": 0.3514596188056929, "s_switch": 0.3512673606536502, "t_sw": 4881, "chi_tsw": 0.052287033752146654, "kc_tsw": -0.0027214154712675623, "chi_path_max_all": 0.4908183273698543, "chi_window_max": 0.12155949463788412, "t_follow": 2158, "follow_state_dist": 0.00629383055170929, "follows_branch": true, "branch_lost_at": null, "status": "ok (pilot: to t_sw, no recursion)", "rho": 0.0009765625, "n_steps_run": 6000, "secs": 2.9}
{"W_hold": 4000, "hold_n_G_pos": 0, "arm": "Tp", "seed": 884908, "newton_type": "Tp", "copy_at_release": "Tp", "windings": [0, 0], "on_branch": true, "release_dist": 0.0, "kappa": -0.032039511627184436, "s_switch_frozen": 0.32063734809106825, "s_switch": 0.32050454670022593, "t_sw": 3607, "chi_tsw": 0.06977226315465775, "kc_tsw": -0.002235469236598629, "chi_path_max_all": 0.4850771545009724, "chi_window_max": 0.1840431703803534, "t_follow": 1215, "follow_state_dist": 0.007027741740483595, "follows_branch": true, "branch_lost_at": null, "status": "ok (pilot: to t_sw, no recursion)", "rho": 0.0009765625, "n_steps_run": 4000, "secs": 2.1}
{"W_hold": 4000, "hold_n_G_pos": 0, "arm": "Tp", "seed": 884909, "newton_type": "Tp", "copy_at_release": "Tp", "windings": [0, 0], "on_branch": true, "release_dist": 0.0, "kappa": -0.054283817449738044, "s_switch_frozen": 0.3007462093498173, "s_switch": 0.30067116810818106, "t_sw": 2818, "chi_tsw": 0.09234213676263066, "kc_tsw": -0.005012683694941387, "chi_path_max_all": 0.5280468878269186, "chi_window_max": 0.28495885136097954, "t_follow": 632, "follow_state_dist": 0.006096618749588556, "follows_branch": true, "branch_lost_at": null, "status": "ok (pilot: to t_sw, no recursion)", "rho": 0.0009765625, "n_steps_run": 4000, "secs": 1.8}
{"W_hold": 4000, "hold_n_G_pos": 0, "arm": "Tp", "seed": 884900, "newton_type": "Tp", "copy_at_release": "Tp", "windings": [0, 0], "on_branch": true, "release_dist": 0.0, "kappa": -0.0349487877804073, "s_switch_frozen": 0.3368365968050022, "s_switch": 0.3367555271954648, "t_sw": 8478, "chi_tsw": 0.029716357356744227, "kc_tsw": -0.0010385506668675994, "chi_path_max_all": 0.24498269002964332, "chi_window_max": 0.07290916737171559, "t_follow": 3382, "follow_state_dist": 0.004359422057245377, "follows_branch": true, "branch_lost_at": null, "status": "ok (pilot: to t_sw, no recursion)", "rho": 0.00048828125, "n_steps_run": 10000, "secs": 4.8}
{"W_hold": 4000, "hold_n_G_pos": 0, "arm": "Tp", "seed": 884901, "newton_type": "Tp", "copy_at_release": "Tp", "windings": [0, 0], "on_branch": true, "release_dist": 0.0, "kappa": -0.021707053454434768, "s_switch_frozen": 0.3459566048351351, "s_switch": 0.34585925878397333, "t_sw": 9321, "chi_tsw": 0.027247753777984055, "kc_tsw": -0.0005914684477719768, "chi_path_max_all": 0.23412987966421592, "chi_window_max": 0.06366243420993868, "t_follow": 3984, "follow_state_dist": 0.0031713289355213004, "follows_branch": true, "branch_lost_at": null, "status": "ok (pilot: to t_sw, no recursion)", "rho": 0.00048828125, "n_steps_run": 10000, "secs": 5.2}
{"W_hold": 4000, "hold_n_G_pos": 0, "arm": "Tp", "seed": 884902, "newton_type": "Tp", "copy_at_release": "Tp", "windings": [0, 0], "on_branch": true, "release_dist": 0.0, "kappa": -0.05891074350900321, "s_switch_frozen": 0.37188553196883173, "s_switch": 0.3717669843970195, "t_sw": 11167, "chi_tsw": 0.02277231897165333, "kc_tsw": -0.0013415342420442771, "chi_path_max_all": 0.26423645745668084, "chi_window_max": 0.05075216861700285, "t_follow": 5430, "follow_state_dist": 0.0032726117190542414, "follows_branch": true, "branch_lost_at": null, "status": "ok (pilot: to t_sw, no recursion)", "rho": 0.00048828125, "n_steps_run": 12000, "secs": 6.2}
{"W_hold": 4000, "hold_n_G_pos": 0, "arm": "Tp", "seed": 884903, "newton_type": "Tp", "copy_at_release": "Tp", "windings": [0, 0], "on_branch": true, "release_dist": 0.0, "kappa": -0.06889615005283643, "s_switch_frozen": 0.29812743151528426, "s_switch": 0.29810735633958313, "t_sw": 5299, "chi_tsw": 0.051338123579974755, "kc_tsw": -0.0035369990655970012, "chi_path_max_all": 0.2964048448769527, "chi_window_max": 0.16705957091389867, "t_follow": 1083, "follow_state_dist": 0.005257349244744303, "follows_branch": true, "branch_lost_at": null, "status": "ok (pilot: to t_sw, no recursion)", "rho": 0.00048828125, "n_steps_run": 6000, "secs": 3.0}
{"W_hold": 4000, "hold_n_G_pos": 0, "arm": "Tp", "seed": 884904, "newton_type": "Tp", "copy_at_release": "Tp", "windings": [0, 0], "on_branch": true, "release_dist": 0.0, "kappa": -0.008362249583430171, "s_switch_frozen": 0.3821058670416886, "s_switch": 0.3819654719907499, "t_sw": 12635, "chi_tsw": 0.019701885295191242, "kc_tsw": -0.00016475208210250196, "chi_path_max_all": 0.21803261764700613, "chi_window_max": 0.041234826333057056, "t_follow": 6407, "follow_state_dist": 0.0024258449731913156, "follows_branch": true, "branch_lost_at": null, "status": "ok (pilot: to t_sw, no recursion)", "rho": 0.00048828125, "n_steps_run": 14000, "secs": 7.0}
{"W_hold": 4000, "hold_n_G_pos": 0, "arm": "Tp", "seed": 884905, "newton_type": "Tp", "copy_at_release": "Tp", "windings": [0, 0], "on_branch": true, "release_dist": 0.0, "kappa": -0.07236957482572741, "s_switch_frozen": 0.323156770694139, "s_switch": 0.32312025365377844, "t_sw": 7199, "chi_tsw": 0.0372435321543201, "kc_tsw": -0.0026952985870164533, "chi_path_max_all": 0.28767144545579804, "chi_window_max": 0.10059774874019796, "t_follow": 2492, "follow_state_dist": 0.005783764880542108, "follows_branch": true, "branch_lost_at": null, "status": "ok (pilot: to t_sw, no recursion)", "rho": 0.00048828125, "n_steps_run": 8000, "secs": 4.1}
{"W_hold": 4000, "hold_n_G_pos": 0, "arm": "Tp", "seed": 884906, "newton_type": "Tp", "copy_at_release": "Tp", "windings": [0, 0], "on_branch": true, "release_dist": 0.0, "kappa": -0.0371806313180235, "s_switch_frozen": 0.31701176457725266, "s_switch": 0.31695513075101284, "t_sw": 6798, "chi_tsw": 0.03753868932852068, "kc_tsw": -0.0013957121680855508, "chi_path_max_all": 0.25704046103038247, "chi_window_max": 0.1023689963712165, "t_follow": 2171, "follow_state_dist": 0.005440533467661712, "follows_branch": true, "branch_lost_at": null, "status": "ok (pilot: to t_sw, no recursion)", "rho": 0.00048828125, "n_steps_run": 8000, "secs": 3.8}
{"W_hold": 4000, "hold_n_G_pos": 0, "arm": "Tp", "seed": 884907, "newton_type": "Tp", "copy_at_release": "Tp", "windings": [0, 0], "on_branch": true, "release_dist": 0.0, "kappa": -0.052047616320477046, "s_switch_frozen": 0.3514596188056929, "s_switch": 0.35136224137082284, "t_sw": 9752, "chi_tsw": 0.026170640851061237, "kc_tsw": -0.001362119473877038, "chi_path_max_all": 0.24540916368517082, "chi_window_max": 0.060847420595599264, "t_follow": 4308, "follow_state_dist": 0.0031989355224031346, "follows_branch": true, "branch_lost_at": null, "status": "ok (pilot: to t_sw, no recursion)", "rho": 0.00048828125, "n_steps_run": 10000, "secs": 5.3}
{"W_hold": 4000, "hold_n_G_pos": 0, "arm": "Tp", "seed": 884908, "newton_type": "Tp", "copy_at_release": "Tp", "windings": [0, 0], "on_branch": true, "release_dist": 0.0, "kappa": -0.032039511627184436, "s_switch_frozen": 0.32063734809106825, "s_switch": 0.3205711427808328, "t_sw": 7206, "chi_tsw": 0.034922830010559236, "kc_tsw": -0.0011189104181774981, "chi_path_max_all": 0.2425385772504862, "chi_window_max": 0.09212125236396716, "t_follow": 2426, "follow_state_dist": 0.004600072138059685, "follows_branch": true, "branch_lost_at": null, "status": "ok (pilot: to t_sw, no recursion)", "rho": 0.00048828125, "n_steps_run": 8000, "secs": 4.0}
{"W_hold": 4000, "hold_n_G_pos": 0, "arm": "Tp", "seed": 884909, "newton_type": "Tp", "copy_at_release": "Tp", "windings": [0, 0], "on_branch": true, "release_dist": 0.0, "kappa": -0.054283817449738044, "s_switch_frozen": 0.3007462093498173, "s_switch": 0.30071176733293703, "t_sw": 5628, "chi_tsw": 0.046216778554536965, "kc_tsw": -0.0025088231701694526, "chi_path_max_all": 0.2640234439134593, "chi_window_max": 0.14268074849226867, "t_follow": 1262, "follow_state_dist": 0.0044114895594402626, "follows_branch": true, "branch_lost_at": null, "status": "ok (pilot: to t_sw, no recursion)", "rho": 0.00048828125, "n_steps_run": 6000, "secs": 3.2}
{"W_hold": 4000, "hold_n_G_pos": 0, "arm": "Tp", "seed": 884900, "newton_type": "Tp", "copy_at_release": "Tp", "windings": [0, 0], "on_branch": true, "release_dist": 0.0, "kappa": -0.0349487877804073, "s_switch_frozen": 0.3368365968050022, "s_switch": 0.33679585703201187, "t_sw": 16947, "chi_tsw": 0.014866132081935374, "kc_tsw": -0.000519553295247064, "chi_path_max_all": 0.12249134501506116, "chi_window_max": 0.036477366608486675, "t_follow": 6757, "follow_state_dist": 0.002121875271209994, "follows_branch": true, "branch_lost_at": null, "status": "ok (pilot: to t_sw, no recursion)", "rho": 0.000244140625, "n_steps_run": 18000, "secs": 9.2}
{"W_hold": 4000, "hold_n_G_pos": 0, "arm": "Tp", "seed": 884901, "newton_type": "Tp", "copy_at_release": "Tp", "windings": [0, 0], "on_branch": true, "release_dist": 0.0, "kappa": -0.021707053454434768, "s_switch_frozen": 0.3459566048351351, "s_switch": 0.34590740863828084, "t_sw": 18632, "chi_tsw": 0.013631137696384984, "kc_tsw": -0.00029589183462018964, "chi_path_max_all": 0.11706493983234098, "chi_window_max": 0.03184926108829249, "t_follow": 7960, "follow_state_dist": 0.001484840311326785, "follows_branch": true, "branch_lost_at": null, "status": "ok (pilot: to t_sw, no recursion)", "rho": 0.000244140625, "n_steps_run": 20000, "secs": 10.1}
{"W_hold": 4000, "hold_n_G_pos": 0, "arm": "Tp", "seed": 884902, "newton_type": "Tp", "copy_at_release": "Tp", "windings": [0, 0], "on_branch": true, "release_dist": 0.0, "kappa": -0.05891074350900321, "s_switch_frozen": 0.37188553196883173, "s_switch": 0.37182580326023623, "t_sw": 22321, "chi_tsw": 0.011391804833412074, "kc_tsw": -0.0006710996926457617, "chi_path_max_all": 0.13211822872834042, "chi_window_max": 0.025388572802170252, "t_follow": 10850, "follow_state_dist": 0.0015071696753758967, "follows_branch": true, "branch_lost_at": null, "status": "ok (pilot: to t_sw, no recursion)", "rho": 0.000244140625, "n_steps_run": 24000, "secs": 12.0}
{"W_hold": 4000, "hold_n_G_pos": 0, "arm": "Tp", "seed": 884903, "newton_type": "Tp", "copy_at_release": "Tp", "windings": [0, 0], "on_branch": true, "release_dist": 0.0, "kappa": -0.06889615005283643, "s_switch_frozen": 0.29812743151528426, "s_switch": 0.29811901253683987, "t_sw": 10589, "chi_tsw": 0.025681786449211378, "kc_tsw": -0.0017693762128297684, "chi_path_max_all": 0.14820242243847634, "chi_window_max": 0.08358662286531036, "t_follow": 2165, "follow_state_dist": 0.0037212615352177902, "follows_branch": true, "branch_lost_at": null, "status": "ok (pilot: to t_sw, no recursion)", "rho": 0.000244140625, "n_steps_run": 12000, "secs": 5.8}
{"W_hold": 4000, "hold_n_G_pos": 0, "arm": "Tp", "seed": 884904, "newton_type": "Tp", "copy_at_release": "Tp", "windings": [0, 0], "on_branch": true, "release_dist": 0.0, "kappa": -0.008362249583430171, "s_switch_frozen": 0.3821058670416886, "s_switch": 0.38203478878423436, "t_sw": 25256, "chi_tsw": 0.009856691204353951, "kc_tsw": -8.242411191760865e-05, "chi_path_max_all": 0.10901630882350306, "chi_window_max": 0.020630199226974715, "t_follow": 12800, "follow_state_dist": 0.001218394323265315, "follows_branch": true, "branch_lost_at": null, "status": "ok (pilot: to t_sw, no recursion)", "rho": 0.000244140625, "n_steps_run": 26000, "secs": 13.5}
{"W_hold": 4000, "hold_n_G_pos": 0, "arm": "Tp", "seed": 884905, "newton_type": "Tp", "copy_at_release": "Tp", "windings": [0, 0], "on_branch": true, "release_dist": 0.0, "kappa": -0.07236957482572741, "s_switch_frozen": 0.323156770694139, "s_switch": 0.32313940122066626, "t_sw": 14388, "chi_tsw": 0.018630554492182875, "kc_tsw": -0.0013482853073668204, "chi_path_max_all": 0.14383572272789902, "chi_window_max": 0.05033370568334187, "t_follow": 4980, "follow_state_dist": 0.0034700308274016045, "follows_branch": true, "branch_lost_at": null, "status": "ok (pilot: to t_sw, no recursion)", "rho": 0.000244140625, "n_steps_run": 16000, "secs": 8.0}
{"W_hold": 4000, "hold_n_G_pos": 0, "arm": "Tp", "seed": 884906, "newton_type": "Tp", "copy_at_release": "Tp", "windings": [0, 0], "on_branch": true, "release_dist": 0.0, "kappa": -0.0371806313180235, "s_switch_frozen": 0.31701176457725266, "s_switch": 0.3169837021504428, "t_sw": 13586, "chi_tsw": 0.018779234764913985, "kc_tsw": -0.0006982238042288766, "chi_path_max_all": 0.12852023051543637, "chi_window_max": 0.051218246679003245, "t_follow": 4338, "follow_state_dist": 0.003137057494404072, "follows_branch": true, "branch_lost_at": null, "status": "ok (pilot: to t_sw, no recursion)", "rho": 0.000244140625, "n_steps_run": 14000, "secs": 7.4}
{"W_hold": 4000, "hold_n_G_pos": 0, "arm": "Tp", "seed": 884907, "newton_type": "Tp", "copy_at_release": "Tp", "windings": [0, 0], "on_branch": true, "release_dist": 0.0, "kappa": -0.052047616320477046, "s_switch_frozen": 0.3514596188056929, "s_switch": 0.35141052105664616, "t_sw": 19493, "chi_tsw": 0.013092166004246836, "kc_tsw": -0.0006814160329930324, "chi_path_max_all": 0.12270458184282904, "chi_window_max": 0.03043936059649815, "t_follow": 8608, "follow_state_dist": 0.0014983994725998873, "follows_branch": true, "branch_lost_at": null, "status": "ok (pilot: to t_sw, no recursion)", "rho": 0.000244140625, "n_steps_run": 20000, "secs": 10.6}
{"W_hold": 4000, "hold_n_G_pos": 0, "arm": "Tp", "seed": 884908, "newton_type": "Tp", "copy_at_release": "Tp", "windings": [0, 0], "on_branch": true, "release_dist": 0.0, "kappa": -0.032039511627184436, "s_switch_frozen": 0.32063734809106825, "s_switch": 0.32060418882324443, "t_sw": 14404, "chi_tsw": 0.01747056340690202, "kc_tsw": -0.0005597483194089003, "chi_path_max_all": 0.12126928862547935, "chi_window_max": 0.046082919814043014, "t_follow": 4847, "follow_state_dist": 0.002474019736331101, "follows_branch": true, "branch_lost_at": null, "status": "ok (pilot: to t_sw, no recursion)", "rho": 0.000244140625, "n_steps_run": 16000, "secs": 7.9}
{"W_hold": 4000, "hold_n_G_pos": 0, "arm": "Tp", "seed": 884909, "newton_type": "Tp", "copy_at_release": "Tp", "windings": [0, 0], "on_branch": true, "release_dist": 0.0, "kappa": -0.054283817449738044, "s_switch_frozen": 0.3007462093498173, "s_switch": 0.3007296977877905, "t_sw": 11249, "chi_tsw": 0.023119591668380252, "kc_tsw": -0.0012550196936388382, "chi_path_max_all": 0.13201172195672964, "chi_window_max": 0.07138493212918723, "t_follow": 2522, "follow_state_dist": 0.003122460839005692, "follows_branch": true, "branch_lost_at": null, "status": "ok (pilot: to t_sw, no recursion)", "rho": 0.000244140625, "n_steps_run": 12000, "secs": 6.2}
{
 "D": {
  "rule": {
   "status": "ok",
   "rho": 1.0,
   "history": [
    {
     "rho": 1.0,
     "n": 3,
     "q90": 0.028210094376326128
    }
   ]
  },
  "rho": 1.0,
  "pilot_median_chi_tsw": 0.0035259830159078917,
  "n_on_branch_final": 3,
  "n_with_value_final": 3
 },
 "T": {
  "rule": {
   "status": "ok",
   "rho": 0.0009765625,
   "history": [
    {
     "rho": 0.0009765625,
     "n": 5,
     "q90": 0.06994754145732864
    }
   ]
  },
  "rho": 0.0009765625,
  "pilot_median_chi_tsw": 0.025867348566115944,
  "n_on_branch_final": 5,
  "n_with_value_final": 5
 },
 "Tp": {
  "rule": {
   "status": "ok",
   "rho": 0.000244140625,
   "history": [
    {
     "rho": 0.0009765625,
     "n": 10,
     "q90": 0.2898246221612934
    },
    {
     "rho": 0.00048828125,
     "n": 10,
     "q90": 0.14511863073443165
    },
    {
     "rho": 0.000244140625,
     "n": 10,
     "q90": 0.07260510120279953
    }
   ]
  },
  "rho": 0.000244140625,
  "pilot_median_chi_tsw": 0.016168347744418696,
  "n_on_branch_final": 10,
  "n_with_value_final": 10
 }
}
