2026-10-01 21:21:29 memory gate: free 39% swap_free 1032.75M -> OK
{"fwd_h0.05": {"folds": [{"s_fold": 5.8560732494642735, "eig_min": -0.00019965048896166166}], "s_end": 5.855682673052152, "n": 183}}
{"fwd_h0.025": {"folds": [{"s_fold": 5.8560732494557355, "eig_min": -0.00019965048896387536}], "s_end": 5.856029308856331, "n": 364}}
{"bwd_h0.05": {"folds": [{"s_fold": 1.1398394820060764, "eig_min": -0.0009520475845559628}], "s_end": 1.139847030780517, "n": 75}}
{"bwd_h0.025": {"folds": [{"s_fold": 1.139839482054147, "eig_min": -0.0009520475844886173}], "s_end": 1.1398469870136174, "n": 149}}
{"s": 1.7957, "eig_min": 0.00029, "rho2": 0.10188, "gplus": -0.33018, "loss": 0.29194} {'M': 0.2915, 'L0': 0.29765, 'S': None, 'S2': 0.35521}
{"s": 1.93165, "eig_min": 0.0003, "rho2": 0.10973, "gplus": -0.31081, "loss": 0.2764} {'M': 0.27555, 'L0': 0.28493, 'S': 0.28679, 'S2': 0.33616}
{"s": 2.08361, "eig_min": 0.00031, "rho2": 0.11784, "gplus": -0.29119, "loss": 0.26043} {'M': 0.2592, 'L0': 0.27247, 'S': 0.27133, 'S2': 0.31593}
{"s": 2.24975, "eig_min": 0.00032, "rho2": 0.12611, "gplus": -0.27159, "loss": 0.24444} {'M': 0.24288, 'L0': 0.26074, 'S': 0.25488, 'S2': 0.29504}
{"s": 2.42563, "eig_min": 0.00032, "rho2": 0.13568, "gplus": -0.25239, "loss": 0.22893} {'M': 0.22714, 'L0': 0.25016, 'S': 0.23822, 'S2': 0.27427}
{"s": 2.6056, "eig_min": 0.00033, "rho2": 0.14505, "gplus": -0.23394, "loss": 0.21436} {'M': 0.21244, 'L0': 0.24103, 'S': 0.22207, 'S2': 0.2544}
{"s": 2.78505, "eig_min": 0.00034, "rho2": 0.15407, "gplus": -0.21637, "loss": 0.20093} {'M': 0.199, 'L0': 0.23337, 'S': 0.20688, 'S2': 0.23591}
{"s": 2.96161, "eig_min": 0.00034, "rho2": 0.16274, "gplus": -0.19966, "loss": 0.18865} {'M': 0.18678, 'L0': 0.22703, 'S': 0.19283, 'S2': 0.21894}
{"s": 3.13466, "eig_min": 0.00034, "rho2": 0.17112, "gplus": -0.18369, "loss": 0.1774} {'M': 0.17564, 'L0': 0.22177, 'S': 0.17989, 'S2': 0.20342}
{"s": 3.30452, "eig_min": 0.00035, "rho2": 0.1793, "gplus": -0.1683, "loss": 0.16703} {'M': 0.16541, 'L0': 0.2174, 'S': 0.16796, 'S2': 0.18921}
{"s": 3.47189, "eig_min": 0.00035, "rho2": 0.18739, "gplus": -0.15338, "loss": 0.1574} {'M': 0.15593, 'L0': 0.21373, 'S': 0.15693, 'S2': 0.17614}
{"s": 3.63753, "eig_min": 0.00035, "rho2": 0.19639, "gplus": -0.13883, "loss": 0.14841} {'M': 0.14709, 'L0': 0.21063, 'S': 0.1467, 'S2': 0.16407}
{"s": 3.80216, "eig_min": 0.00035, "rho2": 0.20559, "gplus": -0.12457, "loss": 0.13996} {'M': 0.13879, 'L0': 0.208, 'S': 0.13717, 'S2': 0.15287}
{"s": 3.96642, "eig_min": 0.00035, "rho2": 0.21487, "gplus": -0.11057, "loss": 0.13198} {'M': 0.13095, 'L0': 0.20575, 'S': 0.12826, 'S2': 0.14246}
{"s": 4.13082, "eig_min": 0.00035, "rho2": 0.22432, "gplus": -0.09678, "loss": 0.12443} {'M': 0.12351, 'L0': 0.20381, 'S': 0.11992, 'S2': 0.13273}
{"s": 4.29581, "eig_min": 0.00035, "rho2": 0.234, "gplus": -0.0832, "loss": 0.11726} {'M': 0.11645, 'L0': 0.20214, 'S': 0.11209, 'S2': 0.12365}
{"s": 4.46173, "eig_min": 0.00035, "rho2": 0.24394, "gplus": -0.06983, "loss": 0.11044} {'M': 0.10972, 'L0': 0.20069, 'S': 0.10475, 'S2': 0.11514}
{"s": 4.62881, "eig_min": 0.00035, "rho2": 0.25446, "gplus": -0.05666, "loss": 0.10395} {'M': 0.1033, 'L0': 0.19943, 'S': 0.09784, 'S2': 0.10718}
{"s": 4.79716, "eig_min": 0.00035, "rho2": 0.26596, "gplus": -0.04371, "loss": 0.09778} {'M': None, 'L0': 0.19833, 'S': 0.09137, 'S2': 0.09972}
{"s": 4.96664, "eig_min": 0.00035, "rho2": 0.27764, "gplus": -0.03097, "loss": 0.09192} {'M': None, 'L0': 0.19737, 'S': 0.08529, 'S2': 0.09276}
{"s": 5.13665, "eig_min": 0.00035, "rho2": 0.28941, "gplus": -0.01845, "loss": 0.08638} {'M': None, 'L0': 0.19653, 'S': 0.07963, 'S2': 0.08629}
{"s": 5.30549, "eig_min": 0.00035, "rho2": 0.30115, "gplus": -0.00608, "loss": 0.0812} {'M': None, 'L0': 0.19581, 'S': 0.0744, 'S2': 0.08032}
{"s": 5.46933, "eig_min": 0.00035, "rho2": 0.31281, "gplus": 0.00627, "loss": 0.07646} {'M': None, 'L0': 0.19519, 'S': 0.06968, 'S2': 0.07495}
{"s": 5.62056, "eig_min": 0.00033, "rho2": 0.32525, "gplus": 0.0189, "loss": 0.07231} {'M': None, 'L0': 0.19469, 'S': 0.06561, 'S2': 0.07033}
{"s": 5.7466, "eig_min": 0.00025, "rho2": 0.33818, "gplus": 0.03226, "loss": 0.06902} {'M': None, 'L0': 0.19431, 'S': 0.06241, 'S2': 0.06672}
{"s": 5.83036, "eig_min": 0.0, "rho2": 0.35148, "gplus": 0.04675, "loss": 0.0669} {'M': None, 'L0': 0.19407, 'S': 0.06038, 'S2': 0.06443}
{"s": 5.85568, "eig_min": -0.00022, "rho2": 0.36483, "gplus": 0.06234, "loss": 0.06626} {'M': None, 'L0': 0.19401, 'S': 0.05978, 'S2': 0.06375}
{"s": 5.85568, "eig_min": -0.00022, "rho2": 0.36483, "gplus": 0.06234, "loss": 0.06626} {'M': None, 'L0': 0.19401, 'S': 0.05978, 'S2': 0.06375}
{"s": 1.7957, "eig_min": 0.00029, "rho2": 0.10188, "gplus": -0.33018, "loss": 0.29194} {'M': 0.2915, 'L0': 0.29765, 'S': None, 'S2': 0.35521}
{"s": 1.74231, "eig_min": 0.00029, "rho2": 0.09859, "gplus": -0.33838, "loss": 0.2984} {'M': 0.29813, 'L0': 0.30309, 'S': None, 'S2': 0.36294}
{"s": 1.69173, "eig_min": 0.00028, "rho2": 0.09535, "gplus": -0.34649, "loss": 0.30473} {'M': 0.30462, 'L0': 0.3085, 'S': None, 'S2': 0.37039}
{"s": 1.64386, "eig_min": 0.00028, "rho2": 0.09234, "gplus": -0.35606, "loss": 0.3109} {'M': 0.31095, 'L0': 0.31385, 'S': None, 'S2': 0.37756}
{"s": 1.59858, "eig_min": 0.00027, "rho2": 0.08962, "gplus": -0.36734, "loss": 0.31692} {'M': 0.31712, 'L0': 0.31912, 'S': None, 'S2': 0.38445}
{"s": 1.55578, "eig_min": 0.00027, "rho2": 0.0869, "gplus": -0.37811, "loss": 0.32276} {'M': 0.32311, 'L0': 0.3243, 'S': None, 'S2': 0.39106}
{"s": 1.51536, "eig_min": 0.00026, "rho2": 0.08419, "gplus": -0.3884, "loss": 0.32844} {'M': 0.32892, 'L0': 0.32937, 'S': None, 'S2': 0.3974}
{"s": 1.47722, "eig_min": 0.00025, "rho2": 0.08147, "gplus": -0.39824, "loss": 0.33393} {'M': 0.33454, 'L0': 0.33433, 'S': None, 'S2': 0.40345}
{"s": 1.44126, "eig_min": 0.00025, "rho2": 0.07876, "gplus": -0.40766, "loss": 0.33923} {'M': 0.33997, 'L0': 0.33916, 'S': None, 'S2': 0.40922}
{"s": 1.40742, "eig_min": 0.00024, "rho2": 0.07604, "gplus": -0.41667, "loss": 0.34434} {'M': 0.34519, 'L0': 0.34384, 'S': None, 'S2': 0.41472}
{"s": 1.37564, "eig_min": 0.00023, "rho2": 0.07331, "gplus": -0.42532, "loss": 0.34924} {'M': 0.35019, 'L0': 0.34836, 'S': None, 'S2': 0.41993}
{"s": 1.34586, "eig_min": 0.00022, "rho2": 0.07057, "gplus": -0.4336, "loss": 0.35392} {'M': 0.35497, 'L0': 0.35271, 'S': None, 'S2': 0.42487}
{"s": 1.31804, "eig_min": 0.0002, "rho2": 0.06781, "gplus": -0.44156, "loss": 0.35838} {'M': 0.35952, 'L0': 0.35688, 'S': None, 'S2': 0.42952}
{"s": 1.29216, "eig_min": 0.00018, "rho2": 0.06504, "gplus": -0.44919, "loss": 0.3626} {'M': 0.36383, 'L0': 0.36084, 'S': None, 'S2': 0.43389}
{"s": 1.2682, "eig_min": 0.00016, "rho2": 0.06225, "gplus": -0.45652, "loss": 0.36657} {'M': 0.36787, 'L0': 0.36458, 'S': None, 'S2': 0.43797}
{"s": 1.24617, "eig_min": 0.00013, "rho2": 0.05976, "gplus": -0.46355, "loss": 0.37028} {'M': 0.37165, 'L0': 0.3681, 'S': None, 'S2': 0.44174}
{"s": 1.22607, "eig_min": 9e-05, "rho2": 0.05728, "gplus": -0.47029, "loss": 0.37371} {'M': 0.37514, 'L0': 0.37136, 'S': None, 'S2': 0.44521}
{"s": 1.20793, "eig_min": 4e-05, "rho2": 0.05477, "gplus": -0.47675, "loss": 0.37684} {'M': 0.37833, 'L0': 0.37435, 'S': None, 'S2': 0.44835}
{"s": 1.19178, "eig_min": -4e-05, "rho2": 0.05224, "gplus": -0.48291, "loss": 0.37966} {'M': 0.38119, 'L0': 0.37705, 'S': None, 'S2': 0.45117}
{"s": 1.17767, "eig_min": -0.00013, "rho2": 0.04968, "gplus": -0.48879, "loss": 0.38214} {'M': 0.38372, 'L0': 0.37944, 'S': None, 'S2': 0.45364}
{"s": 1.16567, "eig_min": -0.00025, "rho2": 0.04709, "gplus": -0.49436, "loss": 0.38427} {'M': 0.38588, 'L0': 0.38149, 'S': None, 'S2': 0.45575}
{"s": 1.15585, "eig_min": -0.00038, "rho2": 0.04449, "gplus": -0.49962, "loss": 0.38603} {'M': 0.38767, 'L0': 0.38319, 'S': None, 'S2': 0.45748}
{"s": 1.14828, "eig_min": -0.00053, "rho2": 0.04187, "gplus": -0.50456, "loss": 0.38739} {'M': None, 'L0': 0.3845, 'S': None, 'S2': 0.45882}
{"s": 1.14306, "eig_min": -0.00069, "rho2": 0.03925, "gplus": -0.50915, "loss": 0.38832} {'M': None, 'L0': 0.38541, 'S': None, 'S2': 0.45975}
{"s": 1.14029, "eig_min": -0.00085, "rho2": 0.03663, "gplus": -0.51336, "loss": 0.38882} {'M': None, 'L0': 0.3859, 'S': None, 'S2': 0.46024}
{"s": 1.13985, "eig_min": -0.00097, "rho2": 0.03489, "gplus": -0.51595, "loss": 0.3889} {'M': None, 'L0': 0.38598, 'S': None, 'S2': 0.46032}
