2026-10-01 21:22:04 memory gate: free 35% swap_free 1059.81M -> OK
# args: scale -11
{"label": "EXPLORATORY (population; release at the exact branch point M(s0); no seed)", "form": "scale", "log2rho": -11.0, "rho": 0.00048828125, "eta": 1.0, "s0": 1.7957, "idle_eps": 0.0, "steps": 103957, "s_end": 7.0000156638498385, "seconds_train": 14.754374980926514, "t_cross": 46119, "s_cross": 5.284455135749154, "s_cross_over_fold": 1.1083891264138226, "s_cross_over_switch": 1.4714292819728672, "s_first_dM_gt_1e-3": 1.9423989143248557, "max_dM_before_0.95_fold": 0.015919082099338056, "max_dM_before_switch": 0.009980793968742347, "rho2_at_switch": 0.17963519558842614, "t_fold": 35355, "sdot_at_fold": 5.18510266176353e-05, "eps_F": 0.007202541132732003, "r_F_pred": 0.08720103168238794, "s_cross_pred_fold": 5.183436880199734}
2026-10-01 21:22:21 memory gate: free 32% swap_free 865.81M -> OK
# args: plain -11
{"label": "EXPLORATORY (population; release at the exact branch point M(s0); no seed)", "form": "plain", "log2rho": -11.0, "rho": 0.00048828125, "eta": 1.0, "s0": 1.7957, "idle_eps": 0.0, "steps": 111046, "s_end": 7.000000991658897, "seconds_train": 15.869193077087402, "t_cross": 35394, "s_cross": 4.726597095285102, "s_cross_over_fold": 0.9913810772868771, "s_cross_over_switch": 1.3160965873361397, "s_first_dM_gt_1e-3": 1.9520368681325533, "max_dM_before_0.95_fold": 0.18766850158139367, "max_dM_before_switch": 0.07109880557078818, "rho2_at_switch": 0.1682089686189652, "t_fold": 36188, "sdot_at_fold": 5.1367877739316727e-05}
2026-10-01 21:22:39 memory gate: free 31% swap_free 476.94M -> WAIT
2026-10-01 21:23:39 memory gate: free 44% swap_free 780.94M -> OK
# args: scale -9
{"label": "EXPLORATORY (population; release at the exact branch point M(s0); no seed)", "form": "scale", "log2rho": -9.0, "rho": 0.001953125, "eta": 1.0, "s0": 1.7957, "idle_eps": 0.0, "steps": 26299, "s_end": 7.000069872081271, "seconds_train": 3.6581740379333496, "t_cross": 16288, "s_cross": 5.962916460967142, "s_cross_over_fold": 1.2506931362400548, "s_cross_over_switch": 1.6603433393291962, "s_first_dM_gt_1e-3": 1.945299853689749, "max_dM_before_0.95_fold": 0.052080299869374444, "max_dM_before_switch": 0.028957544227274628, "rho2_at_switch": 0.17363284038679017, "t_fold": 8995, "sdot_at_fold": 0.0002026271690079362, "eps_F": 0.02814660797655887, "r_F_pred": 0.2163458163205756, "s_cross_pred_fold": 5.799159106422376}
2026-10-01 21:23:44 memory gate: free 40% swap_free 780.94M -> OK
# args: scale -13
{"label": "EXPLORATORY (population; release at the exact branch point M(s0); no seed)", "form": "scale", "log2rho": -13.0, "rho": 0.0001220703125, "eta": 1.0, "s0": 1.7957, "idle_eps": 0.0, "steps": 414182, "s_end": 7.000003006701199, "seconds_train": 59.52943682670593, "t_cross": 156500, "s_cross": 4.971205945890313, "s_cross_over_fold": 1.0426866108320991, "s_cross_over_switch": 1.3842066604022076, "s_first_dM_gt_1e-3": 1.9442983453310712, "max_dM_before_0.95_fold": 0.004293082092436735, "max_dM_before_switch": 0.002632197492538298, "rho2_at_switch": 0.1817667132195232, "t_fold": 140627, "sdot_at_fold": 1.3070070135485778e-05, "eps_F": 0.0018155420229714573, "r_F_pred": 0.034796481258754085, "s_cross_pred_fold": 4.933588258426621}
2026-10-01 21:24:45 memory gate: free 36% swap_free 908.94M -> OK
# args: plain -8
{"label": "EXPLORATORY (population; release at the exact branch point M(s0); no seed)", "form": "plain", "log2rho": -8.0, "rho": 0.00390625, "eta": 1.0, "s0": 1.7957, "idle_eps": 0.0, "steps": 14469, "s_end": 7.000074136360579, "seconds_train": 2.007446050643921, "t_cross": 10700, "s_cross": 6.352424637879137, "s_cross_over_fold": 1.3323906087037554, "s_cross_over_switch": 1.768799882596817, "s_first_dM_gt_1e-3": 1.9579597131357902, "max_dM_before_0.95_fold": 0.09947180050219125, "max_dM_before_switch": 0.09161952542861841, "rho2_at_switch": 0.1493849962461106, "t_fold": 4866, "sdot_at_fold": 0.00036741571743575285, "eps_F": 0.6111679964309957, "r_F_pred": 1.6838556611813413, "s_cross_pred_fold": 12.795790299952825}
2026-10-01 21:25:21 memory gate: free 32% swap_free 1036.94M -> OK
# args: scale -11 1.7957 1e-6
{"label": "EXPLORATORY (population; release at the exact branch point M(s0); no seed)", "form": "scale", "log2rho": -11.0, "rho": 0.00048828125, "eta": 1.0, "s0": 1.7957, "idle_eps": 1e-06, "steps": 315, "s_end": 7.00315023338589, "seconds_train": 0.05394101142883301, "s_first_dM_gt_1e-3": 2.9687481253953254, "max_dM_before_0.95_fold": 0.3187896455039289, "max_dM_before_switch": 0.16513980328442357, "rho2_at_switch": 0.09077098278140237, "t_fold": 101, "sdot_at_fold": 0.028161800638525483, "eps_F": 3.9119095744536425, "r_F_pred": 5.804841018767437, "s_cross_pred_fold": 32.443368680392744}
2026-10-01 21:25:22 memory gate: free 31% swap_free 1036.94M -> OK
# args: scale -11 2.5
{"label": "EXPLORATORY (population; release at the exact branch point M(s0); no seed)", "form": "scale", "log2rho": -11.0, "rho": 0.00048828125, "eta": 1.0, "s0": 2.5, "idle_eps": 0.0, "steps": 99070, "s_end": 7.000004550629319, "seconds_train": 13.736298084259033, "t_cross": 41233, "s_cross": 5.284475858487722, "s_cross_over_fold": 1.1083934729088745, "s_cross_over_switch": 1.4714350521125596, "s_first_dM_gt_1e-3": 2.690182597057158, "max_dM_before_0.95_fold": 0.01603569773867278, "max_dM_before_switch": 0.010386756630878447, "rho2_at_switch": 0.17963076407736006, "t_fold": 30469, "sdot_at_fold": 5.185060910539718e-05, "eps_F": 0.007202483136791236, "r_F_pred": 0.08720056357790813, "s_cross_pred_fold": 5.183434648422947}
2026-10-01 21:25:37 memory gate: free 39% swap_free 1036.94M -> OK
# args: scale -11 1.7957 0 0.5
{"label": "EXPLORATORY (population; release at the exact branch point M(s0); no seed)", "form": "scale", "log2rho": -11.0, "rho": 0.00048828125, "eta": 0.5, "s0": 1.7957, "idle_eps": 0.0, "steps": 207914, "s_end": 7.0000047164660035, "seconds_train": 28.35317873954773, "t_cross": 92238, "s_cross": 5.284440255680093, "s_cross_over_fold": 1.1083860053906853, "s_cross_over_switch": 1.47142513869437, "s_first_dM_gt_1e-3": 1.944024520059449, "max_dM_before_0.95_fold": 0.01592773955290673, "max_dM_before_switch": 0.00998057525430405, "rho2_at_switch": 0.17963546917063564, "t_fold": 70711, "sdot_at_fold": 2.5914374600501944e-05, "eps_F": 0.007199446613296507, "r_F_pred": 0.0871760530339824, "s_cross_pred_fold": 5.183317789761452}
2026-10-01 21:26:07 memory gate: free 38% swap_free 1060.94M -> OK
# args: scale -15
{"label": "EXPLORATORY (population; release at the exact branch point M(s0); no seed)", "form": "scale", "log2rho": -15.0, "rho": 3.0517578125e-05, "eta": 1.0, "s0": 1.7957, "idle_eps": 0.0, "steps": 1654585, "s_end": 7.000001012796043, "seconds_train": 226.29027485847473, "t_cross": 585218, "s_cross": 4.845039003430764, "s_cross_over_fold": 1.0162236996061118, "s_cross_over_switch": 1.3490761258848305, "s_first_dM_gt_1e-3": 4.462169517116735, "max_dM_before_0.95_fold": 0.0011090029831386432, "max_dM_before_switch": 0.0006596373449377196, "rho2_at_switch": 0.18231475904145103, "t_fold": 561655, "sdot_at_fold": 3.2804705272226897e-06, "eps_F": 0.0004556847848216052, "r_F_pred": 0.013845462794869215, "s_cross_pred_fold": 4.833700308894973}
2026-10-01 21:29:55 memory gate: free 41% swap_free 1288.75M -> OK
# args: plain -14
{"label": "EXPLORATORY (population; release at the exact branch point M(s0); no seed)", "form": "plain", "log2rho": -14.0, "rho": 6.103515625e-05, "eta": 1.0, "s0": 1.7957, "idle_eps": 0.0, "steps": 882206, "s_end": 7.000002072244499, "seconds_train": 120.28473496437073, "t_cross": 208608, "s_cross": 4.217429633977932, "s_cross_over_fold": 0.8845856436727751, "s_cross_over_switch": 1.1743215333808472, "s_first_dM_gt_1e-3": 1.9532592066655412, "max_dM_before_0.95_fold": 0.22108160774956687, "max_dM_before_switch": 0.0752035969398337, "rho2_at_switch": 0.17275743711816785, "t_fold": 283755, "sdot_at_fold": 6.4435830018982895e-06, "eps_F": 0.6531308021262412, "r_F_pred": 1.7600752485833813, "s_cross_pred_fold": 13.159181622091268}
2026-10-01 21:38:11 memory gate: free 49% swap_free 1042.56M -> OK
# args: scale -9 (RSS measurement rerun)
